evaluating:   0%|          | 0/24844 [00:00<?, ?it/s]evaluating:   0%|          | 1/24844 [00:01<8:26:18,  1.22s/it]evaluating:   0%|          | 4/24844 [00:01<1:49:21,  3.79it/s]evaluating:   0%|          | 7/24844 [00:01<59:05,  7.01it/s]  evaluating:   0%|          | 11/24844 [00:01<36:08, 11.45it/s]evaluating:   0%|          | 15/24844 [00:01<26:22, 15.69it/s]evaluating:   0%|          | 20/24844 [00:01<19:21, 21.38it/s]evaluating:   0%|          | 24/24844 [00:01<18:30, 22.35it/s]evaluating:   0%|          | 27/24844 [00:02<17:26, 23.71it/s]evaluating:   0%|          | 31/24844 [00:02<15:57, 25.92it/s]evaluating:   0%|          | 35/24844 [00:02<16:01, 25.79it/s]evaluating:   0%|          | 39/24844 [00:02<14:26, 28.63it/s]evaluating:   0%|          | 43/24844 [00:02<15:24, 26.82it/s]evaluating:   0%|          | 46/24844 [00:02<15:24, 26.82it/s]evaluating:   0%|          | 49/24844 [00:02<15:15, 27.08it/s]evaluating:   0%|          | 52/24844 [00:03<15:38, 26.41it/s]evaluating:   0%|          | 56/24844 [00:03<14:24, 28.66it/s]evaluating:   0%|          | 60/24844 [00:03<14:07, 29.25it/s]evaluating:   0%|          | 63/24844 [00:03<14:26, 28.58it/s]evaluating:   0%|          | 66/24844 [00:03<14:41, 28.10it/s]evaluating:   0%|          | 69/24844 [00:03<14:33, 28.37it/s]evaluating:   0%|          | 72/24844 [00:03<14:45, 27.97it/s]evaluating:   0%|          | 76/24844 [00:03<14:30, 28.46it/s]evaluating:   0%|          | 79/24844 [00:03<15:17, 26.98it/s]evaluating:   0%|          | 83/24844 [00:04<14:32, 28.38it/s]evaluating:   0%|          | 86/24844 [00:04<14:46, 27.93it/s]evaluating:   0%|          | 89/24844 [00:04<15:09, 27.21it/s]evaluating:   0%|          | 92/24844 [00:04<14:56, 27.62it/s]evaluating:   0%|          | 95/24844 [00:04<14:47, 27.88it/s]evaluating:   0%|          | 98/24844 [00:04<15:19, 26.91it/s]evaluating:   0%|          | 101/24844 [00:04<15:03, 27.38it/s]evaluating:   0%|          | 105/24844 [00:04<13:39, 30.19it/s]evaluating:   0%|          | 109/24844 [00:04<13:37, 30.27it/s]evaluating:   0%|          | 113/24844 [00:05<14:01, 29.38it/s]evaluating:   0%|          | 116/24844 [00:05<14:33, 28.32it/s]evaluating:   0%|          | 119/24844 [00:05<14:24, 28.60it/s]evaluating:   0%|          | 122/24844 [00:05<14:50, 27.78it/s]evaluating:   1%|          | 126/24844 [00:05<13:55, 29.57it/s]evaluating:   1%|          | 131/24844 [00:05<13:04, 31.49it/s]evaluating:   1%|          | 135/24844 [00:05<14:08, 29.12it/s]evaluating:   1%|          | 138/24844 [00:05<14:17, 28.82it/s]evaluating:   1%|          | 142/24844 [00:06<13:37, 30.21it/s]evaluating:   1%|          | 146/24844 [00:06<14:17, 28.80it/s]evaluating:   1%|          | 151/24844 [00:06<13:20, 30.84it/s]evaluating:   1%|          | 155/24844 [00:06<14:13, 28.93it/s]evaluating:   1%|          | 159/24844 [00:06<13:33, 30.33it/s]evaluating:   1%|          | 164/24844 [00:06<12:16, 33.51it/s]evaluating:   1%|          | 168/24844 [00:06<12:44, 32.28it/s]evaluating:   1%|          | 172/24844 [00:07<13:02, 31.52it/s]evaluating:   1%|          | 176/24844 [00:07<13:58, 29.42it/s]evaluating:   1%|          | 180/24844 [00:07<14:07, 29.10it/s]evaluating:   1%|          | 183/24844 [00:07<14:33, 28.23it/s]evaluating:   1%|          | 187/24844 [00:07<14:32, 28.26it/s]evaluating:   1%|          | 190/24844 [00:07<15:12, 27.01it/s]evaluating:   1%|          | 193/24844 [00:07<15:05, 27.22it/s]evaluating:   1%|          | 197/24844 [00:07<13:56, 29.47it/s]evaluating:   1%|          | 200/24844 [00:08<13:57, 29.43it/s]evaluating:   1%|          | 203/24844 [00:08<15:00, 27.36it/s]evaluating:   1%|          | 208/24844 [00:08<12:58, 31.66it/s]evaluating:   1%|          | 212/24844 [00:08<13:49, 29.71it/s]evaluating:   1%|          | 216/24844 [00:08<13:59, 29.34it/s]evaluating:   1%|          | 220/24844 [00:08<13:42, 29.93it/s]evaluating:   1%|          | 224/24844 [00:08<13:42, 29.93it/s]evaluating:   1%|          | 228/24844 [00:08<13:07, 31.27it/s]evaluating:   1%|          | 232/24844 [00:09<13:32, 30.30it/s]evaluating:   1%|          | 236/24844 [00:09<13:53, 29.52it/s]evaluating:   1%|          | 240/24844 [00:09<13:45, 29.79it/s]evaluating:   1%|          | 243/24844 [00:09<13:50, 29.61it/s]evaluating:   1%|          | 246/24844 [00:09<13:59, 29.32it/s]evaluating:   1%|          | 251/24844 [00:09<12:27, 32.89it/s]evaluating:   1%|          | 255/24844 [00:09<13:33, 30.22it/s]evaluating:   1%|          | 259/24844 [00:10<14:01, 29.22it/s]evaluating:   1%|          | 263/24844 [00:10<13:18, 30.78it/s]evaluating:   1%|          | 267/24844 [00:10<13:15, 30.88it/s]evaluating:   1%|          | 271/24844 [00:10<14:10, 28.90it/s]evaluating:   1%|          | 274/24844 [00:10<14:02, 29.15it/s]evaluating:   1%|          | 277/24844 [00:10<14:14, 28.76it/s]evaluating:   1%|          | 281/24844 [00:10<13:52, 29.50it/s]evaluating:   1%|          | 284/24844 [00:10<14:23, 28.45it/s]evaluating:   1%|          | 289/24844 [00:11<12:29, 32.77it/s]evaluating:   1%|          | 293/24844 [00:11<12:54, 31.68it/s]evaluating:   1%|          | 297/24844 [00:11<13:19, 30.71it/s]evaluating:   1%|          | 301/24844 [00:11<13:32, 30.20it/s]evaluating:   1%|          | 305/24844 [00:11<13:43, 29.79it/s]evaluating:   1%|          | 308/24844 [00:11<13:47, 29.66it/s]evaluating:   1%|▏         | 313/24844 [00:11<12:21, 33.10it/s]evaluating:   1%|▏         | 317/24844 [00:11<13:22, 30.57it/s]evaluating:   1%|▏         | 321/24844 [00:12<13:25, 30.45it/s]evaluating:   1%|▏         | 325/24844 [00:12<13:04, 31.26it/s]evaluating:   1%|▏         | 329/24844 [00:12<13:45, 29.70it/s]evaluating:   1%|▏         | 334/24844 [00:12<12:17, 33.23it/s]evaluating:   1%|▏         | 338/24844 [00:12<13:06, 31.14it/s]evaluating:   1%|▏         | 342/24844 [00:12<13:13, 30.87it/s]evaluating:   1%|▏         | 346/24844 [00:12<13:20, 30.61it/s]evaluating:   1%|▏         | 350/24844 [00:12<12:57, 31.49it/s]evaluating:   1%|▏         | 354/24844 [00:13<12:51, 31.75it/s]evaluating:   1%|▏         | 358/24844 [00:13<13:08, 31.05it/s]evaluating:   1%|▏         | 362/24844 [00:13<12:53, 31.64it/s]evaluating:   1%|▏         | 366/24844 [00:13<12:11, 33.48it/s]evaluating:   1%|▏         | 370/24844 [00:13<12:45, 31.98it/s]evaluating:   2%|▏         | 374/24844 [00:13<12:56, 31.51it/s]evaluating:   2%|▏         | 379/24844 [00:13<11:57, 34.11it/s]evaluating:   2%|▏         | 383/24844 [00:14<13:10, 30.96it/s]evaluating:   2%|▏         | 387/24844 [00:14<12:39, 32.21it/s]evaluating:   2%|▏         | 391/24844 [00:14<12:23, 32.91it/s]evaluating:   2%|▏         | 395/24844 [00:14<12:56, 31.49it/s]evaluating:   2%|▏         | 399/24844 [00:14<13:25, 30.35it/s]evaluating:   2%|▏         | 403/24844 [00:14<12:40, 32.15it/s]evaluating:   2%|▏         | 407/24844 [00:14<13:06, 31.09it/s]evaluating:   2%|▏         | 411/24844 [00:14<13:13, 30.77it/s]evaluating:   2%|▏         | 415/24844 [00:15<12:59, 31.33it/s]evaluating:   2%|▏         | 419/24844 [00:15<13:04, 31.15it/s]evaluating:   2%|▏         | 423/24844 [00:15<13:10, 30.90it/s]evaluating:   2%|▏         | 427/24844 [00:15<12:48, 31.76it/s]evaluating:   2%|▏         | 431/24844 [00:15<13:28, 30.21it/s]evaluating:   2%|▏         | 435/24844 [00:15<13:26, 30.27it/s]evaluating:   2%|▏         | 439/24844 [00:15<12:53, 31.54it/s]evaluating:   2%|▏         | 443/24844 [00:15<13:05, 31.07it/s]evaluating:   2%|▏         | 447/24844 [00:16<12:45, 31.88it/s]evaluating:   2%|▏         | 451/24844 [00:16<11:59, 33.91it/s]evaluating:   2%|▏         | 455/24844 [00:16<12:47, 31.77it/s]evaluating:   2%|▏         | 459/24844 [00:16<13:25, 30.28it/s]evaluating:   2%|▏         | 463/24844 [00:16<13:04, 31.06it/s]evaluating:   2%|▏         | 467/24844 [00:16<12:59, 31.29it/s]evaluating:   2%|▏         | 472/24844 [00:16<11:43, 34.65it/s]evaluating:   2%|▏         | 476/24844 [00:16<12:08, 33.44it/s]evaluating:   2%|▏         | 480/24844 [00:17<12:32, 32.36it/s]evaluating:   2%|▏         | 484/24844 [00:17<12:32, 32.37it/s]evaluating:   2%|▏         | 488/24844 [00:17<13:07, 30.92it/s]evaluating:   2%|▏         | 493/24844 [00:17<12:07, 33.45it/s]evaluating:   2%|▏         | 497/24844 [00:17<13:01, 31.16it/s]evaluating:   2%|▏         | 501/24844 [00:17<12:36, 32.16it/s]evaluating:   2%|▏         | 505/24844 [00:17<13:28, 30.10it/s]evaluating:   2%|▏         | 509/24844 [00:18<13:25, 30.20it/s]evaluating:   2%|▏         | 514/24844 [00:18<12:06, 33.51it/s]evaluating:   2%|▏         | 518/24844 [00:18<12:46, 31.74it/s]evaluating:   2%|▏         | 522/24844 [00:18<13:21, 30.35it/s]evaluating:   2%|▏         | 526/24844 [00:18<13:35, 29.81it/s]evaluating:   2%|▏         | 530/24844 [00:18<14:15, 28.41it/s]evaluating:   2%|▏         | 535/24844 [00:18<12:39, 32.01it/s]evaluating:   2%|▏         | 540/24844 [00:18<12:03, 33.60it/s]evaluating:   2%|▏         | 544/24844 [00:19<12:24, 32.65it/s]evaluating:   2%|▏         | 548/24844 [00:19<12:25, 32.57it/s]evaluating:   2%|▏         | 552/24844 [00:19<12:50, 31.54it/s]evaluating:   2%|▏         | 556/24844 [00:19<13:09, 30.77it/s]evaluating:   2%|▏         | 560/24844 [00:19<12:39, 31.99it/s]evaluating:   2%|▏         | 564/24844 [00:19<13:31, 29.93it/s]evaluating:   2%|▏         | 568/24844 [00:19<13:47, 29.32it/s]evaluating:   2%|▏         | 572/24844 [00:20<13:06, 30.86it/s]evaluating:   2%|▏         | 576/24844 [00:20<13:24, 30.16it/s]evaluating:   2%|▏         | 581/24844 [00:20<11:55, 33.92it/s]evaluating:   2%|▏         | 585/24844 [00:20<13:05, 30.87it/s]evaluating:   2%|▏         | 589/24844 [00:20<13:06, 30.85it/s]evaluating:   2%|▏         | 593/24844 [00:20<13:09, 30.70it/s]evaluating:   2%|▏         | 597/24844 [00:20<13:43, 29.46it/s]evaluating:   2%|▏         | 601/24844 [00:20<12:52, 31.39it/s]evaluating:   2%|▏         | 605/24844 [00:21<13:10, 30.65it/s]evaluating:   2%|▏         | 609/24844 [00:21<13:21, 30.23it/s]evaluating:   2%|▏         | 613/24844 [00:21<13:55, 29.00it/s]evaluating:   2%|▏         | 617/24844 [00:21<13:10, 30.64it/s]evaluating:   2%|▏         | 621/24844 [00:21<13:17, 30.39it/s]evaluating:   3%|▎         | 625/24844 [00:21<13:36, 29.65it/s]evaluating:   3%|▎         | 628/24844 [00:21<13:41, 29.49it/s]evaluating:   3%|▎         | 631/24844 [00:21<13:58, 28.87it/s]evaluating:   3%|▎         | 635/24844 [00:22<13:15, 30.44it/s]evaluating:   3%|▎         | 639/24844 [00:22<13:35, 29.67it/s]evaluating:   3%|▎         | 644/24844 [00:22<12:01, 33.54it/s]evaluating:   3%|▎         | 648/24844 [00:22<12:01, 33.54it/s]evaluating:   3%|▎         | 652/24844 [00:22<12:43, 31.70it/s]evaluating:   3%|▎         | 656/24844 [00:22<13:23, 30.10it/s]evaluating:   3%|▎         | 660/24844 [00:22<12:48, 31.48it/s]evaluating:   3%|▎         | 664/24844 [00:23<13:26, 29.99it/s]evaluating:   3%|▎         | 668/24844 [00:23<12:59, 31.02it/s]evaluating:   3%|▎         | 672/24844 [00:23<12:55, 31.17it/s]evaluating:   3%|▎         | 676/24844 [00:23<13:25, 29.99it/s]evaluating:   3%|▎         | 680/24844 [00:23<13:29, 29.84it/s]evaluating:   3%|▎         | 684/24844 [00:23<13:01, 30.91it/s]evaluating:   3%|▎         | 688/24844 [00:23<13:38, 29.51it/s]evaluating:   3%|▎         | 692/24844 [00:23<13:01, 30.92it/s]evaluating:   3%|▎         | 696/24844 [00:24<13:53, 28.96it/s]evaluating:   3%|▎         | 699/24844 [00:24<14:00, 28.72it/s]evaluating:   3%|▎         | 703/24844 [00:24<13:34, 29.64it/s]evaluating:   3%|▎         | 707/24844 [00:24<12:34, 31.98it/s]evaluating:   3%|▎         | 711/24844 [00:24<13:22, 30.08it/s]evaluating:   3%|▎         | 715/24844 [00:24<13:17, 30.26it/s]evaluating:   3%|▎         | 719/24844 [00:24<13:24, 30.00it/s]evaluating:   3%|▎         | 723/24844 [00:24<13:22, 30.05it/s]evaluating:   3%|▎         | 727/24844 [00:25<13:24, 29.96it/s]evaluating:   3%|▎         | 731/24844 [00:25<12:36, 31.87it/s]evaluating:   3%|▎         | 735/24844 [00:25<13:29, 29.78it/s]evaluating:   3%|▎         | 739/24844 [00:25<12:29, 32.14it/s]evaluating:   3%|▎         | 743/24844 [00:25<12:40, 31.69it/s]evaluating:   3%|▎         | 747/24844 [00:25<12:51, 31.25it/s]evaluating:   3%|▎         | 751/24844 [00:25<13:48, 29.08it/s]evaluating:   3%|▎         | 755/24844 [00:26<13:26, 29.87it/s]evaluating:   3%|▎         | 759/24844 [00:26<13:21, 30.04it/s]evaluating:   3%|▎         | 763/24844 [00:26<12:25, 32.29it/s]evaluating:   3%|▎         | 767/24844 [00:26<13:07, 30.56it/s]evaluating:   3%|▎         | 771/24844 [00:26<13:26, 29.84it/s]evaluating:   3%|▎         | 775/24844 [00:26<12:49, 31.28it/s]evaluating:   3%|▎         | 779/24844 [00:26<13:54, 28.85it/s]evaluating:   3%|▎         | 783/24844 [00:26<13:37, 29.45it/s]evaluating:   3%|▎         | 787/24844 [00:27<13:50, 28.98it/s]evaluating:   3%|▎         | 791/24844 [00:27<13:38, 29.38it/s]evaluating:   3%|▎         | 795/24844 [00:27<13:15, 30.21it/s]evaluating:   3%|▎         | 799/24844 [00:27<12:41, 31.56it/s]evaluating:   3%|▎         | 803/24844 [00:27<12:48, 31.28it/s]evaluating:   3%|▎         | 807/24844 [00:27<12:51, 31.16it/s]evaluating:   3%|▎         | 811/24844 [00:27<13:30, 29.63it/s]evaluating:   3%|▎         | 815/24844 [00:27<12:36, 31.77it/s]evaluating:   3%|▎         | 819/24844 [00:28<12:38, 31.67it/s]evaluating:   3%|▎         | 823/24844 [00:28<13:03, 30.67it/s]evaluating:   3%|▎         | 827/24844 [00:28<12:53, 31.07it/s]evaluating:   3%|▎         | 831/24844 [00:28<13:10, 30.39it/s]evaluating:   3%|▎         | 835/24844 [00:28<12:21, 32.38it/s]evaluating:   3%|▎         | 839/24844 [00:28<12:40, 31.56it/s]evaluating:   3%|▎         | 843/24844 [00:28<12:52, 31.08it/s]evaluating:   3%|▎         | 847/24844 [00:29<13:27, 29.74it/s]evaluating:   3%|▎         | 851/24844 [00:29<13:14, 30.20it/s]evaluating:   3%|▎         | 855/24844 [00:29<13:44, 29.10it/s]evaluating:   3%|▎         | 859/24844 [00:29<13:08, 30.43it/s]evaluating:   3%|▎         | 863/24844 [00:29<12:49, 31.15it/s]evaluating:   3%|▎         | 867/24844 [00:29<13:22, 29.88it/s]evaluating:   4%|▎         | 871/24844 [00:29<13:18, 30.01it/s]evaluating:   4%|▎         | 875/24844 [00:29<13:21, 29.89it/s]evaluating:   4%|▎         | 879/24844 [00:30<12:46, 31.25it/s]evaluating:   4%|▎         | 883/24844 [00:30<13:41, 29.16it/s]evaluating:   4%|▎         | 887/24844 [00:30<12:44, 31.35it/s]evaluating:   4%|▎         | 891/24844 [00:30<13:02, 30.62it/s]evaluating:   4%|▎         | 895/24844 [00:30<13:27, 29.66it/s]evaluating:   4%|▎         | 899/24844 [00:30<12:49, 31.10it/s]evaluating:   4%|▎         | 903/24844 [00:30<13:10, 30.29it/s]evaluating:   4%|▎         | 907/24844 [00:31<12:55, 30.86it/s]evaluating:   4%|▎         | 911/24844 [00:31<12:49, 31.10it/s]evaluating:   4%|▎         | 915/24844 [00:31<13:00, 30.67it/s]evaluating:   4%|▎         | 919/24844 [00:31<13:27, 29.64it/s]evaluating:   4%|▎         | 922/24844 [00:31<13:30, 29.53it/s]evaluating:   4%|▎         | 926/24844 [00:31<13:28, 29.59it/s]evaluating:   4%|▎         | 929/24844 [00:31<13:30, 29.51it/s]evaluating:   4%|▍         | 933/24844 [00:31<13:18, 29.93it/s]evaluating:   4%|▍         | 936/24844 [00:32<14:05, 28.29it/s]evaluating:   4%|▍         | 939/24844 [00:32<14:07, 28.20it/s]evaluating:   4%|▍         | 943/24844 [00:32<13:31, 29.46it/s]evaluating:   4%|▍         | 947/24844 [00:32<12:53, 30.91it/s]evaluating:   4%|▍         | 951/24844 [00:32<13:35, 29.31it/s]evaluating:   4%|▍         | 955/24844 [00:32<12:43, 31.27it/s]evaluating:   4%|▍         | 959/24844 [00:32<12:57, 30.70it/s]evaluating:   4%|▍         | 963/24844 [00:32<13:11, 30.19it/s]evaluating:   4%|▍         | 967/24844 [00:33<13:03, 30.48it/s]evaluating:   4%|▍         | 971/24844 [00:33<12:57, 30.72it/s]evaluating:   4%|▍         | 975/24844 [00:33<13:32, 29.38it/s]evaluating:   4%|▍         | 980/24844 [00:33<11:56, 33.32it/s]evaluating:   4%|▍         | 984/24844 [00:33<13:09, 30.24it/s]evaluating:   4%|▍         | 988/24844 [00:33<13:07, 30.30it/s]evaluating:   4%|▍         | 992/24844 [00:33<12:45, 31.18it/s]evaluating:   4%|▍         | 996/24844 [00:33<13:35, 29.24it/s]evaluating:   4%|▍         | 999/24844 [00:34<14:03, 28.27it/s]evaluating:   4%|▍         | 1002/24844 [00:34<14:23, 27.63it/s]evaluating:   4%|▍         | 1005/24844 [00:34<14:48, 26.83it/s]evaluating:   4%|▍         | 1009/24844 [00:34<13:26, 29.54it/s]evaluating:   4%|▍         | 1012/24844 [00:34<14:10, 28.02it/s]evaluating:   4%|▍         | 1017/24844 [00:34<12:17, 32.30it/s]evaluating:   4%|▍         | 1021/24844 [00:34<12:08, 32.69it/s]evaluating:   4%|▍         | 1025/24844 [00:34<12:38, 31.38it/s]evaluating:   4%|▍         | 1029/24844 [00:35<13:21, 29.70it/s]evaluating:   4%|▍         | 1033/24844 [00:35<13:44, 28.87it/s]evaluating:   4%|▍         | 1037/24844 [00:35<12:46, 31.08it/s]evaluating:   4%|▍         | 1041/24844 [00:35<12:22, 32.08it/s]evaluating:   4%|▍         | 1045/24844 [00:35<13:09, 30.13it/s]evaluating:   4%|▍         | 1049/24844 [00:35<12:54, 30.71it/s]evaluating:   4%|▍         | 1053/24844 [00:35<12:31, 31.64it/s]evaluating:   4%|▍         | 1057/24844 [00:36<12:57, 30.59it/s]evaluating:   4%|▍         | 1061/24844 [00:36<12:07, 32.70it/s]evaluating:   4%|▍         | 1065/24844 [00:36<12:08, 32.64it/s]evaluating:   4%|▍         | 1069/24844 [00:36<13:14, 29.92it/s]evaluating:   4%|▍         | 1073/24844 [00:36<12:34, 31.50it/s]evaluating:   4%|▍         | 1077/24844 [00:36<12:16, 32.27it/s]evaluating:   4%|▍         | 1081/24844 [00:36<12:59, 30.49it/s]evaluating:   4%|▍         | 1085/24844 [00:36<12:07, 32.68it/s]evaluating:   4%|▍         | 1089/24844 [00:36<12:23, 31.96it/s]evaluating:   4%|▍         | 1093/24844 [00:37<12:50, 30.83it/s]evaluating:   4%|▍         | 1097/24844 [00:37<12:06, 32.68it/s]evaluating:   4%|▍         | 1101/24844 [00:37<12:30, 31.62it/s]evaluating:   4%|▍         | 1105/24844 [00:37<12:28, 31.70it/s]evaluating:   4%|▍         | 1109/24844 [00:37<12:55, 30.60it/s]evaluating:   4%|▍         | 1113/24844 [00:37<13:27, 29.41it/s]evaluating:   4%|▍         | 1117/24844 [00:37<13:15, 29.84it/s]evaluating:   5%|▍         | 1121/24844 [00:38<13:15, 29.84it/s]evaluating:   5%|▍         | 1125/24844 [00:38<13:29, 29.31it/s]evaluating:   5%|▍         | 1128/24844 [00:38<13:43, 28.78it/s]evaluating:   5%|▍         | 1133/24844 [00:38<12:10, 32.46it/s]evaluating:   5%|▍         | 1137/24844 [00:38<12:41, 31.13it/s]evaluating:   5%|▍         | 1141/24844 [00:38<12:41, 31.13it/s]evaluating:   5%|▍         | 1145/24844 [00:38<12:12, 32.34it/s]evaluating:   5%|▍         | 1149/24844 [00:38<12:59, 30.41it/s]evaluating:   5%|▍         | 1153/24844 [00:39<12:54, 30.60it/s]evaluating:   5%|▍         | 1157/24844 [00:39<12:29, 31.62it/s]evaluating:   5%|▍         | 1161/24844 [00:39<12:32, 31.47it/s]evaluating:   5%|▍         | 1165/24844 [00:39<12:40, 31.12it/s]evaluating:   5%|▍         | 1169/24844 [00:39<12:17, 32.11it/s]evaluating:   5%|▍         | 1173/24844 [00:39<12:50, 30.73it/s]evaluating:   5%|▍         | 1177/24844 [00:39<12:25, 31.73it/s]evaluating:   5%|▍         | 1181/24844 [00:39<11:56, 33.04it/s]evaluating:   5%|▍         | 1185/24844 [00:40<12:43, 31.00it/s]evaluating:   5%|▍         | 1189/24844 [00:40<12:28, 31.60it/s]evaluating:   5%|▍         | 1193/24844 [00:40<12:17, 32.07it/s]evaluating:   5%|▍         | 1198/24844 [00:40<11:25, 34.51it/s]evaluating:   5%|▍         | 1202/24844 [00:40<11:19, 34.79it/s]evaluating:   5%|▍         | 1206/24844 [00:40<11:44, 33.57it/s]evaluating:   5%|▍         | 1210/24844 [00:40<11:22, 34.61it/s]evaluating:   5%|▍         | 1214/24844 [00:40<11:30, 34.20it/s]evaluating:   5%|▍         | 1219/24844 [00:41<10:34, 37.23it/s]evaluating:   5%|▍         | 1224/24844 [00:41<10:15, 38.40it/s]evaluating:   5%|▍         | 1228/24844 [00:41<10:53, 36.12it/s]evaluating:   5%|▍         | 1232/24844 [00:41<11:01, 35.67it/s]evaluating:   5%|▍         | 1236/24844 [00:41<11:49, 33.29it/s]evaluating:   5%|▍         | 1240/24844 [00:41<11:43, 33.54it/s]evaluating:   5%|▌         | 1244/24844 [00:41<12:12, 32.22it/s]evaluating:   5%|▌         | 1249/24844 [00:41<10:58, 35.82it/s]evaluating:   5%|▌         | 1253/24844 [00:42<11:48, 33.30it/s]evaluating:   5%|▌         | 1257/24844 [00:42<11:53, 33.08it/s]evaluating:   5%|▌         | 1261/24844 [00:42<11:52, 33.10it/s]evaluating:   5%|▌         | 1265/24844 [00:42<11:39, 33.71it/s]evaluating:   5%|▌         | 1269/24844 [00:42<11:45, 33.43it/s]evaluating:   5%|▌         | 1273/24844 [00:42<12:30, 31.42it/s]evaluating:   5%|▌         | 1278/24844 [00:42<11:21, 34.58it/s]evaluating:   5%|▌         | 1282/24844 [00:42<11:47, 33.30it/s]evaluating:   5%|▌         | 1286/24844 [00:43<12:25, 31.61it/s]evaluating:   5%|▌         | 1290/24844 [00:43<12:33, 31.28it/s]evaluating:   5%|▌         | 1294/24844 [00:43<12:23, 31.68it/s]evaluating:   5%|▌         | 1298/24844 [00:43<13:00, 30.17it/s]evaluating:   5%|▌         | 1302/24844 [00:43<12:22, 31.70it/s]evaluating:   5%|▌         | 1306/24844 [00:43<12:19, 31.85it/s]evaluating:   5%|▌         | 1310/24844 [00:43<12:38, 31.01it/s]evaluating:   5%|▌         | 1314/24844 [00:43<12:20, 31.78it/s]evaluating:   5%|▌         | 1318/24844 [00:44<12:27, 31.47it/s]evaluating:   5%|▌         | 1322/24844 [00:44<12:31, 31.29it/s]evaluating:   5%|▌         | 1327/24844 [00:44<11:17, 34.69it/s]evaluating:   5%|▌         | 1331/24844 [00:44<12:13, 32.04it/s]evaluating:   5%|▌         | 1335/24844 [00:44<12:30, 31.33it/s]evaluating:   5%|▌         | 1339/24844 [00:44<12:50, 30.51it/s]evaluating:   5%|▌         | 1343/24844 [00:44<12:27, 31.45it/s]evaluating:   5%|▌         | 1347/24844 [00:44<12:05, 32.40it/s]evaluating:   5%|▌         | 1351/24844 [00:45<12:20, 31.74it/s]evaluating:   5%|▌         | 1355/24844 [00:45<12:54, 30.33it/s]evaluating:   5%|▌         | 1359/24844 [00:45<13:17, 29.43it/s]evaluating:   5%|▌         | 1363/24844 [00:45<12:49, 30.50it/s]evaluating:   6%|▌         | 1367/24844 [00:45<13:08, 29.79it/s]evaluating:   6%|▌         | 1371/24844 [00:45<12:13, 31.99it/s]evaluating:   6%|▌         | 1375/24844 [00:45<12:55, 30.28it/s]evaluating:   6%|▌         | 1379/24844 [00:46<13:23, 29.20it/s]evaluating:   6%|▌         | 1382/24844 [00:46<13:18, 29.37it/s]evaluating:   6%|▌         | 1385/24844 [00:46<13:20, 29.32it/s]evaluating:   6%|▌         | 1389/24844 [00:46<12:30, 31.27it/s]evaluating:   6%|▌         | 1393/24844 [00:46<12:35, 31.04it/s]evaluating:   6%|▌         | 1398/24844 [00:46<11:23, 34.29it/s]evaluating:   6%|▌         | 1402/24844 [00:46<12:08, 32.16it/s]evaluating:   6%|▌         | 1406/24844 [00:46<12:41, 30.77it/s]evaluating:   6%|▌         | 1410/24844 [00:47<13:34, 28.77it/s]evaluating:   6%|▌         | 1414/24844 [00:47<13:00, 30.02it/s]evaluating:   6%|▌         | 1418/24844 [00:47<13:17, 29.39it/s]evaluating:   6%|▌         | 1422/24844 [00:47<12:57, 30.14it/s]evaluating:   6%|▌         | 1427/24844 [00:47<11:53, 32.84it/s]evaluating:   6%|▌         | 1431/24844 [00:47<11:50, 32.95it/s]evaluating:   6%|▌         | 1435/24844 [00:47<12:10, 32.04it/s]evaluating:   6%|▌         | 1439/24844 [00:47<12:08, 32.12it/s]evaluating:   6%|▌         | 1443/24844 [00:48<12:38, 30.85it/s]evaluating:   6%|▌         | 1447/24844 [00:48<12:27, 31.29it/s]evaluating:   6%|▌         | 1451/24844 [00:48<11:57, 32.59it/s]evaluating:   6%|▌         | 1455/24844 [00:48<13:10, 29.58it/s]evaluating:   6%|▌         | 1459/24844 [00:48<12:38, 30.84it/s]evaluating:   6%|▌         | 1463/24844 [00:48<12:22, 31.50it/s]evaluating:   6%|▌         | 1467/24844 [00:48<12:29, 31.20it/s]evaluating:   6%|▌         | 1471/24844 [00:49<13:06, 29.71it/s]evaluating:   6%|▌         | 1475/24844 [00:49<13:52, 28.09it/s]evaluating:   6%|▌         | 1478/24844 [00:49<13:47, 28.22it/s]evaluating:   6%|▌         | 1481/24844 [00:49<13:45, 28.29it/s]evaluating:   6%|▌         | 1485/24844 [00:49<13:20, 29.19it/s]evaluating:   6%|▌         | 1488/24844 [00:49<13:35, 28.64it/s]evaluating:   6%|▌         | 1493/24844 [00:49<11:37, 33.50it/s]evaluating:   6%|▌         | 1497/24844 [00:49<11:51, 32.80it/s]evaluating:   6%|▌         | 1501/24844 [00:50<12:31, 31.04it/s]evaluating:   6%|▌         | 1505/24844 [00:50<12:11, 31.89it/s]evaluating:   6%|▌         | 1509/24844 [00:50<12:05, 32.18it/s]evaluating:   6%|▌         | 1513/24844 [00:50<12:07, 32.05it/s]evaluating:   6%|▌         | 1517/24844 [00:50<11:26, 33.96it/s]evaluating:   6%|▌         | 1521/24844 [00:50<12:25, 31.27it/s]evaluating:   6%|▌         | 1525/24844 [00:50<12:29, 31.09it/s]evaluating:   6%|▌         | 1529/24844 [00:50<12:03, 32.25it/s]evaluating:   6%|▌         | 1533/24844 [00:51<12:42, 30.56it/s]evaluating:   6%|▌         | 1537/24844 [00:51<12:16, 31.64it/s]evaluating:   6%|▌         | 1541/24844 [00:51<12:34, 30.89it/s]evaluating:   6%|▌         | 1545/24844 [00:51<12:25, 31.26it/s]evaluating:   6%|▌         | 1549/24844 [00:51<12:44, 30.46it/s]evaluating:   6%|▋         | 1553/24844 [00:51<11:53, 32.66it/s]evaluating:   6%|▋         | 1557/24844 [00:51<11:46, 32.96it/s]evaluating:   6%|▋         | 1561/24844 [00:51<11:55, 32.55it/s]evaluating:   6%|▋         | 1565/24844 [00:52<11:23, 34.04it/s]evaluating:   6%|▋         | 1570/24844 [00:52<10:43, 36.15it/s]evaluating:   6%|▋         | 1574/24844 [00:52<11:10, 34.72it/s]evaluating:   6%|▋         | 1578/24844 [00:52<11:37, 33.37it/s]evaluating:   6%|▋         | 1583/24844 [00:52<11:18, 34.30it/s]evaluating:   6%|▋         | 1587/24844 [00:52<11:57, 32.39it/s]evaluating:   6%|▋         | 1591/24844 [00:52<12:41, 30.52it/s]evaluating:   6%|▋         | 1595/24844 [00:52<12:33, 30.86it/s]evaluating:   6%|▋         | 1599/24844 [00:53<12:21, 31.34it/s]evaluating:   6%|▋         | 1603/24844 [00:53<12:37, 30.68it/s]evaluating:   6%|▋         | 1608/24844 [00:53<11:07, 34.79it/s]evaluating:   6%|▋         | 1612/24844 [00:53<11:06, 34.86it/s]evaluating:   7%|▋         | 1616/24844 [00:53<12:34, 30.79it/s]evaluating:   7%|▋         | 1620/24844 [00:53<12:23, 31.23it/s]evaluating:   7%|▋         | 1624/24844 [00:53<12:17, 31.47it/s]evaluating:   7%|▋         | 1628/24844 [00:53<12:57, 29.88it/s]evaluating:   7%|▋         | 1632/24844 [00:54<12:44, 30.37it/s]evaluating:   7%|▋         | 1636/24844 [00:54<13:20, 28.99it/s]evaluating:   7%|▋         | 1640/24844 [00:54<12:55, 29.91it/s]evaluating:   7%|▋         | 1644/24844 [00:54<12:10, 31.76it/s]evaluating:   7%|▋         | 1648/24844 [00:54<12:58, 29.80it/s]evaluating:   7%|▋         | 1653/24844 [00:54<11:36, 33.29it/s]evaluating:   7%|▋         | 1657/24844 [00:54<12:03, 32.06it/s]evaluating:   7%|▋         | 1661/24844 [00:55<12:16, 31.46it/s]evaluating:   7%|▋         | 1665/24844 [00:55<12:21, 31.26it/s]evaluating:   7%|▋         | 1669/24844 [00:55<11:57, 32.32it/s]evaluating:   7%|▋         | 1673/24844 [00:55<12:01, 32.13it/s]evaluating:   7%|▋         | 1677/24844 [00:55<12:20, 31.28it/s]evaluating:   7%|▋         | 1681/24844 [00:55<11:46, 32.77it/s]evaluating:   7%|▋         | 1685/24844 [00:55<12:13, 31.56it/s]evaluating:   7%|▋         | 1689/24844 [00:55<12:18, 31.37it/s]evaluating:   7%|▋         | 1693/24844 [00:56<12:04, 31.96it/s]evaluating:   7%|▋         | 1697/24844 [00:56<11:22, 33.89it/s]evaluating:   7%|▋         | 1701/24844 [00:56<12:13, 31.57it/s]evaluating:   7%|▋         | 1705/24844 [00:56<12:22, 31.17it/s]evaluating:   7%|▋         | 1709/24844 [00:56<11:50, 32.58it/s]evaluating:   7%|▋         | 1713/24844 [00:56<12:33, 30.69it/s]evaluating:   7%|▋         | 1717/24844 [00:56<12:42, 30.34it/s]evaluating:   7%|▋         | 1721/24844 [00:56<13:02, 29.54it/s]evaluating:   7%|▋         | 1725/24844 [00:57<12:43, 30.30it/s]evaluating:   7%|▋         | 1729/24844 [00:57<12:35, 30.59it/s]evaluating:   7%|▋         | 1733/24844 [00:57<13:14, 29.08it/s]evaluating:   7%|▋         | 1736/24844 [00:57<13:27, 28.61it/s]evaluating:   7%|▋         | 1739/24844 [00:57<13:36, 28.31it/s]evaluating:   7%|▋         | 1743/24844 [00:57<13:35, 28.32it/s]evaluating:   7%|▋         | 1746/24844 [00:57<14:05, 27.31it/s]evaluating:   7%|▋         | 1750/24844 [00:57<12:50, 29.98it/s]evaluating:   7%|▋         | 1754/24844 [00:58<13:22, 28.78it/s]evaluating:   7%|▋         | 1757/24844 [00:58<13:45, 27.98it/s]evaluating:   7%|▋         | 1760/24844 [00:58<14:06, 27.27it/s]evaluating:   7%|▋         | 1763/24844 [00:58<14:14, 27.02it/s]evaluating:   7%|▋         | 1767/24844 [00:58<13:04, 29.43it/s]evaluating:   7%|▋         | 1771/24844 [00:58<12:33, 30.64it/s]evaluating:   7%|▋         | 1775/24844 [00:58<11:56, 32.20it/s]evaluating:   7%|▋         | 1779/24844 [00:58<11:52, 32.38it/s]evaluating:   7%|▋         | 1783/24844 [00:59<12:33, 30.59it/s]evaluating:   7%|▋         | 1787/24844 [00:59<13:14, 29.00it/s]evaluating:   7%|▋         | 1791/24844 [00:59<13:08, 29.24it/s]evaluating:   7%|▋         | 1795/24844 [00:59<12:44, 30.15it/s]evaluating:   7%|▋         | 1799/24844 [00:59<12:26, 30.88it/s]evaluating:   7%|▋         | 1803/24844 [00:59<13:42, 28.02it/s]evaluating:   7%|▋         | 1806/24844 [00:59<13:46, 27.86it/s]evaluating:   7%|▋         | 1809/24844 [00:59<14:01, 27.36it/s]evaluating:   7%|▋         | 1813/24844 [01:00<13:49, 27.76it/s]evaluating:   7%|▋         | 1816/24844 [01:00<14:19, 26.80it/s]evaluating:   7%|▋         | 1821/24844 [01:00<12:33, 30.55it/s]evaluating:   7%|▋         | 1825/24844 [01:00<13:10, 29.11it/s]evaluating:   7%|▋         | 1828/24844 [01:00<13:34, 28.24it/s]evaluating:   7%|▋         | 1831/24844 [01:00<13:49, 27.74it/s]evaluating:   7%|▋         | 1835/24844 [01:00<13:19, 28.80it/s]evaluating:   7%|▋         | 1838/24844 [01:01<13:55, 27.52it/s]evaluating:   7%|▋         | 1842/24844 [01:01<12:29, 30.68it/s]evaluating:   7%|▋         | 1846/24844 [01:01<12:32, 30.55it/s]evaluating:   7%|▋         | 1850/24844 [01:01<12:24, 30.87it/s]evaluating:   7%|▋         | 1854/24844 [01:01<11:56, 32.07it/s]evaluating:   7%|▋         | 1858/24844 [01:01<11:16, 33.99it/s]evaluating:   7%|▋         | 1862/24844 [01:01<11:31, 33.26it/s]evaluating:   8%|▊         | 1866/24844 [01:01<11:56, 32.08it/s]evaluating:   8%|▊         | 1871/24844 [01:01<10:50, 35.33it/s]evaluating:   8%|▊         | 1875/24844 [01:02<11:22, 33.63it/s]evaluating:   8%|▊         | 1879/24844 [01:02<11:33, 33.12it/s]evaluating:   8%|▊         | 1883/24844 [01:02<11:32, 33.14it/s]evaluating:   8%|▊         | 1887/24844 [01:02<12:03, 31.73it/s]evaluating:   8%|▊         | 1892/24844 [01:02<11:01, 34.69it/s]evaluating:   8%|▊         | 1896/24844 [01:02<11:23, 33.57it/s]evaluating:   8%|▊         | 1900/24844 [01:02<11:36, 32.96it/s]evaluating:   8%|▊         | 1904/24844 [01:03<12:17, 31.12it/s]evaluating:   8%|▊         | 1909/24844 [01:03<11:45, 32.51it/s]evaluating:   8%|▊         | 1913/24844 [01:03<12:10, 31.39it/s]evaluating:   8%|▊         | 1918/24844 [01:03<10:59, 34.75it/s]evaluating:   8%|▊         | 1923/24844 [01:03<10:29, 36.40it/s]evaluating:   8%|▊         | 1927/24844 [01:03<10:59, 34.77it/s]evaluating:   8%|▊         | 1931/24844 [01:03<10:56, 34.88it/s]evaluating:   8%|▊         | 1935/24844 [01:03<11:39, 32.74it/s]evaluating:   8%|▊         | 1939/24844 [01:04<11:22, 33.56it/s]evaluating:   8%|▊         | 1943/24844 [01:04<12:13, 31.20it/s]evaluating:   8%|▊         | 1948/24844 [01:04<10:55, 34.92it/s]evaluating:   8%|▊         | 1952/24844 [01:04<11:03, 34.52it/s]evaluating:   8%|▊         | 1956/24844 [01:04<11:25, 33.40it/s]evaluating:   8%|▊         | 1960/24844 [01:04<11:32, 33.04it/s]evaluating:   8%|▊         | 1964/24844 [01:04<11:31, 33.11it/s]evaluating:   8%|▊         | 1968/24844 [01:04<11:43, 32.52it/s]evaluating:   8%|▊         | 1972/24844 [01:05<11:08, 34.19it/s]evaluating:   8%|▊         | 1976/24844 [01:05<10:55, 34.88it/s]evaluating:   8%|▊         | 1980/24844 [01:05<12:08, 31.36it/s]evaluating:   8%|▊         | 1984/24844 [01:05<12:59, 29.32it/s]evaluating:   8%|▊         | 1988/24844 [01:05<12:34, 30.28it/s]evaluating:   8%|▊         | 1992/24844 [01:05<13:15, 28.71it/s]evaluating:   8%|▊         | 1995/24844 [01:05<13:59, 27.22it/s]evaluating:   8%|▊         | 2000/24844 [01:05<12:09, 31.30it/s]evaluating:   8%|▊         | 2004/24844 [01:06<12:03, 31.58it/s]evaluating:   8%|▊         | 2008/24844 [01:06<12:52, 29.58it/s]evaluating:   8%|▊         | 2012/24844 [01:06<12:56, 29.42it/s]evaluating:   8%|▊         | 2015/24844 [01:06<13:23, 28.41it/s]evaluating:   8%|▊         | 2019/24844 [01:06<12:48, 29.69it/s]evaluating:   8%|▊         | 2022/24844 [01:06<13:16, 28.64it/s]evaluating:   8%|▊         | 2025/24844 [01:06<13:58, 27.22it/s]evaluating:   8%|▊         | 2029/24844 [01:06<13:29, 28.19it/s]evaluating:   8%|▊         | 2032/24844 [01:07<13:37, 27.90it/s]evaluating:   8%|▊         | 2035/24844 [01:07<13:55, 27.29it/s]evaluating:   8%|▊         | 2039/24844 [01:07<12:46, 29.74it/s]evaluating:   8%|▊         | 2042/24844 [01:07<13:19, 28.54it/s]evaluating:   8%|▊         | 2045/24844 [01:07<13:10, 28.83it/s]evaluating:   8%|▊         | 2048/24844 [01:07<13:08, 28.93it/s]evaluating:   8%|▊         | 2051/24844 [01:07<13:22, 28.41it/s]evaluating:   8%|▊         | 2055/24844 [01:07<13:18, 28.54it/s]evaluating:   8%|▊         | 2058/24844 [01:07<13:18, 28.52it/s]evaluating:   8%|▊         | 2062/24844 [01:08<12:46, 29.71it/s]evaluating:   8%|▊         | 2065/24844 [01:08<13:39, 27.78it/s]evaluating:   8%|▊         | 2068/24844 [01:08<13:37, 27.88it/s]evaluating:   8%|▊         | 2072/24844 [01:08<12:59, 29.22it/s]evaluating:   8%|▊         | 2075/24844 [01:08<13:08, 28.87it/s]evaluating:   8%|▊         | 2078/24844 [01:08<13:30, 28.08it/s]evaluating:   8%|▊         | 2083/24844 [01:08<12:10, 31.15it/s]evaluating:   8%|▊         | 2087/24844 [01:09<13:29, 28.10it/s]evaluating:   8%|▊         | 2091/24844 [01:09<13:03, 29.02it/s]evaluating:   8%|▊         | 2094/24844 [01:09<13:36, 27.85it/s]evaluating:   8%|▊         | 2098/24844 [01:09<12:56, 29.29it/s]evaluating:   8%|▊         | 2102/24844 [01:09<12:58, 29.22it/s]evaluating:   8%|▊         | 2105/24844 [01:09<13:25, 28.24it/s]evaluating:   8%|▊         | 2109/24844 [01:09<12:40, 29.91it/s]evaluating:   9%|▊         | 2113/24844 [01:09<13:07, 28.88it/s]evaluating:   9%|▊         | 2117/24844 [01:10<12:17, 30.81it/s]evaluating:   9%|▊         | 2121/24844 [01:10<11:52, 31.90it/s]evaluating:   9%|▊         | 2125/24844 [01:10<12:53, 29.37it/s]evaluating:   9%|▊         | 2129/24844 [01:10<12:25, 30.49it/s]evaluating:   9%|▊         | 2133/24844 [01:10<12:29, 30.32it/s]evaluating:   9%|▊         | 2137/24844 [01:10<12:42, 29.78it/s]evaluating:   9%|▊         | 2141/24844 [01:10<11:59, 31.56it/s]evaluating:   9%|▊         | 2145/24844 [01:10<11:47, 32.07it/s]evaluating:   9%|▊         | 2149/24844 [01:11<12:47, 29.58it/s]evaluating:   9%|▊         | 2153/24844 [01:11<11:58, 31.58it/s]evaluating:   9%|▊         | 2157/24844 [01:11<12:11, 31.02it/s]evaluating:   9%|▊         | 2161/24844 [01:11<12:34, 30.06it/s]evaluating:   9%|▊         | 2165/24844 [01:11<12:09, 31.09it/s]evaluating:   9%|▊         | 2170/24844 [01:11<11:03, 34.15it/s]evaluating:   9%|▉         | 2174/24844 [01:11<12:24, 30.46it/s]evaluating:   9%|▉         | 2178/24844 [01:11<12:40, 29.81it/s]evaluating:   9%|▉         | 2182/24844 [01:12<13:34, 27.82it/s]evaluating:   9%|▉         | 2185/24844 [01:12<13:56, 27.08it/s]evaluating:   9%|▉         | 2188/24844 [01:12<13:47, 27.37it/s]evaluating:   9%|▉         | 2191/24844 [01:12<14:01, 26.92it/s]evaluating:   9%|▉         | 2194/24844 [01:12<14:44, 25.60it/s]evaluating:   9%|▉         | 2198/24844 [01:12<13:25, 28.10it/s]evaluating:   9%|▉         | 2201/24844 [01:12<13:22, 28.20it/s]evaluating:   9%|▉         | 2204/24844 [01:12<13:30, 27.92it/s]evaluating:   9%|▉         | 2207/24844 [01:13<13:29, 27.98it/s]evaluating:   9%|▉         | 2211/24844 [01:13<12:34, 30.00it/s]evaluating:   9%|▉         | 2215/24844 [01:13<12:48, 29.45it/s]evaluating:   9%|▉         | 2218/24844 [01:13<13:04, 28.83it/s]evaluating:   9%|▉         | 2221/24844 [01:13<13:02, 28.89it/s]evaluating:   9%|▉         | 2224/24844 [01:13<13:54, 27.11it/s]evaluating:   9%|▉         | 2227/24844 [01:13<13:40, 27.55it/s]evaluating:   9%|▉         | 2230/24844 [01:13<14:17, 26.38it/s]evaluating:   9%|▉         | 2234/24844 [01:14<12:50, 29.36it/s]evaluating:   9%|▉         | 2237/24844 [01:14<13:42, 27.49it/s]evaluating:   9%|▉         | 2240/24844 [01:14<14:07, 26.67it/s]evaluating:   9%|▉         | 2243/24844 [01:14<13:57, 26.98it/s]evaluating:   9%|▉         | 2247/24844 [01:14<13:16, 28.36it/s]evaluating:   9%|▉         | 2250/24844 [01:14<14:23, 26.16it/s]evaluating:   9%|▉         | 2254/24844 [01:14<12:58, 29.00it/s]evaluating:   9%|▉         | 2258/24844 [01:14<13:01, 28.90it/s]evaluating:   9%|▉         | 2261/24844 [01:14<13:28, 27.94it/s]evaluating:   9%|▉         | 2264/24844 [01:15<13:15, 28.39it/s]evaluating:   9%|▉         | 2267/24844 [01:15<13:30, 27.86it/s]evaluating:   9%|▉         | 2271/24844 [01:15<12:48, 29.39it/s]evaluating:   9%|▉         | 2275/24844 [01:15<12:39, 29.73it/s]evaluating:   9%|▉         | 2278/24844 [01:15<12:47, 29.39it/s]evaluating:   9%|▉         | 2281/24844 [01:15<13:30, 27.85it/s]evaluating:   9%|▉         | 2284/24844 [01:15<13:43, 27.39it/s]evaluating:   9%|▉         | 2287/24844 [01:15<13:46, 27.29it/s]evaluating:   9%|▉         | 2290/24844 [01:16<14:27, 25.99it/s]evaluating:   9%|▉         | 2294/24844 [01:16<12:49, 29.30it/s]evaluating:   9%|▉         | 2297/24844 [01:16<13:34, 27.70it/s]evaluating:   9%|▉         | 2300/24844 [01:16<13:57, 26.92it/s]evaluating:   9%|▉         | 2304/24844 [01:16<13:24, 28.03it/s]evaluating:   9%|▉         | 2308/24844 [01:16<13:03, 28.76it/s]evaluating:   9%|▉         | 2311/24844 [01:16<13:24, 28.00it/s]evaluating:   9%|▉         | 2315/24844 [01:16<12:13, 30.71it/s]evaluating:   9%|▉         | 2319/24844 [01:17<13:09, 28.52it/s]evaluating:   9%|▉         | 2322/24844 [01:17<13:16, 28.29it/s]evaluating:   9%|▉         | 2326/24844 [01:17<12:23, 30.30it/s]evaluating:   9%|▉         | 2330/24844 [01:17<12:30, 30.00it/s]evaluating:   9%|▉         | 2334/24844 [01:17<12:08, 30.89it/s]evaluating:   9%|▉         | 2338/24844 [01:17<12:16, 30.55it/s]evaluating:   9%|▉         | 2342/24844 [01:17<13:39, 27.47it/s]evaluating:   9%|▉         | 2345/24844 [01:17<13:36, 27.56it/s]evaluating:   9%|▉         | 2348/24844 [01:18<14:16, 26.28it/s]evaluating:   9%|▉         | 2352/24844 [01:18<13:33, 27.65it/s]evaluating:   9%|▉         | 2355/24844 [01:18<14:00, 26.75it/s]evaluating:   9%|▉         | 2358/24844 [01:18<13:47, 27.19it/s]evaluating:  10%|▉         | 2361/24844 [01:18<14:24, 26.00it/s]evaluating:  10%|▉         | 2364/24844 [01:18<14:26, 25.96it/s]evaluating:  10%|▉         | 2367/24844 [01:18<14:44, 25.42it/s]evaluating:  10%|▉         | 2370/24844 [01:18<14:14, 26.30it/s]evaluating:  10%|▉         | 2374/24844 [01:19<13:13, 28.30it/s]evaluating:  10%|▉         | 2377/24844 [01:19<14:16, 26.23it/s]evaluating:  10%|▉         | 2380/24844 [01:19<14:47, 25.31it/s]evaluating:  10%|▉         | 2383/24844 [01:19<14:35, 25.66it/s]evaluating:  10%|▉         | 2386/24844 [01:19<14:08, 26.46it/s]evaluating:  10%|▉         | 2389/24844 [01:19<14:49, 25.24it/s]evaluating:  10%|▉         | 2393/24844 [01:19<13:28, 27.76it/s]evaluating:  10%|▉         | 2396/24844 [01:19<13:17, 28.15it/s]evaluating:  10%|▉         | 2399/24844 [01:19<14:23, 25.98it/s]evaluating:  10%|▉         | 2402/24844 [01:20<14:18, 26.16it/s]evaluating:  10%|▉         | 2405/24844 [01:20<14:20, 26.08it/s]evaluating:  10%|▉         | 2408/24844 [01:20<14:13, 26.29it/s]evaluating:  10%|▉         | 2411/24844 [01:20<14:29, 25.79it/s]evaluating:  10%|▉         | 2415/24844 [01:20<13:01, 28.71it/s]evaluating:  10%|▉         | 2418/24844 [01:20<13:48, 27.05it/s]evaluating:  10%|▉         | 2421/24844 [01:20<13:51, 26.95it/s]evaluating:  10%|▉         | 2424/24844 [01:20<13:29, 27.69it/s]evaluating:  10%|▉         | 2428/24844 [01:21<13:04, 28.57it/s]evaluating:  10%|▉         | 2432/24844 [01:21<12:19, 30.30it/s]evaluating:  10%|▉         | 2436/24844 [01:21<11:51, 31.48it/s]evaluating:  10%|▉         | 2440/24844 [01:21<12:43, 29.33it/s]evaluating:  10%|▉         | 2444/24844 [01:21<12:09, 30.72it/s]evaluating:  10%|▉         | 2448/24844 [01:21<12:57, 28.80it/s]evaluating:  10%|▉         | 2452/24844 [01:21<12:01, 31.05it/s]evaluating:  10%|▉         | 2456/24844 [01:21<13:21, 27.95it/s]evaluating:  10%|▉         | 2459/24844 [01:22<13:30, 27.62it/s]evaluating:  10%|▉         | 2463/24844 [01:22<12:53, 28.93it/s]evaluating:  10%|▉         | 2467/24844 [01:22<12:59, 28.69it/s]evaluating:  10%|▉         | 2470/24844 [01:22<13:01, 28.65it/s]evaluating:  10%|▉         | 2473/24844 [01:22<13:12, 28.22it/s]evaluating:  10%|▉         | 2476/24844 [01:22<13:43, 27.17it/s]evaluating:  10%|▉         | 2479/24844 [01:22<13:29, 27.62it/s]evaluating:  10%|▉         | 2483/24844 [01:22<13:02, 28.59it/s]evaluating:  10%|█         | 2486/24844 [01:23<13:51, 26.89it/s]evaluating:  10%|█         | 2490/24844 [01:23<12:34, 29.64it/s]evaluating:  10%|█         | 2494/24844 [01:23<12:23, 30.06it/s]evaluating:  10%|█         | 2498/24844 [01:23<12:34, 29.60it/s]evaluating:  10%|█         | 2501/24844 [01:23<12:50, 29.01it/s]evaluating:  10%|█         | 2505/24844 [01:23<12:48, 29.07it/s]evaluating:  10%|█         | 2509/24844 [01:23<12:30, 29.75it/s]evaluating:  10%|█         | 2512/24844 [01:23<12:59, 28.65it/s]evaluating:  10%|█         | 2517/24844 [01:24<11:24, 32.64it/s]evaluating:  10%|█         | 2521/24844 [01:24<11:56, 31.17it/s]evaluating:  10%|█         | 2525/24844 [01:24<12:26, 29.91it/s]evaluating:  10%|█         | 2529/24844 [01:24<12:56, 28.73it/s]evaluating:  10%|█         | 2533/24844 [01:24<12:31, 29.70it/s]evaluating:  10%|█         | 2537/24844 [01:24<12:40, 29.34it/s]evaluating:  10%|█         | 2541/24844 [01:24<12:44, 29.18it/s]evaluating:  10%|█         | 2544/24844 [01:24<12:41, 29.28it/s]evaluating:  10%|█         | 2549/24844 [01:25<11:36, 32.02it/s]evaluating:  10%|█         | 2553/24844 [01:25<11:49, 31.41it/s]evaluating:  10%|█         | 2557/24844 [01:25<12:06, 30.67it/s]evaluating:  10%|█         | 2561/24844 [01:25<12:07, 30.63it/s]evaluating:  10%|█         | 2565/24844 [01:25<12:25, 29.88it/s]evaluating:  10%|█         | 2569/24844 [01:25<11:58, 31.00it/s]evaluating:  10%|█         | 2573/24844 [01:25<12:02, 30.82it/s]evaluating:  10%|█         | 2577/24844 [01:26<12:12, 30.41it/s]evaluating:  10%|█         | 2581/24844 [01:26<11:47, 31.48it/s]evaluating:  10%|█         | 2585/24844 [01:26<11:40, 31.78it/s]evaluating:  10%|█         | 2589/24844 [01:26<11:29, 32.28it/s]evaluating:  10%|█         | 2593/24844 [01:26<10:55, 33.96it/s]evaluating:  10%|█         | 2597/24844 [01:26<11:28, 32.31it/s]evaluating:  10%|█         | 2601/24844 [01:26<11:28, 32.33it/s]evaluating:  10%|█         | 2605/24844 [01:26<11:45, 31.53it/s]evaluating:  11%|█         | 2609/24844 [01:27<11:48, 31.39it/s]evaluating:  11%|█         | 2613/24844 [01:27<11:51, 31.25it/s]evaluating:  11%|█         | 2618/24844 [01:27<10:36, 34.91it/s]evaluating:  11%|█         | 2622/24844 [01:27<11:06, 33.36it/s]evaluating:  11%|█         | 2626/24844 [01:27<11:14, 32.94it/s]evaluating:  11%|█         | 2630/24844 [01:27<11:35, 31.95it/s]evaluating:  11%|█         | 2634/24844 [01:27<11:43, 31.58it/s]evaluating:  11%|█         | 2638/24844 [01:27<12:08, 30.48it/s]evaluating:  11%|█         | 2643/24844 [01:28<10:44, 34.47it/s]evaluating:  11%|█         | 2647/24844 [01:28<11:53, 31.09it/s]evaluating:  11%|█         | 2651/24844 [01:28<11:31, 32.11it/s]evaluating:  11%|█         | 2655/24844 [01:28<11:11, 33.03it/s]evaluating:  11%|█         | 2659/24844 [01:28<11:06, 33.31it/s]evaluating:  11%|█         | 2663/24844 [01:28<11:13, 32.95it/s]evaluating:  11%|█         | 2668/24844 [01:28<10:45, 34.34it/s]evaluating:  11%|█         | 2672/24844 [01:28<11:20, 32.59it/s]evaluating:  11%|█         | 2676/24844 [01:29<11:27, 32.26it/s]evaluating:  11%|█         | 2680/24844 [01:29<10:54, 33.88it/s]evaluating:  11%|█         | 2684/24844 [01:29<11:22, 32.47it/s]evaluating:  11%|█         | 2688/24844 [01:29<11:13, 32.92it/s]evaluating:  11%|█         | 2693/24844 [01:29<10:40, 34.57it/s]evaluating:  11%|█         | 2697/24844 [01:29<11:29, 32.10it/s]evaluating:  11%|█         | 2701/24844 [01:29<11:16, 32.71it/s]evaluating:  11%|█         | 2705/24844 [01:29<11:23, 32.40it/s]evaluating:  11%|█         | 2709/24844 [01:30<11:44, 31.43it/s]evaluating:  11%|█         | 2713/24844 [01:30<11:43, 31.47it/s]evaluating:  11%|█         | 2717/24844 [01:30<11:59, 30.75it/s]evaluating:  11%|█         | 2721/24844 [01:30<12:07, 30.41it/s]evaluating:  11%|█         | 2725/24844 [01:30<11:55, 30.91it/s]evaluating:  11%|█         | 2729/24844 [01:30<11:41, 31.50it/s]evaluating:  11%|█         | 2733/24844 [01:30<11:26, 32.22it/s]evaluating:  11%|█         | 2737/24844 [01:31<12:19, 29.91it/s]evaluating:  11%|█         | 2741/24844 [01:31<12:00, 30.67it/s]evaluating:  11%|█         | 2745/24844 [01:31<12:35, 29.26it/s]evaluating:  11%|█         | 2748/24844 [01:31<12:33, 29.33it/s]evaluating:  11%|█         | 2751/24844 [01:31<13:09, 27.98it/s]evaluating:  11%|█         | 2755/24844 [01:31<11:53, 30.96it/s]evaluating:  11%|█         | 2759/24844 [01:31<11:52, 31.00it/s]evaluating:  11%|█         | 2763/24844 [01:31<11:25, 32.21it/s]evaluating:  11%|█         | 2767/24844 [01:32<11:52, 30.98it/s]evaluating:  11%|█         | 2772/24844 [01:32<10:35, 34.72it/s]evaluating:  11%|█         | 2776/24844 [01:32<10:53, 33.76it/s]evaluating:  11%|█         | 2780/24844 [01:32<12:31, 29.37it/s]evaluating:  11%|█         | 2784/24844 [01:32<11:50, 31.03it/s]evaluating:  11%|█         | 2788/24844 [01:32<11:53, 30.90it/s]evaluating:  11%|█         | 2792/24844 [01:32<11:57, 30.74it/s]evaluating:  11%|█▏        | 2796/24844 [01:32<11:47, 31.17it/s]evaluating:  11%|█▏        | 2800/24844 [01:33<12:35, 29.18it/s]evaluating:  11%|█▏        | 2804/24844 [01:33<12:05, 30.36it/s]evaluating:  11%|█▏        | 2808/24844 [01:33<12:13, 30.06it/s]evaluating:  11%|█▏        | 2812/24844 [01:33<12:22, 29.66it/s]evaluating:  11%|█▏        | 2817/24844 [01:33<10:59, 33.41it/s]evaluating:  11%|█▏        | 2821/24844 [01:33<10:56, 33.52it/s]evaluating:  11%|█▏        | 2825/24844 [01:33<11:14, 32.63it/s]evaluating:  11%|█▏        | 2829/24844 [01:33<11:43, 31.30it/s]evaluating:  11%|█▏        | 2833/24844 [01:34<11:05, 33.08it/s]evaluating:  11%|█▏        | 2837/24844 [01:34<11:13, 32.67it/s]evaluating:  11%|█▏        | 2841/24844 [01:34<11:28, 31.94it/s]evaluating:  11%|█▏        | 2845/24844 [01:34<10:47, 33.96it/s]evaluating:  11%|█▏        | 2849/24844 [01:34<10:20, 35.43it/s]evaluating:  11%|█▏        | 2853/24844 [01:34<10:42, 34.22it/s]evaluating:  11%|█▏        | 2857/24844 [01:34<11:32, 31.76it/s]evaluating:  12%|█▏        | 2861/24844 [01:34<11:12, 32.67it/s]evaluating:  12%|█▏        | 2865/24844 [01:35<11:43, 31.26it/s]evaluating:  12%|█▏        | 2869/24844 [01:35<11:23, 32.14it/s]evaluating:  12%|█▏        | 2874/24844 [01:35<10:29, 34.91it/s]evaluating:  12%|█▏        | 2878/24844 [01:35<10:31, 34.77it/s]evaluating:  12%|█▏        | 2882/24844 [01:35<10:59, 33.31it/s]evaluating:  12%|█▏        | 2886/24844 [01:35<11:12, 32.66it/s]evaluating:  12%|█▏        | 2890/24844 [01:35<11:34, 31.61it/s]evaluating:  12%|█▏        | 2894/24844 [01:35<11:35, 31.56it/s]evaluating:  12%|█▏        | 2898/24844 [01:36<11:47, 31.02it/s]evaluating:  12%|█▏        | 2902/24844 [01:36<11:38, 31.44it/s]evaluating:  12%|█▏        | 2907/24844 [01:36<10:27, 34.96it/s]evaluating:  12%|█▏        | 2911/24844 [01:36<10:24, 35.10it/s]evaluating:  12%|█▏        | 2915/24844 [01:36<11:04, 33.02it/s]evaluating:  12%|█▏        | 2919/24844 [01:36<11:44, 31.11it/s]evaluating:  12%|█▏        | 2923/24844 [01:36<11:09, 32.74it/s]evaluating:  12%|█▏        | 2927/24844 [01:36<11:03, 33.05it/s]evaluating:  12%|█▏        | 2931/24844 [01:37<12:19, 29.64it/s]evaluating:  12%|█▏        | 2935/24844 [01:37<11:33, 31.60it/s]evaluating:  12%|█▏        | 2940/24844 [01:37<10:35, 34.45it/s]evaluating:  12%|█▏        | 2944/24844 [01:37<11:14, 32.48it/s]evaluating:  12%|█▏        | 2948/24844 [01:37<11:11, 32.61it/s]evaluating:  12%|█▏        | 2952/24844 [01:37<11:45, 31.01it/s]evaluating:  12%|█▏        | 2956/24844 [01:37<11:43, 31.09it/s]evaluating:  12%|█▏        | 2960/24844 [01:38<12:01, 30.33it/s]evaluating:  12%|█▏        | 2964/24844 [01:38<11:41, 31.20it/s]evaluating:  12%|█▏        | 2968/24844 [01:38<12:53, 28.30it/s]evaluating:  12%|█▏        | 2971/24844 [01:38<13:06, 27.80it/s]evaluating:  12%|█▏        | 2974/24844 [01:38<12:54, 28.25it/s]evaluating:  12%|█▏        | 2978/24844 [01:38<12:09, 29.97it/s]evaluating:  12%|█▏        | 2982/24844 [01:38<12:23, 29.39it/s]evaluating:  12%|█▏        | 2985/24844 [01:38<12:28, 29.18it/s]evaluating:  12%|█▏        | 2989/24844 [01:38<11:54, 30.57it/s]evaluating:  12%|█▏        | 2994/24844 [01:39<10:47, 33.76it/s]evaluating:  12%|█▏        | 2998/24844 [01:39<11:21, 32.06it/s]evaluating:  12%|█▏        | 3002/24844 [01:39<11:31, 31.60it/s]evaluating:  12%|█▏        | 3006/24844 [01:39<11:08, 32.65it/s]evaluating:  12%|█▏        | 3010/24844 [01:39<11:27, 31.76it/s]evaluating:  12%|█▏        | 3014/24844 [01:39<11:17, 32.21it/s]evaluating:  12%|█▏        | 3018/24844 [01:39<11:28, 31.68it/s]evaluating:  12%|█▏        | 3023/24844 [01:39<10:19, 35.24it/s]evaluating:  12%|█▏        | 3027/24844 [01:40<10:46, 33.75it/s]evaluating:  12%|█▏        | 3031/24844 [01:40<11:10, 32.55it/s]evaluating:  12%|█▏        | 3036/24844 [01:40<10:57, 33.18it/s]evaluating:  12%|█▏        | 3040/24844 [01:40<11:29, 31.62it/s]evaluating:  12%|█▏        | 3044/24844 [01:40<10:54, 33.30it/s]evaluating:  12%|█▏        | 3048/24844 [01:40<11:17, 32.16it/s]evaluating:  12%|█▏        | 3052/24844 [01:40<11:01, 32.93it/s]evaluating:  12%|█▏        | 3056/24844 [01:41<10:57, 33.13it/s]evaluating:  12%|█▏        | 3060/24844 [01:41<11:05, 32.75it/s]evaluating:  12%|█▏        | 3064/24844 [01:41<10:35, 34.27it/s]evaluating:  12%|█▏        | 3069/24844 [01:41<10:18, 35.22it/s]evaluating:  12%|█▏        | 3073/24844 [01:41<10:16, 35.31it/s]evaluating:  12%|█▏        | 3077/24844 [01:41<10:42, 33.87it/s]evaluating:  12%|█▏        | 3082/24844 [01:41<10:09, 35.69it/s]evaluating:  12%|█▏        | 3086/24844 [01:41<10:16, 35.29it/s]evaluating:  12%|█▏        | 3091/24844 [01:41<09:34, 37.89it/s]evaluating:  12%|█▏        | 3095/24844 [01:42<10:14, 35.40it/s]evaluating:  12%|█▏        | 3099/24844 [01:42<10:26, 34.73it/s]evaluating:  12%|█▏        | 3103/24844 [01:42<10:22, 34.93it/s]evaluating:  13%|█▎        | 3107/24844 [01:42<10:43, 33.76it/s]evaluating:  13%|█▎        | 3111/24844 [01:42<10:34, 34.27it/s]evaluating:  13%|█▎        | 3115/24844 [01:42<10:17, 35.21it/s]evaluating:  13%|█▎        | 3119/24844 [01:42<11:03, 32.73it/s]evaluating:  13%|█▎        | 3123/24844 [01:42<11:10, 32.39it/s]evaluating:  13%|█▎        | 3128/24844 [01:43<10:26, 34.68it/s]evaluating:  13%|█▎        | 3132/24844 [01:43<10:54, 33.20it/s]evaluating:  13%|█▎        | 3137/24844 [01:43<09:46, 37.04it/s]evaluating:  13%|█▎        | 3141/24844 [01:43<10:38, 33.98it/s]evaluating:  13%|█▎        | 3145/24844 [01:43<11:21, 31.82it/s]evaluating:  13%|█▎        | 3149/24844 [01:43<11:40, 30.97it/s]evaluating:  13%|█▎        | 3153/24844 [01:43<11:33, 31.28it/s]evaluating:  13%|█▎        | 3157/24844 [01:44<11:59, 30.15it/s]evaluating:  13%|█▎        | 3162/24844 [01:44<10:21, 34.91it/s]evaluating:  13%|█▎        | 3167/24844 [01:44<09:35, 37.69it/s]evaluating:  13%|█▎        | 3171/24844 [01:44<09:51, 36.62it/s]evaluating:  13%|█▎        | 3175/24844 [01:44<10:22, 34.78it/s]evaluating:  13%|█▎        | 3179/24844 [01:44<10:27, 34.54it/s]evaluating:  13%|█▎        | 3183/24844 [01:44<10:03, 35.88it/s]evaluating:  13%|█▎        | 3187/24844 [01:44<11:19, 31.88it/s]evaluating:  13%|█▎        | 3191/24844 [01:44<11:14, 32.08it/s]evaluating:  13%|█▎        | 3197/24844 [01:45<09:37, 37.50it/s]evaluating:  13%|█▎        | 3201/24844 [01:45<09:47, 36.84it/s]evaluating:  13%|█▎        | 3205/24844 [01:45<10:22, 34.74it/s]evaluating:  13%|█▎        | 3209/24844 [01:45<10:47, 33.43it/s]evaluating:  13%|█▎        | 3213/24844 [01:45<10:39, 33.82it/s]evaluating:  13%|█▎        | 3217/24844 [01:45<11:16, 31.98it/s]evaluating:  13%|█▎        | 3221/24844 [01:45<10:51, 33.21it/s]evaluating:  13%|█▎        | 3225/24844 [01:46<11:59, 30.05it/s]evaluating:  13%|█▎        | 3229/24844 [01:46<11:44, 30.69it/s]evaluating:  13%|█▎        | 3233/24844 [01:46<11:19, 31.82it/s]evaluating:  13%|█▎        | 3237/24844 [01:46<10:40, 33.72it/s]evaluating:  13%|█▎        | 3241/24844 [01:46<10:59, 32.76it/s]evaluating:  13%|█▎        | 3245/24844 [01:46<10:55, 32.95it/s]evaluating:  13%|█▎        | 3250/24844 [01:46<09:56, 36.20it/s]evaluating:  13%|█▎        | 3254/24844 [01:46<11:07, 32.35it/s]evaluating:  13%|█▎        | 3258/24844 [01:46<10:55, 32.93it/s]evaluating:  13%|█▎        | 3263/24844 [01:47<10:33, 34.05it/s]evaluating:  13%|█▎        | 3267/24844 [01:47<10:56, 32.88it/s]evaluating:  13%|█▎        | 3272/24844 [01:47<09:52, 36.41it/s]evaluating:  13%|█▎        | 3276/24844 [01:47<10:30, 34.22it/s]evaluating:  13%|█▎        | 3280/24844 [01:47<10:49, 33.22it/s]evaluating:  13%|█▎        | 3284/24844 [01:47<10:27, 34.38it/s]evaluating:  13%|█▎        | 3288/24844 [01:47<10:30, 34.19it/s]evaluating:  13%|█▎        | 3292/24844 [01:47<10:53, 32.97it/s]evaluating:  13%|█▎        | 3297/24844 [01:48<09:44, 36.85it/s]evaluating:  13%|█▎        | 3301/24844 [01:48<10:27, 34.35it/s]evaluating:  13%|█▎        | 3305/24844 [01:48<11:10, 32.15it/s]evaluating:  13%|█▎        | 3309/24844 [01:48<10:47, 33.26it/s]evaluating:  13%|█▎        | 3313/24844 [01:48<11:21, 31.61it/s]evaluating:  13%|█▎        | 3317/24844 [01:48<10:39, 33.67it/s]evaluating:  13%|█▎        | 3321/24844 [01:48<10:45, 33.35it/s]evaluating:  13%|█▎        | 3325/24844 [01:49<11:50, 30.28it/s]evaluating:  13%|█▎        | 3329/24844 [01:49<11:23, 31.48it/s]evaluating:  13%|█▎        | 3333/24844 [01:49<11:40, 30.69it/s]evaluating:  13%|█▎        | 3337/24844 [01:49<10:55, 32.80it/s]evaluating:  13%|█▎        | 3341/24844 [01:49<11:31, 31.08it/s]evaluating:  13%|█▎        | 3345/24844 [01:49<11:49, 30.30it/s]evaluating:  13%|█▎        | 3350/24844 [01:49<10:18, 34.77it/s]evaluating:  14%|█▎        | 3354/24844 [01:49<11:17, 31.72it/s]evaluating:  14%|█▎        | 3358/24844 [01:50<11:01, 32.46it/s]evaluating:  14%|█▎        | 3363/24844 [01:50<09:50, 36.37it/s]evaluating:  14%|█▎        | 3367/24844 [01:50<10:10, 35.18it/s]evaluating:  14%|█▎        | 3371/24844 [01:50<10:26, 34.27it/s]evaluating:  14%|█▎        | 3375/24844 [01:50<10:37, 33.65it/s]evaluating:  14%|█▎        | 3379/24844 [01:50<10:22, 34.49it/s]evaluating:  14%|█▎        | 3383/24844 [01:50<10:33, 33.87it/s]evaluating:  14%|█▎        | 3387/24844 [01:50<10:15, 34.84it/s]evaluating:  14%|█▎        | 3391/24844 [01:50<10:33, 33.85it/s]evaluating:  14%|█▎        | 3396/24844 [01:51<09:47, 36.49it/s]evaluating:  14%|█▎        | 3400/24844 [01:51<10:24, 34.36it/s]evaluating:  14%|█▎        | 3404/24844 [01:51<11:08, 32.06it/s]evaluating:  14%|█▎        | 3408/24844 [01:51<10:32, 33.91it/s]evaluating:  14%|█▎        | 3412/24844 [01:51<10:56, 32.62it/s]evaluating:  14%|█▎        | 3416/24844 [01:51<10:56, 32.62it/s]evaluating:  14%|█▍        | 3420/24844 [01:51<10:35, 33.69it/s]evaluating:  14%|█▍        | 3426/24844 [01:51<09:22, 38.06it/s]evaluating:  14%|█▍        | 3430/24844 [01:52<10:10, 35.05it/s]evaluating:  14%|█▍        | 3434/24844 [01:52<10:32, 33.83it/s]evaluating:  14%|█▍        | 3438/24844 [01:52<10:35, 33.70it/s]evaluating:  14%|█▍        | 3442/24844 [01:52<10:44, 33.20it/s]evaluating:  14%|█▍        | 3446/24844 [01:52<10:20, 34.48it/s]evaluating:  14%|█▍        | 3451/24844 [01:52<09:42, 36.71it/s]evaluating:  14%|█▍        | 3455/24844 [01:52<10:20, 34.49it/s]evaluating:  14%|█▍        | 3459/24844 [01:52<10:21, 34.44it/s]evaluating:  14%|█▍        | 3463/24844 [01:53<10:20, 34.48it/s]evaluating:  14%|█▍        | 3467/24844 [01:53<10:05, 35.28it/s]evaluating:  14%|█▍        | 3471/24844 [01:53<09:50, 36.18it/s]evaluating:  14%|█▍        | 3475/24844 [01:53<10:27, 34.07it/s]evaluating:  14%|█▍        | 3480/24844 [01:53<09:32, 37.33it/s]evaluating:  14%|█▍        | 3484/24844 [01:53<09:52, 36.04it/s]evaluating:  14%|█▍        | 3488/24844 [01:53<10:32, 33.74it/s]evaluating:  14%|█▍        | 3492/24844 [01:53<10:19, 34.46it/s]evaluating:  14%|█▍        | 3496/24844 [01:54<11:03, 32.17it/s]evaluating:  14%|█▍        | 3500/24844 [01:54<10:25, 34.12it/s]evaluating:  14%|█▍        | 3504/24844 [01:54<10:16, 34.60it/s]evaluating:  14%|█▍        | 3508/24844 [01:54<10:55, 32.55it/s]evaluating:  14%|█▍        | 3512/24844 [01:54<10:45, 33.06it/s]evaluating:  14%|█▍        | 3517/24844 [01:54<09:53, 35.92it/s]evaluating:  14%|█▍        | 3521/24844 [01:54<09:56, 35.74it/s]evaluating:  14%|█▍        | 3525/24844 [01:54<09:43, 36.51it/s]evaluating:  14%|█▍        | 3529/24844 [01:54<10:14, 34.70it/s]evaluating:  14%|█▍        | 3534/24844 [01:55<09:20, 38.05it/s]evaluating:  14%|█▍        | 3538/24844 [01:55<10:09, 34.98it/s]evaluating:  14%|█▍        | 3542/24844 [01:55<10:25, 34.04it/s]evaluating:  14%|█▍        | 3546/24844 [01:55<10:18, 34.44it/s]evaluating:  14%|█▍        | 3551/24844 [01:55<09:48, 36.17it/s]evaluating:  14%|█▍        | 3555/24844 [01:55<10:26, 33.96it/s]evaluating:  14%|█▍        | 3559/24844 [01:55<10:12, 34.77it/s]evaluating:  14%|█▍        | 3563/24844 [01:55<10:20, 34.28it/s]evaluating:  14%|█▍        | 3567/24844 [01:56<11:12, 31.64it/s]evaluating:  14%|█▍        | 3571/24844 [01:56<11:14, 31.55it/s]evaluating:  14%|█▍        | 3576/24844 [01:56<10:16, 34.49it/s]evaluating:  14%|█▍        | 3580/24844 [01:56<10:31, 33.66it/s]evaluating:  14%|█▍        | 3584/24844 [01:56<10:54, 32.49it/s]evaluating:  14%|█▍        | 3589/24844 [01:56<09:59, 35.45it/s]evaluating:  14%|█▍        | 3593/24844 [01:56<10:24, 34.02it/s]evaluating:  14%|█▍        | 3597/24844 [01:56<10:34, 33.51it/s]evaluating:  14%|█▍        | 3601/24844 [01:57<10:24, 34.03it/s]evaluating:  15%|█▍        | 3605/24844 [01:57<10:14, 34.56it/s]evaluating:  15%|█▍        | 3609/24844 [01:57<11:10, 31.66it/s]evaluating:  15%|█▍        | 3613/24844 [01:57<11:27, 30.88it/s]evaluating:  15%|█▍        | 3617/24844 [01:57<10:41, 33.10it/s]evaluating:  15%|█▍        | 3621/24844 [01:57<11:31, 30.68it/s]evaluating:  15%|█▍        | 3625/24844 [01:57<11:51, 29.82it/s]evaluating:  15%|█▍        | 3630/24844 [01:57<10:42, 33.01it/s]evaluating:  15%|█▍        | 3634/24844 [01:58<11:16, 31.37it/s]evaluating:  15%|█▍        | 3638/24844 [01:58<11:21, 31.13it/s]evaluating:  15%|█▍        | 3642/24844 [01:58<11:25, 30.93it/s]evaluating:  15%|█▍        | 3646/24844 [01:58<11:49, 29.86it/s]evaluating:  15%|█▍        | 3650/24844 [01:58<11:37, 30.41it/s]evaluating:  15%|█▍        | 3654/24844 [01:58<11:14, 31.43it/s]evaluating:  15%|█▍        | 3658/24844 [01:58<11:36, 30.43it/s]evaluating:  15%|█▍        | 3663/24844 [01:59<10:22, 34.03it/s]evaluating:  15%|█▍        | 3667/24844 [01:59<10:38, 33.16it/s]evaluating:  15%|█▍        | 3671/24844 [01:59<10:37, 33.23it/s]evaluating:  15%|█▍        | 3675/24844 [01:59<11:02, 31.97it/s]evaluating:  15%|█▍        | 3679/24844 [01:59<10:58, 32.16it/s]evaluating:  15%|█▍        | 3683/24844 [01:59<11:40, 30.21it/s]evaluating:  15%|█▍        | 3687/24844 [01:59<11:17, 31.23it/s]evaluating:  15%|█▍        | 3691/24844 [01:59<11:01, 31.99it/s]evaluating:  15%|█▍        | 3695/24844 [02:00<11:17, 31.23it/s]evaluating:  15%|█▍        | 3699/24844 [02:00<10:50, 32.50it/s]evaluating:  15%|█▍        | 3703/24844 [02:00<11:17, 31.19it/s]evaluating:  15%|█▍        | 3707/24844 [02:00<11:28, 30.68it/s]evaluating:  15%|█▍        | 3711/24844 [02:00<10:41, 32.96it/s]evaluating:  15%|█▍        | 3715/24844 [02:00<10:50, 32.46it/s]evaluating:  15%|█▍        | 3719/24844 [02:00<11:06, 31.72it/s]evaluating:  15%|█▍        | 3723/24844 [02:00<11:28, 30.70it/s]evaluating:  15%|█▌        | 3727/24844 [02:01<11:14, 31.32it/s]evaluating:  15%|█▌        | 3731/24844 [02:01<11:17, 31.15it/s]evaluating:  15%|█▌        | 3735/24844 [02:01<12:01, 29.25it/s]evaluating:  15%|█▌        | 3739/24844 [02:01<11:32, 30.46it/s]evaluating:  15%|█▌        | 3743/24844 [02:01<11:32, 30.46it/s]evaluating:  15%|█▌        | 3748/24844 [02:01<10:28, 33.58it/s]evaluating:  15%|█▌        | 3753/24844 [02:01<09:45, 36.05it/s]evaluating:  15%|█▌        | 3758/24844 [02:01<09:15, 37.97it/s]evaluating:  15%|█▌        | 3762/24844 [02:02<09:40, 36.29it/s]evaluating:  15%|█▌        | 3766/24844 [02:02<10:35, 33.17it/s]evaluating:  15%|█▌        | 3770/24844 [02:02<10:37, 33.06it/s]evaluating:  15%|█▌        | 3774/24844 [02:02<10:35, 33.14it/s]evaluating:  15%|█▌        | 3778/24844 [02:02<10:54, 32.19it/s]evaluating:  15%|█▌        | 3783/24844 [02:02<09:42, 36.18it/s]evaluating:  15%|█▌        | 3787/24844 [02:02<09:58, 35.19it/s]evaluating:  15%|█▌        | 3791/24844 [02:02<10:18, 34.06it/s]evaluating:  15%|█▌        | 3795/24844 [02:03<10:43, 32.72it/s]evaluating:  15%|█▌        | 3799/24844 [02:03<10:42, 32.75it/s]evaluating:  15%|█▌        | 3803/24844 [02:03<11:17, 31.04it/s]evaluating:  15%|█▌        | 3807/24844 [02:03<10:58, 31.95it/s]evaluating:  15%|█▌        | 3812/24844 [02:03<09:52, 35.50it/s]evaluating:  15%|█▌        | 3816/24844 [02:03<10:43, 32.67it/s]evaluating:  15%|█▌        | 3820/24844 [02:03<10:51, 32.29it/s]evaluating:  15%|█▌        | 3824/24844 [02:03<10:46, 32.53it/s]evaluating:  15%|█▌        | 3828/24844 [02:04<10:55, 32.08it/s]evaluating:  15%|█▌        | 3832/24844 [02:04<11:21, 30.84it/s]evaluating:  15%|█▌        | 3836/24844 [02:04<11:29, 30.46it/s]evaluating:  15%|█▌        | 3842/24844 [02:04<09:51, 35.51it/s]evaluating:  15%|█▌        | 3846/24844 [02:04<10:03, 34.79it/s]evaluating:  15%|█▌        | 3850/24844 [02:04<10:21, 33.79it/s]evaluating:  16%|█▌        | 3854/24844 [02:04<10:50, 32.28it/s]evaluating:  16%|█▌        | 3859/24844 [02:05<10:19, 33.89it/s]evaluating:  16%|█▌        | 3863/24844 [02:05<10:56, 31.96it/s]evaluating:  16%|█▌        | 3867/24844 [02:05<10:30, 33.28it/s]evaluating:  16%|█▌        | 3872/24844 [02:05<09:28, 36.90it/s]evaluating:  16%|█▌        | 3876/24844 [02:05<10:39, 32.76it/s]evaluating:  16%|█▌        | 3880/24844 [02:05<10:15, 34.04it/s]evaluating:  16%|█▌        | 3884/24844 [02:05<10:31, 33.18it/s]evaluating:  16%|█▌        | 3888/24844 [02:05<10:07, 34.51it/s]evaluating:  16%|█▌        | 3892/24844 [02:06<10:48, 32.30it/s]evaluating:  16%|█▌        | 3896/24844 [02:06<10:36, 32.90it/s]evaluating:  16%|█▌        | 3900/24844 [02:06<10:19, 33.78it/s]evaluating:  16%|█▌        | 3905/24844 [02:06<09:21, 37.31it/s]evaluating:  16%|█▌        | 3910/24844 [02:06<09:22, 37.19it/s]evaluating:  16%|█▌        | 3914/24844 [02:06<09:42, 35.93it/s]evaluating:  16%|█▌        | 3918/24844 [02:06<10:09, 34.31it/s]evaluating:  16%|█▌        | 3922/24844 [02:06<09:49, 35.52it/s]evaluating:  16%|█▌        | 3926/24844 [02:06<10:11, 34.23it/s]evaluating:  16%|█▌        | 3930/24844 [02:07<10:55, 31.91it/s]evaluating:  16%|█▌        | 3934/24844 [02:07<10:19, 33.73it/s]evaluating:  16%|█▌        | 3938/24844 [02:07<10:36, 32.85it/s]evaluating:  16%|█▌        | 3942/24844 [02:07<11:16, 30.90it/s]evaluating:  16%|█▌        | 3946/24844 [02:07<11:10, 31.17it/s]evaluating:  16%|█▌        | 3950/24844 [02:07<11:19, 30.73it/s]evaluating:  16%|█▌        | 3955/24844 [02:07<10:41, 32.56it/s]evaluating:  16%|█▌        | 3959/24844 [02:08<11:04, 31.43it/s]evaluating:  16%|█▌        | 3963/24844 [02:08<11:14, 30.97it/s]evaluating:  16%|█▌        | 3967/24844 [02:08<10:30, 33.12it/s]evaluating:  16%|█▌        | 3971/24844 [02:08<10:30, 33.12it/s]evaluating:  16%|█▌        | 3975/24844 [02:08<10:13, 34.04it/s]evaluating:  16%|█▌        | 3979/24844 [02:08<10:56, 31.76it/s]evaluating:  16%|█▌        | 3984/24844 [02:08<10:25, 33.35it/s]evaluating:  16%|█▌        | 3988/24844 [02:08<11:12, 31.02it/s]evaluating:  16%|█▌        | 3992/24844 [02:09<11:06, 31.26it/s]evaluating:  16%|█▌        | 3996/24844 [02:09<11:02, 31.45it/s]evaluating:  16%|█▌        | 4000/24844 [02:09<11:25, 30.43it/s]evaluating:  16%|█▌        | 4004/24844 [02:09<10:56, 31.76it/s]evaluating:  16%|█▌        | 4008/24844 [02:09<11:18, 30.69it/s]evaluating:  16%|█▌        | 4012/24844 [02:09<11:17, 30.76it/s]evaluating:  16%|█▌        | 4016/24844 [02:09<11:31, 30.14it/s]evaluating:  16%|█▌        | 4020/24844 [02:09<11:08, 31.16it/s]evaluating:  16%|█▌        | 4024/24844 [02:10<10:29, 33.06it/s]evaluating:  16%|█▌        | 4028/24844 [02:10<10:53, 31.84it/s]evaluating:  16%|█▌        | 4032/24844 [02:10<11:27, 30.29it/s]evaluating:  16%|█▌        | 4036/24844 [02:10<11:08, 31.12it/s]evaluating:  16%|█▋        | 4040/24844 [02:10<11:03, 31.37it/s]evaluating:  16%|█▋        | 4044/24844 [02:10<10:43, 32.34it/s]evaluating:  16%|█▋        | 4048/24844 [02:10<10:27, 33.15it/s]evaluating:  16%|█▋        | 4052/24844 [02:10<10:38, 32.56it/s]evaluating:  16%|█▋        | 4056/24844 [02:11<10:49, 31.99it/s]evaluating:  16%|█▋        | 4060/24844 [02:11<10:49, 31.99it/s]evaluating:  16%|█▋        | 4064/24844 [02:11<10:34, 32.76it/s]evaluating:  16%|█▋        | 4068/24844 [02:11<10:07, 34.19it/s]evaluating:  16%|█▋        | 4072/24844 [02:11<10:21, 33.40it/s]evaluating:  16%|█▋        | 4076/24844 [02:11<10:37, 32.57it/s]evaluating:  16%|█▋        | 4080/24844 [02:11<10:50, 31.92it/s]evaluating:  16%|█▋        | 4084/24844 [02:11<11:37, 29.75it/s]evaluating:  16%|█▋        | 4088/24844 [02:12<10:52, 31.83it/s]evaluating:  16%|█▋        | 4092/24844 [02:12<11:21, 30.43it/s]evaluating:  16%|█▋        | 4096/24844 [02:12<10:52, 31.78it/s]evaluating:  17%|█▋        | 4100/24844 [02:12<11:16, 30.68it/s]evaluating:  17%|█▋        | 4104/24844 [02:12<11:09, 30.99it/s]evaluating:  17%|█▋        | 4108/24844 [02:12<11:13, 30.79it/s]evaluating:  17%|█▋        | 4113/24844 [02:12<10:19, 33.48it/s]evaluating:  17%|█▋        | 4117/24844 [02:12<10:06, 34.17it/s]evaluating:  17%|█▋        | 4121/24844 [02:13<10:03, 34.33it/s]evaluating:  17%|█▋        | 4125/24844 [02:13<10:35, 32.60it/s]evaluating:  17%|█▋        | 4129/24844 [02:13<10:28, 32.95it/s]evaluating:  17%|█▋        | 4133/24844 [02:13<10:33, 32.71it/s]evaluating:  17%|█▋        | 4137/24844 [02:13<10:02, 34.35it/s]evaluating:  17%|█▋        | 4141/24844 [02:13<11:11, 30.83it/s]evaluating:  17%|█▋        | 4146/24844 [02:13<09:54, 34.81it/s]evaluating:  17%|█▋        | 4150/24844 [02:13<10:08, 33.98it/s]evaluating:  17%|█▋        | 4154/24844 [02:14<10:25, 33.06it/s]evaluating:  17%|█▋        | 4158/24844 [02:14<10:07, 34.04it/s]evaluating:  17%|█▋        | 4162/24844 [02:14<10:24, 33.12it/s]evaluating:  17%|█▋        | 4166/24844 [02:14<10:10, 33.85it/s]evaluating:  17%|█▋        | 4170/24844 [02:14<10:14, 33.62it/s]evaluating:  17%|█▋        | 4175/24844 [02:14<09:05, 37.91it/s]evaluating:  17%|█▋        | 4179/24844 [02:14<09:38, 35.74it/s]evaluating:  17%|█▋        | 4183/24844 [02:14<10:38, 32.38it/s]evaluating:  17%|█▋        | 4187/24844 [02:15<10:37, 32.39it/s]evaluating:  17%|█▋        | 4191/24844 [02:15<10:52, 31.67it/s]evaluating:  17%|█▋        | 4195/24844 [02:15<11:34, 29.75it/s]evaluating:  17%|█▋        | 4200/24844 [02:15<10:11, 33.77it/s]evaluating:  17%|█▋        | 4204/24844 [02:15<10:34, 32.54it/s]evaluating:  17%|█▋        | 4208/24844 [02:15<10:41, 32.19it/s]evaluating:  17%|█▋        | 4212/24844 [02:15<10:35, 32.47it/s]evaluating:  17%|█▋        | 4216/24844 [02:15<10:11, 33.73it/s]evaluating:  17%|█▋        | 4220/24844 [02:16<10:02, 34.23it/s]evaluating:  17%|█▋        | 4224/24844 [02:16<10:31, 32.64it/s]evaluating:  17%|█▋        | 4229/24844 [02:16<09:40, 35.52it/s]evaluating:  17%|█▋        | 4233/24844 [02:16<09:39, 35.55it/s]evaluating:  17%|█▋        | 4237/24844 [02:16<10:31, 32.62it/s]evaluating:  17%|█▋        | 4242/24844 [02:16<09:57, 34.47it/s]evaluating:  17%|█▋        | 4246/24844 [02:16<09:51, 34.81it/s]evaluating:  17%|█▋        | 4250/24844 [02:16<10:11, 33.70it/s]evaluating:  17%|█▋        | 4254/24844 [02:17<10:31, 32.61it/s]evaluating:  17%|█▋        | 4259/24844 [02:17<09:56, 34.54it/s]evaluating:  17%|█▋        | 4263/24844 [02:17<10:23, 33.01it/s]evaluating:  17%|█▋        | 4267/24844 [02:17<10:05, 33.99it/s]evaluating:  17%|█▋        | 4271/24844 [02:17<09:48, 34.96it/s]evaluating:  17%|█▋        | 4275/24844 [02:17<10:30, 32.60it/s]evaluating:  17%|█▋        | 4280/24844 [02:17<10:02, 34.11it/s]evaluating:  17%|█▋        | 4284/24844 [02:17<10:56, 31.31it/s]evaluating:  17%|█▋        | 4288/24844 [02:18<10:24, 32.90it/s]evaluating:  17%|█▋        | 4292/24844 [02:18<10:58, 31.21it/s]evaluating:  17%|█▋        | 4297/24844 [02:18<10:00, 34.24it/s]evaluating:  17%|█▋        | 4301/24844 [02:18<10:44, 31.87it/s]evaluating:  17%|█▋        | 4305/24844 [02:18<11:22, 30.09it/s]evaluating:  17%|█▋        | 4309/24844 [02:18<10:44, 31.85it/s]evaluating:  17%|█▋        | 4313/24844 [02:18<10:43, 31.89it/s]evaluating:  17%|█▋        | 4317/24844 [02:19<11:01, 31.05it/s]evaluating:  17%|█▋        | 4322/24844 [02:19<09:49, 34.82it/s]evaluating:  17%|█▋        | 4326/24844 [02:19<10:02, 34.07it/s]evaluating:  17%|█▋        | 4330/24844 [02:19<10:15, 33.34it/s]evaluating:  17%|█▋        | 4334/24844 [02:19<10:27, 32.67it/s]evaluating:  17%|█▋        | 4338/24844 [02:19<10:00, 34.16it/s]evaluating:  17%|█▋        | 4342/24844 [02:19<09:51, 34.66it/s]evaluating:  17%|█▋        | 4346/24844 [02:19<09:58, 34.24it/s]evaluating:  18%|█▊        | 4350/24844 [02:19<09:35, 35.58it/s]evaluating:  18%|█▊        | 4355/24844 [02:20<09:43, 35.12it/s]evaluating:  18%|█▊        | 4359/24844 [02:20<09:54, 34.48it/s]evaluating:  18%|█▊        | 4363/24844 [02:20<09:59, 34.19it/s]evaluating:  18%|█▊        | 4367/24844 [02:20<09:39, 35.37it/s]evaluating:  18%|█▊        | 4371/24844 [02:20<09:40, 35.24it/s]evaluating:  18%|█▊        | 4375/24844 [02:20<09:24, 36.23it/s]evaluating:  18%|█▊        | 4379/24844 [02:20<09:12, 37.01it/s]evaluating:  18%|█▊        | 4383/24844 [02:20<09:41, 35.19it/s]evaluating:  18%|█▊        | 4387/24844 [02:21<10:05, 33.80it/s]evaluating:  18%|█▊        | 4391/24844 [02:21<10:02, 33.93it/s]evaluating:  18%|█▊        | 4395/24844 [02:21<10:10, 33.52it/s]evaluating:  18%|█▊        | 4399/24844 [02:21<10:18, 33.04it/s]evaluating:  18%|█▊        | 4403/24844 [02:21<10:24, 32.72it/s]evaluating:  18%|█▊        | 4407/24844 [02:21<10:22, 32.86it/s]evaluating:  18%|█▊        | 4411/24844 [02:21<10:53, 31.27it/s]evaluating:  18%|█▊        | 4415/24844 [02:21<10:38, 32.02it/s]evaluating:  18%|█▊        | 4419/24844 [02:22<10:47, 31.55it/s]evaluating:  18%|█▊        | 4423/24844 [02:22<10:33, 32.22it/s]evaluating:  18%|█▊        | 4427/24844 [02:22<10:08, 33.54it/s]evaluating:  18%|█▊        | 4431/24844 [02:22<10:56, 31.09it/s]evaluating:  18%|█▊        | 4435/24844 [02:22<10:28, 32.47it/s]evaluating:  18%|█▊        | 4439/24844 [02:22<10:29, 32.43it/s]evaluating:  18%|█▊        | 4444/24844 [02:22<09:36, 35.41it/s]evaluating:  18%|█▊        | 4448/24844 [02:22<10:04, 33.75it/s]evaluating:  18%|█▊        | 4453/24844 [02:23<09:17, 36.56it/s]evaluating:  18%|█▊        | 4457/24844 [02:23<09:57, 34.10it/s]evaluating:  18%|█▊        | 4461/24844 [02:23<09:49, 34.57it/s]evaluating:  18%|█▊        | 4465/24844 [02:23<09:52, 34.37it/s]evaluating:  18%|█▊        | 4469/24844 [02:23<10:01, 33.87it/s]evaluating:  18%|█▊        | 4473/24844 [02:23<10:09, 33.40it/s]evaluating:  18%|█▊        | 4477/24844 [02:23<10:29, 32.35it/s]evaluating:  18%|█▊        | 4482/24844 [02:23<09:34, 35.44it/s]evaluating:  18%|█▊        | 4486/24844 [02:23<09:34, 35.46it/s]evaluating:  18%|█▊        | 4490/24844 [02:24<09:52, 34.35it/s]evaluating:  18%|█▊        | 4494/24844 [02:24<10:34, 32.08it/s]evaluating:  18%|█▊        | 4498/24844 [02:24<10:25, 32.51it/s]evaluating:  18%|█▊        | 4502/24844 [02:24<10:10, 33.34it/s]evaluating:  18%|█▊        | 4506/24844 [02:24<09:53, 34.28it/s]evaluating:  18%|█▊        | 4510/24844 [02:24<10:23, 32.62it/s]evaluating:  18%|█▊        | 4514/24844 [02:24<10:51, 31.19it/s]evaluating:  18%|█▊        | 4518/24844 [02:24<10:49, 31.31it/s]evaluating:  18%|█▊        | 4522/24844 [02:25<10:36, 31.92it/s]evaluating:  18%|█▊        | 4526/24844 [02:25<11:19, 29.92it/s]evaluating:  18%|█▊        | 4530/24844 [02:25<10:31, 32.14it/s]evaluating:  18%|█▊        | 4534/24844 [02:25<11:01, 30.69it/s]evaluating:  18%|█▊        | 4538/24844 [02:25<11:11, 30.24it/s]evaluating:  18%|█▊        | 4542/24844 [02:25<11:05, 30.52it/s]evaluating:  18%|█▊        | 4546/24844 [02:25<10:24, 32.53it/s]evaluating:  18%|█▊        | 4550/24844 [02:26<11:05, 30.51it/s]evaluating:  18%|█▊        | 4555/24844 [02:26<10:00, 33.76it/s]evaluating:  18%|█▊        | 4559/24844 [02:26<11:03, 30.58it/s]evaluating:  18%|█▊        | 4563/24844 [02:26<11:07, 30.40it/s]evaluating:  18%|█▊        | 4567/24844 [02:26<11:02, 30.63it/s]evaluating:  18%|█▊        | 4571/24844 [02:26<10:47, 31.31it/s]evaluating:  18%|█▊        | 4575/24844 [02:26<11:08, 30.30it/s]evaluating:  18%|█▊        | 4581/24844 [02:26<09:28, 35.64it/s]evaluating:  18%|█▊        | 4585/24844 [02:27<09:44, 34.68it/s]evaluating:  18%|█▊        | 4589/24844 [02:27<10:21, 32.58it/s]evaluating:  18%|█▊        | 4593/24844 [02:27<10:29, 32.18it/s]evaluating:  19%|█▊        | 4597/24844 [02:27<10:44, 31.40it/s]evaluating:  19%|█▊        | 4601/24844 [02:27<10:04, 33.51it/s]evaluating:  19%|█▊        | 4605/24844 [02:27<10:32, 32.01it/s]evaluating:  19%|█▊        | 4609/24844 [02:27<11:19, 29.76it/s]evaluating:  19%|█▊        | 4615/24844 [02:28<09:30, 35.49it/s]evaluating:  19%|█▊        | 4619/24844 [02:28<09:27, 35.62it/s]evaluating:  19%|█▊        | 4623/24844 [02:28<10:03, 33.48it/s]evaluating:  19%|█▊        | 4627/24844 [02:28<10:16, 32.80it/s]evaluating:  19%|█▊        | 4631/24844 [02:28<10:21, 32.54it/s]evaluating:  19%|█▊        | 4635/24844 [02:28<10:49, 31.13it/s]evaluating:  19%|█▊        | 4639/24844 [02:28<10:19, 32.62it/s]evaluating:  19%|█▊        | 4643/24844 [02:28<10:33, 31.88it/s]evaluating:  19%|█▊        | 4647/24844 [02:29<10:49, 31.07it/s]evaluating:  19%|█▊        | 4651/24844 [02:29<10:19, 32.60it/s]evaluating:  19%|█▊        | 4655/24844 [02:29<09:58, 33.74it/s]evaluating:  19%|█▉        | 4659/24844 [02:29<10:05, 33.35it/s]evaluating:  19%|█▉        | 4663/24844 [02:29<11:01, 30.49it/s]evaluating:  19%|█▉        | 4667/24844 [02:29<11:04, 30.38it/s]evaluating:  19%|█▉        | 4671/24844 [02:29<10:19, 32.55it/s]evaluating:  19%|█▉        | 4675/24844 [02:29<10:14, 32.82it/s]evaluating:  19%|█▉        | 4680/24844 [02:29<09:27, 35.51it/s]evaluating:  19%|█▉        | 4684/24844 [02:30<09:17, 36.19it/s]evaluating:  19%|█▉        | 4688/24844 [02:30<09:25, 35.64it/s]evaluating:  19%|█▉        | 4692/24844 [02:30<09:30, 35.30it/s]evaluating:  19%|█▉        | 4696/24844 [02:30<09:45, 34.42it/s]evaluating:  19%|█▉        | 4701/24844 [02:30<09:21, 35.88it/s]evaluating:  19%|█▉        | 4705/24844 [02:30<09:24, 35.70it/s]evaluating:  19%|█▉        | 4709/24844 [02:30<09:22, 35.81it/s]evaluating:  19%|█▉        | 4713/24844 [02:30<09:10, 36.55it/s]evaluating:  19%|█▉        | 4717/24844 [02:31<10:00, 33.54it/s]evaluating:  19%|█▉        | 4721/24844 [02:31<10:32, 31.82it/s]evaluating:  19%|█▉        | 4725/24844 [02:31<10:41, 31.37it/s]evaluating:  19%|█▉        | 4729/24844 [02:31<10:04, 33.30it/s]evaluating:  19%|█▉        | 4733/24844 [02:31<10:36, 31.58it/s]evaluating:  19%|█▉        | 4737/24844 [02:31<10:11, 32.89it/s]evaluating:  19%|█▉        | 4742/24844 [02:31<09:23, 35.64it/s]evaluating:  19%|█▉        | 4746/24844 [02:31<10:05, 33.20it/s]evaluating:  19%|█▉        | 4750/24844 [02:32<10:03, 33.27it/s]evaluating:  19%|█▉        | 4754/24844 [02:32<09:52, 33.88it/s]evaluating:  19%|█▉        | 4758/24844 [02:32<11:10, 29.96it/s]evaluating:  19%|█▉        | 4762/24844 [02:32<10:42, 31.25it/s]evaluating:  19%|█▉        | 4766/24844 [02:32<10:49, 30.92it/s]evaluating:  19%|█▉        | 4770/24844 [02:32<10:40, 31.36it/s]evaluating:  19%|█▉        | 4774/24844 [02:32<10:13, 32.71it/s]evaluating:  19%|█▉        | 4778/24844 [02:32<10:21, 32.30it/s]evaluating:  19%|█▉        | 4782/24844 [02:33<10:22, 32.21it/s]evaluating:  19%|█▉        | 4786/24844 [02:33<10:16, 32.51it/s]evaluating:  19%|█▉        | 4790/24844 [02:33<10:12, 32.72it/s]evaluating:  19%|█▉        | 4794/24844 [02:33<10:54, 30.63it/s]evaluating:  19%|█▉        | 4798/24844 [02:33<10:29, 31.84it/s]evaluating:  19%|█▉        | 4802/24844 [02:33<10:32, 31.68it/s]evaluating:  19%|█▉        | 4806/24844 [02:33<10:03, 33.19it/s]evaluating:  19%|█▉        | 4810/24844 [02:33<10:13, 32.67it/s]evaluating:  19%|█▉        | 4815/24844 [02:34<09:22, 35.60it/s]evaluating:  19%|█▉        | 4819/24844 [02:34<09:33, 34.93it/s]evaluating:  19%|█▉        | 4823/24844 [02:34<09:49, 33.98it/s]evaluating:  19%|█▉        | 4827/24844 [02:34<10:18, 32.36it/s]evaluating:  19%|█▉        | 4832/24844 [02:34<09:46, 34.14it/s]evaluating:  19%|█▉        | 4836/24844 [02:34<10:11, 32.71it/s]evaluating:  19%|█▉        | 4841/24844 [02:34<09:48, 34.00it/s]evaluating:  20%|█▉        | 4845/24844 [02:34<10:11, 32.69it/s]evaluating:  20%|█▉        | 4849/24844 [02:35<10:16, 32.42it/s]evaluating:  20%|█▉        | 4853/24844 [02:35<10:12, 32.63it/s]evaluating:  20%|█▉        | 4857/24844 [02:35<10:46, 30.94it/s]evaluating:  20%|█▉        | 4862/24844 [02:35<09:25, 35.36it/s]evaluating:  20%|█▉        | 4866/24844 [02:35<09:34, 34.75it/s]evaluating:  20%|█▉        | 4870/24844 [02:35<09:53, 33.66it/s]evaluating:  20%|█▉        | 4874/24844 [02:35<10:21, 32.13it/s]evaluating:  20%|█▉        | 4878/24844 [02:35<09:58, 33.38it/s]evaluating:  20%|█▉        | 4882/24844 [02:36<10:18, 32.28it/s]evaluating:  20%|█▉        | 4886/24844 [02:36<10:43, 31.01it/s]evaluating:  20%|█▉        | 4891/24844 [02:36<09:32, 34.87it/s]evaluating:  20%|█▉        | 4895/24844 [02:36<10:09, 32.74it/s]evaluating:  20%|█▉        | 4899/24844 [02:36<10:08, 32.80it/s]evaluating:  20%|█▉        | 4903/24844 [02:36<09:58, 33.31it/s]evaluating:  20%|█▉        | 4907/24844 [02:36<09:34, 34.71it/s]evaluating:  20%|█▉        | 4911/24844 [02:36<10:07, 32.82it/s]evaluating:  20%|█▉        | 4915/24844 [02:37<09:50, 33.75it/s]evaluating:  20%|█▉        | 4919/24844 [02:37<10:16, 32.31it/s]evaluating:  20%|█▉        | 4923/24844 [02:37<10:25, 31.82it/s]evaluating:  20%|█▉        | 4927/24844 [02:37<11:09, 29.77it/s]evaluating:  20%|█▉        | 4931/24844 [02:37<10:35, 31.33it/s]evaluating:  20%|█▉        | 4935/24844 [02:37<10:45, 30.82it/s]evaluating:  20%|█▉        | 4939/24844 [02:37<10:55, 30.37it/s]evaluating:  20%|█▉        | 4943/24844 [02:38<10:26, 31.76it/s]evaluating:  20%|█▉        | 4948/24844 [02:38<09:26, 35.14it/s]evaluating:  20%|█▉        | 4952/24844 [02:38<10:39, 31.12it/s]evaluating:  20%|█▉        | 4956/24844 [02:38<10:22, 31.93it/s]evaluating:  20%|█▉        | 4960/24844 [02:38<11:05, 29.86it/s]evaluating:  20%|█▉        | 4964/24844 [02:38<10:45, 30.78it/s]evaluating:  20%|██        | 4969/24844 [02:38<09:49, 33.71it/s]evaluating:  20%|██        | 4973/24844 [02:38<10:00, 33.07it/s]evaluating:  20%|██        | 4977/24844 [02:39<09:59, 33.13it/s]evaluating:  20%|██        | 4981/24844 [02:39<10:15, 32.29it/s]evaluating:  20%|██        | 4986/24844 [02:39<09:55, 33.35it/s]evaluating:  20%|██        | 4990/24844 [02:39<10:21, 31.92it/s]evaluating:  20%|██        | 4994/24844 [02:39<09:51, 33.58it/s]evaluating:  20%|██        | 4998/24844 [02:39<09:51, 33.57it/s]evaluating:  20%|██        | 5002/24844 [02:39<10:29, 31.50it/s]evaluating:  20%|██        | 5006/24844 [02:39<10:50, 30.50it/s]evaluating:  20%|██        | 5010/24844 [02:40<10:21, 31.91it/s]evaluating:  20%|██        | 5014/24844 [02:40<10:29, 31.51it/s]evaluating:  20%|██        | 5019/24844 [02:40<09:38, 34.25it/s]evaluating:  20%|██        | 5023/24844 [02:40<10:16, 32.15it/s]evaluating:  20%|██        | 5027/24844 [02:40<10:29, 31.47it/s]evaluating:  20%|██        | 5031/24844 [02:40<10:15, 32.20it/s]evaluating:  20%|██        | 5035/24844 [02:40<09:51, 33.49it/s]evaluating:  20%|██        | 5039/24844 [02:40<09:36, 34.35it/s]evaluating:  20%|██        | 5044/24844 [02:41<08:48, 37.44it/s]evaluating:  20%|██        | 5048/24844 [02:41<08:47, 37.51it/s]evaluating:  20%|██        | 5052/24844 [02:41<09:47, 33.69it/s]evaluating:  20%|██        | 5056/24844 [02:41<10:12, 32.31it/s]evaluating:  20%|██        | 5060/24844 [02:41<09:53, 33.36it/s]evaluating:  20%|██        | 5064/24844 [02:41<09:39, 34.13it/s]evaluating:  20%|██        | 5068/24844 [02:41<09:42, 33.92it/s]evaluating:  20%|██        | 5073/24844 [02:41<09:24, 35.00it/s]evaluating:  20%|██        | 5077/24844 [02:42<10:04, 32.70it/s]evaluating:  20%|██        | 5081/24844 [02:42<09:37, 34.22it/s]evaluating:  20%|██        | 5085/24844 [02:42<10:19, 31.90it/s]evaluating:  20%|██        | 5089/24844 [02:42<10:15, 32.11it/s]evaluating:  21%|██        | 5094/24844 [02:42<09:39, 34.11it/s]evaluating:  21%|██        | 5098/24844 [02:42<09:43, 33.87it/s]evaluating:  21%|██        | 5102/24844 [02:42<10:11, 32.27it/s]evaluating:  21%|██        | 5106/24844 [02:42<10:31, 31.24it/s]evaluating:  21%|██        | 5110/24844 [02:43<10:10, 32.31it/s]evaluating:  21%|██        | 5114/24844 [02:43<10:27, 31.45it/s]evaluating:  21%|██        | 5118/24844 [02:43<10:11, 32.28it/s]evaluating:  21%|██        | 5122/24844 [02:43<10:19, 31.83it/s]evaluating:  21%|██        | 5127/24844 [02:43<09:27, 34.75it/s]evaluating:  21%|██        | 5131/24844 [02:43<09:40, 33.97it/s]evaluating:  21%|██        | 5135/24844 [02:43<09:37, 34.11it/s]evaluating:  21%|██        | 5139/24844 [02:43<09:24, 34.91it/s]evaluating:  21%|██        | 5143/24844 [02:44<10:17, 31.92it/s]evaluating:  21%|██        | 5147/24844 [02:44<09:48, 33.44it/s]evaluating:  21%|██        | 5151/24844 [02:44<10:09, 32.33it/s]evaluating:  21%|██        | 5155/24844 [02:44<10:20, 31.73it/s]evaluating:  21%|██        | 5159/24844 [02:44<10:13, 32.07it/s]evaluating:  21%|██        | 5163/24844 [02:44<09:50, 33.35it/s]evaluating:  21%|██        | 5167/24844 [02:44<09:57, 32.96it/s]evaluating:  21%|██        | 5172/24844 [02:44<09:17, 35.30it/s]evaluating:  21%|██        | 5176/24844 [02:45<10:07, 32.35it/s]evaluating:  21%|██        | 5180/24844 [02:45<10:39, 30.77it/s]evaluating:  21%|██        | 5184/24844 [02:45<10:05, 32.50it/s]evaluating:  21%|██        | 5189/24844 [02:45<09:20, 35.05it/s]evaluating:  21%|██        | 5193/24844 [02:45<10:07, 32.36it/s]evaluating:  21%|██        | 5198/24844 [02:45<09:13, 35.52it/s]evaluating:  21%|██        | 5202/24844 [02:45<09:53, 33.12it/s]evaluating:  21%|██        | 5206/24844 [02:45<09:59, 32.76it/s]evaluating:  21%|██        | 5210/24844 [02:46<09:59, 32.72it/s]evaluating:  21%|██        | 5214/24844 [02:46<10:00, 32.71it/s]evaluating:  21%|██        | 5218/24844 [02:46<10:27, 31.30it/s]evaluating:  21%|██        | 5222/24844 [02:46<09:53, 33.07it/s]evaluating:  21%|██        | 5226/24844 [02:46<10:25, 31.38it/s]evaluating:  21%|██        | 5230/24844 [02:46<10:40, 30.61it/s]evaluating:  21%|██        | 5235/24844 [02:46<09:38, 33.88it/s]evaluating:  21%|██        | 5239/24844 [02:46<09:29, 34.42it/s]evaluating:  21%|██        | 5243/24844 [02:47<09:53, 33.04it/s]evaluating:  21%|██        | 5247/24844 [02:47<09:48, 33.33it/s]evaluating:  21%|██        | 5251/24844 [02:47<09:23, 34.75it/s]evaluating:  21%|██        | 5255/24844 [02:47<09:42, 33.64it/s]evaluating:  21%|██        | 5259/24844 [02:47<10:05, 32.33it/s]evaluating:  21%|██        | 5263/24844 [02:47<10:01, 32.57it/s]evaluating:  21%|██        | 5267/24844 [02:47<10:11, 32.02it/s]evaluating:  21%|██        | 5271/24844 [02:47<09:51, 33.10it/s]evaluating:  21%|██        | 5275/24844 [02:48<10:21, 31.51it/s]evaluating:  21%|██        | 5279/24844 [02:48<10:07, 32.22it/s]evaluating:  21%|██▏       | 5283/24844 [02:48<09:53, 32.97it/s]evaluating:  21%|██▏       | 5287/24844 [02:48<09:45, 33.38it/s]evaluating:  21%|██▏       | 5291/24844 [02:48<10:15, 31.74it/s]evaluating:  21%|██▏       | 5295/24844 [02:48<09:47, 33.30it/s]evaluating:  21%|██▏       | 5299/24844 [02:48<10:16, 31.70it/s]evaluating:  21%|██▏       | 5303/24844 [02:48<10:17, 31.66it/s]evaluating:  21%|██▏       | 5307/24844 [02:49<09:49, 33.14it/s]evaluating:  21%|██▏       | 5311/24844 [02:49<09:57, 32.69it/s]evaluating:  21%|██▏       | 5316/24844 [02:49<09:10, 35.48it/s]evaluating:  21%|██▏       | 5320/24844 [02:49<09:09, 35.56it/s]evaluating:  21%|██▏       | 5324/24844 [02:49<09:11, 35.39it/s]evaluating:  21%|██▏       | 5328/24844 [02:49<09:18, 34.92it/s]evaluating:  21%|██▏       | 5332/24844 [02:49<09:38, 33.74it/s]evaluating:  21%|██▏       | 5336/24844 [02:49<09:36, 33.84it/s]evaluating:  21%|██▏       | 5341/24844 [02:50<09:02, 35.98it/s]evaluating:  22%|██▏       | 5345/24844 [02:50<09:43, 33.42it/s]evaluating:  22%|██▏       | 5349/24844 [02:50<10:38, 30.56it/s]evaluating:  22%|██▏       | 5353/24844 [02:50<10:30, 30.92it/s]evaluating:  22%|██▏       | 5357/24844 [02:50<10:40, 30.42it/s]evaluating:  22%|██▏       | 5361/24844 [02:50<10:52, 29.84it/s]evaluating:  22%|██▏       | 5365/24844 [02:50<11:30, 28.20it/s]evaluating:  22%|██▏       | 5369/24844 [02:50<10:42, 30.30it/s]evaluating:  22%|██▏       | 5373/24844 [02:51<11:41, 27.76it/s]evaluating:  22%|██▏       | 5377/24844 [02:51<10:54, 29.76it/s]evaluating:  22%|██▏       | 5381/24844 [02:51<10:49, 29.99it/s]evaluating:  22%|██▏       | 5385/24844 [02:51<11:15, 28.82it/s]evaluating:  22%|██▏       | 5388/24844 [02:51<11:47, 27.51it/s]evaluating:  22%|██▏       | 5391/24844 [02:51<11:42, 27.70it/s]evaluating:  22%|██▏       | 5396/24844 [02:51<09:59, 32.44it/s]evaluating:  22%|██▏       | 5400/24844 [02:52<09:43, 33.31it/s]evaluating:  22%|██▏       | 5404/24844 [02:52<09:43, 33.34it/s]evaluating:  22%|██▏       | 5409/24844 [02:52<08:53, 36.43it/s]evaluating:  22%|██▏       | 5413/24844 [02:52<09:32, 33.96it/s]evaluating:  22%|██▏       | 5417/24844 [02:52<09:23, 34.48it/s]evaluating:  22%|██▏       | 5421/24844 [02:52<09:43, 33.27it/s]evaluating:  22%|██▏       | 5425/24844 [02:52<09:29, 34.08it/s]evaluating:  22%|██▏       | 5429/24844 [02:52<09:40, 33.43it/s]evaluating:  22%|██▏       | 5434/24844 [02:52<08:40, 37.27it/s]evaluating:  22%|██▏       | 5438/24844 [02:53<09:06, 35.51it/s]evaluating:  22%|██▏       | 5442/24844 [02:53<09:54, 32.63it/s]evaluating:  22%|██▏       | 5446/24844 [02:53<10:05, 32.02it/s]evaluating:  22%|██▏       | 5451/24844 [02:53<09:14, 35.00it/s]evaluating:  22%|██▏       | 5455/24844 [02:53<09:45, 33.12it/s]evaluating:  22%|██▏       | 5459/24844 [02:53<10:13, 31.58it/s]evaluating:  22%|██▏       | 5464/24844 [02:53<09:02, 35.75it/s]evaluating:  22%|██▏       | 5468/24844 [02:54<09:34, 33.73it/s]evaluating:  22%|██▏       | 5472/24844 [02:54<09:52, 32.71it/s]evaluating:  22%|██▏       | 5476/24844 [02:54<09:51, 32.72it/s]evaluating:  22%|██▏       | 5480/24844 [02:54<10:30, 30.69it/s]evaluating:  22%|██▏       | 5484/24844 [02:54<10:00, 32.25it/s]evaluating:  22%|██▏       | 5488/24844 [02:54<09:59, 32.28it/s]evaluating:  22%|██▏       | 5492/24844 [02:54<10:27, 30.83it/s]evaluating:  22%|██▏       | 5496/24844 [02:54<10:14, 31.47it/s]evaluating:  22%|██▏       | 5500/24844 [02:55<10:07, 31.83it/s]evaluating:  22%|██▏       | 5504/24844 [02:55<10:09, 31.75it/s]evaluating:  22%|██▏       | 5508/24844 [02:55<10:16, 31.37it/s]evaluating:  22%|██▏       | 5513/24844 [02:55<09:03, 35.59it/s]evaluating:  22%|██▏       | 5517/24844 [02:55<10:13, 31.51it/s]evaluating:  22%|██▏       | 5521/24844 [02:55<10:23, 30.98it/s]evaluating:  22%|██▏       | 5525/24844 [02:55<10:42, 30.05it/s]evaluating:  22%|██▏       | 5529/24844 [02:55<10:56, 29.42it/s]evaluating:  22%|██▏       | 5533/24844 [02:56<10:22, 31.01it/s]evaluating:  22%|██▏       | 5537/24844 [02:56<09:47, 32.86it/s]evaluating:  22%|██▏       | 5541/24844 [02:56<09:42, 33.14it/s]evaluating:  22%|██▏       | 5545/24844 [02:56<10:08, 31.74it/s]evaluating:  22%|██▏       | 5549/24844 [02:56<10:06, 31.82it/s]evaluating:  22%|██▏       | 5553/24844 [02:56<10:07, 31.76it/s]evaluating:  22%|██▏       | 5557/24844 [02:56<09:55, 32.37it/s]evaluating:  22%|██▏       | 5561/24844 [02:56<09:48, 32.75it/s]evaluating:  22%|██▏       | 5565/24844 [02:57<10:09, 31.65it/s]evaluating:  22%|██▏       | 5569/24844 [02:57<10:14, 31.36it/s]evaluating:  22%|██▏       | 5573/24844 [02:57<09:40, 33.18it/s]evaluating:  22%|██▏       | 5577/24844 [02:57<10:22, 30.93it/s]evaluating:  22%|██▏       | 5582/24844 [02:57<09:13, 34.77it/s]evaluating:  22%|██▏       | 5586/24844 [02:57<10:04, 31.88it/s]evaluating:  23%|██▎       | 5590/24844 [02:57<10:00, 32.06it/s]evaluating:  23%|██▎       | 5594/24844 [02:57<10:12, 31.40it/s]evaluating:  23%|██▎       | 5598/24844 [02:58<10:00, 32.07it/s]evaluating:  23%|██▎       | 5602/24844 [02:58<10:53, 29.43it/s]evaluating:  23%|██▎       | 5607/24844 [02:58<09:25, 34.04it/s]evaluating:  23%|██▎       | 5611/24844 [02:58<09:25, 34.00it/s]evaluating:  23%|██▎       | 5615/24844 [02:58<09:27, 33.87it/s]evaluating:  23%|██▎       | 5619/24844 [02:58<09:31, 33.61it/s]evaluating:  23%|██▎       | 5623/24844 [02:58<09:30, 33.71it/s]evaluating:  23%|██▎       | 5627/24844 [02:58<09:49, 32.61it/s]evaluating:  23%|██▎       | 5631/24844 [02:59<09:53, 32.36it/s]evaluating:  23%|██▎       | 5635/24844 [02:59<10:28, 30.58it/s]evaluating:  23%|██▎       | 5640/24844 [02:59<09:21, 34.20it/s]evaluating:  23%|██▎       | 5644/24844 [02:59<09:50, 32.51it/s]evaluating:  23%|██▎       | 5648/24844 [02:59<09:51, 32.44it/s]evaluating:  23%|██▎       | 5652/24844 [02:59<10:02, 31.88it/s]evaluating:  23%|██▎       | 5656/24844 [02:59<09:35, 33.31it/s]evaluating:  23%|██▎       | 5660/24844 [03:00<10:41, 29.90it/s]evaluating:  23%|██▎       | 5664/24844 [03:00<10:19, 30.94it/s]evaluating:  23%|██▎       | 5668/24844 [03:00<10:35, 30.19it/s]evaluating:  23%|██▎       | 5672/24844 [03:00<11:14, 28.44it/s]evaluating:  23%|██▎       | 5676/24844 [03:00<10:29, 30.43it/s]evaluating:  23%|██▎       | 5680/24844 [03:00<10:55, 29.25it/s]evaluating:  23%|██▎       | 5685/24844 [03:00<09:22, 34.05it/s]evaluating:  23%|██▎       | 5689/24844 [03:00<09:44, 32.78it/s]evaluating:  23%|██▎       | 5693/24844 [03:01<10:20, 30.88it/s]evaluating:  23%|██▎       | 5697/24844 [03:01<09:59, 31.96it/s]evaluating:  23%|██▎       | 5701/24844 [03:01<09:35, 33.26it/s]evaluating:  23%|██▎       | 5705/24844 [03:01<09:18, 34.30it/s]evaluating:  23%|██▎       | 5709/24844 [03:01<09:03, 35.20it/s]evaluating:  23%|██▎       | 5714/24844 [03:01<08:44, 36.49it/s]evaluating:  23%|██▎       | 5718/24844 [03:01<09:11, 34.68it/s]evaluating:  23%|██▎       | 5722/24844 [03:01<09:36, 33.15it/s]evaluating:  23%|██▎       | 5726/24844 [03:02<09:57, 32.01it/s]evaluating:  23%|██▎       | 5730/24844 [03:02<09:38, 33.05it/s]evaluating:  23%|██▎       | 5734/24844 [03:02<09:27, 33.68it/s]evaluating:  23%|██▎       | 5738/24844 [03:02<10:05, 31.57it/s]evaluating:  23%|██▎       | 5742/24844 [03:02<09:58, 31.90it/s]evaluating:  23%|██▎       | 5747/24844 [03:02<09:15, 34.41it/s]evaluating:  23%|██▎       | 5751/24844 [03:02<09:39, 32.96it/s]evaluating:  23%|██▎       | 5755/24844 [03:02<10:03, 31.65it/s]evaluating:  23%|██▎       | 5759/24844 [03:03<09:43, 32.71it/s]evaluating:  23%|██▎       | 5764/24844 [03:03<08:57, 35.49it/s]evaluating:  23%|██▎       | 5768/24844 [03:03<09:46, 32.53it/s]evaluating:  23%|██▎       | 5772/24844 [03:03<09:51, 32.24it/s]evaluating:  23%|██▎       | 5776/24844 [03:03<09:50, 32.31it/s]evaluating:  23%|██▎       | 5780/24844 [03:03<09:39, 32.90it/s]evaluating:  23%|██▎       | 5784/24844 [03:03<09:49, 32.34it/s]evaluating:  23%|██▎       | 5788/24844 [03:03<10:06, 31.40it/s]evaluating:  23%|██▎       | 5792/24844 [03:04<09:43, 32.67it/s]evaluating:  23%|██▎       | 5796/24844 [03:04<10:15, 30.97it/s]evaluating:  23%|██▎       | 5800/24844 [03:04<10:13, 31.02it/s]evaluating:  23%|██▎       | 5804/24844 [03:04<10:18, 30.80it/s]evaluating:  23%|██▎       | 5808/24844 [03:04<09:49, 32.27it/s]evaluating:  23%|██▎       | 5812/24844 [03:04<10:22, 30.56it/s]evaluating:  23%|██▎       | 5817/24844 [03:04<09:21, 33.90it/s]evaluating:  23%|██▎       | 5821/24844 [03:04<09:29, 33.39it/s]evaluating:  23%|██▎       | 5825/24844 [03:05<09:50, 32.20it/s]evaluating:  23%|██▎       | 5829/24844 [03:05<09:41, 32.72it/s]evaluating:  23%|██▎       | 5833/24844 [03:05<10:00, 31.68it/s]evaluating:  23%|██▎       | 5837/24844 [03:05<10:12, 31.05it/s]evaluating:  24%|██▎       | 5842/24844 [03:05<09:07, 34.69it/s]evaluating:  24%|██▎       | 5846/24844 [03:05<09:46, 32.42it/s]evaluating:  24%|██▎       | 5850/24844 [03:05<10:24, 30.41it/s]evaluating:  24%|██▎       | 5854/24844 [03:06<10:16, 30.81it/s]evaluating:  24%|██▎       | 5858/24844 [03:06<10:28, 30.20it/s]evaluating:  24%|██▎       | 5862/24844 [03:06<09:53, 31.98it/s]evaluating:  24%|██▎       | 5866/24844 [03:06<10:24, 30.39it/s]evaluating:  24%|██▎       | 5870/24844 [03:06<10:35, 29.86it/s]evaluating:  24%|██▎       | 5874/24844 [03:06<10:16, 30.78it/s]evaluating:  24%|██▎       | 5878/24844 [03:06<10:44, 29.44it/s]evaluating:  24%|██▎       | 5882/24844 [03:06<09:53, 31.94it/s]evaluating:  24%|██▎       | 5886/24844 [03:07<10:11, 31.00it/s]evaluating:  24%|██▎       | 5890/24844 [03:07<10:19, 30.61it/s]evaluating:  24%|██▎       | 5895/24844 [03:07<09:20, 33.80it/s]evaluating:  24%|██▎       | 5899/24844 [03:07<10:03, 31.38it/s]evaluating:  24%|██▍       | 5903/24844 [03:07<10:03, 31.38it/s]evaluating:  24%|██▍       | 5908/24844 [03:07<08:53, 35.50it/s]evaluating:  24%|██▍       | 5912/24844 [03:07<09:21, 33.74it/s]evaluating:  24%|██▍       | 5916/24844 [03:07<09:33, 33.02it/s]evaluating:  24%|██▍       | 5920/24844 [03:08<10:03, 31.35it/s]evaluating:  24%|██▍       | 5924/24844 [03:08<09:47, 32.22it/s]evaluating:  24%|██▍       | 5928/24844 [03:08<10:12, 30.89it/s]evaluating:  24%|██▍       | 5932/24844 [03:08<09:45, 32.32it/s]evaluating:  24%|██▍       | 5936/24844 [03:08<10:46, 29.25it/s]evaluating:  24%|██▍       | 5940/24844 [03:08<10:51, 29.03it/s]evaluating:  24%|██▍       | 5944/24844 [03:08<10:06, 31.16it/s]evaluating:  24%|██▍       | 5948/24844 [03:09<09:52, 31.88it/s]evaluating:  24%|██▍       | 5953/24844 [03:09<08:57, 35.12it/s]evaluating:  24%|██▍       | 5957/24844 [03:09<09:35, 32.81it/s]evaluating:  24%|██▍       | 5961/24844 [03:09<09:51, 31.90it/s]evaluating:  24%|██▍       | 5965/24844 [03:09<10:11, 30.89it/s]evaluating:  24%|██▍       | 5970/24844 [03:09<09:37, 32.67it/s]evaluating:  24%|██▍       | 5974/24844 [03:09<09:56, 31.66it/s]evaluating:  24%|██▍       | 5978/24844 [03:09<09:39, 32.55it/s]evaluating:  24%|██▍       | 5982/24844 [03:10<09:17, 33.82it/s]evaluating:  24%|██▍       | 5986/24844 [03:10<09:20, 33.67it/s]evaluating:  24%|██▍       | 5990/24844 [03:10<09:54, 31.72it/s]evaluating:  24%|██▍       | 5994/24844 [03:10<09:56, 31.59it/s]evaluating:  24%|██▍       | 5998/24844 [03:10<09:29, 33.07it/s]evaluating:  24%|██▍       | 6002/24844 [03:10<10:05, 31.10it/s]evaluating:  24%|██▍       | 6007/24844 [03:10<09:06, 34.44it/s]evaluating:  24%|██▍       | 6011/24844 [03:10<09:10, 34.18it/s]evaluating:  24%|██▍       | 6015/24844 [03:11<09:28, 33.13it/s]evaluating:  24%|██▍       | 6019/24844 [03:11<09:32, 32.89it/s]evaluating:  24%|██▍       | 6024/24844 [03:11<08:58, 34.95it/s]evaluating:  24%|██▍       | 6028/24844 [03:11<09:27, 33.18it/s]evaluating:  24%|██▍       | 6032/24844 [03:11<09:49, 31.92it/s]evaluating:  24%|██▍       | 6037/24844 [03:11<09:18, 33.65it/s]evaluating:  24%|██▍       | 6041/24844 [03:11<10:00, 31.33it/s]evaluating:  24%|██▍       | 6045/24844 [03:11<09:59, 31.35it/s]evaluating:  24%|██▍       | 6049/24844 [03:12<10:08, 30.89it/s]evaluating:  24%|██▍       | 6053/24844 [03:12<09:56, 31.48it/s]evaluating:  24%|██▍       | 6058/24844 [03:12<08:49, 35.48it/s]evaluating:  24%|██▍       | 6062/24844 [03:12<09:39, 32.39it/s]evaluating:  24%|██▍       | 6066/24844 [03:12<09:50, 31.80it/s]evaluating:  24%|██▍       | 6070/24844 [03:12<09:49, 31.87it/s]evaluating:  24%|██▍       | 6074/24844 [03:12<09:57, 31.41it/s]evaluating:  24%|██▍       | 6078/24844 [03:12<09:33, 32.73it/s]evaluating:  24%|██▍       | 6082/24844 [03:13<09:34, 32.65it/s]evaluating:  24%|██▍       | 6086/24844 [03:13<09:06, 34.32it/s]evaluating:  25%|██▍       | 6090/24844 [03:13<09:49, 31.79it/s]evaluating:  25%|██▍       | 6094/24844 [03:13<09:30, 32.86it/s]evaluating:  25%|██▍       | 6098/24844 [03:13<10:10, 30.72it/s]evaluating:  25%|██▍       | 6102/24844 [03:13<09:39, 32.35it/s]evaluating:  25%|██▍       | 6106/24844 [03:13<09:22, 33.31it/s]evaluating:  25%|██▍       | 6110/24844 [03:13<09:28, 32.98it/s]evaluating:  25%|██▍       | 6114/24844 [03:14<10:00, 31.18it/s]evaluating:  25%|██▍       | 6119/24844 [03:14<09:26, 33.03it/s]evaluating:  25%|██▍       | 6123/24844 [03:14<09:52, 31.57it/s]evaluating:  25%|██▍       | 6128/24844 [03:14<09:09, 34.08it/s]evaluating:  25%|██▍       | 6132/24844 [03:14<09:49, 31.76it/s]evaluating:  25%|██▍       | 6136/24844 [03:14<09:42, 32.13it/s]evaluating:  25%|██▍       | 6140/24844 [03:14<09:34, 32.54it/s]evaluating:  25%|██▍       | 6144/24844 [03:15<09:33, 32.58it/s]evaluating:  25%|██▍       | 6148/24844 [03:15<10:14, 30.44it/s]evaluating:  25%|██▍       | 6153/24844 [03:15<09:26, 32.97it/s]evaluating:  25%|██▍       | 6157/24844 [03:15<09:40, 32.19it/s]evaluating:  25%|██▍       | 6161/24844 [03:15<10:07, 30.73it/s]evaluating:  25%|██▍       | 6165/24844 [03:15<09:29, 32.80it/s]evaluating:  25%|██▍       | 6169/24844 [03:15<09:28, 32.83it/s]evaluating:  25%|██▍       | 6173/24844 [03:15<09:40, 32.14it/s]evaluating:  25%|██▍       | 6177/24844 [03:16<09:19, 33.37it/s]evaluating:  25%|██▍       | 6181/24844 [03:16<08:58, 34.63it/s]evaluating:  25%|██▍       | 6185/24844 [03:16<09:22, 33.16it/s]evaluating:  25%|██▍       | 6189/24844 [03:16<09:41, 32.09it/s]evaluating:  25%|██▍       | 6194/24844 [03:16<08:49, 35.21it/s]evaluating:  25%|██▍       | 6198/24844 [03:16<08:47, 35.33it/s]evaluating:  25%|██▍       | 6203/24844 [03:16<08:37, 36.03it/s]evaluating:  25%|██▍       | 6207/24844 [03:16<09:15, 33.57it/s]evaluating:  25%|██▌       | 6211/24844 [03:17<09:31, 32.60it/s]evaluating:  25%|██▌       | 6215/24844 [03:17<09:30, 32.66it/s]evaluating:  25%|██▌       | 6219/24844 [03:17<09:24, 33.00it/s]evaluating:  25%|██▌       | 6223/24844 [03:17<09:11, 33.77it/s]evaluating:  25%|██▌       | 6227/24844 [03:17<09:13, 33.66it/s]evaluating:  25%|██▌       | 6231/24844 [03:17<09:16, 33.42it/s]evaluating:  25%|██▌       | 6235/24844 [03:17<09:27, 32.82it/s]evaluating:  25%|██▌       | 6239/24844 [03:17<09:33, 32.43it/s]evaluating:  25%|██▌       | 6243/24844 [03:18<09:43, 31.87it/s]evaluating:  25%|██▌       | 6247/24844 [03:18<09:39, 32.09it/s]evaluating:  25%|██▌       | 6251/24844 [03:18<09:59, 31.02it/s]evaluating:  25%|██▌       | 6255/24844 [03:18<10:32, 29.38it/s]evaluating:  25%|██▌       | 6259/24844 [03:18<09:44, 31.80it/s]evaluating:  25%|██▌       | 6263/24844 [03:18<09:55, 31.19it/s]evaluating:  25%|██▌       | 6267/24844 [03:18<10:02, 30.85it/s]evaluating:  25%|██▌       | 6271/24844 [03:18<09:51, 31.38it/s]evaluating:  25%|██▌       | 6275/24844 [03:19<10:18, 30.01it/s]evaluating:  25%|██▌       | 6279/24844 [03:19<10:46, 28.73it/s]evaluating:  25%|██▌       | 6283/24844 [03:19<10:47, 28.67it/s]evaluating:  25%|██▌       | 6286/24844 [03:19<10:48, 28.62it/s]evaluating:  25%|██▌       | 6290/24844 [03:19<10:07, 30.53it/s]evaluating:  25%|██▌       | 6294/24844 [03:19<10:58, 28.18it/s]evaluating:  25%|██▌       | 6297/24844 [03:19<10:50, 28.53it/s]evaluating:  25%|██▌       | 6300/24844 [03:19<10:47, 28.63it/s]evaluating:  25%|██▌       | 6303/24844 [03:20<10:55, 28.30it/s]evaluating:  25%|██▌       | 6307/24844 [03:20<10:37, 29.06it/s]evaluating:  25%|██▌       | 6311/24844 [03:20<10:15, 30.13it/s]evaluating:  25%|██▌       | 6315/24844 [03:20<09:49, 31.41it/s]evaluating:  25%|██▌       | 6319/24844 [03:20<10:09, 30.39it/s]evaluating:  25%|██▌       | 6323/24844 [03:20<10:23, 29.71it/s]evaluating:  25%|██▌       | 6326/24844 [03:20<10:37, 29.06it/s]evaluating:  25%|██▌       | 6330/24844 [03:20<10:39, 28.96it/s]evaluating:  25%|██▌       | 6333/24844 [03:21<11:02, 27.94it/s]evaluating:  26%|██▌       | 6338/24844 [03:21<09:37, 32.06it/s]evaluating:  26%|██▌       | 6342/24844 [03:21<10:24, 29.63it/s]evaluating:  26%|██▌       | 6346/24844 [03:21<10:46, 28.60it/s]evaluating:  26%|██▌       | 6349/24844 [03:21<10:52, 28.33it/s]evaluating:  26%|██▌       | 6352/24844 [03:21<11:08, 27.67it/s]evaluating:  26%|██▌       | 6355/24844 [03:21<11:45, 26.21it/s]evaluating:  26%|██▌       | 6359/24844 [03:21<10:31, 29.27it/s]evaluating:  26%|██▌       | 6363/24844 [03:22<09:57, 30.94it/s]evaluating:  26%|██▌       | 6367/24844 [03:22<10:32, 29.24it/s]evaluating:  26%|██▌       | 6370/24844 [03:22<10:48, 28.48it/s]evaluating:  26%|██▌       | 6373/24844 [03:22<10:40, 28.85it/s]evaluating:  26%|██▌       | 6376/24844 [03:22<11:16, 27.29it/s]evaluating:  26%|██▌       | 6379/24844 [03:22<11:37, 26.48it/s]evaluating:  26%|██▌       | 6383/24844 [03:22<10:20, 29.74it/s]evaluating:  26%|██▌       | 6387/24844 [03:22<09:52, 31.15it/s]evaluating:  26%|██▌       | 6391/24844 [03:23<10:23, 29.62it/s]evaluating:  26%|██▌       | 6395/24844 [03:23<10:35, 29.05it/s]evaluating:  26%|██▌       | 6399/24844 [03:23<09:57, 30.89it/s]evaluating:  26%|██▌       | 6403/24844 [03:23<10:42, 28.70it/s]evaluating:  26%|██▌       | 6407/24844 [03:23<10:11, 30.16it/s]evaluating:  26%|██▌       | 6411/24844 [03:23<10:15, 29.94it/s]evaluating:  26%|██▌       | 6415/24844 [03:23<10:54, 28.14it/s]evaluating:  26%|██▌       | 6418/24844 [03:24<11:05, 27.70it/s]evaluating:  26%|██▌       | 6422/24844 [03:24<10:38, 28.84it/s]evaluating:  26%|██▌       | 6426/24844 [03:24<10:14, 29.95it/s]evaluating:  26%|██▌       | 6430/24844 [03:24<10:30, 29.20it/s]evaluating:  26%|██▌       | 6433/24844 [03:24<10:47, 28.46it/s]evaluating:  26%|██▌       | 6436/24844 [03:24<11:04, 27.71it/s]evaluating:  26%|██▌       | 6439/24844 [03:24<11:12, 27.37it/s]evaluating:  26%|██▌       | 6442/24844 [03:24<11:31, 26.59it/s]evaluating:  26%|██▌       | 6445/24844 [03:24<11:25, 26.84it/s]evaluating:  26%|██▌       | 6449/24844 [03:25<10:17, 29.78it/s]evaluating:  26%|██▌       | 6452/24844 [03:25<10:50, 28.29it/s]evaluating:  26%|██▌       | 6456/24844 [03:25<10:31, 29.12it/s]evaluating:  26%|██▌       | 6459/24844 [03:25<10:42, 28.63it/s]evaluating:  26%|██▌       | 6462/24844 [03:25<10:45, 28.49it/s]evaluating:  26%|██▌       | 6466/24844 [03:25<10:16, 29.79it/s]evaluating:  26%|██▌       | 6470/24844 [03:25<10:06, 30.29it/s]evaluating:  26%|██▌       | 6474/24844 [03:25<10:44, 28.50it/s]evaluating:  26%|██▌       | 6478/24844 [03:26<10:34, 28.95it/s]evaluating:  26%|██▌       | 6481/24844 [03:26<11:14, 27.22it/s]evaluating:  26%|██▌       | 6484/24844 [03:26<11:19, 27.01it/s]evaluating:  26%|██▌       | 6487/24844 [03:26<11:20, 26.98it/s]evaluating:  26%|██▌       | 6491/24844 [03:26<10:16, 29.77it/s]evaluating:  26%|██▌       | 6495/24844 [03:26<10:19, 29.63it/s]evaluating:  26%|██▌       | 6498/24844 [03:26<10:19, 29.63it/s]evaluating:  26%|██▌       | 6502/24844 [03:26<10:22, 29.45it/s]evaluating:  26%|██▌       | 6505/24844 [03:27<10:53, 28.06it/s]evaluating:  26%|██▌       | 6508/24844 [03:27<10:59, 27.80it/s]evaluating:  26%|██▌       | 6512/24844 [03:27<10:28, 29.16it/s]evaluating:  26%|██▌       | 6516/24844 [03:27<10:02, 30.42it/s]evaluating:  26%|██▌       | 6520/24844 [03:27<10:27, 29.21it/s]evaluating:  26%|██▋       | 6523/24844 [03:27<10:32, 28.96it/s]evaluating:  26%|██▋       | 6527/24844 [03:27<09:44, 31.35it/s]evaluating:  26%|██▋       | 6531/24844 [03:27<10:43, 28.47it/s]evaluating:  26%|██▋       | 6535/24844 [03:28<10:28, 29.15it/s]evaluating:  26%|██▋       | 6538/24844 [03:28<11:11, 27.25it/s]evaluating:  26%|██▋       | 6541/24844 [03:28<11:13, 27.19it/s]evaluating:  26%|██▋       | 6544/24844 [03:28<11:24, 26.74it/s]evaluating:  26%|██▋       | 6547/24844 [03:28<13:04, 23.31it/s]evaluating:  26%|██▋       | 6551/24844 [03:28<12:15, 24.88it/s]evaluating:  26%|██▋       | 6554/24844 [03:28<12:02, 25.31it/s]evaluating:  26%|██▋       | 6558/24844 [03:28<10:40, 28.53it/s]evaluating:  26%|██▋       | 6561/24844 [03:29<11:04, 27.51it/s]evaluating:  26%|██▋       | 6564/24844 [03:29<11:29, 26.50it/s]evaluating:  26%|██▋       | 6567/24844 [03:29<11:27, 26.58it/s]evaluating:  26%|██▋       | 6571/24844 [03:29<10:45, 28.31it/s]evaluating:  26%|██▋       | 6575/24844 [03:29<10:30, 28.98it/s]evaluating:  26%|██▋       | 6579/24844 [03:29<09:58, 30.52it/s]evaluating:  27%|██▋       | 6584/24844 [03:29<08:55, 34.10it/s]evaluating:  27%|██▋       | 6588/24844 [03:29<09:15, 32.87it/s]evaluating:  27%|██▋       | 6592/24844 [03:30<09:59, 30.46it/s]evaluating:  27%|██▋       | 6596/24844 [03:30<10:11, 29.85it/s]evaluating:  27%|██▋       | 6600/24844 [03:30<09:56, 30.57it/s]evaluating:  27%|██▋       | 6604/24844 [03:30<10:40, 28.46it/s]evaluating:  27%|██▋       | 6609/24844 [03:30<09:37, 31.60it/s]evaluating:  27%|██▋       | 6613/24844 [03:30<10:03, 30.21it/s]evaluating:  27%|██▋       | 6617/24844 [03:30<10:13, 29.71it/s]evaluating:  27%|██▋       | 6621/24844 [03:31<10:25, 29.12it/s]evaluating:  27%|██▋       | 6624/24844 [03:31<11:20, 26.76it/s]evaluating:  27%|██▋       | 6627/24844 [03:31<11:06, 27.34it/s]evaluating:  27%|██▋       | 6632/24844 [03:31<10:07, 29.97it/s]evaluating:  27%|██▋       | 6636/24844 [03:31<10:18, 29.44it/s]evaluating:  27%|██▋       | 6639/24844 [03:31<10:34, 28.69it/s]evaluating:  27%|██▋       | 6642/24844 [03:31<10:40, 28.42it/s]evaluating:  27%|██▋       | 6646/24844 [03:31<10:08, 29.88it/s]evaluating:  27%|██▋       | 6650/24844 [03:32<10:13, 29.66it/s]evaluating:  27%|██▋       | 6653/24844 [03:32<10:51, 27.92it/s]evaluating:  27%|██▋       | 6658/24844 [03:32<09:40, 31.35it/s]evaluating:  27%|██▋       | 6662/24844 [03:32<10:26, 29.01it/s]evaluating:  27%|██▋       | 6666/24844 [03:32<10:23, 29.14it/s]evaluating:  27%|██▋       | 6669/24844 [03:32<10:38, 28.47it/s]evaluating:  27%|██▋       | 6672/24844 [03:32<10:38, 28.48it/s]evaluating:  27%|██▋       | 6675/24844 [03:32<11:13, 26.99it/s]evaluating:  27%|██▋       | 6678/24844 [03:33<11:06, 27.27it/s]evaluating:  27%|██▋       | 6681/24844 [03:33<10:54, 27.76it/s]evaluating:  27%|██▋       | 6685/24844 [03:33<10:02, 30.14it/s]evaluating:  27%|██▋       | 6689/24844 [03:33<09:26, 32.06it/s]evaluating:  27%|██▋       | 6693/24844 [03:33<08:50, 34.24it/s]evaluating:  27%|██▋       | 6697/24844 [03:33<09:19, 32.43it/s]evaluating:  27%|██▋       | 6701/24844 [03:33<08:55, 33.86it/s]evaluating:  27%|██▋       | 6705/24844 [03:33<09:19, 32.45it/s]evaluating:  27%|██▋       | 6709/24844 [03:34<09:40, 31.26it/s]evaluating:  27%|██▋       | 6713/24844 [03:34<10:05, 29.97it/s]evaluating:  27%|██▋       | 6717/24844 [03:34<10:13, 29.54it/s]evaluating:  27%|██▋       | 6720/24844 [03:34<10:34, 28.57it/s]evaluating:  27%|██▋       | 6724/24844 [03:34<09:37, 31.38it/s]evaluating:  27%|██▋       | 6728/24844 [03:34<09:37, 31.36it/s]evaluating:  27%|██▋       | 6732/24844 [03:34<09:43, 31.02it/s]evaluating:  27%|██▋       | 6736/24844 [03:34<10:25, 28.96it/s]evaluating:  27%|██▋       | 6740/24844 [03:35<10:33, 28.56it/s]evaluating:  27%|██▋       | 6744/24844 [03:35<09:56, 30.34it/s]evaluating:  27%|██▋       | 6749/24844 [03:35<09:20, 32.29it/s]evaluating:  27%|██▋       | 6753/24844 [03:35<09:37, 31.31it/s]evaluating:  27%|██▋       | 6757/24844 [03:35<09:59, 30.19it/s]evaluating:  27%|██▋       | 6761/24844 [03:35<10:00, 30.10it/s]evaluating:  27%|██▋       | 6765/24844 [03:35<10:12, 29.52it/s]evaluating:  27%|██▋       | 6770/24844 [03:36<09:02, 33.29it/s]evaluating:  27%|██▋       | 6774/24844 [03:36<09:35, 31.41it/s]evaluating:  27%|██▋       | 6778/24844 [03:36<10:19, 29.16it/s]evaluating:  27%|██▋       | 6782/24844 [03:36<09:43, 30.96it/s]evaluating:  27%|██▋       | 6786/24844 [03:36<09:36, 31.32it/s]evaluating:  27%|██▋       | 6790/24844 [03:36<09:59, 30.12it/s]evaluating:  27%|██▋       | 6794/24844 [03:36<09:38, 31.20it/s]evaluating:  27%|██▋       | 6798/24844 [03:36<09:12, 32.69it/s]evaluating:  27%|██▋       | 6802/24844 [03:37<09:53, 30.41it/s]evaluating:  27%|██▋       | 6806/24844 [03:37<10:02, 29.93it/s]evaluating:  27%|██▋       | 6810/24844 [03:37<10:08, 29.62it/s]evaluating:  27%|██▋       | 6814/24844 [03:37<09:59, 30.07it/s]evaluating:  27%|██▋       | 6818/24844 [03:37<10:34, 28.40it/s]evaluating:  27%|██▋       | 6821/24844 [03:37<11:04, 27.13it/s]evaluating:  27%|██▋       | 6825/24844 [03:37<10:06, 29.72it/s]evaluating:  27%|██▋       | 6829/24844 [03:37<09:48, 30.61it/s]evaluating:  28%|██▊       | 6833/24844 [03:38<10:10, 29.48it/s]evaluating:  28%|██▊       | 6837/24844 [03:38<10:01, 29.96it/s]evaluating:  28%|██▊       | 6841/24844 [03:38<09:37, 31.15it/s]evaluating:  28%|██▊       | 6845/24844 [03:38<10:19, 29.04it/s]evaluating:  28%|██▊       | 6849/24844 [03:38<09:43, 30.85it/s]evaluating:  28%|██▊       | 6853/24844 [03:38<10:40, 28.07it/s]evaluating:  28%|██▊       | 6856/24844 [03:38<10:47, 27.77it/s]evaluating:  28%|██▊       | 6859/24844 [03:39<10:53, 27.54it/s]evaluating:  28%|██▊       | 6863/24844 [03:39<10:19, 29.01it/s]evaluating:  28%|██▊       | 6866/24844 [03:39<11:02, 27.12it/s]evaluating:  28%|██▊       | 6871/24844 [03:39<09:40, 30.99it/s]evaluating:  28%|██▊       | 6875/24844 [03:39<09:11, 32.57it/s]evaluating:  28%|██▊       | 6879/24844 [03:39<09:59, 29.98it/s]evaluating:  28%|██▊       | 6883/24844 [03:39<10:05, 29.65it/s]evaluating:  28%|██▊       | 6887/24844 [03:39<10:01, 29.87it/s]evaluating:  28%|██▊       | 6891/24844 [03:40<10:19, 28.99it/s]evaluating:  28%|██▊       | 6895/24844 [03:40<09:28, 31.56it/s]evaluating:  28%|██▊       | 6899/24844 [03:40<10:06, 29.58it/s]evaluating:  28%|██▊       | 6903/24844 [03:40<10:25, 28.69it/s]evaluating:  28%|██▊       | 6906/24844 [03:40<10:25, 28.67it/s]evaluating:  28%|██▊       | 6910/24844 [03:40<09:40, 30.87it/s]evaluating:  28%|██▊       | 6914/24844 [03:40<09:37, 31.04it/s]evaluating:  28%|██▊       | 6918/24844 [03:41<10:17, 29.04it/s]evaluating:  28%|██▊       | 6922/24844 [03:41<09:48, 30.46it/s]evaluating:  28%|██▊       | 6926/24844 [03:41<09:09, 32.60it/s]evaluating:  28%|██▊       | 6930/24844 [03:41<09:59, 29.87it/s]evaluating:  28%|██▊       | 6934/24844 [03:41<10:06, 29.52it/s]evaluating:  28%|██▊       | 6938/24844 [03:41<10:03, 29.65it/s]evaluating:  28%|██▊       | 6942/24844 [03:41<10:14, 29.13it/s]evaluating:  28%|██▊       | 6945/24844 [03:41<10:11, 29.26it/s]evaluating:  28%|██▊       | 6949/24844 [03:42<09:27, 31.53it/s]evaluating:  28%|██▊       | 6953/24844 [03:42<09:58, 29.89it/s]evaluating:  28%|██▊       | 6957/24844 [03:42<10:00, 29.77it/s]evaluating:  28%|██▊       | 6961/24844 [03:42<09:59, 29.85it/s]evaluating:  28%|██▊       | 6965/24844 [03:42<10:18, 28.89it/s]evaluating:  28%|██▊       | 6970/24844 [03:42<09:40, 30.79it/s]evaluating:  28%|██▊       | 6974/24844 [03:42<10:25, 28.59it/s]evaluating:  28%|██▊       | 6978/24844 [03:43<10:04, 29.54it/s]evaluating:  28%|██▊       | 6981/24844 [03:43<10:15, 29.01it/s]evaluating:  28%|██▊       | 6984/24844 [03:43<10:13, 29.13it/s]evaluating:  28%|██▊       | 6987/24844 [03:43<10:23, 28.64it/s]evaluating:  28%|██▊       | 6990/24844 [03:43<10:29, 28.36it/s]evaluating:  28%|██▊       | 6995/24844 [03:43<09:24, 31.60it/s]evaluating:  28%|██▊       | 6999/24844 [03:43<09:44, 30.52it/s]evaluating:  28%|██▊       | 7003/24844 [03:43<10:10, 29.24it/s]evaluating:  28%|██▊       | 7006/24844 [03:43<10:24, 28.55it/s]evaluating:  28%|██▊       | 7009/24844 [03:44<10:43, 27.71it/s]evaluating:  28%|██▊       | 7013/24844 [03:44<10:02, 29.57it/s]evaluating:  28%|██▊       | 7016/24844 [03:44<10:38, 27.92it/s]evaluating:  28%|██▊       | 7019/24844 [03:44<10:45, 27.64it/s]evaluating:  28%|██▊       | 7023/24844 [03:44<09:46, 30.39it/s]evaluating:  28%|██▊       | 7027/24844 [03:44<10:37, 27.93it/s]evaluating:  28%|██▊       | 7031/24844 [03:44<10:01, 29.62it/s]evaluating:  28%|██▊       | 7035/24844 [03:44<10:36, 27.99it/s]evaluating:  28%|██▊       | 7038/24844 [03:45<11:18, 26.23it/s]evaluating:  28%|██▊       | 7041/24844 [03:45<11:17, 26.29it/s]evaluating:  28%|██▊       | 7045/24844 [03:45<10:17, 28.82it/s]evaluating:  28%|██▊       | 7049/24844 [03:45<09:46, 30.36it/s]evaluating:  28%|██▊       | 7053/24844 [03:45<10:18, 28.75it/s]evaluating:  28%|██▊       | 7057/24844 [03:45<09:41, 30.58it/s]evaluating:  28%|██▊       | 7062/24844 [03:45<08:32, 34.70it/s]evaluating:  28%|██▊       | 7066/24844 [03:45<09:00, 32.87it/s]evaluating:  28%|██▊       | 7070/24844 [03:46<09:45, 30.36it/s]evaluating:  28%|██▊       | 7074/24844 [03:46<09:35, 30.86it/s]evaluating:  28%|██▊       | 7078/24844 [03:46<09:33, 31.00it/s]evaluating:  29%|██▊       | 7082/24844 [03:46<09:57, 29.75it/s]evaluating:  29%|██▊       | 7086/24844 [03:46<09:42, 30.49it/s]evaluating:  29%|██▊       | 7090/24844 [03:46<10:24, 28.44it/s]evaluating:  29%|██▊       | 7094/24844 [03:46<09:54, 29.84it/s]evaluating:  29%|██▊       | 7098/24844 [03:47<10:10, 29.09it/s]evaluating:  29%|██▊       | 7101/24844 [03:47<10:12, 28.96it/s]evaluating:  29%|██▊       | 7105/24844 [03:47<09:57, 29.71it/s]evaluating:  29%|██▊       | 7108/24844 [03:47<10:12, 28.97it/s]evaluating:  29%|██▊       | 7111/24844 [03:47<10:14, 28.84it/s]evaluating:  29%|██▊       | 7115/24844 [03:47<10:16, 28.74it/s]evaluating:  29%|██▊       | 7119/24844 [03:47<10:07, 29.19it/s]evaluating:  29%|██▊       | 7122/24844 [03:47<10:28, 28.18it/s]evaluating:  29%|██▊       | 7125/24844 [03:48<10:47, 27.37it/s]evaluating:  29%|██▊       | 7128/24844 [03:48<10:48, 27.31it/s]evaluating:  29%|██▊       | 7131/24844 [03:48<10:42, 27.56it/s]evaluating:  29%|██▊       | 7135/24844 [03:48<09:57, 29.62it/s]evaluating:  29%|██▊       | 7138/24844 [03:48<10:35, 27.87it/s]evaluating:  29%|██▊       | 7142/24844 [03:48<10:01, 29.41it/s]evaluating:  29%|██▉       | 7146/24844 [03:48<09:22, 31.46it/s]evaluating:  29%|██▉       | 7150/24844 [03:48<09:45, 30.23it/s]evaluating:  29%|██▉       | 7154/24844 [03:49<10:04, 29.25it/s]evaluating:  29%|██▉       | 7157/24844 [03:49<10:08, 29.04it/s]evaluating:  29%|██▉       | 7161/24844 [03:49<09:46, 30.13it/s]evaluating:  29%|██▉       | 7165/24844 [03:49<09:38, 30.56it/s]evaluating:  29%|██▉       | 7169/24844 [03:49<09:11, 32.06it/s]evaluating:  29%|██▉       | 7173/24844 [03:49<09:46, 30.12it/s]evaluating:  29%|██▉       | 7177/24844 [03:49<10:10, 28.92it/s]evaluating:  29%|██▉       | 7180/24844 [03:49<10:09, 28.98it/s]evaluating:  29%|██▉       | 7183/24844 [03:50<10:44, 27.41it/s]evaluating:  29%|██▉       | 7187/24844 [03:50<09:37, 30.60it/s]evaluating:  29%|██▉       | 7191/24844 [03:50<09:25, 31.20it/s]evaluating:  29%|██▉       | 7195/24844 [03:50<09:46, 30.07it/s]evaluating:  29%|██▉       | 7199/24844 [03:50<09:59, 29.43it/s]evaluating:  29%|██▉       | 7202/24844 [03:50<09:58, 29.48it/s]evaluating:  29%|██▉       | 7205/24844 [03:50<10:25, 28.21it/s]evaluating:  29%|██▉       | 7208/24844 [03:50<10:21, 28.38it/s]evaluating:  29%|██▉       | 7212/24844 [03:50<09:39, 30.40it/s]evaluating:  29%|██▉       | 7216/24844 [03:51<10:02, 29.26it/s]evaluating:  29%|██▉       | 7219/24844 [03:51<10:01, 29.29it/s]evaluating:  29%|██▉       | 7223/24844 [03:51<09:47, 29.99it/s]evaluating:  29%|██▉       | 7227/24844 [03:51<10:18, 28.50it/s]evaluating:  29%|██▉       | 7231/24844 [03:51<09:41, 30.29it/s]evaluating:  29%|██▉       | 7235/24844 [03:51<09:35, 30.58it/s]evaluating:  29%|██▉       | 7239/24844 [03:51<09:45, 30.04it/s]evaluating:  29%|██▉       | 7243/24844 [03:52<09:32, 30.76it/s]evaluating:  29%|██▉       | 7247/24844 [03:52<09:55, 29.55it/s]evaluating:  29%|██▉       | 7250/24844 [03:52<09:56, 29.48it/s]evaluating:  29%|██▉       | 7254/24844 [03:52<09:30, 30.82it/s]evaluating:  29%|██▉       | 7258/24844 [03:52<09:57, 29.44it/s]evaluating:  29%|██▉       | 7261/24844 [03:52<10:23, 28.20it/s]evaluating:  29%|██▉       | 7265/24844 [03:52<09:47, 29.93it/s]evaluating:  29%|██▉       | 7269/24844 [03:52<09:43, 30.12it/s]evaluating:  29%|██▉       | 7273/24844 [03:53<10:14, 28.59it/s]evaluating:  29%|██▉       | 7277/24844 [03:53<09:29, 30.87it/s]evaluating:  29%|██▉       | 7281/24844 [03:53<09:52, 29.63it/s]evaluating:  29%|██▉       | 7285/24844 [03:53<09:52, 29.64it/s]evaluating:  29%|██▉       | 7289/24844 [03:53<10:06, 28.92it/s]evaluating:  29%|██▉       | 7292/24844 [03:53<10:34, 27.67it/s]evaluating:  29%|██▉       | 7297/24844 [03:53<09:17, 31.47it/s]evaluating:  29%|██▉       | 7301/24844 [03:53<09:45, 29.98it/s]evaluating:  29%|██▉       | 7305/24844 [03:54<09:31, 30.71it/s]evaluating:  29%|██▉       | 7309/24844 [03:54<09:59, 29.27it/s]evaluating:  29%|██▉       | 7313/24844 [03:54<09:20, 31.30it/s]evaluating:  29%|██▉       | 7317/24844 [03:54<09:55, 29.43it/s]evaluating:  29%|██▉       | 7321/24844 [03:54<09:14, 31.59it/s]evaluating:  29%|██▉       | 7325/24844 [03:54<10:02, 29.09it/s]evaluating:  30%|██▉       | 7329/24844 [03:54<10:03, 29.03it/s]evaluating:  30%|██▉       | 7333/24844 [03:55<09:44, 29.94it/s]evaluating:  30%|██▉       | 7337/24844 [03:55<10:11, 28.64it/s]evaluating:  30%|██▉       | 7341/24844 [03:55<09:22, 31.14it/s]evaluating:  30%|██▉       | 7345/24844 [03:55<08:54, 32.72it/s]evaluating:  30%|██▉       | 7349/24844 [03:55<09:42, 30.05it/s]evaluating:  30%|██▉       | 7353/24844 [03:55<09:42, 30.04it/s]evaluating:  30%|██▉       | 7357/24844 [03:55<09:32, 30.53it/s]evaluating:  30%|██▉       | 7361/24844 [03:55<10:04, 28.90it/s]evaluating:  30%|██▉       | 7364/24844 [03:56<10:27, 27.87it/s]evaluating:  30%|██▉       | 7369/24844 [03:56<09:01, 32.27it/s]evaluating:  30%|██▉       | 7373/24844 [03:56<09:57, 29.22it/s]evaluating:  30%|██▉       | 7377/24844 [03:56<10:03, 28.94it/s]evaluating:  30%|██▉       | 7381/24844 [03:56<09:39, 30.15it/s]evaluating:  30%|██▉       | 7385/24844 [03:56<10:02, 28.98it/s]evaluating:  30%|██▉       | 7389/24844 [03:56<09:25, 30.84it/s]evaluating:  30%|██▉       | 7393/24844 [03:57<09:46, 29.77it/s]evaluating:  30%|██▉       | 7397/24844 [03:57<10:07, 28.70it/s]evaluating:  30%|██▉       | 7400/24844 [03:57<10:24, 27.92it/s]evaluating:  30%|██▉       | 7404/24844 [03:57<10:16, 28.31it/s]evaluating:  30%|██▉       | 7407/24844 [03:57<10:10, 28.55it/s]evaluating:  30%|██▉       | 7412/24844 [03:57<08:59, 32.30it/s]evaluating:  30%|██▉       | 7416/24844 [03:57<09:39, 30.06it/s]evaluating:  30%|██▉       | 7420/24844 [03:57<10:05, 28.78it/s]evaluating:  30%|██▉       | 7423/24844 [03:58<10:17, 28.19it/s]evaluating:  30%|██▉       | 7427/24844 [03:58<09:35, 30.25it/s]evaluating:  30%|██▉       | 7431/24844 [03:58<10:20, 28.06it/s]evaluating:  30%|██▉       | 7435/24844 [03:58<09:39, 30.06it/s]evaluating:  30%|██▉       | 7439/24844 [03:58<09:26, 30.72it/s]evaluating:  30%|██▉       | 7443/24844 [03:58<10:06, 28.68it/s]evaluating:  30%|██▉       | 7446/24844 [03:58<10:04, 28.80it/s]evaluating:  30%|██▉       | 7449/24844 [03:58<10:00, 28.95it/s]evaluating:  30%|██▉       | 7452/24844 [03:59<10:05, 28.73it/s]evaluating:  30%|███       | 7456/24844 [03:59<09:39, 30.00it/s]evaluating:  30%|███       | 7460/24844 [03:59<09:25, 30.76it/s]evaluating:  30%|███       | 7464/24844 [03:59<10:12, 28.37it/s]evaluating:  30%|███       | 7468/24844 [03:59<09:48, 29.55it/s]evaluating:  30%|███       | 7471/24844 [03:59<09:53, 29.29it/s]evaluating:  30%|███       | 7474/24844 [03:59<09:58, 29.03it/s]evaluating:  30%|███       | 7477/24844 [03:59<09:57, 29.05it/s]evaluating:  30%|███       | 7480/24844 [04:00<10:04, 28.73it/s]evaluating:  30%|███       | 7483/24844 [04:00<10:38, 27.18it/s]evaluating:  30%|███       | 7487/24844 [04:00<09:51, 29.34it/s]evaluating:  30%|███       | 7490/24844 [04:00<10:09, 28.49it/s]evaluating:  30%|███       | 7494/24844 [04:00<09:31, 30.38it/s]evaluating:  30%|███       | 7498/24844 [04:00<09:09, 31.55it/s]evaluating:  30%|███       | 7502/24844 [04:00<09:28, 30.49it/s]evaluating:  30%|███       | 7506/24844 [04:00<09:47, 29.53it/s]evaluating:  30%|███       | 7510/24844 [04:01<09:41, 29.82it/s]evaluating:  30%|███       | 7513/24844 [04:01<10:10, 28.41it/s]evaluating:  30%|███       | 7517/24844 [04:01<09:14, 31.27it/s]evaluating:  30%|███       | 7521/24844 [04:01<09:27, 30.52it/s]evaluating:  30%|███       | 7525/24844 [04:01<09:32, 30.27it/s]evaluating:  30%|███       | 7529/24844 [04:01<09:25, 30.61it/s]evaluating:  30%|███       | 7533/24844 [04:01<09:00, 32.01it/s]evaluating:  30%|███       | 7537/24844 [04:01<09:47, 29.48it/s]evaluating:  30%|███       | 7542/24844 [04:02<08:42, 33.08it/s]evaluating:  30%|███       | 7546/24844 [04:02<09:32, 30.23it/s]evaluating:  30%|███       | 7550/24844 [04:02<09:56, 29.01it/s]evaluating:  30%|███       | 7554/24844 [04:02<09:42, 29.69it/s]evaluating:  30%|███       | 7558/24844 [04:02<09:34, 30.09it/s]evaluating:  30%|███       | 7562/24844 [04:02<09:37, 29.91it/s]evaluating:  30%|███       | 7567/24844 [04:02<08:57, 32.13it/s]evaluating:  30%|███       | 7571/24844 [04:03<09:35, 30.03it/s]evaluating:  30%|███       | 7575/24844 [04:03<09:40, 29.73it/s]evaluating:  31%|███       | 7579/24844 [04:03<09:27, 30.44it/s]evaluating:  31%|███       | 7583/24844 [04:03<09:42, 29.62it/s]evaluating:  31%|███       | 7586/24844 [04:03<10:02, 28.67it/s]evaluating:  31%|███       | 7591/24844 [04:03<08:57, 32.11it/s]evaluating:  31%|███       | 7595/24844 [04:03<09:03, 31.71it/s]evaluating:  31%|███       | 7599/24844 [04:03<09:44, 29.49it/s]evaluating:  31%|███       | 7602/24844 [04:04<09:48, 29.30it/s]evaluating:  31%|███       | 7607/24844 [04:04<09:14, 31.10it/s]evaluating:  31%|███       | 7611/24844 [04:04<09:28, 30.31it/s]evaluating:  31%|███       | 7615/24844 [04:04<09:29, 30.24it/s]evaluating:  31%|███       | 7619/24844 [04:04<08:56, 32.09it/s]evaluating:  31%|███       | 7623/24844 [04:04<09:57, 28.82it/s]evaluating:  31%|███       | 7626/24844 [04:04<09:51, 29.09it/s]evaluating:  31%|███       | 7629/24844 [04:04<09:47, 29.30it/s]evaluating:  31%|███       | 7632/24844 [04:05<10:26, 27.48it/s]evaluating:  31%|███       | 7635/24844 [04:05<10:26, 27.45it/s]evaluating:  31%|███       | 7638/24844 [04:05<10:20, 27.72it/s]evaluating:  31%|███       | 7641/24844 [04:05<10:29, 27.35it/s]evaluating:  31%|███       | 7644/24844 [04:05<10:46, 26.59it/s]evaluating:  31%|███       | 7648/24844 [04:05<10:17, 27.87it/s]evaluating:  31%|███       | 7651/24844 [04:05<10:41, 26.81it/s]evaluating:  31%|███       | 7655/24844 [04:05<09:31, 30.09it/s]evaluating:  31%|███       | 7659/24844 [04:06<10:18, 27.80it/s]evaluating:  31%|███       | 7662/24844 [04:06<10:28, 27.34it/s]evaluating:  31%|███       | 7665/24844 [04:06<10:21, 27.65it/s]evaluating:  31%|███       | 7668/24844 [04:06<10:30, 27.24it/s]evaluating:  31%|███       | 7671/24844 [04:06<10:48, 26.50it/s]evaluating:  31%|███       | 7675/24844 [04:06<09:38, 29.68it/s]evaluating:  31%|███       | 7679/24844 [04:06<10:11, 28.07it/s]evaluating:  31%|███       | 7682/24844 [04:06<10:43, 26.68it/s]evaluating:  31%|███       | 7686/24844 [04:07<10:13, 27.99it/s]evaluating:  31%|███       | 7689/24844 [04:07<10:15, 27.86it/s]evaluating:  31%|███       | 7692/24844 [04:07<10:09, 28.14it/s]evaluating:  31%|███       | 7696/24844 [04:07<09:08, 31.29it/s]evaluating:  31%|███       | 7700/24844 [04:07<10:05, 28.34it/s]evaluating:  31%|███       | 7703/24844 [04:07<10:06, 28.28it/s]evaluating:  31%|███       | 7707/24844 [04:07<09:37, 29.68it/s]evaluating:  31%|███       | 7711/24844 [04:07<09:54, 28.83it/s]evaluating:  31%|███       | 7714/24844 [04:08<09:54, 28.80it/s]evaluating:  31%|███       | 7718/24844 [04:08<09:29, 30.05it/s]evaluating:  31%|███       | 7722/24844 [04:08<09:40, 29.50it/s]evaluating:  31%|███       | 7725/24844 [04:08<10:07, 28.20it/s]evaluating:  31%|███       | 7729/24844 [04:08<09:25, 30.25it/s]evaluating:  31%|███       | 7733/24844 [04:08<09:43, 29.35it/s]evaluating:  31%|███       | 7736/24844 [04:08<09:49, 29.01it/s]evaluating:  31%|███       | 7739/24844 [04:08<11:05, 25.71it/s]evaluating:  31%|███       | 7742/24844 [04:09<10:45, 26.49it/s]evaluating:  31%|███       | 7745/24844 [04:09<10:34, 26.93it/s]evaluating:  31%|███       | 7748/24844 [04:09<10:23, 27.41it/s]evaluating:  31%|███       | 7752/24844 [04:09<09:21, 30.46it/s]evaluating:  31%|███       | 7756/24844 [04:09<08:58, 31.70it/s]evaluating:  31%|███       | 7760/24844 [04:09<09:24, 30.26it/s]evaluating:  31%|███▏      | 7764/24844 [04:09<09:33, 29.76it/s]evaluating:  31%|███▏      | 7768/24844 [04:09<09:49, 28.96it/s]evaluating:  31%|███▏      | 7772/24844 [04:09<09:10, 31.03it/s]evaluating:  31%|███▏      | 7776/24844 [04:10<10:07, 28.09it/s]evaluating:  31%|███▏      | 7780/24844 [04:10<09:27, 30.09it/s]evaluating:  31%|███▏      | 7784/24844 [04:10<09:24, 30.20it/s]evaluating:  31%|███▏      | 7788/24844 [04:10<09:45, 29.13it/s]evaluating:  31%|███▏      | 7791/24844 [04:10<09:51, 28.84it/s]evaluating:  31%|███▏      | 7794/24844 [04:10<09:46, 29.07it/s]evaluating:  31%|███▏      | 7798/24844 [04:10<09:33, 29.73it/s]evaluating:  31%|███▏      | 7802/24844 [04:11<09:26, 30.07it/s]evaluating:  31%|███▏      | 7806/24844 [04:11<09:42, 29.24it/s]evaluating:  31%|███▏      | 7810/24844 [04:11<09:08, 31.05it/s]evaluating:  31%|███▏      | 7814/24844 [04:11<08:54, 31.86it/s]evaluating:  31%|███▏      | 7818/24844 [04:11<09:41, 29.29it/s]evaluating:  31%|███▏      | 7821/24844 [04:11<09:46, 29.02it/s]evaluating:  31%|███▏      | 7825/24844 [04:11<09:21, 30.29it/s]evaluating:  32%|███▏      | 7829/24844 [04:11<09:35, 29.56it/s]evaluating:  32%|███▏      | 7832/24844 [04:12<09:50, 28.82it/s]evaluating:  32%|███▏      | 7835/24844 [04:12<09:58, 28.43it/s]evaluating:  32%|███▏      | 7839/24844 [04:12<09:07, 31.06it/s]evaluating:  32%|███▏      | 7843/24844 [04:12<08:46, 32.30it/s]evaluating:  32%|███▏      | 7847/24844 [04:12<09:04, 31.22it/s]evaluating:  32%|███▏      | 7851/24844 [04:12<09:46, 28.99it/s]evaluating:  32%|███▏      | 7855/24844 [04:12<09:31, 29.74it/s]evaluating:  32%|███▏      | 7859/24844 [04:12<10:05, 28.03it/s]evaluating:  32%|███▏      | 7864/24844 [04:13<09:02, 31.32it/s]evaluating:  32%|███▏      | 7868/24844 [04:13<09:22, 30.16it/s]evaluating:  32%|███▏      | 7872/24844 [04:13<09:42, 29.13it/s]evaluating:  32%|███▏      | 7875/24844 [04:13<09:58, 28.37it/s]evaluating:  32%|███▏      | 7879/24844 [04:13<09:36, 29.43it/s]evaluating:  32%|███▏      | 7882/24844 [04:13<09:41, 29.16it/s]evaluating:  32%|███▏      | 7885/24844 [04:13<09:44, 29.01it/s]evaluating:  32%|███▏      | 7888/24844 [04:13<09:41, 29.14it/s]evaluating:  32%|███▏      | 7893/24844 [04:14<08:26, 33.45it/s]evaluating:  32%|███▏      | 7897/24844 [04:14<09:12, 30.66it/s]evaluating:  32%|███▏      | 7901/24844 [04:14<09:27, 29.86it/s]evaluating:  32%|███▏      | 7905/24844 [04:14<09:19, 30.30it/s]evaluating:  32%|███▏      | 7909/24844 [04:14<09:49, 28.71it/s]evaluating:  32%|███▏      | 7913/24844 [04:14<09:16, 30.41it/s]evaluating:  32%|███▏      | 7917/24844 [04:14<08:46, 32.12it/s]evaluating:  32%|███▏      | 7921/24844 [04:14<09:22, 30.10it/s]evaluating:  32%|███▏      | 7925/24844 [04:15<09:35, 29.41it/s]evaluating:  32%|███▏      | 7928/24844 [04:15<09:51, 28.61it/s]evaluating:  32%|███▏      | 7932/24844 [04:15<09:46, 28.86it/s]evaluating:  32%|███▏      | 7935/24844 [04:15<09:58, 28.25it/s]evaluating:  32%|███▏      | 7938/24844 [04:15<10:12, 27.59it/s]evaluating:  32%|███▏      | 7942/24844 [04:15<09:11, 30.66it/s]evaluating:  32%|███▏      | 7946/24844 [04:15<08:44, 32.20it/s]evaluating:  32%|███▏      | 7950/24844 [04:15<09:08, 30.82it/s]evaluating:  32%|███▏      | 7954/24844 [04:16<09:27, 29.77it/s]evaluating:  32%|███▏      | 7958/24844 [04:16<09:12, 30.56it/s]evaluating:  32%|███▏      | 7962/24844 [04:16<09:33, 29.46it/s]evaluating:  32%|███▏      | 7966/24844 [04:16<09:19, 30.16it/s]evaluating:  32%|███▏      | 7971/24844 [04:16<08:23, 33.54it/s]evaluating:  32%|███▏      | 7975/24844 [04:16<09:01, 31.17it/s]evaluating:  32%|███▏      | 7979/24844 [04:16<09:02, 31.08it/s]evaluating:  32%|███▏      | 7983/24844 [04:17<09:30, 29.56it/s]evaluating:  32%|███▏      | 7987/24844 [04:17<09:28, 29.66it/s]evaluating:  32%|███▏      | 7990/24844 [04:17<09:50, 28.56it/s]evaluating:  32%|███▏      | 7993/24844 [04:17<09:56, 28.25it/s]evaluating:  32%|███▏      | 7996/24844 [04:17<09:49, 28.60it/s]evaluating:  32%|███▏      | 7999/24844 [04:17<10:19, 27.20it/s]evaluating:  32%|███▏      | 8002/24844 [04:17<10:12, 27.52it/s]evaluating:  32%|███▏      | 8006/24844 [04:17<09:17, 30.23it/s]evaluating:  32%|███▏      | 8010/24844 [04:18<10:03, 27.92it/s]evaluating:  32%|███▏      | 8013/24844 [04:18<10:25, 26.89it/s]evaluating:  32%|███▏      | 8017/24844 [04:18<09:51, 28.45it/s]evaluating:  32%|███▏      | 8020/24844 [04:18<10:00, 28.01it/s]evaluating:  32%|███▏      | 8023/24844 [04:18<10:09, 27.60it/s]evaluating:  32%|███▏      | 8026/24844 [04:18<10:12, 27.45it/s]evaluating:  32%|███▏      | 8030/24844 [04:18<09:35, 29.21it/s]evaluating:  32%|███▏      | 8033/24844 [04:18<09:39, 28.99it/s]evaluating:  32%|███▏      | 8036/24844 [04:18<09:41, 28.92it/s]evaluating:  32%|███▏      | 8040/24844 [04:19<08:54, 31.45it/s]evaluating:  32%|███▏      | 8044/24844 [04:19<09:24, 29.75it/s]evaluating:  32%|███▏      | 8048/24844 [04:19<09:54, 28.24it/s]evaluating:  32%|███▏      | 8052/24844 [04:19<09:22, 29.83it/s]evaluating:  32%|███▏      | 8056/24844 [04:19<09:38, 29.02it/s]evaluating:  32%|███▏      | 8060/24844 [04:19<09:06, 30.71it/s]evaluating:  32%|███▏      | 8064/24844 [04:19<09:36, 29.10it/s]evaluating:  32%|███▏      | 8067/24844 [04:19<10:02, 27.84it/s]evaluating:  32%|███▏      | 8070/24844 [04:20<10:04, 27.76it/s]evaluating:  32%|███▏      | 8073/24844 [04:20<10:17, 27.17it/s]evaluating:  33%|███▎      | 8077/24844 [04:20<09:37, 29.04it/s]evaluating:  33%|███▎      | 8080/24844 [04:20<09:55, 28.17it/s]evaluating:  33%|███▎      | 8083/24844 [04:20<10:21, 26.97it/s]evaluating:  33%|███▎      | 8086/24844 [04:20<10:16, 27.16it/s]evaluating:  33%|███▎      | 8089/24844 [04:20<10:33, 26.45it/s]evaluating:  33%|███▎      | 8092/24844 [04:20<10:41, 26.11it/s]evaluating:  33%|███▎      | 8096/24844 [04:21<09:27, 29.53it/s]evaluating:  33%|███▎      | 8099/24844 [04:21<09:43, 28.68it/s]evaluating:  33%|███▎      | 8102/24844 [04:21<09:51, 28.29it/s]evaluating:  33%|███▎      | 8106/24844 [04:21<09:28, 29.44it/s]evaluating:  33%|███▎      | 8109/24844 [04:21<09:37, 28.96it/s]evaluating:  33%|███▎      | 8112/24844 [04:21<09:38, 28.93it/s]evaluating:  33%|███▎      | 8116/24844 [04:21<08:49, 31.62it/s]evaluating:  33%|███▎      | 8120/24844 [04:21<09:37, 28.96it/s]evaluating:  33%|███▎      | 8123/24844 [04:21<10:05, 27.62it/s]evaluating:  33%|███▎      | 8127/24844 [04:22<09:27, 29.47it/s]evaluating:  33%|███▎      | 8131/24844 [04:22<09:29, 29.37it/s]evaluating:  33%|███▎      | 8135/24844 [04:22<09:15, 30.06it/s]evaluating:  33%|███▎      | 8139/24844 [04:22<10:27, 26.64it/s]evaluating:  33%|███▎      | 8142/24844 [04:22<10:52, 25.60it/s]evaluating:  33%|███▎      | 8145/24844 [04:22<10:38, 26.14it/s]evaluating:  33%|███▎      | 8148/24844 [04:22<10:19, 26.96it/s]evaluating:  33%|███▎      | 8151/24844 [04:22<10:06, 27.52it/s]evaluating:  33%|███▎      | 8155/24844 [04:23<09:17, 29.95it/s]evaluating:  33%|███▎      | 8159/24844 [04:23<08:49, 31.50it/s]evaluating:  33%|███▎      | 8163/24844 [04:23<09:21, 29.70it/s]evaluating:  33%|███▎      | 8167/24844 [04:23<09:39, 28.76it/s]evaluating:  33%|███▎      | 8171/24844 [04:23<09:19, 29.79it/s]evaluating:  33%|███▎      | 8175/24844 [04:23<09:40, 28.70it/s]evaluating:  33%|███▎      | 8179/24844 [04:23<09:41, 28.64it/s]evaluating:  33%|███▎      | 8183/24844 [04:24<08:53, 31.21it/s]evaluating:  33%|███▎      | 8188/24844 [04:24<08:12, 33.85it/s]evaluating:  33%|███▎      | 8192/24844 [04:24<08:49, 31.42it/s]evaluating:  33%|███▎      | 8196/24844 [04:24<09:07, 30.42it/s]evaluating:  33%|███▎      | 8200/24844 [04:24<09:20, 29.70it/s]evaluating:  33%|███▎      | 8204/24844 [04:24<09:11, 30.16it/s]evaluating:  33%|███▎      | 8208/24844 [04:24<08:57, 30.96it/s]evaluating:  33%|███▎      | 8212/24844 [04:24<09:30, 29.17it/s]evaluating:  33%|███▎      | 8215/24844 [04:25<09:50, 28.16it/s]evaluating:  33%|███▎      | 8218/24844 [04:25<09:58, 27.76it/s]evaluating:  33%|███▎      | 8222/24844 [04:25<09:37, 28.78it/s]evaluating:  33%|███▎      | 8225/24844 [04:25<09:56, 27.85it/s]evaluating:  33%|███▎      | 8228/24844 [04:25<10:07, 27.36it/s]evaluating:  33%|███▎      | 8232/24844 [04:25<09:24, 29.45it/s]evaluating:  33%|███▎      | 8235/24844 [04:25<09:39, 28.68it/s]evaluating:  33%|███▎      | 8238/24844 [04:25<09:45, 28.34it/s]evaluating:  33%|███▎      | 8241/24844 [04:26<09:49, 28.19it/s]evaluating:  33%|███▎      | 8245/24844 [04:26<09:22, 29.48it/s]evaluating:  33%|███▎      | 8248/24844 [04:26<09:23, 29.45it/s]evaluating:  33%|███▎      | 8251/24844 [04:26<09:56, 27.81it/s]evaluating:  33%|███▎      | 8255/24844 [04:26<09:12, 30.04it/s]evaluating:  33%|███▎      | 8259/24844 [04:26<09:24, 29.37it/s]evaluating:  33%|███▎      | 8262/24844 [04:26<09:40, 28.56it/s]evaluating:  33%|███▎      | 8266/24844 [04:26<09:38, 28.66it/s]evaluating:  33%|███▎      | 8270/24844 [04:27<09:08, 30.20it/s]evaluating:  33%|███▎      | 8274/24844 [04:27<08:42, 31.73it/s]evaluating:  33%|███▎      | 8278/24844 [04:27<09:03, 30.49it/s]evaluating:  33%|███▎      | 8282/24844 [04:27<09:00, 30.66it/s]evaluating:  33%|███▎      | 8286/24844 [04:27<08:46, 31.43it/s]evaluating:  33%|███▎      | 8290/24844 [04:27<09:08, 30.21it/s]evaluating:  33%|███▎      | 8294/24844 [04:27<09:37, 28.66it/s]evaluating:  33%|███▎      | 8298/24844 [04:27<08:49, 31.23it/s]evaluating:  33%|███▎      | 8302/24844 [04:28<09:36, 28.71it/s]evaluating:  33%|███▎      | 8305/24844 [04:28<09:44, 28.28it/s]evaluating:  33%|███▎      | 8309/24844 [04:28<09:31, 28.93it/s]evaluating:  33%|███▎      | 8312/24844 [04:28<09:42, 28.37it/s]evaluating:  33%|███▎      | 8315/24844 [04:28<09:37, 28.64it/s]evaluating:  33%|███▎      | 8319/24844 [04:28<09:38, 28.54it/s]evaluating:  33%|███▎      | 8322/24844 [04:28<09:45, 28.20it/s]evaluating:  34%|███▎      | 8325/24844 [04:28<09:54, 27.78it/s]evaluating:  34%|███▎      | 8329/24844 [04:29<09:03, 30.39it/s]evaluating:  34%|███▎      | 8333/24844 [04:29<09:05, 30.28it/s]evaluating:  34%|███▎      | 8337/24844 [04:29<08:55, 30.82it/s]evaluating:  34%|███▎      | 8341/24844 [04:29<09:13, 29.82it/s]evaluating:  34%|███▎      | 8346/24844 [04:29<08:17, 33.18it/s]evaluating:  34%|███▎      | 8350/24844 [04:29<09:01, 30.43it/s]evaluating:  34%|███▎      | 8354/24844 [04:29<09:29, 28.94it/s]evaluating:  34%|███▎      | 8358/24844 [04:29<09:11, 29.88it/s]evaluating:  34%|███▎      | 8362/24844 [04:30<09:23, 29.23it/s]evaluating:  34%|███▎      | 8366/24844 [04:30<08:57, 30.68it/s]evaluating:  34%|███▎      | 8370/24844 [04:30<09:06, 30.14it/s]evaluating:  34%|███▎      | 8374/24844 [04:30<08:34, 32.02it/s]evaluating:  34%|███▎      | 8378/24844 [04:30<08:58, 30.60it/s]evaluating:  34%|███▎      | 8382/24844 [04:30<09:28, 28.96it/s]evaluating:  34%|███▍      | 8386/24844 [04:30<09:28, 28.95it/s]evaluating:  34%|███▍      | 8389/24844 [04:31<09:39, 28.38it/s]evaluating:  34%|███▍      | 8393/24844 [04:31<09:21, 29.28it/s]evaluating:  34%|███▍      | 8396/24844 [04:31<09:35, 28.60it/s]evaluating:  34%|███▍      | 8399/24844 [04:31<09:51, 27.81it/s]evaluating:  34%|███▍      | 8402/24844 [04:31<10:09, 26.97it/s]evaluating:  34%|███▍      | 8405/24844 [04:31<09:55, 27.60it/s]evaluating:  34%|███▍      | 8408/24844 [04:31<10:15, 26.72it/s]evaluating:  34%|███▍      | 8411/24844 [04:31<10:13, 26.78it/s]evaluating:  34%|███▍      | 8416/24844 [04:31<08:41, 31.48it/s]evaluating:  34%|███▍      | 8420/24844 [04:32<09:20, 29.29it/s]evaluating:  34%|███▍      | 8423/24844 [04:32<09:32, 28.69it/s]evaluating:  34%|███▍      | 8426/24844 [04:32<09:30, 28.80it/s]evaluating:  34%|███▍      | 8430/24844 [04:32<09:22, 29.16it/s]evaluating:  34%|███▍      | 8433/24844 [04:32<09:19, 29.32it/s]evaluating:  34%|███▍      | 8436/24844 [04:32<09:26, 28.94it/s]evaluating:  34%|███▍      | 8439/24844 [04:32<09:26, 28.95it/s]evaluating:  34%|███▍      | 8443/24844 [04:32<08:50, 30.93it/s]evaluating:  34%|███▍      | 8447/24844 [04:33<08:51, 30.85it/s]evaluating:  34%|███▍      | 8451/24844 [04:33<09:24, 29.04it/s]evaluating:  34%|███▍      | 8454/24844 [04:33<09:36, 28.41it/s]evaluating:  34%|███▍      | 8458/24844 [04:33<09:01, 30.24it/s]evaluating:  34%|███▍      | 8462/24844 [04:33<09:39, 28.29it/s]evaluating:  34%|███▍      | 8465/24844 [04:33<10:04, 27.11it/s]evaluating:  34%|███▍      | 8469/24844 [04:33<09:15, 29.47it/s]evaluating:  34%|███▍      | 8474/24844 [04:33<08:36, 31.68it/s]evaluating:  34%|███▍      | 8478/24844 [04:34<09:00, 30.29it/s]evaluating:  34%|███▍      | 8482/24844 [04:34<08:53, 30.69it/s]evaluating:  34%|███▍      | 8486/24844 [04:34<08:48, 30.93it/s]evaluating:  34%|███▍      | 8490/24844 [04:34<09:38, 28.29it/s]evaluating:  34%|███▍      | 8494/24844 [04:34<09:13, 29.52it/s]evaluating:  34%|███▍      | 8498/24844 [04:34<09:37, 28.30it/s]evaluating:  34%|███▍      | 8501/24844 [04:34<10:01, 27.18it/s]evaluating:  34%|███▍      | 8504/24844 [04:34<09:47, 27.80it/s]evaluating:  34%|███▍      | 8508/24844 [04:35<09:43, 27.98it/s]evaluating:  34%|███▍      | 8511/24844 [04:35<09:36, 28.33it/s]evaluating:  34%|███▍      | 8515/24844 [04:35<08:48, 30.91it/s]evaluating:  34%|███▍      | 8519/24844 [04:35<09:10, 29.68it/s]evaluating:  34%|███▍      | 8523/24844 [04:35<09:40, 28.10it/s]evaluating:  34%|███▍      | 8526/24844 [04:35<09:37, 28.28it/s]evaluating:  34%|███▍      | 8529/24844 [04:35<09:54, 27.43it/s]evaluating:  34%|███▍      | 8533/24844 [04:35<08:58, 30.31it/s]evaluating:  34%|███▍      | 8537/24844 [04:36<09:25, 28.82it/s]evaluating:  34%|███▍      | 8540/24844 [04:36<09:46, 27.80it/s]evaluating:  34%|███▍      | 8544/24844 [04:36<09:09, 29.66it/s]evaluating:  34%|███▍      | 8548/24844 [04:36<09:31, 28.53it/s]evaluating:  34%|███▍      | 8552/24844 [04:36<08:55, 30.40it/s]evaluating:  34%|███▍      | 8556/24844 [04:36<08:44, 31.04it/s]evaluating:  34%|███▍      | 8560/24844 [04:36<09:24, 28.85it/s]evaluating:  34%|███▍      | 8563/24844 [04:37<09:32, 28.44it/s]evaluating:  34%|███▍      | 8567/24844 [04:37<09:12, 29.48it/s]evaluating:  34%|███▍      | 8570/24844 [04:37<09:43, 27.87it/s]evaluating:  35%|███▍      | 8573/24844 [04:37<09:44, 27.83it/s]evaluating:  35%|███▍      | 8577/24844 [04:37<08:48, 30.81it/s]evaluating:  35%|███▍      | 8581/24844 [04:37<09:41, 27.94it/s]evaluating:  35%|███▍      | 8585/24844 [04:37<09:26, 28.68it/s]evaluating:  35%|███▍      | 8589/24844 [04:37<09:03, 29.90it/s]evaluating:  35%|███▍      | 8593/24844 [04:38<09:10, 29.53it/s]evaluating:  35%|███▍      | 8596/24844 [04:38<09:41, 27.93it/s]evaluating:  35%|███▍      | 8601/24844 [04:38<08:33, 31.62it/s]evaluating:  35%|███▍      | 8605/24844 [04:38<09:11, 29.43it/s]evaluating:  35%|███▍      | 8608/24844 [04:38<09:43, 27.83it/s]evaluating:  35%|███▍      | 8611/24844 [04:38<09:49, 27.54it/s]evaluating:  35%|███▍      | 8614/24844 [04:38<09:42, 27.85it/s]evaluating:  35%|███▍      | 8617/24844 [04:38<09:39, 28.00it/s]evaluating:  35%|███▍      | 8620/24844 [04:39<09:54, 27.28it/s]evaluating:  35%|███▍      | 8624/24844 [04:39<09:18, 29.03it/s]evaluating:  35%|███▍      | 8628/24844 [04:39<08:40, 31.13it/s]evaluating:  35%|███▍      | 8632/24844 [04:39<08:32, 31.65it/s]evaluating:  35%|███▍      | 8636/24844 [04:39<09:00, 29.97it/s]evaluating:  35%|███▍      | 8640/24844 [04:39<09:19, 28.97it/s]evaluating:  35%|███▍      | 8644/24844 [04:39<09:19, 28.94it/s]evaluating:  35%|███▍      | 8647/24844 [04:39<09:39, 27.97it/s]evaluating:  35%|███▍      | 8651/24844 [04:40<08:47, 30.68it/s]evaluating:  35%|███▍      | 8655/24844 [04:40<08:34, 31.44it/s]evaluating:  35%|███▍      | 8659/24844 [04:40<09:19, 28.91it/s]evaluating:  35%|███▍      | 8663/24844 [04:40<08:54, 30.28it/s]evaluating:  35%|███▍      | 8667/24844 [04:40<09:15, 29.12it/s]evaluating:  35%|███▍      | 8670/24844 [04:40<09:13, 29.24it/s]evaluating:  35%|███▍      | 8674/24844 [04:40<08:28, 31.77it/s]evaluating:  35%|███▍      | 8678/24844 [04:40<09:31, 28.29it/s]evaluating:  35%|███▍      | 8682/24844 [04:41<09:06, 29.60it/s]evaluating:  35%|███▍      | 8686/24844 [04:41<09:01, 29.85it/s]evaluating:  35%|███▍      | 8690/24844 [04:41<09:20, 28.80it/s]evaluating:  35%|███▍      | 8693/24844 [04:41<09:27, 28.46it/s]evaluating:  35%|███▌      | 8697/24844 [04:41<08:46, 30.65it/s]evaluating:  35%|███▌      | 8701/24844 [04:41<08:59, 29.90it/s]evaluating:  35%|███▌      | 8705/24844 [04:41<09:37, 27.94it/s]evaluating:  35%|███▌      | 8709/24844 [04:41<09:06, 29.50it/s]evaluating:  35%|███▌      | 8713/24844 [04:42<09:11, 29.27it/s]evaluating:  35%|███▌      | 8717/24844 [04:42<08:47, 30.59it/s]evaluating:  35%|███▌      | 8721/24844 [04:42<09:22, 28.66it/s]evaluating:  35%|███▌      | 8724/24844 [04:42<09:25, 28.53it/s]evaluating:  35%|███▌      | 8728/24844 [04:42<09:01, 29.78it/s]evaluating:  35%|███▌      | 8732/24844 [04:42<09:16, 28.95it/s]evaluating:  35%|███▌      | 8735/24844 [04:42<09:11, 29.19it/s]evaluating:  35%|███▌      | 8740/24844 [04:43<08:28, 31.67it/s]evaluating:  35%|███▌      | 8744/24844 [04:43<08:50, 30.35it/s]evaluating:  35%|███▌      | 8748/24844 [04:43<09:33, 28.07it/s]evaluating:  35%|███▌      | 8752/24844 [04:43<09:22, 28.61it/s]evaluating:  35%|███▌      | 8756/24844 [04:43<09:09, 29.28it/s]evaluating:  35%|███▌      | 8759/24844 [04:43<09:27, 28.32it/s]evaluating:  35%|███▌      | 8762/24844 [04:43<09:22, 28.60it/s]evaluating:  35%|███▌      | 8767/24844 [04:43<08:27, 31.66it/s]evaluating:  35%|███▌      | 8771/24844 [04:44<09:01, 29.70it/s]evaluating:  35%|███▌      | 8774/24844 [04:44<09:21, 28.64it/s]evaluating:  35%|███▌      | 8777/24844 [04:44<09:17, 28.81it/s]evaluating:  35%|███▌      | 8780/24844 [04:44<09:27, 28.29it/s]evaluating:  35%|███▌      | 8783/24844 [04:44<09:27, 28.30it/s]evaluating:  35%|███▌      | 8787/24844 [04:44<08:51, 30.20it/s]evaluating:  35%|███▌      | 8791/24844 [04:44<09:28, 28.25it/s]evaluating:  35%|███▌      | 8795/24844 [04:44<09:16, 28.83it/s]evaluating:  35%|███▌      | 8798/24844 [04:45<09:17, 28.79it/s]evaluating:  35%|███▌      | 8801/24844 [04:45<09:31, 28.05it/s]evaluating:  35%|███▌      | 8806/24844 [04:45<08:19, 32.09it/s]evaluating:  35%|███▌      | 8810/24844 [04:45<08:49, 30.27it/s]evaluating:  35%|███▌      | 8814/24844 [04:45<08:57, 29.82it/s]evaluating:  35%|███▌      | 8818/24844 [04:45<09:04, 29.45it/s]evaluating:  36%|███▌      | 8821/24844 [04:45<09:20, 28.58it/s]evaluating:  36%|███▌      | 8824/24844 [04:45<09:22, 28.48it/s]evaluating:  36%|███▌      | 8828/24844 [04:46<09:02, 29.50it/s]evaluating:  36%|███▌      | 8831/24844 [04:46<09:19, 28.60it/s]evaluating:  36%|███▌      | 8834/24844 [04:46<09:32, 27.97it/s]evaluating:  36%|███▌      | 8838/24844 [04:46<09:05, 29.35it/s]evaluating:  36%|███▌      | 8841/24844 [04:46<09:50, 27.09it/s]evaluating:  36%|███▌      | 8845/24844 [04:46<08:54, 29.92it/s]evaluating:  36%|███▌      | 8849/24844 [04:46<08:41, 30.66it/s]evaluating:  36%|███▌      | 8853/24844 [04:46<08:50, 30.12it/s]evaluating:  36%|███▌      | 8857/24844 [04:47<08:48, 30.26it/s]evaluating:  36%|███▌      | 8861/24844 [04:47<08:46, 30.38it/s]evaluating:  36%|███▌      | 8865/24844 [04:47<08:59, 29.63it/s]evaluating:  36%|███▌      | 8868/24844 [04:47<09:03, 29.40it/s]evaluating:  36%|███▌      | 8873/24844 [04:47<08:28, 31.38it/s]evaluating:  36%|███▌      | 8877/24844 [04:47<08:54, 29.89it/s]evaluating:  36%|███▌      | 8881/24844 [04:47<08:22, 31.78it/s]evaluating:  36%|███▌      | 8885/24844 [04:47<08:20, 31.91it/s]evaluating:  36%|███▌      | 8889/24844 [04:48<08:27, 31.47it/s]evaluating:  36%|███▌      | 8893/24844 [04:48<08:31, 31.17it/s]evaluating:  36%|███▌      | 8897/24844 [04:48<08:25, 31.52it/s]evaluating:  36%|███▌      | 8901/24844 [04:48<08:44, 30.37it/s]evaluating:  36%|███▌      | 8905/24844 [04:48<09:16, 28.64it/s]evaluating:  36%|███▌      | 8910/24844 [04:48<08:28, 31.33it/s]evaluating:  36%|███▌      | 8914/24844 [04:48<08:52, 29.93it/s]evaluating:  36%|███▌      | 8918/24844 [04:49<08:48, 30.13it/s]evaluating:  36%|███▌      | 8922/24844 [04:49<08:32, 31.08it/s]evaluating:  36%|███▌      | 8926/24844 [04:49<08:03, 32.95it/s]evaluating:  36%|███▌      | 8930/24844 [04:49<08:42, 30.45it/s]evaluating:  36%|███▌      | 8934/24844 [04:49<08:34, 30.90it/s]evaluating:  36%|███▌      | 8938/24844 [04:49<08:45, 30.25it/s]evaluating:  36%|███▌      | 8942/24844 [04:49<08:47, 30.17it/s]evaluating:  36%|███▌      | 8946/24844 [04:49<09:07, 29.04it/s]evaluating:  36%|███▌      | 8951/24844 [04:50<08:16, 32.04it/s]evaluating:  36%|███▌      | 8955/24844 [04:50<08:12, 32.29it/s]evaluating:  36%|███▌      | 8959/24844 [04:50<08:30, 31.11it/s]evaluating:  36%|███▌      | 8963/24844 [04:50<08:39, 30.56it/s]evaluating:  36%|███▌      | 8967/24844 [04:50<09:15, 28.58it/s]evaluating:  36%|███▌      | 8971/24844 [04:50<08:47, 30.09it/s]evaluating:  36%|███▌      | 8975/24844 [04:50<09:03, 29.20it/s]evaluating:  36%|███▌      | 8978/24844 [04:51<09:18, 28.38it/s]evaluating:  36%|███▌      | 8981/24844 [04:51<09:28, 27.88it/s]evaluating:  36%|███▌      | 8984/24844 [04:51<09:29, 27.87it/s]evaluating:  36%|███▌      | 8988/24844 [04:51<09:26, 27.99it/s]evaluating:  36%|███▌      | 8991/24844 [04:51<09:26, 27.98it/s]evaluating:  36%|███▌      | 8994/24844 [04:51<09:25, 28.05it/s]evaluating:  36%|███▌      | 8998/24844 [04:51<09:01, 29.25it/s]evaluating:  36%|███▌      | 9001/24844 [04:51<09:44, 27.10it/s]evaluating:  36%|███▋      | 9006/24844 [04:51<08:24, 31.42it/s]evaluating:  36%|███▋      | 9010/24844 [04:52<08:28, 31.13it/s]evaluating:  36%|███▋      | 9014/24844 [04:52<09:03, 29.15it/s]evaluating:  36%|███▋      | 9018/24844 [04:52<08:55, 29.55it/s]evaluating:  36%|███▋      | 9021/24844 [04:52<09:24, 28.05it/s]evaluating:  36%|███▋      | 9024/24844 [04:52<09:20, 28.22it/s]evaluating:  36%|███▋      | 9029/24844 [04:52<08:05, 32.54it/s]evaluating:  36%|███▋      | 9033/24844 [04:52<08:38, 30.48it/s]evaluating:  36%|███▋      | 9037/24844 [04:53<09:04, 29.03it/s]evaluating:  36%|███▋      | 9041/24844 [04:53<08:46, 30.02it/s]evaluating:  36%|███▋      | 9045/24844 [04:53<08:44, 30.13it/s]evaluating:  36%|███▋      | 9049/24844 [04:53<09:01, 29.17it/s]evaluating:  36%|███▋      | 9054/24844 [04:53<07:50, 33.58it/s]evaluating:  36%|███▋      | 9058/24844 [04:53<08:09, 32.26it/s]evaluating:  36%|███▋      | 9062/24844 [04:53<08:19, 31.61it/s]evaluating:  36%|███▋      | 9066/24844 [04:53<08:09, 32.24it/s]evaluating:  37%|███▋      | 9070/24844 [04:54<08:33, 30.71it/s]evaluating:  37%|███▋      | 9074/24844 [04:54<08:16, 31.79it/s]evaluating:  37%|███▋      | 9078/24844 [04:54<08:06, 32.43it/s]evaluating:  37%|███▋      | 9082/24844 [04:54<08:23, 31.30it/s]evaluating:  37%|███▋      | 9086/24844 [04:54<09:03, 29.01it/s]evaluating:  37%|███▋      | 9090/24844 [04:54<08:36, 30.51it/s]evaluating:  37%|███▋      | 9094/24844 [04:54<08:36, 30.52it/s]evaluating:  37%|███▋      | 9098/24844 [04:55<09:26, 27.78it/s]evaluating:  37%|███▋      | 9102/24844 [04:55<08:41, 30.17it/s]evaluating:  37%|███▋      | 9106/24844 [04:55<08:28, 30.97it/s]evaluating:  37%|███▋      | 9110/24844 [04:55<08:43, 30.05it/s]evaluating:  37%|███▋      | 9114/24844 [04:55<08:44, 30.01it/s]evaluating:  37%|███▋      | 9118/24844 [04:55<08:26, 31.02it/s]evaluating:  37%|███▋      | 9122/24844 [04:55<08:39, 30.27it/s]evaluating:  37%|███▋      | 9126/24844 [04:55<08:46, 29.86it/s]evaluating:  37%|███▋      | 9130/24844 [04:56<08:48, 29.71it/s]evaluating:  37%|███▋      | 9133/24844 [04:56<09:16, 28.23it/s]evaluating:  37%|███▋      | 9136/24844 [04:56<09:13, 28.37it/s]evaluating:  37%|███▋      | 9139/24844 [04:56<09:20, 28.00it/s]evaluating:  37%|███▋      | 9142/24844 [04:56<09:29, 27.59it/s]evaluating:  37%|███▋      | 9146/24844 [04:56<08:46, 29.80it/s]evaluating:  37%|███▋      | 9149/24844 [04:56<09:04, 28.82it/s]evaluating:  37%|███▋      | 9152/24844 [04:56<08:58, 29.12it/s]evaluating:  37%|███▋      | 9155/24844 [04:56<09:01, 28.97it/s]evaluating:  37%|███▋      | 9159/24844 [04:57<09:07, 28.66it/s]evaluating:  37%|███▋      | 9163/24844 [04:57<08:39, 30.17it/s]evaluating:  37%|███▋      | 9167/24844 [04:57<09:14, 28.30it/s]evaluating:  37%|███▋      | 9172/24844 [04:57<08:14, 31.72it/s]evaluating:  37%|███▋      | 9176/24844 [04:57<08:23, 31.14it/s]evaluating:  37%|███▋      | 9180/24844 [04:57<08:50, 29.51it/s]evaluating:  37%|███▋      | 9184/24844 [04:57<08:29, 30.73it/s]evaluating:  37%|███▋      | 9188/24844 [04:58<08:13, 31.74it/s]evaluating:  37%|███▋      | 9192/24844 [04:58<08:52, 29.38it/s]evaluating:  37%|███▋      | 9196/24844 [04:58<08:13, 31.73it/s]evaluating:  37%|███▋      | 9200/24844 [04:58<08:36, 30.29it/s]evaluating:  37%|███▋      | 9204/24844 [04:58<08:42, 29.92it/s]evaluating:  37%|███▋      | 9208/24844 [04:58<08:47, 29.66it/s]evaluating:  37%|███▋      | 9212/24844 [04:58<08:39, 30.06it/s]evaluating:  37%|███▋      | 9216/24844 [04:58<08:55, 29.21it/s]evaluating:  37%|███▋      | 9220/24844 [04:59<08:21, 31.15it/s]evaluating:  37%|███▋      | 9224/24844 [04:59<08:44, 29.77it/s]evaluating:  37%|███▋      | 9228/24844 [04:59<09:00, 28.87it/s]evaluating:  37%|███▋      | 9232/24844 [04:59<08:38, 30.12it/s]evaluating:  37%|███▋      | 9236/24844 [04:59<08:51, 29.39it/s]evaluating:  37%|███▋      | 9239/24844 [04:59<09:07, 28.48it/s]evaluating:  37%|███▋      | 9242/24844 [04:59<09:04, 28.67it/s]evaluating:  37%|███▋      | 9245/24844 [04:59<09:19, 27.90it/s]evaluating:  37%|███▋      | 9248/24844 [05:00<09:08, 28.43it/s]evaluating:  37%|███▋      | 9252/24844 [05:00<08:47, 29.55it/s]evaluating:  37%|███▋      | 9255/24844 [05:00<09:05, 28.57it/s]evaluating:  37%|███▋      | 9259/24844 [05:00<08:20, 31.12it/s]evaluating:  37%|███▋      | 9263/24844 [05:00<08:12, 31.66it/s]evaluating:  37%|███▋      | 9267/24844 [05:00<08:32, 30.38it/s]evaluating:  37%|███▋      | 9271/24844 [05:00<08:34, 30.26it/s]evaluating:  37%|███▋      | 9275/24844 [05:00<08:28, 30.64it/s]evaluating:  37%|███▋      | 9279/24844 [05:01<08:01, 32.30it/s]evaluating:  37%|███▋      | 9283/24844 [05:01<08:11, 31.69it/s]evaluating:  37%|███▋      | 9287/24844 [05:01<07:40, 33.80it/s]evaluating:  37%|███▋      | 9291/24844 [05:01<08:06, 31.98it/s]evaluating:  37%|███▋      | 9295/24844 [05:01<08:30, 30.47it/s]evaluating:  37%|███▋      | 9299/24844 [05:01<08:56, 28.98it/s]evaluating:  37%|███▋      | 9303/24844 [05:01<08:24, 30.81it/s]evaluating:  37%|███▋      | 9307/24844 [05:01<08:38, 29.94it/s]evaluating:  37%|███▋      | 9311/24844 [05:02<08:51, 29.20it/s]evaluating:  37%|███▋      | 9315/24844 [05:02<08:16, 31.26it/s]evaluating:  38%|███▊      | 9319/24844 [05:02<08:16, 31.25it/s]evaluating:  38%|███▊      | 9323/24844 [05:02<08:36, 30.05it/s]evaluating:  38%|███▊      | 9327/24844 [05:02<08:19, 31.06it/s]evaluating:  38%|███▊      | 9331/24844 [05:02<08:19, 31.05it/s]evaluating:  38%|███▊      | 9335/24844 [05:02<08:38, 29.94it/s]evaluating:  38%|███▊      | 9340/24844 [05:03<08:14, 31.35it/s]evaluating:  38%|███▊      | 9344/24844 [05:03<08:42, 29.67it/s]evaluating:  38%|███▊      | 9347/24844 [05:03<08:52, 29.08it/s]evaluating:  38%|███▊      | 9350/24844 [05:03<09:15, 27.91it/s]evaluating:  38%|███▊      | 9353/24844 [05:03<09:14, 27.92it/s]evaluating:  38%|███▊      | 9357/24844 [05:03<08:20, 30.96it/s]evaluating:  38%|███▊      | 9361/24844 [05:03<08:30, 30.34it/s]evaluating:  38%|███▊      | 9365/24844 [05:03<08:41, 29.69it/s]evaluating:  38%|███▊      | 9369/24844 [05:04<08:58, 28.73it/s]evaluating:  38%|███▊      | 9373/24844 [05:04<08:45, 29.43it/s]evaluating:  38%|███▊      | 9376/24844 [05:04<10:14, 25.16it/s]evaluating:  38%|███▊      | 9379/24844 [05:04<09:58, 25.86it/s]evaluating:  38%|███▊      | 9384/24844 [05:04<08:53, 28.99it/s]evaluating:  38%|███▊      | 9387/24844 [05:04<08:55, 28.86it/s]evaluating:  38%|███▊      | 9390/24844 [05:04<09:05, 28.32it/s]evaluating:  38%|███▊      | 9394/24844 [05:04<08:42, 29.57it/s]evaluating:  38%|███▊      | 9397/24844 [05:05<09:03, 28.42it/s]evaluating:  38%|███▊      | 9401/24844 [05:05<08:40, 29.69it/s]evaluating:  38%|███▊      | 9405/24844 [05:05<08:23, 30.66it/s]evaluating:  38%|███▊      | 9409/24844 [05:05<09:09, 28.07it/s]evaluating:  38%|███▊      | 9412/24844 [05:05<09:04, 28.36it/s]evaluating:  38%|███▊      | 9416/24844 [05:05<08:40, 29.62it/s]evaluating:  38%|███▊      | 9419/24844 [05:05<08:49, 29.15it/s]evaluating:  38%|███▊      | 9422/24844 [05:05<09:12, 27.91it/s]evaluating:  38%|███▊      | 9426/24844 [05:06<08:35, 29.93it/s]evaluating:  38%|███▊      | 9430/24844 [05:06<08:43, 29.46it/s]evaluating:  38%|███▊      | 9433/24844 [05:06<09:08, 28.12it/s]evaluating:  38%|███▊      | 9437/24844 [05:06<09:03, 28.36it/s]evaluating:  38%|███▊      | 9440/24844 [05:06<09:35, 26.77it/s]evaluating:  38%|███▊      | 9444/24844 [05:06<08:37, 29.76it/s]evaluating:  38%|███▊      | 9448/24844 [05:06<09:05, 28.24it/s]evaluating:  38%|███▊      | 9451/24844 [05:06<09:11, 27.90it/s]evaluating:  38%|███▊      | 9454/24844 [05:07<09:20, 27.47it/s]evaluating:  38%|███▊      | 9458/24844 [05:07<08:39, 29.60it/s]evaluating:  38%|███▊      | 9461/24844 [05:07<09:19, 27.50it/s]evaluating:  38%|███▊      | 9464/24844 [05:07<09:21, 27.42it/s]evaluating:  38%|███▊      | 9468/24844 [05:07<08:30, 30.15it/s]evaluating:  38%|███▊      | 9472/24844 [05:07<08:44, 29.28it/s]evaluating:  38%|███▊      | 9475/24844 [05:07<08:58, 28.52it/s]evaluating:  38%|███▊      | 9479/24844 [05:07<08:52, 28.86it/s]evaluating:  38%|███▊      | 9483/24844 [05:08<08:28, 30.20it/s]evaluating:  38%|███▊      | 9487/24844 [05:08<08:21, 30.64it/s]evaluating:  38%|███▊      | 9491/24844 [05:08<08:44, 29.26it/s]evaluating:  38%|███▊      | 9495/24844 [05:08<08:05, 31.63it/s]evaluating:  38%|███▊      | 9499/24844 [05:08<08:53, 28.78it/s]evaluating:  38%|███▊      | 9502/24844 [05:08<08:56, 28.59it/s]evaluating:  38%|███▊      | 9506/24844 [05:08<08:28, 30.15it/s]evaluating:  38%|███▊      | 9510/24844 [05:08<09:16, 27.57it/s]evaluating:  38%|███▊      | 9515/24844 [05:09<08:12, 31.11it/s]evaluating:  38%|███▊      | 9519/24844 [05:09<08:24, 30.36it/s]evaluating:  38%|███▊      | 9523/24844 [05:09<09:00, 28.32it/s]evaluating:  38%|███▊      | 9527/24844 [05:09<08:46, 29.07it/s]evaluating:  38%|███▊      | 9530/24844 [05:09<09:01, 28.27it/s]evaluating:  38%|███▊      | 9534/24844 [05:09<08:25, 30.31it/s]evaluating:  38%|███▊      | 9538/24844 [05:09<08:33, 29.79it/s]evaluating:  38%|███▊      | 9542/24844 [05:10<08:43, 29.21it/s]evaluating:  38%|███▊      | 9545/24844 [05:10<09:02, 28.22it/s]evaluating:  38%|███▊      | 9548/24844 [05:10<08:56, 28.53it/s]evaluating:  38%|███▊      | 9552/24844 [05:10<08:53, 28.66it/s]evaluating:  38%|███▊      | 9555/24844 [05:10<08:50, 28.80it/s]evaluating:  38%|███▊      | 9559/24844 [05:10<08:01, 31.72it/s]evaluating:  38%|███▊      | 9563/24844 [05:10<08:46, 29.02it/s]evaluating:  39%|███▊      | 9566/24844 [05:10<08:45, 29.07it/s]evaluating:  39%|███▊      | 9569/24844 [05:11<09:01, 28.19it/s]evaluating:  39%|███▊      | 9573/24844 [05:11<08:56, 28.47it/s]evaluating:  39%|███▊      | 9576/24844 [05:11<09:34, 26.58it/s]evaluating:  39%|███▊      | 9580/24844 [05:11<09:08, 27.82it/s]evaluating:  39%|███▊      | 9584/24844 [05:11<08:29, 29.95it/s]evaluating:  39%|███▊      | 9588/24844 [05:11<08:20, 30.46it/s]evaluating:  39%|███▊      | 9592/24844 [05:11<08:28, 30.01it/s]evaluating:  39%|███▊      | 9596/24844 [05:11<08:24, 30.22it/s]evaluating:  39%|███▊      | 9600/24844 [05:12<08:38, 29.41it/s]evaluating:  39%|███▊      | 9603/24844 [05:12<08:41, 29.23it/s]evaluating:  39%|███▊      | 9606/24844 [05:12<08:56, 28.40it/s]evaluating:  39%|███▊      | 9609/24844 [05:12<08:50, 28.72it/s]evaluating:  39%|███▊      | 9612/24844 [05:12<09:31, 26.66it/s]evaluating:  39%|███▊      | 9615/24844 [05:12<09:37, 26.38it/s]evaluating:  39%|███▊      | 9619/24844 [05:12<09:00, 28.17it/s]evaluating:  39%|███▊      | 9623/24844 [05:12<08:50, 28.70it/s]evaluating:  39%|███▊      | 9626/24844 [05:12<08:51, 28.65it/s]evaluating:  39%|███▉      | 9630/24844 [05:13<08:44, 29.00it/s]evaluating:  39%|███▉      | 9633/24844 [05:13<09:17, 27.29it/s]evaluating:  39%|███▉      | 9636/24844 [05:13<09:14, 27.41it/s]evaluating:  39%|███▉      | 9640/24844 [05:13<09:12, 27.54it/s]evaluating:  39%|███▉      | 9644/24844 [05:13<08:32, 29.68it/s]evaluating:  39%|███▉      | 9647/24844 [05:13<08:57, 28.28it/s]evaluating:  39%|███▉      | 9651/24844 [05:13<08:25, 30.06it/s]evaluating:  39%|███▉      | 9655/24844 [05:14<08:47, 28.77it/s]evaluating:  39%|███▉      | 9658/24844 [05:14<09:25, 26.83it/s]evaluating:  39%|███▉      | 9662/24844 [05:14<09:01, 28.03it/s]evaluating:  39%|███▉      | 9665/24844 [05:14<09:24, 26.89it/s]evaluating:  39%|███▉      | 9669/24844 [05:14<08:36, 29.38it/s]evaluating:  39%|███▉      | 9672/24844 [05:14<08:36, 29.38it/s]evaluating:  39%|███▉      | 9675/24844 [05:14<09:07, 27.72it/s]evaluating:  39%|███▉      | 9678/24844 [05:14<09:18, 27.17it/s]evaluating:  39%|███▉      | 9681/24844 [05:14<09:08, 27.64it/s]evaluating:  39%|███▉      | 9685/24844 [05:15<08:45, 28.82it/s]evaluating:  39%|███▉      | 9688/24844 [05:15<09:03, 27.91it/s]evaluating:  39%|███▉      | 9691/24844 [05:15<09:12, 27.44it/s]evaluating:  39%|███▉      | 9694/24844 [05:15<09:05, 27.77it/s]evaluating:  39%|███▉      | 9699/24844 [05:15<07:50, 32.17it/s]evaluating:  39%|███▉      | 9703/24844 [05:15<07:55, 31.86it/s]evaluating:  39%|███▉      | 9707/24844 [05:15<08:23, 30.09it/s]evaluating:  39%|███▉      | 9711/24844 [05:15<08:49, 28.58it/s]evaluating:  39%|███▉      | 9715/24844 [05:16<08:33, 29.47it/s]evaluating:  39%|███▉      | 9718/24844 [05:16<08:58, 28.11it/s]evaluating:  39%|███▉      | 9722/24844 [05:16<08:25, 29.89it/s]evaluating:  39%|███▉      | 9726/24844 [05:16<08:41, 28.99it/s]evaluating:  39%|███▉      | 9729/24844 [05:16<08:46, 28.70it/s]evaluating:  39%|███▉      | 9732/24844 [05:16<08:41, 29.00it/s]evaluating:  39%|███▉      | 9735/24844 [05:16<09:04, 27.73it/s]evaluating:  39%|███▉      | 9739/24844 [05:16<08:38, 29.15it/s]evaluating:  39%|███▉      | 9743/24844 [05:17<08:10, 30.81it/s]evaluating:  39%|███▉      | 9747/24844 [05:17<08:44, 28.77it/s]evaluating:  39%|███▉      | 9750/24844 [05:17<08:49, 28.50it/s]evaluating:  39%|███▉      | 9754/24844 [05:17<08:23, 29.94it/s]evaluating:  39%|███▉      | 9758/24844 [05:17<08:54, 28.24it/s]evaluating:  39%|███▉      | 9762/24844 [05:17<08:25, 29.82it/s]evaluating:  39%|███▉      | 9766/24844 [05:17<08:41, 28.92it/s]evaluating:  39%|███▉      | 9769/24844 [05:17<08:51, 28.34it/s]evaluating:  39%|███▉      | 9773/24844 [05:18<08:48, 28.53it/s]evaluating:  39%|███▉      | 9777/24844 [05:18<08:36, 29.17it/s]evaluating:  39%|███▉      | 9780/24844 [05:18<08:50, 28.39it/s]evaluating:  39%|███▉      | 9784/24844 [05:18<08:22, 29.95it/s]evaluating:  39%|███▉      | 9788/24844 [05:18<07:59, 31.41it/s]evaluating:  39%|███▉      | 9792/24844 [05:18<08:19, 30.16it/s]evaluating:  39%|███▉      | 9796/24844 [05:18<08:28, 29.60it/s]evaluating:  39%|███▉      | 9799/24844 [05:18<08:46, 28.56it/s]evaluating:  39%|███▉      | 9803/24844 [05:19<08:08, 30.77it/s]evaluating:  39%|███▉      | 9807/24844 [05:19<08:56, 28.01it/s]evaluating:  39%|███▉      | 9810/24844 [05:19<09:15, 27.06it/s]evaluating:  40%|███▉      | 9814/24844 [05:19<08:18, 30.14it/s]evaluating:  40%|███▉      | 9819/24844 [05:19<07:23, 33.84it/s]evaluating:  40%|███▉      | 9823/24844 [05:19<07:56, 31.55it/s]evaluating:  40%|███▉      | 9827/24844 [05:19<08:32, 29.29it/s]evaluating:  40%|███▉      | 9831/24844 [05:20<08:21, 29.95it/s]evaluating:  40%|███▉      | 9835/24844 [05:20<08:48, 28.39it/s]evaluating:  40%|███▉      | 9839/24844 [05:20<08:37, 29.00it/s]evaluating:  40%|███▉      | 9842/24844 [05:20<09:14, 27.07it/s]evaluating:  40%|███▉      | 9845/24844 [05:20<09:32, 26.22it/s]evaluating:  40%|███▉      | 9848/24844 [05:20<09:26, 26.47it/s]evaluating:  40%|███▉      | 9852/24844 [05:20<09:02, 27.63it/s]evaluating:  40%|███▉      | 9855/24844 [05:20<08:56, 27.93it/s]evaluating:  40%|███▉      | 9859/24844 [05:21<08:18, 30.07it/s]evaluating:  40%|███▉      | 9863/24844 [05:21<08:47, 28.41it/s]evaluating:  40%|███▉      | 9866/24844 [05:21<08:49, 28.29it/s]evaluating:  40%|███▉      | 9870/24844 [05:21<08:13, 30.35it/s]evaluating:  40%|███▉      | 9874/24844 [05:21<07:54, 31.56it/s]evaluating:  40%|███▉      | 9878/24844 [05:21<07:27, 33.48it/s]evaluating:  40%|███▉      | 9882/24844 [05:21<07:23, 33.72it/s]evaluating:  40%|███▉      | 9886/24844 [05:21<08:00, 31.10it/s]evaluating:  40%|███▉      | 9890/24844 [05:22<08:18, 29.98it/s]evaluating:  40%|███▉      | 9894/24844 [05:22<08:13, 30.28it/s]evaluating:  40%|███▉      | 9898/24844 [05:22<08:41, 28.66it/s]evaluating:  40%|███▉      | 9902/24844 [05:22<08:16, 30.06it/s]evaluating:  40%|███▉      | 9906/24844 [05:22<08:16, 30.06it/s]evaluating:  40%|███▉      | 9910/24844 [05:22<08:18, 29.95it/s]evaluating:  40%|███▉      | 9914/24844 [05:22<09:03, 27.46it/s]evaluating:  40%|███▉      | 9917/24844 [05:23<09:10, 27.12it/s]evaluating:  40%|███▉      | 9920/24844 [05:23<09:13, 26.98it/s]evaluating:  40%|███▉      | 9924/24844 [05:23<08:46, 28.31it/s]evaluating:  40%|███▉      | 9927/24844 [05:23<08:50, 28.12it/s]evaluating:  40%|███▉      | 9931/24844 [05:23<08:00, 31.01it/s]evaluating:  40%|███▉      | 9935/24844 [05:23<07:32, 32.92it/s]evaluating:  40%|████      | 9939/24844 [05:23<08:01, 30.97it/s]evaluating:  40%|████      | 9943/24844 [05:23<08:27, 29.38it/s]evaluating:  40%|████      | 9947/24844 [05:23<08:24, 29.56it/s]evaluating:  40%|████      | 9951/24844 [05:24<08:42, 28.52it/s]evaluating:  40%|████      | 9954/24844 [05:24<08:42, 28.49it/s]evaluating:  40%|████      | 9958/24844 [05:24<07:58, 31.11it/s]evaluating:  40%|████      | 9962/24844 [05:24<08:41, 28.53it/s]evaluating:  40%|████      | 9965/24844 [05:24<08:41, 28.52it/s]evaluating:  40%|████      | 9969/24844 [05:24<08:15, 30.00it/s]evaluating:  40%|████      | 9973/24844 [05:24<08:41, 28.52it/s]evaluating:  40%|████      | 9977/24844 [05:25<08:23, 29.54it/s]evaluating:  40%|████      | 9981/24844 [05:25<08:17, 29.88it/s]evaluating:  40%|████      | 9985/24844 [05:25<08:38, 28.65it/s]evaluating:  40%|████      | 9989/24844 [05:25<08:09, 30.37it/s]evaluating:  40%|████      | 9993/24844 [05:25<08:06, 30.53it/s]evaluating:  40%|████      | 9997/24844 [05:25<08:36, 28.76it/s]evaluating:  40%|████      | 10000/24844 [05:25<08:33, 28.90it/s]evaluating:  40%|████      | 10004/24844 [05:25<08:17, 29.85it/s]evaluating:  40%|████      | 10008/24844 [05:26<08:11, 30.16it/s]evaluating:  40%|████      | 10012/24844 [05:26<08:24, 29.37it/s]evaluating:  40%|████      | 10015/24844 [05:26<08:46, 28.18it/s]evaluating:  40%|████      | 10019/24844 [05:26<07:59, 30.94it/s]evaluating:  40%|████      | 10023/24844 [05:26<07:53, 31.30it/s]evaluating:  40%|████      | 10027/24844 [05:26<08:01, 30.79it/s]evaluating:  40%|████      | 10031/24844 [05:26<08:05, 30.48it/s]evaluating:  40%|████      | 10035/24844 [05:26<08:21, 29.52it/s]evaluating:  40%|████      | 10040/24844 [05:27<07:15, 33.99it/s]evaluating:  40%|████      | 10044/24844 [05:27<07:40, 32.10it/s]evaluating:  40%|████      | 10048/24844 [05:27<08:04, 30.56it/s]evaluating:  40%|████      | 10052/24844 [05:27<08:11, 30.07it/s]evaluating:  40%|████      | 10056/24844 [05:27<08:22, 29.43it/s]evaluating:  40%|████      | 10060/24844 [05:27<08:17, 29.69it/s]evaluating:  41%|████      | 10064/24844 [05:27<08:15, 29.85it/s]evaluating:  41%|████      | 10068/24844 [05:28<08:20, 29.49it/s]evaluating:  41%|████      | 10071/24844 [05:28<08:30, 28.92it/s]evaluating:  41%|████      | 10075/24844 [05:28<08:26, 29.15it/s]evaluating:  41%|████      | 10079/24844 [05:28<07:53, 31.20it/s]evaluating:  41%|████      | 10083/24844 [05:28<07:47, 31.56it/s]evaluating:  41%|████      | 10087/24844 [05:28<08:14, 29.85it/s]evaluating:  41%|████      | 10091/24844 [05:28<08:14, 29.82it/s]evaluating:  41%|████      | 10095/24844 [05:28<08:19, 29.53it/s]evaluating:  41%|████      | 10098/24844 [05:29<08:40, 28.32it/s]evaluating:  41%|████      | 10101/24844 [05:29<08:42, 28.21it/s]evaluating:  41%|████      | 10106/24844 [05:29<07:46, 31.56it/s]evaluating:  41%|████      | 10110/24844 [05:29<08:16, 29.65it/s]evaluating:  41%|████      | 10113/24844 [05:29<08:16, 29.65it/s]evaluating:  41%|████      | 10117/24844 [05:29<07:59, 30.70it/s]evaluating:  41%|████      | 10121/24844 [05:29<07:59, 30.70it/s]evaluating:  41%|████      | 10125/24844 [05:29<08:19, 29.45it/s]evaluating:  41%|████      | 10130/24844 [05:30<07:16, 33.69it/s]evaluating:  41%|████      | 10134/24844 [05:30<07:45, 31.57it/s]evaluating:  41%|████      | 10138/24844 [05:30<08:10, 29.98it/s]evaluating:  41%|████      | 10142/24844 [05:30<07:53, 31.04it/s]evaluating:  41%|████      | 10146/24844 [05:30<07:59, 30.63it/s]evaluating:  41%|████      | 10150/24844 [05:30<08:21, 29.29it/s]evaluating:  41%|████      | 10155/24844 [05:30<07:11, 34.01it/s]evaluating:  41%|████      | 10159/24844 [05:31<07:54, 30.93it/s]evaluating:  41%|████      | 10163/24844 [05:31<07:52, 31.06it/s]evaluating:  41%|████      | 10167/24844 [05:31<08:29, 28.81it/s]evaluating:  41%|████      | 10171/24844 [05:31<08:28, 28.85it/s]evaluating:  41%|████      | 10174/24844 [05:31<08:36, 28.39it/s]evaluating:  41%|████      | 10177/24844 [05:31<08:42, 28.08it/s]evaluating:  41%|████      | 10180/24844 [05:31<08:43, 28.02it/s]evaluating:  41%|████      | 10184/24844 [05:31<08:27, 28.88it/s]evaluating:  41%|████      | 10187/24844 [05:32<08:33, 28.52it/s]evaluating:  41%|████      | 10190/24844 [05:32<08:42, 28.07it/s]evaluating:  41%|████      | 10194/24844 [05:32<08:11, 29.83it/s]evaluating:  41%|████      | 10197/24844 [05:32<08:48, 27.70it/s]evaluating:  41%|████      | 10200/24844 [05:32<08:51, 27.54it/s]evaluating:  41%|████      | 10204/24844 [05:32<08:18, 29.37it/s]evaluating:  41%|████      | 10207/24844 [05:32<08:55, 27.33it/s]evaluating:  41%|████      | 10211/24844 [05:32<08:37, 28.29it/s]evaluating:  41%|████      | 10215/24844 [05:32<07:48, 31.23it/s]evaluating:  41%|████      | 10219/24844 [05:33<07:27, 32.66it/s]evaluating:  41%|████      | 10223/24844 [05:33<08:26, 28.84it/s]evaluating:  41%|████      | 10227/24844 [05:33<08:28, 28.76it/s]evaluating:  41%|████      | 10231/24844 [05:33<08:11, 29.73it/s]evaluating:  41%|████      | 10235/24844 [05:33<07:33, 32.22it/s]evaluating:  41%|████      | 10239/24844 [05:33<08:03, 30.22it/s]evaluating:  41%|████      | 10243/24844 [05:33<08:20, 29.15it/s]evaluating:  41%|████      | 10247/24844 [05:34<07:52, 30.92it/s]evaluating:  41%|████▏     | 10251/24844 [05:34<08:03, 30.19it/s]evaluating:  41%|████▏     | 10255/24844 [05:34<07:35, 32.06it/s]evaluating:  41%|████▏     | 10259/24844 [05:34<07:57, 30.57it/s]evaluating:  41%|████▏     | 10263/24844 [05:34<08:14, 29.49it/s]evaluating:  41%|████▏     | 10267/24844 [05:34<08:15, 29.42it/s]evaluating:  41%|████▏     | 10271/24844 [05:34<08:07, 29.90it/s]evaluating:  41%|████▏     | 10275/24844 [05:34<07:57, 30.52it/s]evaluating:  41%|████▏     | 10279/24844 [05:35<07:38, 31.79it/s]evaluating:  41%|████▏     | 10283/24844 [05:35<08:24, 28.84it/s]evaluating:  41%|████▏     | 10287/24844 [05:35<08:07, 29.88it/s]evaluating:  41%|████▏     | 10291/24844 [05:35<08:20, 29.07it/s]evaluating:  41%|████▏     | 10295/24844 [05:35<07:46, 31.20it/s]evaluating:  41%|████▏     | 10299/24844 [05:35<08:14, 29.39it/s]evaluating:  41%|████▏     | 10303/24844 [05:35<08:05, 29.94it/s]evaluating:  41%|████▏     | 10307/24844 [05:36<08:09, 29.68it/s]evaluating:  42%|████▏     | 10312/24844 [05:36<07:36, 31.82it/s]evaluating:  42%|████▏     | 10316/24844 [05:36<07:38, 31.66it/s]evaluating:  42%|████▏     | 10321/24844 [05:36<07:04, 34.24it/s]evaluating:  42%|████▏     | 10325/24844 [05:36<07:37, 31.71it/s]evaluating:  42%|████▏     | 10329/24844 [05:36<08:08, 29.69it/s]evaluating:  42%|████▏     | 10333/24844 [05:36<08:08, 29.71it/s]evaluating:  42%|████▏     | 10337/24844 [05:37<08:02, 30.04it/s]evaluating:  42%|████▏     | 10341/24844 [05:37<08:37, 28.03it/s]evaluating:  42%|████▏     | 10346/24844 [05:37<07:39, 31.53it/s]evaluating:  42%|████▏     | 10350/24844 [05:37<07:43, 31.25it/s]evaluating:  42%|████▏     | 10354/24844 [05:37<08:00, 30.19it/s]evaluating:  42%|████▏     | 10358/24844 [05:37<08:19, 29.02it/s]evaluating:  42%|████▏     | 10361/24844 [05:37<08:17, 29.12it/s]evaluating:  42%|████▏     | 10364/24844 [05:37<08:36, 28.04it/s]evaluating:  42%|████▏     | 10368/24844 [05:38<07:55, 30.45it/s]evaluating:  42%|████▏     | 10372/24844 [05:38<07:26, 32.39it/s]evaluating:  42%|████▏     | 10376/24844 [05:38<07:45, 31.07it/s]evaluating:  42%|████▏     | 10380/24844 [05:38<08:20, 28.90it/s]evaluating:  42%|████▏     | 10384/24844 [05:38<07:52, 30.60it/s]evaluating:  42%|████▏     | 10388/24844 [05:38<07:59, 30.17it/s]evaluating:  42%|████▏     | 10392/24844 [05:38<07:49, 30.78it/s]evaluating:  42%|████▏     | 10396/24844 [05:38<07:26, 32.36it/s]evaluating:  42%|████▏     | 10400/24844 [05:39<07:32, 31.93it/s]evaluating:  42%|████▏     | 10404/24844 [05:39<07:45, 31.05it/s]evaluating:  42%|████▏     | 10408/24844 [05:39<07:35, 31.70it/s]evaluating:  42%|████▏     | 10412/24844 [05:39<07:19, 32.82it/s]evaluating:  42%|████▏     | 10416/24844 [05:39<07:23, 32.50it/s]evaluating:  42%|████▏     | 10421/24844 [05:39<06:37, 36.32it/s]evaluating:  42%|████▏     | 10425/24844 [05:39<06:57, 34.57it/s]evaluating:  42%|████▏     | 10429/24844 [05:39<07:13, 33.23it/s]evaluating:  42%|████▏     | 10433/24844 [05:40<07:18, 32.83it/s]evaluating:  42%|████▏     | 10437/24844 [05:40<07:01, 34.22it/s]evaluating:  42%|████▏     | 10441/24844 [05:40<07:02, 34.05it/s]evaluating:  42%|████▏     | 10445/24844 [05:40<07:26, 32.24it/s]evaluating:  42%|████▏     | 10450/24844 [05:40<06:46, 35.39it/s]evaluating:  42%|████▏     | 10454/24844 [05:40<07:00, 34.24it/s]evaluating:  42%|████▏     | 10458/24844 [05:40<07:00, 34.19it/s]evaluating:  42%|████▏     | 10462/24844 [05:40<07:07, 33.63it/s]evaluating:  42%|████▏     | 10466/24844 [05:41<07:16, 32.95it/s]evaluating:  42%|████▏     | 10470/24844 [05:41<07:04, 33.88it/s]evaluating:  42%|████▏     | 10474/24844 [05:41<07:05, 33.81it/s]evaluating:  42%|████▏     | 10479/24844 [05:41<06:43, 35.63it/s]evaluating:  42%|████▏     | 10483/24844 [05:41<06:58, 34.29it/s]evaluating:  42%|████▏     | 10487/24844 [05:41<07:17, 32.79it/s]evaluating:  42%|████▏     | 10491/24844 [05:41<07:26, 32.15it/s]evaluating:  42%|████▏     | 10495/24844 [05:41<07:10, 33.29it/s]evaluating:  42%|████▏     | 10499/24844 [05:41<07:03, 33.87it/s]evaluating:  42%|████▏     | 10503/24844 [05:42<07:22, 32.41it/s]evaluating:  42%|████▏     | 10507/24844 [05:42<07:30, 31.81it/s]evaluating:  42%|████▏     | 10511/24844 [05:42<07:07, 33.50it/s]evaluating:  42%|████▏     | 10516/24844 [05:42<06:42, 35.62it/s]evaluating:  42%|████▏     | 10520/24844 [05:42<07:11, 33.23it/s]evaluating:  42%|████▏     | 10524/24844 [05:42<06:59, 34.15it/s]evaluating:  42%|████▏     | 10528/24844 [05:42<07:10, 33.22it/s]evaluating:  42%|████▏     | 10532/24844 [05:42<07:08, 33.40it/s]evaluating:  42%|████▏     | 10536/24844 [05:43<07:12, 33.05it/s]evaluating:  42%|████▏     | 10540/24844 [05:43<07:19, 32.57it/s]evaluating:  42%|████▏     | 10544/24844 [05:43<07:33, 31.56it/s]evaluating:  42%|████▏     | 10548/24844 [05:43<07:30, 31.72it/s]evaluating:  42%|████▏     | 10552/24844 [05:43<07:36, 31.34it/s]evaluating:  42%|████▏     | 10556/24844 [05:43<07:30, 31.69it/s]evaluating:  43%|████▎     | 10560/24844 [05:43<07:32, 31.56it/s]evaluating:  43%|████▎     | 10564/24844 [05:44<07:40, 31.00it/s]evaluating:  43%|████▎     | 10568/24844 [05:44<07:29, 31.74it/s]evaluating:  43%|████▎     | 10572/24844 [05:44<07:24, 32.12it/s]evaluating:  43%|████▎     | 10576/24844 [05:44<07:02, 33.76it/s]evaluating:  43%|████▎     | 10580/24844 [05:44<07:46, 30.61it/s]evaluating:  43%|████▎     | 10585/24844 [05:44<06:52, 34.61it/s]evaluating:  43%|████▎     | 10589/24844 [05:44<07:20, 32.38it/s]evaluating:  43%|████▎     | 10593/24844 [05:44<07:37, 31.14it/s]evaluating:  43%|████▎     | 10597/24844 [05:45<07:33, 31.38it/s]evaluating:  43%|████▎     | 10601/24844 [05:45<07:13, 32.86it/s]evaluating:  43%|████▎     | 10605/24844 [05:45<07:39, 30.96it/s]evaluating:  43%|████▎     | 10610/24844 [05:45<06:54, 34.37it/s]evaluating:  43%|████▎     | 10614/24844 [05:45<06:47, 34.90it/s]evaluating:  43%|████▎     | 10618/24844 [05:45<06:54, 34.34it/s]evaluating:  43%|████▎     | 10622/24844 [05:45<07:00, 33.86it/s]evaluating:  43%|████▎     | 10626/24844 [05:45<07:00, 33.83it/s]evaluating:  43%|████▎     | 10630/24844 [05:46<07:04, 33.46it/s]evaluating:  43%|████▎     | 10634/24844 [05:46<06:47, 34.88it/s]evaluating:  43%|████▎     | 10638/24844 [05:46<06:41, 35.42it/s]evaluating:  43%|████▎     | 10642/24844 [05:46<06:40, 35.45it/s]evaluating:  43%|████▎     | 10646/24844 [05:46<06:27, 36.61it/s]evaluating:  43%|████▎     | 10650/24844 [05:46<06:43, 35.19it/s]evaluating:  43%|████▎     | 10654/24844 [05:46<06:57, 33.99it/s]evaluating:  43%|████▎     | 10658/24844 [05:46<06:54, 34.26it/s]evaluating:  43%|████▎     | 10662/24844 [05:46<07:16, 32.48it/s]evaluating:  43%|████▎     | 10666/24844 [05:47<07:04, 33.39it/s]evaluating:  43%|████▎     | 10671/24844 [05:47<06:38, 35.60it/s]evaluating:  43%|████▎     | 10675/24844 [05:47<07:02, 33.54it/s]evaluating:  43%|████▎     | 10679/24844 [05:47<06:51, 34.39it/s]evaluating:  43%|████▎     | 10683/24844 [05:47<07:15, 32.49it/s]evaluating:  43%|████▎     | 10687/24844 [05:47<06:53, 34.26it/s]evaluating:  43%|████▎     | 10691/24844 [05:47<07:30, 31.44it/s]evaluating:  43%|████▎     | 10696/24844 [05:47<06:37, 35.56it/s]evaluating:  43%|████▎     | 10700/24844 [05:48<06:42, 35.17it/s]evaluating:  43%|████▎     | 10704/24844 [05:48<06:47, 34.67it/s]evaluating:  43%|████▎     | 10708/24844 [05:48<07:15, 32.43it/s]evaluating:  43%|████▎     | 10713/24844 [05:48<06:54, 34.06it/s]evaluating:  43%|████▎     | 10717/24844 [05:48<07:02, 33.43it/s]evaluating:  43%|████▎     | 10721/24844 [05:48<07:25, 31.71it/s]evaluating:  43%|████▎     | 10725/24844 [05:48<07:00, 33.59it/s]evaluating:  43%|████▎     | 10729/24844 [05:48<06:43, 34.94it/s]evaluating:  43%|████▎     | 10733/24844 [05:49<07:13, 32.56it/s]evaluating:  43%|████▎     | 10737/24844 [05:49<07:00, 33.54it/s]evaluating:  43%|████▎     | 10741/24844 [05:49<06:59, 33.61it/s]evaluating:  43%|████▎     | 10745/24844 [05:49<07:30, 31.31it/s]evaluating:  43%|████▎     | 10750/24844 [05:49<06:49, 34.45it/s]evaluating:  43%|████▎     | 10754/24844 [05:49<07:14, 32.45it/s]evaluating:  43%|████▎     | 10758/24844 [05:49<07:25, 31.59it/s]evaluating:  43%|████▎     | 10762/24844 [05:49<07:18, 32.10it/s]evaluating:  43%|████▎     | 10766/24844 [05:50<07:17, 32.21it/s]evaluating:  43%|████▎     | 10770/24844 [05:50<07:04, 33.13it/s]evaluating:  43%|████▎     | 10774/24844 [05:50<07:34, 30.96it/s]evaluating:  43%|████▎     | 10778/24844 [05:50<07:41, 30.50it/s]evaluating:  43%|████▎     | 10782/24844 [05:50<07:20, 31.89it/s]evaluating:  43%|████▎     | 10786/24844 [05:50<07:05, 33.00it/s]evaluating:  43%|████▎     | 10790/24844 [05:50<06:46, 34.54it/s]evaluating:  43%|████▎     | 10795/24844 [05:50<06:15, 37.38it/s]evaluating:  43%|████▎     | 10799/24844 [05:51<06:50, 34.22it/s]evaluating:  43%|████▎     | 10803/24844 [05:51<06:59, 33.47it/s]evaluating:  43%|████▎     | 10807/24844 [05:51<07:01, 33.32it/s]evaluating:  44%|████▎     | 10811/24844 [05:51<06:45, 34.59it/s]evaluating:  44%|████▎     | 10815/24844 [05:51<07:33, 30.95it/s]evaluating:  44%|████▎     | 10820/24844 [05:51<06:50, 34.14it/s]evaluating:  44%|████▎     | 10825/24844 [05:51<06:37, 35.31it/s]evaluating:  44%|████▎     | 10829/24844 [05:51<06:55, 33.75it/s]evaluating:  44%|████▎     | 10833/24844 [05:52<06:55, 33.71it/s]evaluating:  44%|████▎     | 10837/24844 [05:52<07:07, 32.75it/s]evaluating:  44%|████▎     | 10841/24844 [05:52<07:17, 32.02it/s]evaluating:  44%|████▎     | 10845/24844 [05:52<07:42, 30.25it/s]evaluating:  44%|████▎     | 10849/24844 [05:52<07:30, 31.04it/s]evaluating:  44%|████▎     | 10853/24844 [05:52<07:31, 31.00it/s]evaluating:  44%|████▎     | 10857/24844 [05:52<07:46, 29.96it/s]evaluating:  44%|████▎     | 10861/24844 [05:52<07:51, 29.64it/s]evaluating:  44%|████▎     | 10865/24844 [05:53<07:24, 31.44it/s]evaluating:  44%|████▎     | 10869/24844 [05:53<07:19, 31.78it/s]evaluating:  44%|████▍     | 10873/24844 [05:53<07:17, 31.93it/s]evaluating:  44%|████▍     | 10878/24844 [05:53<06:43, 34.63it/s]evaluating:  44%|████▍     | 10882/24844 [05:53<06:59, 33.31it/s]evaluating:  44%|████▍     | 10886/24844 [05:53<07:25, 31.34it/s]evaluating:  44%|████▍     | 10890/24844 [05:53<07:02, 33.01it/s]evaluating:  44%|████▍     | 10894/24844 [05:53<07:16, 31.96it/s]evaluating:  44%|████▍     | 10898/24844 [05:54<07:00, 33.17it/s]evaluating:  44%|████▍     | 10903/24844 [05:54<06:50, 33.94it/s]evaluating:  44%|████▍     | 10907/24844 [05:54<07:01, 33.04it/s]evaluating:  44%|████▍     | 10911/24844 [05:54<07:09, 32.48it/s]evaluating:  44%|████▍     | 10915/24844 [05:54<07:15, 31.95it/s]evaluating:  44%|████▍     | 10920/24844 [05:54<06:41, 34.67it/s]evaluating:  44%|████▍     | 10924/24844 [05:54<06:43, 34.54it/s]evaluating:  44%|████▍     | 10928/24844 [05:54<06:54, 33.57it/s]evaluating:  44%|████▍     | 10932/24844 [05:55<07:04, 32.76it/s]evaluating:  44%|████▍     | 10936/24844 [05:55<07:01, 32.99it/s]evaluating:  44%|████▍     | 10941/24844 [05:55<06:34, 35.23it/s]evaluating:  44%|████▍     | 10945/24844 [05:55<07:25, 31.17it/s]evaluating:  44%|████▍     | 10949/24844 [05:55<07:19, 31.61it/s]evaluating:  44%|████▍     | 10953/24844 [05:55<07:15, 31.92it/s]evaluating:  44%|████▍     | 10957/24844 [05:55<07:19, 31.60it/s]evaluating:  44%|████▍     | 10962/24844 [05:56<06:55, 33.43it/s]evaluating:  44%|████▍     | 10966/24844 [05:56<07:07, 32.44it/s]evaluating:  44%|████▍     | 10970/24844 [05:56<07:10, 32.20it/s]evaluating:  44%|████▍     | 10974/24844 [05:56<07:19, 31.57it/s]evaluating:  44%|████▍     | 10978/24844 [05:56<07:11, 32.11it/s]evaluating:  44%|████▍     | 10982/24844 [05:56<07:29, 30.86it/s]evaluating:  44%|████▍     | 10987/24844 [05:56<06:50, 33.76it/s]evaluating:  44%|████▍     | 10991/24844 [05:56<07:14, 31.91it/s]evaluating:  44%|████▍     | 10995/24844 [05:57<07:14, 31.86it/s]evaluating:  44%|████▍     | 10999/24844 [05:57<07:25, 31.07it/s]evaluating:  44%|████▍     | 11003/24844 [05:57<07:17, 31.67it/s]evaluating:  44%|████▍     | 11007/24844 [05:57<07:23, 31.19it/s]evaluating:  44%|████▍     | 11011/24844 [05:57<07:17, 31.62it/s]evaluating:  44%|████▍     | 11015/24844 [05:57<07:08, 32.30it/s]evaluating:  44%|████▍     | 11019/24844 [05:57<07:24, 31.12it/s]evaluating:  44%|████▍     | 11023/24844 [05:57<07:38, 30.13it/s]evaluating:  44%|████▍     | 11027/24844 [05:58<07:48, 29.51it/s]evaluating:  44%|████▍     | 11031/24844 [05:58<07:32, 30.50it/s]evaluating:  44%|████▍     | 11035/24844 [05:58<07:27, 30.88it/s]evaluating:  44%|████▍     | 11039/24844 [05:58<07:19, 31.40it/s]evaluating:  44%|████▍     | 11043/24844 [05:58<07:05, 32.44it/s]evaluating:  44%|████▍     | 11047/24844 [05:58<07:47, 29.52it/s]evaluating:  44%|████▍     | 11051/24844 [05:58<07:51, 29.23it/s]evaluating:  44%|████▍     | 11055/24844 [05:59<07:34, 30.32it/s]evaluating:  45%|████▍     | 11059/24844 [05:59<07:49, 29.33it/s]evaluating:  45%|████▍     | 11063/24844 [05:59<07:19, 31.36it/s]evaluating:  45%|████▍     | 11067/24844 [05:59<07:14, 31.74it/s]evaluating:  45%|████▍     | 11071/24844 [05:59<07:16, 31.53it/s]evaluating:  45%|████▍     | 11075/24844 [05:59<07:39, 29.99it/s]evaluating:  45%|████▍     | 11079/24844 [05:59<07:45, 29.54it/s]evaluating:  45%|████▍     | 11083/24844 [05:59<07:32, 30.40it/s]evaluating:  45%|████▍     | 11087/24844 [06:00<07:46, 29.51it/s]evaluating:  45%|████▍     | 11092/24844 [06:00<06:53, 33.27it/s]evaluating:  45%|████▍     | 11096/24844 [06:00<07:45, 29.55it/s]evaluating:  45%|████▍     | 11100/24844 [06:00<07:28, 30.66it/s]evaluating:  45%|████▍     | 11104/24844 [06:00<07:13, 31.70it/s]evaluating:  45%|████▍     | 11108/24844 [06:00<06:58, 32.82it/s]evaluating:  45%|████▍     | 11112/24844 [06:00<07:16, 31.47it/s]evaluating:  45%|████▍     | 11116/24844 [06:01<07:19, 31.22it/s]evaluating:  45%|████▍     | 11120/24844 [06:01<07:31, 30.42it/s]evaluating:  45%|████▍     | 11124/24844 [06:01<07:19, 31.23it/s]evaluating:  45%|████▍     | 11128/24844 [06:01<07:46, 29.41it/s]evaluating:  45%|████▍     | 11132/24844 [06:01<07:33, 30.21it/s]evaluating:  45%|████▍     | 11136/24844 [06:01<07:27, 30.63it/s]evaluating:  45%|████▍     | 11140/24844 [06:01<07:33, 30.25it/s]evaluating:  45%|████▍     | 11144/24844 [06:01<07:12, 31.70it/s]evaluating:  45%|████▍     | 11148/24844 [06:02<07:17, 31.31it/s]evaluating:  45%|████▍     | 11152/24844 [06:02<07:40, 29.74it/s]evaluating:  45%|████▍     | 11156/24844 [06:02<07:32, 30.25it/s]evaluating:  45%|████▍     | 11160/24844 [06:02<07:26, 30.68it/s]evaluating:  45%|████▍     | 11164/24844 [06:02<07:25, 30.68it/s]evaluating:  45%|████▍     | 11168/24844 [06:02<07:02, 32.40it/s]evaluating:  45%|████▍     | 11172/24844 [06:02<07:44, 29.44it/s]evaluating:  45%|████▍     | 11176/24844 [06:02<07:10, 31.74it/s]evaluating:  45%|████▌     | 11180/24844 [06:03<07:31, 30.25it/s]evaluating:  45%|████▌     | 11184/24844 [06:03<07:22, 30.85it/s]evaluating:  45%|████▌     | 11188/24844 [06:03<07:18, 31.17it/s]evaluating:  45%|████▌     | 11192/24844 [06:03<07:48, 29.12it/s]evaluating:  45%|████▌     | 11195/24844 [06:03<08:02, 28.30it/s]evaluating:  45%|████▌     | 11199/24844 [06:03<07:19, 31.05it/s]evaluating:  45%|████▌     | 11203/24844 [06:03<07:36, 29.91it/s]evaluating:  45%|████▌     | 11207/24844 [06:03<07:07, 31.92it/s]evaluating:  45%|████▌     | 11212/24844 [06:04<06:17, 36.12it/s]evaluating:  45%|████▌     | 11216/24844 [06:04<06:21, 35.77it/s]evaluating:  45%|████▌     | 11220/24844 [06:04<07:12, 31.50it/s]evaluating:  45%|████▌     | 11224/24844 [06:04<07:02, 32.20it/s]evaluating:  45%|████▌     | 11228/24844 [06:04<07:06, 31.91it/s]evaluating:  45%|████▌     | 11232/24844 [06:04<07:30, 30.24it/s]evaluating:  45%|████▌     | 11237/24844 [06:04<06:38, 34.12it/s]evaluating:  45%|████▌     | 11241/24844 [06:04<06:34, 34.50it/s]evaluating:  45%|████▌     | 11245/24844 [06:05<06:42, 33.81it/s]evaluating:  45%|████▌     | 11249/24844 [06:05<06:48, 33.25it/s]evaluating:  45%|████▌     | 11253/24844 [06:05<07:12, 31.45it/s]evaluating:  45%|████▌     | 11257/24844 [06:05<07:00, 32.34it/s]evaluating:  45%|████▌     | 11261/24844 [06:05<07:24, 30.57it/s]evaluating:  45%|████▌     | 11266/24844 [06:05<06:32, 34.55it/s]evaluating:  45%|████▌     | 11270/24844 [06:05<06:43, 33.61it/s]evaluating:  45%|████▌     | 11274/24844 [06:06<07:07, 31.73it/s]evaluating:  45%|████▌     | 11278/24844 [06:06<07:06, 31.84it/s]evaluating:  45%|████▌     | 11282/24844 [06:06<06:54, 32.72it/s]evaluating:  45%|████▌     | 11286/24844 [06:06<07:03, 31.99it/s]evaluating:  45%|████▌     | 11290/24844 [06:06<06:57, 32.50it/s]evaluating:  45%|████▌     | 11294/24844 [06:06<07:00, 32.19it/s]evaluating:  45%|████▌     | 11298/24844 [06:06<07:33, 29.84it/s]evaluating:  45%|████▌     | 11302/24844 [06:06<07:41, 29.31it/s]evaluating:  46%|████▌     | 11307/24844 [06:07<06:57, 32.39it/s]evaluating:  46%|████▌     | 11311/24844 [06:07<07:41, 29.29it/s]evaluating:  46%|████▌     | 11316/24844 [06:07<07:07, 31.67it/s]evaluating:  46%|████▌     | 11320/24844 [06:07<07:14, 31.15it/s]evaluating:  46%|████▌     | 11324/24844 [06:07<07:34, 29.76it/s]evaluating:  46%|████▌     | 11328/24844 [06:07<07:12, 31.26it/s]evaluating:  46%|████▌     | 11332/24844 [06:07<07:14, 31.13it/s]evaluating:  46%|████▌     | 11336/24844 [06:08<07:07, 31.62it/s]evaluating:  46%|████▌     | 11340/24844 [06:08<07:31, 29.92it/s]evaluating:  46%|████▌     | 11344/24844 [06:08<07:43, 29.14it/s]evaluating:  46%|████▌     | 11348/24844 [06:08<07:39, 29.40it/s]evaluating:  46%|████▌     | 11351/24844 [06:08<07:49, 28.74it/s]evaluating:  46%|████▌     | 11356/24844 [06:08<06:53, 32.63it/s]evaluating:  46%|████▌     | 11360/24844 [06:08<07:27, 30.15it/s]evaluating:  46%|████▌     | 11364/24844 [06:08<07:26, 30.18it/s]evaluating:  46%|████▌     | 11368/24844 [06:09<06:54, 32.50it/s]evaluating:  46%|████▌     | 11372/24844 [06:09<06:53, 32.55it/s]evaluating:  46%|████▌     | 11376/24844 [06:09<07:07, 31.53it/s]evaluating:  46%|████▌     | 11381/24844 [06:09<06:51, 32.73it/s]evaluating:  46%|████▌     | 11385/24844 [06:09<07:17, 30.77it/s]evaluating:  46%|████▌     | 11389/24844 [06:09<07:31, 29.79it/s]evaluating:  46%|████▌     | 11393/24844 [06:09<08:14, 27.21it/s]evaluating:  46%|████▌     | 11397/24844 [06:10<08:12, 27.33it/s]evaluating:  46%|████▌     | 11400/24844 [06:10<08:05, 27.69it/s]evaluating:  46%|████▌     | 11405/24844 [06:10<06:58, 32.11it/s]evaluating:  46%|████▌     | 11409/24844 [06:10<06:55, 32.37it/s]evaluating:  46%|████▌     | 11413/24844 [06:10<06:48, 32.86it/s]evaluating:  46%|████▌     | 11417/24844 [06:10<07:00, 31.91it/s]evaluating:  46%|████▌     | 11421/24844 [06:10<07:25, 30.14it/s]evaluating:  46%|████▌     | 11425/24844 [06:10<06:57, 32.15it/s]evaluating:  46%|████▌     | 11429/24844 [06:11<06:45, 33.08it/s]evaluating:  46%|████▌     | 11433/24844 [06:11<07:14, 30.89it/s]evaluating:  46%|████▌     | 11437/24844 [06:11<06:55, 32.30it/s]evaluating:  46%|████▌     | 11441/24844 [06:11<06:54, 32.33it/s]evaluating:  46%|████▌     | 11445/24844 [06:11<07:20, 30.39it/s]evaluating:  46%|████▌     | 11449/24844 [06:11<07:23, 30.23it/s]evaluating:  46%|████▌     | 11453/24844 [06:11<07:21, 30.36it/s]evaluating:  46%|████▌     | 11457/24844 [06:11<07:03, 31.60it/s]evaluating:  46%|████▌     | 11461/24844 [06:12<07:17, 30.56it/s]evaluating:  46%|████▌     | 11465/24844 [06:12<07:09, 31.17it/s]evaluating:  46%|████▌     | 11470/24844 [06:12<06:35, 33.79it/s]evaluating:  46%|████▌     | 11474/24844 [06:12<06:49, 32.63it/s]evaluating:  46%|████▌     | 11478/24844 [06:12<07:00, 31.78it/s]evaluating:  46%|████▌     | 11482/24844 [06:12<07:02, 31.63it/s]evaluating:  46%|████▌     | 11486/24844 [06:12<07:21, 30.23it/s]evaluating:  46%|████▋     | 11491/24844 [06:12<06:45, 32.93it/s]evaluating:  46%|████▋     | 11495/24844 [06:13<07:08, 31.18it/s]evaluating:  46%|████▋     | 11499/24844 [06:13<07:06, 31.26it/s]evaluating:  46%|████▋     | 11503/24844 [06:13<07:18, 30.45it/s]evaluating:  46%|████▋     | 11507/24844 [06:13<07:05, 31.36it/s]evaluating:  46%|████▋     | 11511/24844 [06:13<07:18, 30.39it/s]evaluating:  46%|████▋     | 11516/24844 [06:13<06:37, 33.53it/s]evaluating:  46%|████▋     | 11520/24844 [06:13<07:03, 31.45it/s]evaluating:  46%|████▋     | 11524/24844 [06:14<07:16, 30.55it/s]evaluating:  46%|████▋     | 11528/24844 [06:14<07:26, 29.82it/s]evaluating:  46%|████▋     | 11532/24844 [06:14<07:11, 30.87it/s]evaluating:  46%|████▋     | 11536/24844 [06:14<07:03, 31.39it/s]evaluating:  46%|████▋     | 11540/24844 [06:14<07:42, 28.77it/s]evaluating:  46%|████▋     | 11544/24844 [06:14<07:14, 30.62it/s]evaluating:  46%|████▋     | 11548/24844 [06:14<07:31, 29.48it/s]evaluating:  46%|████▋     | 11552/24844 [06:14<06:59, 31.71it/s]evaluating:  47%|████▋     | 11556/24844 [06:15<06:56, 31.92it/s]evaluating:  47%|████▋     | 11560/24844 [06:15<06:54, 32.05it/s]evaluating:  47%|████▋     | 11564/24844 [06:15<07:07, 31.07it/s]evaluating:  47%|████▋     | 11568/24844 [06:15<06:49, 32.39it/s]evaluating:  47%|████▋     | 11572/24844 [06:15<07:21, 30.05it/s]evaluating:  47%|████▋     | 11576/24844 [06:15<06:53, 32.12it/s]evaluating:  47%|████▋     | 11581/24844 [06:15<06:30, 33.96it/s]evaluating:  47%|████▋     | 11585/24844 [06:15<06:35, 33.55it/s]evaluating:  47%|████▋     | 11589/24844 [06:16<06:46, 32.59it/s]evaluating:  47%|████▋     | 11593/24844 [06:16<06:43, 32.86it/s]evaluating:  47%|████▋     | 11597/24844 [06:16<06:59, 31.59it/s]evaluating:  47%|████▋     | 11601/24844 [06:16<07:03, 31.26it/s]evaluating:  47%|████▋     | 11605/24844 [06:16<06:48, 32.43it/s]evaluating:  47%|████▋     | 11609/24844 [06:16<07:21, 29.96it/s]evaluating:  47%|████▋     | 11613/24844 [06:16<07:11, 30.69it/s]evaluating:  47%|████▋     | 11617/24844 [06:17<06:58, 31.57it/s]evaluating:  47%|████▋     | 11621/24844 [06:17<07:06, 31.00it/s]evaluating:  47%|████▋     | 11625/24844 [06:17<06:54, 31.87it/s]evaluating:  47%|████▋     | 11629/24844 [06:17<07:01, 31.37it/s]evaluating:  47%|████▋     | 11633/24844 [06:17<06:56, 31.75it/s]evaluating:  47%|████▋     | 11638/24844 [06:17<06:25, 34.25it/s]evaluating:  47%|████▋     | 11642/24844 [06:17<07:03, 31.17it/s]evaluating:  47%|████▋     | 11646/24844 [06:17<06:46, 32.43it/s]evaluating:  47%|████▋     | 11650/24844 [06:18<07:15, 30.27it/s]evaluating:  47%|████▋     | 11654/24844 [06:18<07:07, 30.82it/s]evaluating:  47%|████▋     | 11658/24844 [06:18<07:16, 30.20it/s]evaluating:  47%|████▋     | 11662/24844 [06:18<06:58, 31.52it/s]evaluating:  47%|████▋     | 11666/24844 [06:18<07:05, 30.95it/s]evaluating:  47%|████▋     | 11671/24844 [06:18<06:38, 33.05it/s]evaluating:  47%|████▋     | 11675/24844 [06:18<07:02, 31.15it/s]evaluating:  47%|████▋     | 11679/24844 [06:19<07:02, 31.13it/s]evaluating:  47%|████▋     | 11683/24844 [06:19<06:45, 32.45it/s]evaluating:  47%|████▋     | 11687/24844 [06:19<06:28, 33.83it/s]evaluating:  47%|████▋     | 11691/24844 [06:19<07:07, 30.77it/s]evaluating:  47%|████▋     | 11696/24844 [06:19<06:20, 34.55it/s]evaluating:  47%|████▋     | 11700/24844 [06:19<06:38, 33.02it/s]evaluating:  47%|████▋     | 11704/24844 [06:19<07:02, 31.09it/s]evaluating:  47%|████▋     | 11708/24844 [06:19<07:04, 30.94it/s]evaluating:  47%|████▋     | 11712/24844 [06:20<07:16, 30.07it/s]evaluating:  47%|████▋     | 11716/24844 [06:20<07:05, 30.86it/s]evaluating:  47%|████▋     | 11720/24844 [06:20<07:11, 30.41it/s]evaluating:  47%|████▋     | 11725/24844 [06:20<06:17, 34.72it/s]evaluating:  47%|████▋     | 11729/24844 [06:20<06:46, 32.27it/s]evaluating:  47%|████▋     | 11733/24844 [06:20<06:42, 32.55it/s]evaluating:  47%|████▋     | 11737/24844 [06:20<07:01, 31.12it/s]evaluating:  47%|████▋     | 11741/24844 [06:20<07:07, 30.63it/s]evaluating:  47%|████▋     | 11745/24844 [06:21<06:46, 32.20it/s]evaluating:  47%|████▋     | 11749/24844 [06:21<06:42, 32.51it/s]evaluating:  47%|████▋     | 11753/24844 [06:21<06:59, 31.22it/s]evaluating:  47%|████▋     | 11757/24844 [06:21<07:11, 30.35it/s]evaluating:  47%|████▋     | 11761/24844 [06:21<06:53, 31.68it/s]evaluating:  47%|████▋     | 11765/24844 [06:21<06:58, 31.27it/s]evaluating:  47%|████▋     | 11769/24844 [06:21<06:47, 32.08it/s]evaluating:  47%|████▋     | 11773/24844 [06:21<06:43, 32.35it/s]evaluating:  47%|████▋     | 11777/24844 [06:22<07:14, 30.05it/s]evaluating:  47%|████▋     | 11781/24844 [06:22<07:03, 30.88it/s]evaluating:  47%|████▋     | 11785/24844 [06:22<06:52, 31.64it/s]evaluating:  47%|████▋     | 11789/24844 [06:22<06:48, 31.94it/s]evaluating:  47%|████▋     | 11793/24844 [06:22<06:58, 31.16it/s]evaluating:  47%|████▋     | 11798/24844 [06:22<06:20, 34.24it/s]evaluating:  48%|████▊     | 11802/24844 [06:22<06:51, 31.71it/s]evaluating:  48%|████▊     | 11806/24844 [06:22<06:48, 31.94it/s]evaluating:  48%|████▊     | 11810/24844 [06:23<06:44, 32.19it/s]evaluating:  48%|████▊     | 11814/24844 [06:23<06:55, 31.37it/s]evaluating:  48%|████▊     | 11818/24844 [06:23<07:01, 30.90it/s]evaluating:  48%|████▊     | 11822/24844 [06:23<06:40, 32.48it/s]evaluating:  48%|████▊     | 11826/24844 [06:23<06:36, 32.81it/s]evaluating:  48%|████▊     | 11830/24844 [06:23<06:44, 32.21it/s]evaluating:  48%|████▊     | 11834/24844 [06:23<06:42, 32.33it/s]evaluating:  48%|████▊     | 11838/24844 [06:23<06:40, 32.48it/s]evaluating:  48%|████▊     | 11842/24844 [06:24<07:24, 29.28it/s]evaluating:  48%|████▊     | 11847/24844 [06:24<06:43, 32.21it/s]evaluating:  48%|████▊     | 11851/24844 [06:24<07:12, 30.07it/s]evaluating:  48%|████▊     | 11855/24844 [06:24<07:07, 30.38it/s]evaluating:  48%|████▊     | 11859/24844 [06:24<07:05, 30.53it/s]evaluating:  48%|████▊     | 11863/24844 [06:24<06:51, 31.56it/s]evaluating:  48%|████▊     | 11867/24844 [06:24<06:58, 31.04it/s]evaluating:  48%|████▊     | 11871/24844 [06:25<07:02, 30.74it/s]evaluating:  48%|████▊     | 11875/24844 [06:25<06:59, 30.90it/s]evaluating:  48%|████▊     | 11879/24844 [06:25<06:34, 32.86it/s]evaluating:  48%|████▊     | 11883/24844 [06:25<06:38, 32.54it/s]evaluating:  48%|████▊     | 11887/24844 [06:25<06:58, 30.96it/s]evaluating:  48%|████▊     | 11891/24844 [06:25<06:48, 31.70it/s]evaluating:  48%|████▊     | 11895/24844 [06:25<06:38, 32.49it/s]evaluating:  48%|████▊     | 11899/24844 [06:25<07:05, 30.43it/s]evaluating:  48%|████▊     | 11904/24844 [06:26<06:18, 34.21it/s]evaluating:  48%|████▊     | 11908/24844 [06:26<06:41, 32.20it/s]evaluating:  48%|████▊     | 11912/24844 [06:26<07:00, 30.77it/s]evaluating:  48%|████▊     | 11916/24844 [06:26<07:05, 30.37it/s]evaluating:  48%|████▊     | 11920/24844 [06:26<07:01, 30.64it/s]evaluating:  48%|████▊     | 11924/24844 [06:26<06:48, 31.59it/s]evaluating:  48%|████▊     | 11928/24844 [06:26<07:09, 30.10it/s]evaluating:  48%|████▊     | 11932/24844 [06:27<07:00, 30.69it/s]evaluating:  48%|████▊     | 11936/24844 [06:27<07:10, 29.97it/s]evaluating:  48%|████▊     | 11940/24844 [06:27<06:45, 31.80it/s]evaluating:  48%|████▊     | 11944/24844 [06:27<06:42, 32.02it/s]evaluating:  48%|████▊     | 11948/24844 [06:27<07:04, 30.38it/s]evaluating:  48%|████▊     | 11952/24844 [06:27<06:57, 30.86it/s]evaluating:  48%|████▊     | 11956/24844 [06:27<07:17, 29.45it/s]evaluating:  48%|████▊     | 11960/24844 [06:27<07:03, 30.42it/s]evaluating:  48%|████▊     | 11964/24844 [06:28<07:12, 29.81it/s]evaluating:  48%|████▊     | 11969/24844 [06:28<06:18, 34.05it/s]evaluating:  48%|████▊     | 11973/24844 [06:28<06:26, 33.28it/s]evaluating:  48%|████▊     | 11977/24844 [06:28<06:45, 31.74it/s]evaluating:  48%|████▊     | 11981/24844 [06:28<06:53, 31.08it/s]evaluating:  48%|████▊     | 11985/24844 [06:28<06:53, 31.06it/s]evaluating:  48%|████▊     | 11989/24844 [06:28<06:49, 31.39it/s]evaluating:  48%|████▊     | 11994/24844 [06:28<06:28, 33.03it/s]evaluating:  48%|████▊     | 11998/24844 [06:29<06:48, 31.42it/s]evaluating:  48%|████▊     | 12002/24844 [06:29<06:43, 31.80it/s]evaluating:  48%|████▊     | 12006/24844 [06:29<06:41, 31.96it/s]evaluating:  48%|████▊     | 12010/24844 [06:29<06:55, 30.87it/s]evaluating:  48%|████▊     | 12014/24844 [06:29<06:42, 31.84it/s]evaluating:  48%|████▊     | 12018/24844 [06:29<06:50, 31.27it/s]evaluating:  48%|████▊     | 12022/24844 [06:29<06:59, 30.55it/s]evaluating:  48%|████▊     | 12026/24844 [06:29<06:40, 31.99it/s]evaluating:  48%|████▊     | 12030/24844 [06:30<07:02, 30.30it/s]evaluating:  48%|████▊     | 12034/24844 [06:30<07:05, 30.12it/s]evaluating:  48%|████▊     | 12038/24844 [06:30<06:55, 30.80it/s]evaluating:  48%|████▊     | 12042/24844 [06:30<07:04, 30.14it/s]evaluating:  48%|████▊     | 12046/24844 [06:30<07:18, 29.15it/s]evaluating:  49%|████▊     | 12050/24844 [06:30<06:47, 31.38it/s]evaluating:  49%|████▊     | 12054/24844 [06:30<07:05, 30.03it/s]evaluating:  49%|████▊     | 12058/24844 [06:31<06:44, 31.60it/s]evaluating:  49%|████▊     | 12062/24844 [06:31<06:40, 31.95it/s]evaluating:  49%|████▊     | 12066/24844 [06:31<07:00, 30.40it/s]evaluating:  49%|████▊     | 12070/24844 [06:31<07:05, 29.99it/s]evaluating:  49%|████▊     | 12074/24844 [06:31<06:49, 31.17it/s]evaluating:  49%|████▊     | 12078/24844 [06:31<07:00, 30.35it/s]evaluating:  49%|████▊     | 12083/24844 [06:31<06:32, 32.51it/s]evaluating:  49%|████▊     | 12087/24844 [06:31<06:54, 30.81it/s]evaluating:  49%|████▊     | 12091/24844 [06:32<06:52, 30.89it/s]evaluating:  49%|████▊     | 12095/24844 [06:32<06:41, 31.79it/s]evaluating:  49%|████▊     | 12099/24844 [06:32<06:57, 30.50it/s]evaluating:  49%|████▊     | 12103/24844 [06:32<06:41, 31.72it/s]evaluating:  49%|████▊     | 12107/24844 [06:32<06:26, 32.97it/s]evaluating:  49%|████▊     | 12111/24844 [06:32<07:06, 29.86it/s]evaluating:  49%|████▉     | 12115/24844 [06:32<07:11, 29.51it/s]evaluating:  49%|████▉     | 12119/24844 [06:33<07:20, 28.86it/s]evaluating:  49%|████▉     | 12123/24844 [06:33<06:58, 30.38it/s]evaluating:  49%|████▉     | 12127/24844 [06:33<07:19, 28.96it/s]evaluating:  49%|████▉     | 12130/24844 [06:33<07:34, 27.97it/s]evaluating:  49%|████▉     | 12135/24844 [06:33<06:33, 32.30it/s]evaluating:  49%|████▉     | 12139/24844 [06:33<06:17, 33.67it/s]evaluating:  49%|████▉     | 12143/24844 [06:33<06:44, 31.36it/s]evaluating:  49%|████▉     | 12147/24844 [06:33<06:55, 30.53it/s]evaluating:  49%|████▉     | 12151/24844 [06:34<06:57, 30.43it/s]evaluating:  49%|████▉     | 12155/24844 [06:34<06:44, 31.39it/s]evaluating:  49%|████▉     | 12159/24844 [06:34<07:12, 29.31it/s]evaluating:  49%|████▉     | 12164/24844 [06:34<06:24, 32.99it/s]evaluating:  49%|████▉     | 12168/24844 [06:34<06:36, 31.99it/s]evaluating:  49%|████▉     | 12172/24844 [06:34<06:51, 30.77it/s]evaluating:  49%|████▉     | 12176/24844 [06:34<06:45, 31.23it/s]evaluating:  49%|████▉     | 12180/24844 [06:34<06:31, 32.38it/s]evaluating:  49%|████▉     | 12184/24844 [06:35<07:06, 29.65it/s]evaluating:  49%|████▉     | 12188/24844 [06:35<06:37, 31.82it/s]evaluating:  49%|████▉     | 12192/24844 [06:35<06:59, 30.19it/s]evaluating:  49%|████▉     | 12196/24844 [06:35<07:10, 29.36it/s]evaluating:  49%|████▉     | 12199/24844 [06:35<07:44, 27.23it/s]evaluating:  49%|████▉     | 12202/24844 [06:35<07:47, 27.01it/s]evaluating:  49%|████▉     | 12205/24844 [06:35<07:47, 27.04it/s]evaluating:  49%|████▉     | 12209/24844 [06:36<07:18, 28.82it/s]evaluating:  49%|████▉     | 12213/24844 [06:36<06:56, 30.30it/s]evaluating:  49%|████▉     | 12217/24844 [06:36<07:12, 29.17it/s]evaluating:  49%|████▉     | 12221/24844 [06:36<06:53, 30.50it/s]evaluating:  49%|████▉     | 12225/24844 [06:36<06:46, 31.04it/s]evaluating:  49%|████▉     | 12229/24844 [06:36<06:46, 31.03it/s]evaluating:  49%|████▉     | 12233/24844 [06:36<06:35, 31.87it/s]evaluating:  49%|████▉     | 12237/24844 [06:36<06:24, 32.75it/s]evaluating:  49%|████▉     | 12241/24844 [06:37<06:36, 31.80it/s]evaluating:  49%|████▉     | 12245/24844 [06:37<07:04, 29.71it/s]evaluating:  49%|████▉     | 12249/24844 [06:37<06:52, 30.51it/s]evaluating:  49%|████▉     | 12253/24844 [06:37<07:06, 29.49it/s]evaluating:  49%|████▉     | 12257/24844 [06:37<06:38, 31.57it/s]evaluating:  49%|████▉     | 12261/24844 [06:37<06:35, 31.78it/s]evaluating:  49%|████▉     | 12265/24844 [06:37<07:04, 29.63it/s]evaluating:  49%|████▉     | 12269/24844 [06:37<07:03, 29.66it/s]evaluating:  49%|████▉     | 12273/24844 [06:38<07:14, 28.94it/s]evaluating:  49%|████▉     | 12277/24844 [06:38<06:49, 30.66it/s]evaluating:  49%|████▉     | 12281/24844 [06:38<07:28, 28.00it/s]evaluating:  49%|████▉     | 12284/24844 [06:38<07:27, 28.05it/s]evaluating:  49%|████▉     | 12288/24844 [06:38<07:00, 29.87it/s]evaluating:  49%|████▉     | 12292/24844 [06:38<06:37, 31.56it/s]evaluating:  49%|████▉     | 12296/24844 [06:38<07:12, 29.00it/s]evaluating:  50%|████▉     | 12300/24844 [06:39<06:57, 30.07it/s]evaluating:  50%|████▉     | 12304/24844 [06:39<07:09, 29.20it/s]evaluating:  50%|████▉     | 12307/24844 [06:39<07:15, 28.80it/s]evaluating:  50%|████▉     | 12311/24844 [06:39<07:13, 28.91it/s]evaluating:  50%|████▉     | 12314/24844 [06:39<07:30, 27.84it/s]evaluating:  50%|████▉     | 12317/24844 [06:39<07:24, 28.18it/s]evaluating:  50%|████▉     | 12320/24844 [06:39<07:22, 28.32it/s]evaluating:  50%|████▉     | 12323/24844 [06:39<07:22, 28.31it/s]evaluating:  50%|████▉     | 12326/24844 [06:39<07:27, 27.99it/s]evaluating:  50%|████▉     | 12331/24844 [06:40<06:12, 33.61it/s]evaluating:  50%|████▉     | 12335/24844 [06:40<06:41, 31.12it/s]evaluating:  50%|████▉     | 12339/24844 [06:40<07:00, 29.74it/s]evaluating:  50%|████▉     | 12343/24844 [06:40<07:00, 29.76it/s]evaluating:  50%|████▉     | 12347/24844 [06:40<07:16, 28.64it/s]evaluating:  50%|████▉     | 12351/24844 [06:40<06:40, 31.16it/s]evaluating:  50%|████▉     | 12355/24844 [06:40<06:59, 29.79it/s]evaluating:  50%|████▉     | 12359/24844 [06:41<07:11, 28.93it/s]evaluating:  50%|████▉     | 12363/24844 [06:41<06:49, 30.49it/s]evaluating:  50%|████▉     | 12367/24844 [06:41<07:19, 28.37it/s]evaluating:  50%|████▉     | 12372/24844 [06:41<06:33, 31.73it/s]evaluating:  50%|████▉     | 12376/24844 [06:41<06:19, 32.84it/s]evaluating:  50%|████▉     | 12380/24844 [06:41<06:33, 31.68it/s]evaluating:  50%|████▉     | 12384/24844 [06:41<06:53, 30.14it/s]evaluating:  50%|████▉     | 12388/24844 [06:41<06:40, 31.09it/s]evaluating:  50%|████▉     | 12392/24844 [06:42<06:35, 31.52it/s]evaluating:  50%|████▉     | 12396/24844 [06:42<06:58, 29.72it/s]evaluating:  50%|████▉     | 12400/24844 [06:42<06:55, 29.96it/s]evaluating:  50%|████▉     | 12404/24844 [06:42<06:37, 31.29it/s]evaluating:  50%|████▉     | 12408/24844 [06:42<06:37, 31.26it/s]evaluating:  50%|████▉     | 12412/24844 [06:42<06:27, 32.12it/s]evaluating:  50%|████▉     | 12416/24844 [06:42<06:56, 29.86it/s]evaluating:  50%|████▉     | 12420/24844 [06:43<06:45, 30.62it/s]evaluating:  50%|█████     | 12424/24844 [06:43<07:12, 28.72it/s]evaluating:  50%|█████     | 12428/24844 [06:43<06:40, 31.03it/s]evaluating:  50%|█████     | 12432/24844 [06:43<06:29, 31.90it/s]evaluating:  50%|█████     | 12436/24844 [06:43<06:30, 31.80it/s]evaluating:  50%|█████     | 12440/24844 [06:43<06:16, 32.93it/s]evaluating:  50%|█████     | 12444/24844 [06:43<05:57, 34.65it/s]evaluating:  50%|█████     | 12448/24844 [06:43<05:56, 34.80it/s]evaluating:  50%|█████     | 12452/24844 [06:43<06:02, 34.20it/s]evaluating:  50%|█████     | 12456/24844 [06:44<06:37, 31.17it/s]evaluating:  50%|█████     | 12460/24844 [06:44<06:12, 33.28it/s]evaluating:  50%|█████     | 12464/24844 [06:44<06:15, 32.94it/s]evaluating:  50%|█████     | 12468/24844 [06:44<06:31, 31.59it/s]evaluating:  50%|█████     | 12472/24844 [06:44<06:32, 31.52it/s]evaluating:  50%|█████     | 12476/24844 [06:44<06:39, 30.96it/s]evaluating:  50%|█████     | 12480/24844 [06:44<06:34, 31.38it/s]evaluating:  50%|█████     | 12484/24844 [06:45<06:42, 30.71it/s]evaluating:  50%|█████     | 12488/24844 [06:45<06:31, 31.53it/s]evaluating:  50%|█████     | 12492/24844 [06:45<06:17, 32.74it/s]evaluating:  50%|█████     | 12496/24844 [06:45<06:47, 30.29it/s]evaluating:  50%|█████     | 12500/24844 [06:45<06:39, 30.88it/s]evaluating:  50%|█████     | 12504/24844 [06:45<06:40, 30.80it/s]evaluating:  50%|█████     | 12508/24844 [06:45<06:55, 29.71it/s]evaluating:  50%|█████     | 12512/24844 [06:45<06:38, 30.93it/s]evaluating:  50%|█████     | 12516/24844 [06:46<06:57, 29.52it/s]evaluating:  50%|█████     | 12519/24844 [06:46<07:05, 28.94it/s]evaluating:  50%|█████     | 12523/24844 [06:46<06:43, 30.54it/s]evaluating:  50%|█████     | 12527/24844 [06:46<06:46, 30.29it/s]evaluating:  50%|█████     | 12531/24844 [06:46<06:27, 31.79it/s]evaluating:  50%|█████     | 12535/24844 [06:46<06:04, 33.79it/s]evaluating:  50%|█████     | 12539/24844 [06:46<06:36, 31.06it/s]evaluating:  50%|█████     | 12543/24844 [06:46<06:43, 30.46it/s]evaluating:  51%|█████     | 12547/24844 [06:47<06:38, 30.84it/s]evaluating:  51%|█████     | 12551/24844 [06:47<06:27, 31.76it/s]evaluating:  51%|█████     | 12555/24844 [06:47<06:31, 31.35it/s]evaluating:  51%|█████     | 12559/24844 [06:47<06:43, 30.47it/s]evaluating:  51%|█████     | 12563/24844 [06:47<06:42, 30.48it/s]evaluating:  51%|█████     | 12567/24844 [06:47<06:22, 32.12it/s]evaluating:  51%|█████     | 12571/24844 [06:47<06:25, 31.83it/s]evaluating:  51%|█████     | 12575/24844 [06:47<06:16, 32.55it/s]evaluating:  51%|█████     | 12579/24844 [06:48<06:25, 31.79it/s]evaluating:  51%|█████     | 12583/24844 [06:48<06:18, 32.38it/s]evaluating:  51%|█████     | 12587/24844 [06:48<06:17, 32.46it/s]evaluating:  51%|█████     | 12591/24844 [06:48<06:43, 30.40it/s]evaluating:  51%|█████     | 12596/24844 [06:48<05:51, 34.82it/s]evaluating:  51%|█████     | 12600/24844 [06:48<06:02, 33.80it/s]evaluating:  51%|█████     | 12604/24844 [06:48<06:29, 31.41it/s]evaluating:  51%|█████     | 12608/24844 [06:48<06:32, 31.19it/s]evaluating:  51%|█████     | 12612/24844 [06:49<06:14, 32.67it/s]evaluating:  51%|█████     | 12616/24844 [06:49<06:26, 31.68it/s]evaluating:  51%|█████     | 12620/24844 [06:49<06:30, 31.29it/s]evaluating:  51%|█████     | 12624/24844 [06:49<06:20, 32.16it/s]evaluating:  51%|█████     | 12629/24844 [06:49<05:42, 35.69it/s]evaluating:  51%|█████     | 12633/24844 [06:49<05:56, 34.28it/s]evaluating:  51%|█████     | 12637/24844 [06:49<06:11, 32.89it/s]evaluating:  51%|█████     | 12641/24844 [06:49<06:13, 32.71it/s]evaluating:  51%|█████     | 12645/24844 [06:50<06:09, 33.00it/s]evaluating:  51%|█████     | 12649/24844 [06:50<06:04, 33.44it/s]evaluating:  51%|█████     | 12653/24844 [06:50<06:05, 33.38it/s]evaluating:  51%|█████     | 12657/24844 [06:50<06:15, 32.43it/s]evaluating:  51%|█████     | 12661/24844 [06:50<06:13, 32.64it/s]evaluating:  51%|█████     | 12666/24844 [06:50<05:38, 35.98it/s]evaluating:  51%|█████     | 12670/24844 [06:50<05:49, 34.78it/s]evaluating:  51%|█████     | 12674/24844 [06:50<05:56, 34.09it/s]evaluating:  51%|█████     | 12678/24844 [06:51<05:59, 33.86it/s]evaluating:  51%|█████     | 12682/24844 [06:51<06:05, 33.30it/s]evaluating:  51%|█████     | 12686/24844 [06:51<05:56, 34.08it/s]evaluating:  51%|█████     | 12690/24844 [06:51<06:31, 31.01it/s]evaluating:  51%|█████     | 12694/24844 [06:51<06:20, 31.94it/s]evaluating:  51%|█████     | 12698/24844 [06:51<06:05, 33.21it/s]evaluating:  51%|█████     | 12702/24844 [06:51<06:05, 33.19it/s]evaluating:  51%|█████     | 12706/24844 [06:51<06:26, 31.38it/s]evaluating:  51%|█████     | 12710/24844 [06:52<06:07, 33.02it/s]evaluating:  51%|█████     | 12714/24844 [06:52<06:02, 33.47it/s]evaluating:  51%|█████     | 12718/24844 [06:52<06:28, 31.25it/s]evaluating:  51%|█████     | 12722/24844 [06:52<06:07, 32.96it/s]evaluating:  51%|█████     | 12726/24844 [06:52<05:57, 33.89it/s]evaluating:  51%|█████     | 12731/24844 [06:52<05:35, 36.11it/s]evaluating:  51%|█████▏    | 12735/24844 [06:52<05:58, 33.74it/s]evaluating:  51%|█████▏    | 12739/24844 [06:52<06:09, 32.77it/s]evaluating:  51%|█████▏    | 12743/24844 [06:53<06:18, 31.99it/s]evaluating:  51%|█████▏    | 12747/24844 [06:53<06:05, 33.06it/s]evaluating:  51%|█████▏    | 12751/24844 [06:53<06:25, 31.40it/s]evaluating:  51%|█████▏    | 12756/24844 [06:53<05:45, 35.01it/s]evaluating:  51%|█████▏    | 12760/24844 [06:53<06:08, 32.80it/s]evaluating:  51%|█████▏    | 12764/24844 [06:53<06:14, 32.28it/s]evaluating:  51%|█████▏    | 12768/24844 [06:53<06:19, 31.86it/s]evaluating:  51%|█████▏    | 12772/24844 [06:53<06:10, 32.57it/s]evaluating:  51%|█████▏    | 12776/24844 [06:54<06:11, 32.49it/s]evaluating:  51%|█████▏    | 12780/24844 [06:54<06:10, 32.58it/s]evaluating:  51%|█████▏    | 12785/24844 [06:54<05:35, 35.89it/s]evaluating:  51%|█████▏    | 12789/24844 [06:54<06:02, 33.28it/s]evaluating:  51%|█████▏    | 12793/24844 [06:54<06:14, 32.20it/s]evaluating:  52%|█████▏    | 12797/24844 [06:54<06:17, 31.93it/s]evaluating:  52%|█████▏    | 12801/24844 [06:54<06:10, 32.55it/s]evaluating:  52%|█████▏    | 12805/24844 [06:54<06:33, 30.60it/s]evaluating:  52%|█████▏    | 12809/24844 [06:55<06:30, 30.84it/s]evaluating:  52%|█████▏    | 12814/24844 [06:55<05:44, 34.88it/s]evaluating:  52%|█████▏    | 12819/24844 [06:55<05:42, 35.13it/s]evaluating:  52%|█████▏    | 12823/24844 [06:55<06:16, 31.95it/s]evaluating:  52%|█████▏    | 12827/24844 [06:55<06:11, 32.36it/s]evaluating:  52%|█████▏    | 12831/24844 [06:55<06:04, 33.00it/s]evaluating:  52%|█████▏    | 12835/24844 [06:55<06:15, 31.99it/s]evaluating:  52%|█████▏    | 12839/24844 [06:55<06:26, 31.08it/s]evaluating:  52%|█████▏    | 12843/24844 [06:56<06:11, 32.29it/s]evaluating:  52%|█████▏    | 12847/24844 [06:56<06:14, 32.03it/s]evaluating:  52%|█████▏    | 12851/24844 [06:56<06:40, 29.92it/s]evaluating:  52%|█████▏    | 12855/24844 [06:56<06:36, 30.26it/s]evaluating:  52%|█████▏    | 12859/24844 [06:56<06:40, 29.94it/s]evaluating:  52%|█████▏    | 12863/24844 [06:56<06:45, 29.57it/s]evaluating:  52%|█████▏    | 12867/24844 [06:56<06:18, 31.67it/s]evaluating:  52%|█████▏    | 12871/24844 [06:57<06:23, 31.20it/s]evaluating:  52%|█████▏    | 12875/24844 [06:57<06:36, 30.19it/s]evaluating:  52%|█████▏    | 12879/24844 [06:57<06:32, 30.50it/s]evaluating:  52%|█████▏    | 12883/24844 [06:57<06:56, 28.75it/s]evaluating:  52%|█████▏    | 12887/24844 [06:57<06:23, 31.15it/s]evaluating:  52%|█████▏    | 12891/24844 [06:57<06:17, 31.63it/s]evaluating:  52%|█████▏    | 12895/24844 [06:57<06:20, 31.41it/s]evaluating:  52%|█████▏    | 12899/24844 [06:57<06:26, 30.91it/s]evaluating:  52%|█████▏    | 12903/24844 [06:58<06:31, 30.54it/s]evaluating:  52%|█████▏    | 12907/24844 [06:58<06:30, 30.57it/s]evaluating:  52%|█████▏    | 12911/24844 [06:58<06:09, 32.26it/s]evaluating:  52%|█████▏    | 12915/24844 [06:58<06:10, 32.17it/s]evaluating:  52%|█████▏    | 12919/24844 [06:58<06:23, 31.11it/s]evaluating:  52%|█████▏    | 12923/24844 [06:58<06:34, 30.22it/s]evaluating:  52%|█████▏    | 12927/24844 [06:58<06:36, 30.05it/s]evaluating:  52%|█████▏    | 12931/24844 [06:58<06:08, 32.30it/s]evaluating:  52%|█████▏    | 12935/24844 [06:59<06:05, 32.55it/s]evaluating:  52%|█████▏    | 12940/24844 [06:59<05:41, 34.86it/s]evaluating:  52%|█████▏    | 12944/24844 [06:59<06:19, 31.39it/s]evaluating:  52%|█████▏    | 12948/24844 [06:59<05:56, 33.38it/s]evaluating:  52%|█████▏    | 12952/24844 [06:59<05:48, 34.15it/s]evaluating:  52%|█████▏    | 12956/24844 [06:59<05:57, 33.30it/s]evaluating:  52%|█████▏    | 12960/24844 [06:59<06:19, 31.34it/s]evaluating:  52%|█████▏    | 12965/24844 [06:59<05:39, 34.97it/s]evaluating:  52%|█████▏    | 12969/24844 [07:00<05:59, 33.01it/s]evaluating:  52%|█████▏    | 12973/24844 [07:00<06:17, 31.42it/s]evaluating:  52%|█████▏    | 12978/24844 [07:00<05:56, 33.28it/s]evaluating:  52%|█████▏    | 12982/24844 [07:00<06:29, 30.43it/s]evaluating:  52%|█████▏    | 12987/24844 [07:00<05:50, 33.81it/s]evaluating:  52%|█████▏    | 12991/24844 [07:00<06:19, 31.26it/s]evaluating:  52%|█████▏    | 12995/24844 [07:00<06:28, 30.52it/s]evaluating:  52%|█████▏    | 12999/24844 [07:01<06:17, 31.34it/s]evaluating:  52%|█████▏    | 13003/24844 [07:01<06:27, 30.56it/s]evaluating:  52%|█████▏    | 13007/24844 [07:01<06:18, 31.31it/s]evaluating:  52%|█████▏    | 13012/24844 [07:01<05:52, 33.57it/s]evaluating:  52%|█████▏    | 13016/24844 [07:01<06:30, 30.26it/s]evaluating:  52%|█████▏    | 13020/24844 [07:01<06:36, 29.84it/s]evaluating:  52%|█████▏    | 13024/24844 [07:01<06:23, 30.79it/s]evaluating:  52%|█████▏    | 13028/24844 [07:01<06:20, 31.08it/s]evaluating:  52%|█████▏    | 13032/24844 [07:02<06:27, 30.51it/s]evaluating:  52%|█████▏    | 13036/24844 [07:02<06:33, 30.02it/s]evaluating:  52%|█████▏    | 13040/24844 [07:02<06:07, 32.12it/s]evaluating:  53%|█████▎    | 13044/24844 [07:02<06:17, 31.29it/s]evaluating:  53%|█████▎    | 13048/24844 [07:02<06:36, 29.75it/s]evaluating:  53%|█████▎    | 13052/24844 [07:02<06:45, 29.08it/s]evaluating:  53%|█████▎    | 13056/24844 [07:02<06:20, 30.96it/s]evaluating:  53%|█████▎    | 13060/24844 [07:03<06:55, 28.39it/s]evaluating:  53%|█████▎    | 13064/24844 [07:03<06:23, 30.73it/s]evaluating:  53%|█████▎    | 13068/24844 [07:03<06:43, 29.15it/s]evaluating:  53%|█████▎    | 13072/24844 [07:03<06:50, 28.71it/s]evaluating:  53%|█████▎    | 13076/24844 [07:03<06:32, 30.00it/s]evaluating:  53%|█████▎    | 13080/24844 [07:03<06:39, 29.43it/s]evaluating:  53%|█████▎    | 13083/24844 [07:03<06:45, 28.99it/s]evaluating:  53%|█████▎    | 13087/24844 [07:03<06:11, 31.64it/s]evaluating:  53%|█████▎    | 13091/24844 [07:04<06:34, 29.79it/s]evaluating:  53%|█████▎    | 13095/24844 [07:04<06:53, 28.43it/s]evaluating:  53%|█████▎    | 13099/24844 [07:04<06:40, 29.32it/s]evaluating:  53%|█████▎    | 13102/24844 [07:04<06:47, 28.81it/s]evaluating:  53%|█████▎    | 13107/24844 [07:04<06:00, 32.58it/s]evaluating:  53%|█████▎    | 13111/24844 [07:04<05:49, 33.61it/s]evaluating:  53%|█████▎    | 13115/24844 [07:04<06:04, 32.17it/s]evaluating:  53%|█████▎    | 13119/24844 [07:04<06:12, 31.44it/s]evaluating:  53%|█████▎    | 13123/24844 [07:05<06:09, 31.69it/s]evaluating:  53%|█████▎    | 13127/24844 [07:05<06:12, 31.45it/s]evaluating:  53%|█████▎    | 13131/24844 [07:05<06:01, 32.41it/s]evaluating:  53%|█████▎    | 13135/24844 [07:05<05:59, 32.57it/s]evaluating:  53%|█████▎    | 13139/24844 [07:05<06:11, 31.48it/s]evaluating:  53%|█████▎    | 13143/24844 [07:05<06:18, 30.93it/s]evaluating:  53%|█████▎    | 13148/24844 [07:05<05:56, 32.84it/s]evaluating:  53%|█████▎    | 13152/24844 [07:05<05:52, 33.12it/s]evaluating:  53%|█████▎    | 13156/24844 [07:06<05:55, 32.83it/s]evaluating:  53%|█████▎    | 13160/24844 [07:06<06:13, 31.31it/s]evaluating:  53%|█████▎    | 13165/24844 [07:06<05:45, 33.76it/s]evaluating:  53%|█████▎    | 13169/24844 [07:06<05:55, 32.82it/s]evaluating:  53%|█████▎    | 13173/24844 [07:06<05:55, 32.83it/s]evaluating:  53%|█████▎    | 13177/24844 [07:06<06:15, 31.10it/s]evaluating:  53%|█████▎    | 13181/24844 [07:06<06:05, 31.88it/s]evaluating:  53%|█████▎    | 13185/24844 [07:07<06:26, 30.16it/s]evaluating:  53%|█████▎    | 13189/24844 [07:07<06:03, 32.08it/s]evaluating:  53%|█████▎    | 13193/24844 [07:07<06:05, 31.91it/s]evaluating:  53%|█████▎    | 13197/24844 [07:07<06:20, 30.61it/s]evaluating:  53%|█████▎    | 13201/24844 [07:07<06:27, 30.01it/s]evaluating:  53%|█████▎    | 13205/24844 [07:07<06:12, 31.29it/s]evaluating:  53%|█████▎    | 13209/24844 [07:07<06:18, 30.78it/s]evaluating:  53%|█████▎    | 13213/24844 [07:07<06:24, 30.27it/s]evaluating:  53%|█████▎    | 13217/24844 [07:08<06:15, 30.98it/s]evaluating:  53%|█████▎    | 13221/24844 [07:08<06:02, 32.04it/s]evaluating:  53%|█████▎    | 13225/24844 [07:08<06:20, 30.53it/s]evaluating:  53%|█████▎    | 13229/24844 [07:08<06:21, 30.44it/s]evaluating:  53%|█████▎    | 13233/24844 [07:08<06:20, 30.51it/s]evaluating:  53%|█████▎    | 13237/24844 [07:08<06:04, 31.87it/s]evaluating:  53%|█████▎    | 13241/24844 [07:08<06:33, 29.49it/s]evaluating:  53%|█████▎    | 13245/24844 [07:08<06:04, 31.83it/s]evaluating:  53%|█████▎    | 13249/24844 [07:09<05:48, 33.27it/s]evaluating:  53%|█████▎    | 13253/24844 [07:09<06:10, 31.31it/s]evaluating:  53%|█████▎    | 13257/24844 [07:09<06:13, 31.03it/s]evaluating:  53%|█████▎    | 13261/24844 [07:09<06:04, 31.80it/s]evaluating:  53%|█████▎    | 13265/24844 [07:09<06:11, 31.19it/s]evaluating:  53%|█████▎    | 13269/24844 [07:09<06:32, 29.52it/s]evaluating:  53%|█████▎    | 13274/24844 [07:09<05:49, 33.14it/s]evaluating:  53%|█████▎    | 13278/24844 [07:09<05:45, 33.46it/s]evaluating:  53%|█████▎    | 13282/24844 [07:10<05:49, 33.06it/s]evaluating:  53%|█████▎    | 13286/24844 [07:10<05:55, 32.48it/s]evaluating:  53%|█████▎    | 13290/24844 [07:10<05:56, 32.41it/s]evaluating:  54%|█████▎    | 13294/24844 [07:10<05:48, 33.18it/s]evaluating:  54%|█████▎    | 13298/24844 [07:10<06:01, 31.93it/s]evaluating:  54%|█████▎    | 13302/24844 [07:10<05:53, 32.65it/s]evaluating:  54%|█████▎    | 13307/24844 [07:10<05:37, 34.17it/s]evaluating:  54%|█████▎    | 13311/24844 [07:11<05:57, 32.26it/s]evaluating:  54%|█████▎    | 13315/24844 [07:11<06:23, 30.06it/s]evaluating:  54%|█████▎    | 13319/24844 [07:11<06:22, 30.16it/s]evaluating:  54%|█████▎    | 13323/24844 [07:11<06:15, 30.68it/s]evaluating:  54%|█████▎    | 13327/24844 [07:11<06:12, 30.95it/s]evaluating:  54%|█████▎    | 13331/24844 [07:11<06:11, 30.99it/s]evaluating:  54%|█████▎    | 13335/24844 [07:11<06:24, 29.91it/s]evaluating:  54%|█████▎    | 13339/24844 [07:11<06:10, 31.08it/s]evaluating:  54%|█████▎    | 13343/24844 [07:12<06:22, 30.04it/s]evaluating:  54%|█████▎    | 13347/24844 [07:12<05:56, 32.21it/s]evaluating:  54%|█████▎    | 13351/24844 [07:12<06:09, 31.12it/s]evaluating:  54%|█████▍    | 13355/24844 [07:12<06:20, 30.18it/s]evaluating:  54%|█████▍    | 13359/24844 [07:12<06:20, 30.20it/s]evaluating:  54%|█████▍    | 13363/24844 [07:12<06:23, 29.93it/s]evaluating:  54%|█████▍    | 13367/24844 [07:12<06:07, 31.24it/s]evaluating:  54%|█████▍    | 13372/24844 [07:12<05:46, 33.08it/s]evaluating:  54%|█████▍    | 13376/24844 [07:13<06:04, 31.43it/s]evaluating:  54%|█████▍    | 13380/24844 [07:13<06:24, 29.85it/s]evaluating:  54%|█████▍    | 13384/24844 [07:13<06:14, 30.64it/s]evaluating:  54%|█████▍    | 13388/24844 [07:13<06:36, 28.90it/s]evaluating:  54%|█████▍    | 13393/24844 [07:13<05:54, 32.27it/s]evaluating:  54%|█████▍    | 13397/24844 [07:13<06:05, 31.30it/s]evaluating:  54%|█████▍    | 13401/24844 [07:13<06:15, 30.44it/s]evaluating:  54%|█████▍    | 13405/24844 [07:14<06:23, 29.85it/s]evaluating:  54%|█████▍    | 13409/24844 [07:14<06:00, 31.70it/s]evaluating:  54%|█████▍    | 13413/24844 [07:14<06:23, 29.84it/s]evaluating:  54%|█████▍    | 13418/24844 [07:14<05:41, 33.45it/s]evaluating:  54%|█████▍    | 13422/24844 [07:14<06:14, 30.52it/s]evaluating:  54%|█████▍    | 13426/24844 [07:14<06:35, 28.90it/s]evaluating:  54%|█████▍    | 13429/24844 [07:14<06:40, 28.48it/s]evaluating:  54%|█████▍    | 13432/24844 [07:15<06:57, 27.34it/s]evaluating:  54%|█████▍    | 13436/24844 [07:15<06:15, 30.37it/s]evaluating:  54%|█████▍    | 13440/24844 [07:15<06:17, 30.17it/s]evaluating:  54%|█████▍    | 13444/24844 [07:15<06:17, 30.20it/s]evaluating:  54%|█████▍    | 13448/24844 [07:15<06:27, 29.41it/s]evaluating:  54%|█████▍    | 13452/24844 [07:15<06:13, 30.53it/s]evaluating:  54%|█████▍    | 13456/24844 [07:15<06:16, 30.26it/s]evaluating:  54%|█████▍    | 13460/24844 [07:15<06:08, 30.86it/s]evaluating:  54%|█████▍    | 13464/24844 [07:16<06:01, 31.50it/s]evaluating:  54%|█████▍    | 13468/24844 [07:16<05:38, 33.58it/s]evaluating:  54%|█████▍    | 13472/24844 [07:16<06:00, 31.58it/s]evaluating:  54%|█████▍    | 13476/24844 [07:16<05:55, 31.95it/s]evaluating:  54%|█████▍    | 13480/24844 [07:16<06:11, 30.56it/s]evaluating:  54%|█████▍    | 13484/24844 [07:16<05:55, 31.99it/s]evaluating:  54%|█████▍    | 13488/24844 [07:16<06:14, 30.36it/s]evaluating:  54%|█████▍    | 13492/24844 [07:16<06:10, 30.63it/s]evaluating:  54%|█████▍    | 13496/24844 [07:17<06:19, 29.90it/s]evaluating:  54%|█████▍    | 13500/24844 [07:17<06:16, 30.15it/s]evaluating:  54%|█████▍    | 13504/24844 [07:17<06:01, 31.40it/s]evaluating:  54%|█████▍    | 13508/24844 [07:17<06:06, 30.93it/s]evaluating:  54%|█████▍    | 13512/24844 [07:17<06:10, 30.60it/s]evaluating:  54%|█████▍    | 13516/24844 [07:17<06:08, 30.75it/s]evaluating:  54%|█████▍    | 13521/24844 [07:17<05:33, 33.91it/s]evaluating:  54%|█████▍    | 13525/24844 [07:17<06:02, 31.23it/s]evaluating:  54%|█████▍    | 13529/24844 [07:18<05:53, 32.02it/s]evaluating:  54%|█████▍    | 13533/24844 [07:18<05:59, 31.49it/s]evaluating:  54%|█████▍    | 13537/24844 [07:18<05:57, 31.60it/s]evaluating:  55%|█████▍    | 13541/24844 [07:18<06:11, 30.43it/s]evaluating:  55%|█████▍    | 13545/24844 [07:18<05:53, 31.94it/s]evaluating:  55%|█████▍    | 13549/24844 [07:18<06:16, 30.00it/s]evaluating:  55%|█████▍    | 13553/24844 [07:18<06:03, 31.02it/s]evaluating:  55%|█████▍    | 13557/24844 [07:19<06:17, 29.89it/s]evaluating:  55%|█████▍    | 13561/24844 [07:19<06:01, 31.23it/s]evaluating:  55%|█████▍    | 13565/24844 [07:19<05:45, 32.65it/s]evaluating:  55%|█████▍    | 13569/24844 [07:19<06:12, 30.31it/s]evaluating:  55%|█████▍    | 13573/24844 [07:19<06:16, 29.91it/s]evaluating:  55%|█████▍    | 13577/24844 [07:19<06:12, 30.24it/s]evaluating:  55%|█████▍    | 13581/24844 [07:19<06:25, 29.25it/s]evaluating:  55%|█████▍    | 13585/24844 [07:19<06:10, 30.41it/s]evaluating:  55%|█████▍    | 13589/24844 [07:20<06:22, 29.44it/s]evaluating:  55%|█████▍    | 13593/24844 [07:20<06:18, 29.74it/s]evaluating:  55%|█████▍    | 13597/24844 [07:20<05:55, 31.64it/s]evaluating:  55%|█████▍    | 13601/24844 [07:20<06:10, 30.35it/s]evaluating:  55%|█████▍    | 13606/24844 [07:20<05:32, 33.75it/s]evaluating:  55%|█████▍    | 13610/24844 [07:20<05:31, 33.92it/s]evaluating:  55%|█████▍    | 13614/24844 [07:20<06:07, 30.55it/s]evaluating:  55%|█████▍    | 13618/24844 [07:20<05:49, 32.09it/s]evaluating:  55%|█████▍    | 13622/24844 [07:21<06:09, 30.37it/s]evaluating:  55%|█████▍    | 13626/24844 [07:21<06:26, 29.04it/s]evaluating:  55%|█████▍    | 13631/24844 [07:21<05:47, 32.28it/s]evaluating:  55%|█████▍    | 13635/24844 [07:21<06:07, 30.49it/s]evaluating:  55%|█████▍    | 13639/24844 [07:21<06:12, 30.04it/s]evaluating:  55%|█████▍    | 13643/24844 [07:21<06:11, 30.18it/s]evaluating:  55%|█████▍    | 13647/24844 [07:21<06:07, 30.51it/s]evaluating:  55%|█████▍    | 13652/24844 [07:22<05:42, 32.65it/s]evaluating:  55%|█████▍    | 13656/24844 [07:22<06:00, 31.03it/s]evaluating:  55%|█████▍    | 13660/24844 [07:22<06:05, 30.56it/s]evaluating:  55%|█████▍    | 13664/24844 [07:22<05:48, 32.12it/s]evaluating:  55%|█████▌    | 13668/24844 [07:22<05:48, 32.05it/s]evaluating:  55%|█████▌    | 13672/24844 [07:22<05:41, 32.72it/s]evaluating:  55%|█████▌    | 13677/24844 [07:22<05:25, 34.35it/s]evaluating:  55%|█████▌    | 13681/24844 [07:22<05:54, 31.53it/s]evaluating:  55%|█████▌    | 13685/24844 [07:23<05:57, 31.21it/s]evaluating:  55%|█████▌    | 13689/24844 [07:23<06:10, 30.10it/s]evaluating:  55%|█████▌    | 13693/24844 [07:23<06:25, 28.91it/s]evaluating:  55%|█████▌    | 13696/24844 [07:23<06:57, 26.72it/s]evaluating:  55%|█████▌    | 13700/24844 [07:23<06:37, 28.06it/s]evaluating:  55%|█████▌    | 13703/24844 [07:23<06:43, 27.64it/s]evaluating:  55%|█████▌    | 13706/24844 [07:23<07:01, 26.43it/s]evaluating:  55%|█████▌    | 13709/24844 [07:24<07:12, 25.73it/s]evaluating:  55%|█████▌    | 13713/24844 [07:24<06:29, 28.54it/s]evaluating:  55%|█████▌    | 13716/24844 [07:24<06:31, 28.40it/s]evaluating:  55%|█████▌    | 13719/24844 [07:24<06:35, 28.14it/s]evaluating:  55%|█████▌    | 13723/24844 [07:24<06:19, 29.31it/s]evaluating:  55%|█████▌    | 13726/24844 [07:24<06:43, 27.55it/s]evaluating:  55%|█████▌    | 13729/24844 [07:24<06:36, 28.05it/s]evaluating:  55%|█████▌    | 13733/24844 [07:24<06:16, 29.54it/s]evaluating:  55%|█████▌    | 13736/24844 [07:24<06:14, 29.66it/s]evaluating:  55%|█████▌    | 13740/24844 [07:25<06:09, 30.01it/s]evaluating:  55%|█████▌    | 13744/24844 [07:25<06:01, 30.69it/s]evaluating:  55%|█████▌    | 13749/24844 [07:25<05:42, 32.39it/s]evaluating:  55%|█████▌    | 13753/24844 [07:25<06:05, 30.37it/s]evaluating:  55%|█████▌    | 13757/24844 [07:25<06:10, 29.92it/s]evaluating:  55%|█████▌    | 13761/24844 [07:25<05:54, 31.25it/s]evaluating:  55%|█████▌    | 13765/24844 [07:25<05:47, 31.87it/s]evaluating:  55%|█████▌    | 13769/24844 [07:26<05:50, 31.61it/s]evaluating:  55%|█████▌    | 13773/24844 [07:26<05:54, 31.24it/s]evaluating:  55%|█████▌    | 13777/24844 [07:26<05:41, 32.38it/s]evaluating:  55%|█████▌    | 13781/24844 [07:26<05:53, 31.27it/s]evaluating:  55%|█████▌    | 13785/24844 [07:26<06:10, 29.87it/s]evaluating:  56%|█████▌    | 13789/24844 [07:26<06:08, 30.01it/s]evaluating:  56%|█████▌    | 13793/24844 [07:26<06:03, 30.38it/s]evaluating:  56%|█████▌    | 13797/24844 [07:26<05:56, 31.01it/s]evaluating:  56%|█████▌    | 13801/24844 [07:27<06:38, 27.71it/s]evaluating:  56%|█████▌    | 13804/24844 [07:27<07:05, 25.97it/s]evaluating:  56%|█████▌    | 13808/24844 [07:27<06:43, 27.32it/s]evaluating:  56%|█████▌    | 13812/24844 [07:27<06:31, 28.20it/s]evaluating:  56%|█████▌    | 13815/24844 [07:27<06:30, 28.24it/s]evaluating:  56%|█████▌    | 13819/24844 [07:27<06:14, 29.43it/s]evaluating:  56%|█████▌    | 13822/24844 [07:27<06:16, 29.31it/s]evaluating:  56%|█████▌    | 13825/24844 [07:27<06:35, 27.88it/s]evaluating:  56%|█████▌    | 13829/24844 [07:28<06:02, 30.39it/s]evaluating:  56%|█████▌    | 13833/24844 [07:28<06:23, 28.72it/s]evaluating:  56%|█████▌    | 13837/24844 [07:28<06:12, 29.53it/s]evaluating:  56%|█████▌    | 13842/24844 [07:28<05:37, 32.64it/s]evaluating:  56%|█████▌    | 13846/24844 [07:28<05:38, 32.45it/s]evaluating:  56%|█████▌    | 13850/24844 [07:28<05:55, 30.92it/s]evaluating:  56%|█████▌    | 13854/24844 [07:28<05:44, 31.88it/s]evaluating:  56%|█████▌    | 13858/24844 [07:28<05:57, 30.76it/s]evaluating:  56%|█████▌    | 13862/24844 [07:29<05:50, 31.29it/s]evaluating:  56%|█████▌    | 13866/24844 [07:29<05:41, 32.19it/s]evaluating:  56%|█████▌    | 13870/24844 [07:29<05:49, 31.40it/s]evaluating:  56%|█████▌    | 13874/24844 [07:29<06:07, 29.81it/s]evaluating:  56%|█████▌    | 13878/24844 [07:29<06:14, 29.24it/s]evaluating:  56%|█████▌    | 13881/24844 [07:29<06:28, 28.19it/s]evaluating:  56%|█████▌    | 13885/24844 [07:29<05:59, 30.50it/s]evaluating:  56%|█████▌    | 13889/24844 [07:30<05:44, 31.80it/s]evaluating:  56%|█████▌    | 13894/24844 [07:30<05:04, 35.95it/s]evaluating:  56%|█████▌    | 13898/24844 [07:30<05:28, 33.28it/s]evaluating:  56%|█████▌    | 13902/24844 [07:30<05:27, 33.38it/s]evaluating:  56%|█████▌    | 13906/24844 [07:30<05:51, 31.15it/s]evaluating:  56%|█████▌    | 13910/24844 [07:30<05:49, 31.27it/s]evaluating:  56%|█████▌    | 13914/24844 [07:30<05:58, 30.48it/s]evaluating:  56%|█████▌    | 13919/24844 [07:30<05:29, 33.12it/s]evaluating:  56%|█████▌    | 13923/24844 [07:31<06:01, 30.18it/s]evaluating:  56%|█████▌    | 13927/24844 [07:31<06:03, 30.02it/s]evaluating:  56%|█████▌    | 13931/24844 [07:31<06:03, 30.03it/s]evaluating:  56%|█████▌    | 13935/24844 [07:31<06:06, 29.73it/s]evaluating:  56%|█████▌    | 13939/24844 [07:31<05:56, 30.58it/s]evaluating:  56%|█████▌    | 13943/24844 [07:31<06:04, 29.93it/s]evaluating:  56%|█████▌    | 13947/24844 [07:31<05:57, 30.51it/s]evaluating:  56%|█████▌    | 13951/24844 [07:31<05:36, 32.33it/s]evaluating:  56%|█████▌    | 13955/24844 [07:32<05:59, 30.31it/s]evaluating:  56%|█████▌    | 13959/24844 [07:32<05:52, 30.86it/s]evaluating:  56%|█████▌    | 13963/24844 [07:32<06:08, 29.49it/s]evaluating:  56%|█████▌    | 13967/24844 [07:32<05:57, 30.42it/s]evaluating:  56%|█████▌    | 13971/24844 [07:32<05:54, 30.66it/s]evaluating:  56%|█████▋    | 13975/24844 [07:32<05:55, 30.56it/s]evaluating:  56%|█████▋    | 13979/24844 [07:32<05:56, 30.52it/s]evaluating:  56%|█████▋    | 13983/24844 [07:33<05:56, 30.48it/s]evaluating:  56%|█████▋    | 13987/24844 [07:33<06:08, 29.48it/s]evaluating:  56%|█████▋    | 13992/24844 [07:33<05:40, 31.88it/s]evaluating:  56%|█████▋    | 13996/24844 [07:33<05:42, 31.68it/s]evaluating:  56%|█████▋    | 14000/24844 [07:33<05:47, 31.17it/s]evaluating:  56%|█████▋    | 14004/24844 [07:33<05:36, 32.19it/s]evaluating:  56%|█████▋    | 14008/24844 [07:33<05:48, 31.12it/s]evaluating:  56%|█████▋    | 14012/24844 [07:33<05:37, 32.10it/s]evaluating:  56%|█████▋    | 14016/24844 [07:34<05:33, 32.43it/s]evaluating:  56%|█████▋    | 14020/24844 [07:34<05:51, 30.80it/s]evaluating:  56%|█████▋    | 14024/24844 [07:34<05:57, 30.31it/s]evaluating:  56%|█████▋    | 14028/24844 [07:34<05:56, 30.32it/s]evaluating:  56%|█████▋    | 14032/24844 [07:34<06:00, 30.00it/s]evaluating:  56%|█████▋    | 14036/24844 [07:34<06:08, 29.37it/s]evaluating:  57%|█████▋    | 14040/24844 [07:34<05:40, 31.70it/s]evaluating:  57%|█████▋    | 14044/24844 [07:35<06:07, 29.42it/s]evaluating:  57%|█████▋    | 14048/24844 [07:35<05:50, 30.79it/s]evaluating:  57%|█████▋    | 14052/24844 [07:35<05:51, 30.67it/s]evaluating:  57%|█████▋    | 14056/24844 [07:35<05:54, 30.42it/s]evaluating:  57%|█████▋    | 14060/24844 [07:35<05:47, 31.06it/s]evaluating:  57%|█████▋    | 14064/24844 [07:35<05:27, 32.88it/s]evaluating:  57%|█████▋    | 14068/24844 [07:35<05:45, 31.23it/s]evaluating:  57%|█████▋    | 14072/24844 [07:35<05:46, 31.05it/s]evaluating:  57%|█████▋    | 14076/24844 [07:36<05:53, 30.43it/s]evaluating:  57%|█████▋    | 14080/24844 [07:36<06:06, 29.37it/s]evaluating:  57%|█████▋    | 14083/24844 [07:36<06:05, 29.46it/s]evaluating:  57%|█████▋    | 14086/24844 [07:36<06:31, 27.45it/s]evaluating:  57%|█████▋    | 14090/24844 [07:36<06:21, 28.19it/s]evaluating:  57%|█████▋    | 14094/24844 [07:36<05:48, 30.81it/s]evaluating:  57%|█████▋    | 14098/24844 [07:36<05:49, 30.71it/s]evaluating:  57%|█████▋    | 14102/24844 [07:36<05:37, 31.78it/s]evaluating:  57%|█████▋    | 14106/24844 [07:37<05:36, 31.88it/s]evaluating:  57%|█████▋    | 14110/24844 [07:37<05:57, 30.07it/s]evaluating:  57%|█████▋    | 14114/24844 [07:37<05:41, 31.40it/s]evaluating:  57%|█████▋    | 14118/24844 [07:37<05:33, 32.20it/s]evaluating:  57%|█████▋    | 14122/24844 [07:37<05:45, 31.05it/s]evaluating:  57%|█████▋    | 14128/24844 [07:37<04:51, 36.80it/s]evaluating:  57%|█████▋    | 14132/24844 [07:37<05:21, 33.35it/s]evaluating:  57%|█████▋    | 14136/24844 [07:37<05:24, 33.00it/s]evaluating:  57%|█████▋    | 14140/24844 [07:38<05:14, 34.08it/s]evaluating:  57%|█████▋    | 14144/24844 [07:38<05:11, 34.37it/s]evaluating:  57%|█████▋    | 14148/24844 [07:38<05:19, 33.50it/s]evaluating:  57%|█████▋    | 14154/24844 [07:38<04:34, 38.94it/s]evaluating:  57%|█████▋    | 14158/24844 [07:38<04:54, 36.23it/s]evaluating:  57%|█████▋    | 14162/24844 [07:38<05:04, 35.03it/s]evaluating:  57%|█████▋    | 14167/24844 [07:38<04:46, 37.29it/s]evaluating:  57%|█████▋    | 14171/24844 [07:38<04:49, 36.92it/s]evaluating:  57%|█████▋    | 14175/24844 [07:39<05:02, 35.26it/s]evaluating:  57%|█████▋    | 14179/24844 [07:39<05:02, 35.22it/s]evaluating:  57%|█████▋    | 14183/24844 [07:39<05:01, 35.33it/s]evaluating:  57%|█████▋    | 14187/24844 [07:39<05:14, 33.89it/s]evaluating:  57%|█████▋    | 14191/24844 [07:39<05:05, 34.83it/s]evaluating:  57%|█████▋    | 14195/24844 [07:39<05:00, 35.45it/s]evaluating:  57%|█████▋    | 14199/24844 [07:39<05:30, 32.23it/s]evaluating:  57%|█████▋    | 14203/24844 [07:39<05:39, 31.37it/s]evaluating:  57%|█████▋    | 14207/24844 [07:39<05:31, 32.05it/s]evaluating:  57%|█████▋    | 14211/24844 [07:40<05:45, 30.75it/s]evaluating:  57%|█████▋    | 14215/24844 [07:40<05:52, 30.16it/s]evaluating:  57%|█████▋    | 14219/24844 [07:40<05:46, 30.70it/s]evaluating:  57%|█████▋    | 14224/24844 [07:40<05:13, 33.90it/s]evaluating:  57%|█████▋    | 14228/24844 [07:40<05:11, 34.03it/s]evaluating:  57%|█████▋    | 14232/24844 [07:40<05:15, 33.59it/s]evaluating:  57%|█████▋    | 14236/24844 [07:40<05:30, 32.11it/s]evaluating:  57%|█████▋    | 14240/24844 [07:41<05:18, 33.26it/s]evaluating:  57%|█████▋    | 14244/24844 [07:41<05:24, 32.71it/s]evaluating:  57%|█████▋    | 14249/24844 [07:41<05:07, 34.45it/s]evaluating:  57%|█████▋    | 14253/24844 [07:41<05:27, 32.36it/s]evaluating:  57%|█████▋    | 14257/24844 [07:41<05:21, 32.95it/s]evaluating:  57%|█████▋    | 14261/24844 [07:41<05:06, 34.54it/s]evaluating:  57%|█████▋    | 14265/24844 [07:41<05:06, 34.52it/s]evaluating:  57%|█████▋    | 14269/24844 [07:41<05:19, 33.08it/s]evaluating:  57%|█████▋    | 14273/24844 [07:41<05:12, 33.87it/s]evaluating:  57%|█████▋    | 14278/24844 [07:42<04:46, 36.82it/s]evaluating:  57%|█████▋    | 14282/24844 [07:42<05:03, 34.82it/s]evaluating:  58%|█████▊    | 14286/24844 [07:42<05:18, 33.18it/s]evaluating:  58%|█████▊    | 14290/24844 [07:42<05:14, 33.52it/s]evaluating:  58%|█████▊    | 14294/24844 [07:42<05:12, 33.80it/s]evaluating:  58%|█████▊    | 14298/24844 [07:42<05:28, 32.13it/s]evaluating:  58%|█████▊    | 14302/24844 [07:42<05:21, 32.82it/s]evaluating:  58%|█████▊    | 14306/24844 [07:42<05:35, 31.40it/s]evaluating:  58%|█████▊    | 14310/24844 [07:43<05:21, 32.80it/s]evaluating:  58%|█████▊    | 14314/24844 [07:43<05:36, 31.31it/s]evaluating:  58%|█████▊    | 14318/24844 [07:43<05:18, 33.05it/s]evaluating:  58%|█████▊    | 14322/24844 [07:43<05:33, 31.55it/s]evaluating:  58%|█████▊    | 14326/24844 [07:43<05:44, 30.56it/s]evaluating:  58%|█████▊    | 14330/24844 [07:43<05:40, 30.85it/s]evaluating:  58%|█████▊    | 14334/24844 [07:43<05:30, 31.85it/s]evaluating:  58%|█████▊    | 14339/24844 [07:44<05:10, 33.87it/s]evaluating:  58%|█████▊    | 14343/24844 [07:44<05:15, 33.34it/s]evaluating:  58%|█████▊    | 14348/24844 [07:44<04:41, 37.25it/s]evaluating:  58%|█████▊    | 14352/24844 [07:44<04:54, 35.65it/s]evaluating:  58%|█████▊    | 14356/24844 [07:44<05:05, 34.33it/s]evaluating:  58%|█████▊    | 14360/24844 [07:44<04:54, 35.57it/s]evaluating:  58%|█████▊    | 14364/24844 [07:44<05:30, 31.69it/s]evaluating:  58%|█████▊    | 14368/24844 [07:44<05:27, 32.02it/s]evaluating:  58%|█████▊    | 14373/24844 [07:45<05:09, 33.87it/s]evaluating:  58%|█████▊    | 14377/24844 [07:45<05:23, 32.32it/s]evaluating:  58%|█████▊    | 14382/24844 [07:45<04:59, 34.92it/s]evaluating:  58%|█████▊    | 14386/24844 [07:45<05:09, 33.78it/s]evaluating:  58%|█████▊    | 14390/24844 [07:45<05:12, 33.42it/s]evaluating:  58%|█████▊    | 14394/24844 [07:45<05:10, 33.60it/s]evaluating:  58%|█████▊    | 14398/24844 [07:45<05:21, 32.47it/s]evaluating:  58%|█████▊    | 14402/24844 [07:45<05:58, 29.14it/s]evaluating:  58%|█████▊    | 14406/24844 [07:46<06:04, 28.65it/s]evaluating:  58%|█████▊    | 14409/24844 [07:46<06:00, 28.96it/s]evaluating:  58%|█████▊    | 14412/24844 [07:46<06:26, 26.98it/s]evaluating:  58%|█████▊    | 14415/24844 [07:46<06:29, 26.76it/s]evaluating:  58%|█████▊    | 14419/24844 [07:46<06:08, 28.27it/s]evaluating:  58%|█████▊    | 14423/24844 [07:46<05:50, 29.77it/s]evaluating:  58%|█████▊    | 14426/24844 [07:46<05:51, 29.62it/s]evaluating:  58%|█████▊    | 14430/24844 [07:46<05:31, 31.39it/s]evaluating:  58%|█████▊    | 14435/24844 [07:46<04:54, 35.36it/s]evaluating:  58%|█████▊    | 14439/24844 [07:47<05:19, 32.57it/s]evaluating:  58%|█████▊    | 14443/24844 [07:47<05:28, 31.67it/s]evaluating:  58%|█████▊    | 14447/24844 [07:47<05:18, 32.61it/s]evaluating:  58%|█████▊    | 14451/24844 [07:47<05:38, 30.72it/s]evaluating:  58%|█████▊    | 14455/24844 [07:47<05:35, 30.95it/s]evaluating:  58%|█████▊    | 14459/24844 [07:47<05:35, 30.93it/s]evaluating:  58%|█████▊    | 14463/24844 [07:47<05:50, 29.62it/s]evaluating:  58%|█████▊    | 14468/24844 [07:48<05:28, 31.60it/s]evaluating:  58%|█████▊    | 14472/24844 [07:48<05:31, 31.33it/s]evaluating:  58%|█████▊    | 14476/24844 [07:48<05:21, 32.20it/s]evaluating:  58%|█████▊    | 14480/24844 [07:48<05:11, 33.26it/s]evaluating:  58%|█████▊    | 14484/24844 [07:48<05:09, 33.48it/s]evaluating:  58%|█████▊    | 14488/24844 [07:48<05:20, 32.36it/s]evaluating:  58%|█████▊    | 14492/24844 [07:48<05:10, 33.33it/s]evaluating:  58%|█████▊    | 14496/24844 [07:48<05:01, 34.34it/s]evaluating:  58%|█████▊    | 14501/24844 [07:49<04:41, 36.73it/s]evaluating:  58%|█████▊    | 14505/24844 [07:49<04:36, 37.44it/s]evaluating:  58%|█████▊    | 14509/24844 [07:49<04:47, 36.00it/s]evaluating:  58%|█████▊    | 14513/24844 [07:49<04:52, 35.32it/s]evaluating:  58%|█████▊    | 14517/24844 [07:49<05:00, 34.38it/s]evaluating:  58%|█████▊    | 14521/24844 [07:49<04:51, 35.39it/s]evaluating:  58%|█████▊    | 14525/24844 [07:49<05:05, 33.73it/s]evaluating:  58%|█████▊    | 14529/24844 [07:49<05:02, 34.13it/s]evaluating:  59%|█████▊    | 14534/24844 [07:49<04:41, 36.57it/s]evaluating:  59%|█████▊    | 14538/24844 [07:50<04:50, 35.53it/s]evaluating:  59%|█████▊    | 14542/24844 [07:50<05:10, 33.15it/s]evaluating:  59%|█████▊    | 14546/24844 [07:50<05:14, 32.77it/s]evaluating:  59%|█████▊    | 14550/24844 [07:50<05:15, 32.67it/s]evaluating:  59%|█████▊    | 14554/24844 [07:50<05:17, 32.42it/s]evaluating:  59%|█████▊    | 14558/24844 [07:50<05:03, 33.89it/s]evaluating:  59%|█████▊    | 14562/24844 [07:50<05:25, 31.62it/s]evaluating:  59%|█████▊    | 14566/24844 [07:50<05:23, 31.82it/s]evaluating:  59%|█████▊    | 14570/24844 [07:51<05:38, 30.36it/s]evaluating:  59%|█████▊    | 14574/24844 [07:51<05:19, 32.16it/s]evaluating:  59%|█████▊    | 14578/24844 [07:51<05:12, 32.84it/s]evaluating:  59%|█████▊    | 14582/24844 [07:51<05:21, 31.95it/s]evaluating:  59%|█████▊    | 14586/24844 [07:51<05:08, 33.20it/s]evaluating:  59%|█████▊    | 14590/24844 [07:51<05:20, 31.97it/s]evaluating:  59%|█████▊    | 14594/24844 [07:51<05:15, 32.45it/s]evaluating:  59%|█████▉    | 14598/24844 [07:51<05:18, 32.21it/s]evaluating:  59%|█████▉    | 14602/24844 [07:52<05:04, 33.61it/s]evaluating:  59%|█████▉    | 14606/24844 [07:52<05:07, 33.25it/s]evaluating:  59%|█████▉    | 14610/24844 [07:52<05:22, 31.75it/s]evaluating:  59%|█████▉    | 14614/24844 [07:52<05:12, 32.69it/s]evaluating:  59%|█████▉    | 14618/24844 [07:52<05:28, 31.14it/s]evaluating:  59%|█████▉    | 14622/24844 [07:52<05:38, 30.18it/s]evaluating:  59%|█████▉    | 14626/24844 [07:52<05:15, 32.41it/s]evaluating:  59%|█████▉    | 14630/24844 [07:52<05:17, 32.13it/s]evaluating:  59%|█████▉    | 14634/24844 [07:53<05:27, 31.14it/s]evaluating:  59%|█████▉    | 14638/24844 [07:53<05:16, 32.23it/s]evaluating:  59%|█████▉    | 14642/24844 [07:53<05:05, 33.37it/s]evaluating:  59%|█████▉    | 14646/24844 [07:53<05:07, 33.15it/s]evaluating:  59%|█████▉    | 14650/24844 [07:53<05:32, 30.63it/s]evaluating:  59%|█████▉    | 14654/24844 [07:53<05:33, 30.59it/s]evaluating:  59%|█████▉    | 14659/24844 [07:53<04:59, 33.99it/s]evaluating:  59%|█████▉    | 14663/24844 [07:53<05:17, 32.11it/s]evaluating:  59%|█████▉    | 14667/24844 [07:54<05:32, 30.62it/s]evaluating:  59%|█████▉    | 14671/24844 [07:54<05:18, 31.90it/s]evaluating:  59%|█████▉    | 14675/24844 [07:54<05:32, 30.62it/s]evaluating:  59%|█████▉    | 14679/24844 [07:54<05:19, 31.80it/s]evaluating:  59%|█████▉    | 14683/24844 [07:54<05:01, 33.68it/s]evaluating:  59%|█████▉    | 14687/24844 [07:54<05:06, 33.19it/s]evaluating:  59%|█████▉    | 14691/24844 [07:54<05:10, 32.69it/s]evaluating:  59%|█████▉    | 14695/24844 [07:54<05:14, 32.30it/s]evaluating:  59%|█████▉    | 14699/24844 [07:55<05:07, 32.99it/s]evaluating:  59%|█████▉    | 14703/24844 [07:55<04:58, 33.92it/s]evaluating:  59%|█████▉    | 14707/24844 [07:55<05:18, 31.79it/s]evaluating:  59%|█████▉    | 14711/24844 [07:55<05:21, 31.55it/s]evaluating:  59%|█████▉    | 14715/24844 [07:55<05:18, 31.79it/s]evaluating:  59%|█████▉    | 14719/24844 [07:55<05:17, 31.86it/s]evaluating:  59%|█████▉    | 14723/24844 [07:55<05:35, 30.17it/s]evaluating:  59%|█████▉    | 14727/24844 [07:55<05:18, 31.80it/s]evaluating:  59%|█████▉    | 14731/24844 [07:56<05:14, 32.14it/s]evaluating:  59%|█████▉    | 14735/24844 [07:56<05:44, 29.31it/s]evaluating:  59%|█████▉    | 14739/24844 [07:56<05:27, 30.86it/s]evaluating:  59%|█████▉    | 14743/24844 [07:56<05:49, 28.92it/s]evaluating:  59%|█████▉    | 14748/24844 [07:56<05:08, 32.72it/s]evaluating:  59%|█████▉    | 14752/24844 [07:56<05:16, 31.93it/s]evaluating:  59%|█████▉    | 14756/24844 [07:56<05:16, 31.85it/s]evaluating:  59%|█████▉    | 14760/24844 [07:57<05:11, 32.41it/s]evaluating:  59%|█████▉    | 14764/24844 [07:57<05:13, 32.18it/s]evaluating:  59%|█████▉    | 14768/24844 [07:57<05:12, 32.28it/s]evaluating:  59%|█████▉    | 14772/24844 [07:57<05:20, 31.38it/s]evaluating:  59%|█████▉    | 14777/24844 [07:57<04:46, 35.19it/s]evaluating:  59%|█████▉    | 14781/24844 [07:57<05:10, 32.42it/s]evaluating:  60%|█████▉    | 14785/24844 [07:57<05:25, 30.87it/s]evaluating:  60%|█████▉    | 14789/24844 [07:57<05:23, 31.11it/s]evaluating:  60%|█████▉    | 14793/24844 [07:58<05:38, 29.66it/s]evaluating:  60%|█████▉    | 14797/24844 [07:58<06:02, 27.71it/s]evaluating:  60%|█████▉    | 14801/24844 [07:58<05:33, 30.10it/s]evaluating:  60%|█████▉    | 14805/24844 [07:58<05:10, 32.31it/s]evaluating:  60%|█████▉    | 14809/24844 [07:58<05:25, 30.82it/s]evaluating:  60%|█████▉    | 14813/24844 [07:58<05:11, 32.17it/s]evaluating:  60%|█████▉    | 14817/24844 [07:58<05:13, 31.96it/s]evaluating:  60%|█████▉    | 14821/24844 [07:59<05:26, 30.66it/s]evaluating:  60%|█████▉    | 14825/24844 [07:59<05:34, 29.92it/s]evaluating:  60%|█████▉    | 14829/24844 [07:59<05:40, 29.42it/s]evaluating:  60%|█████▉    | 14833/24844 [07:59<05:20, 31.21it/s]evaluating:  60%|█████▉    | 14837/24844 [07:59<05:11, 32.09it/s]evaluating:  60%|█████▉    | 14841/24844 [07:59<05:13, 31.94it/s]evaluating:  60%|█████▉    | 14845/24844 [07:59<05:25, 30.71it/s]evaluating:  60%|█████▉    | 14849/24844 [07:59<05:10, 32.15it/s]evaluating:  60%|█████▉    | 14853/24844 [08:00<05:04, 32.82it/s]evaluating:  60%|█████▉    | 14857/24844 [08:00<05:22, 30.95it/s]evaluating:  60%|█████▉    | 14861/24844 [08:00<05:29, 30.29it/s]evaluating:  60%|█████▉    | 14865/24844 [08:00<05:20, 31.14it/s]evaluating:  60%|█████▉    | 14869/24844 [08:00<05:02, 33.01it/s]evaluating:  60%|█████▉    | 14874/24844 [08:00<04:36, 36.00it/s]evaluating:  60%|█████▉    | 14878/24844 [08:00<05:01, 33.09it/s]evaluating:  60%|█████▉    | 14882/24844 [08:00<05:24, 30.72it/s]evaluating:  60%|█████▉    | 14886/24844 [08:01<05:19, 31.17it/s]evaluating:  60%|█████▉    | 14890/24844 [08:01<05:24, 30.68it/s]evaluating:  60%|█████▉    | 14895/24844 [08:01<05:05, 32.59it/s]evaluating:  60%|█████▉    | 14899/24844 [08:01<05:15, 31.52it/s]evaluating:  60%|█████▉    | 14903/24844 [08:01<05:11, 31.89it/s]evaluating:  60%|██████    | 14907/24844 [08:01<05:15, 31.54it/s]evaluating:  60%|██████    | 14911/24844 [08:01<05:25, 30.48it/s]evaluating:  60%|██████    | 14915/24844 [08:01<05:11, 31.90it/s]evaluating:  60%|██████    | 14920/24844 [08:02<04:35, 36.01it/s]evaluating:  60%|██████    | 14924/24844 [08:02<05:04, 32.61it/s]evaluating:  60%|██████    | 14928/24844 [08:02<05:14, 31.49it/s]evaluating:  60%|██████    | 14932/24844 [08:02<05:01, 32.82it/s]evaluating:  60%|██████    | 14936/24844 [08:02<05:05, 32.38it/s]evaluating:  60%|██████    | 14940/24844 [08:02<05:19, 30.97it/s]evaluating:  60%|██████    | 14945/24844 [08:02<04:50, 34.08it/s]evaluating:  60%|██████    | 14949/24844 [08:02<04:55, 33.50it/s]evaluating:  60%|██████    | 14953/24844 [08:03<05:17, 31.12it/s]evaluating:  60%|██████    | 14957/24844 [08:03<05:06, 32.29it/s]evaluating:  60%|██████    | 14961/24844 [08:03<05:11, 31.70it/s]evaluating:  60%|██████    | 14965/24844 [08:03<05:24, 30.43it/s]evaluating:  60%|██████    | 14970/24844 [08:03<04:51, 33.92it/s]evaluating:  60%|██████    | 14974/24844 [08:03<04:48, 34.26it/s]evaluating:  60%|██████    | 14978/24844 [08:03<04:54, 33.53it/s]evaluating:  60%|██████    | 14982/24844 [08:04<05:03, 32.52it/s]evaluating:  60%|██████    | 14986/24844 [08:04<05:04, 32.36it/s]evaluating:  60%|██████    | 14990/24844 [08:04<04:59, 32.85it/s]evaluating:  60%|██████    | 14994/24844 [08:04<05:11, 31.58it/s]evaluating:  60%|██████    | 14999/24844 [08:04<04:39, 35.28it/s]evaluating:  60%|██████    | 15003/24844 [08:04<04:53, 33.53it/s]evaluating:  60%|██████    | 15007/24844 [08:04<05:07, 31.95it/s]evaluating:  60%|██████    | 15011/24844 [08:04<05:16, 31.10it/s]evaluating:  60%|██████    | 15015/24844 [08:05<05:08, 31.83it/s]evaluating:  60%|██████    | 15019/24844 [08:05<05:28, 29.88it/s]evaluating:  60%|██████    | 15023/24844 [08:05<05:07, 31.95it/s]evaluating:  60%|██████    | 15027/24844 [08:05<05:06, 32.02it/s]evaluating:  61%|██████    | 15031/24844 [08:05<05:20, 30.60it/s]evaluating:  61%|██████    | 15035/24844 [08:05<05:14, 31.23it/s]evaluating:  61%|██████    | 15039/24844 [08:05<05:14, 31.22it/s]evaluating:  61%|██████    | 15043/24844 [08:05<05:21, 30.50it/s]evaluating:  61%|██████    | 15047/24844 [08:06<05:06, 31.91it/s]evaluating:  61%|██████    | 15052/24844 [08:06<04:41, 34.83it/s]evaluating:  61%|██████    | 15056/24844 [08:06<05:15, 30.99it/s]evaluating:  61%|██████    | 15060/24844 [08:06<05:13, 31.18it/s]evaluating:  61%|██████    | 15064/24844 [08:06<05:05, 32.04it/s]evaluating:  61%|██████    | 15068/24844 [08:06<05:31, 29.52it/s]evaluating:  61%|██████    | 15072/24844 [08:06<05:07, 31.75it/s]evaluating:  61%|██████    | 15076/24844 [08:07<05:24, 30.08it/s]evaluating:  61%|██████    | 15080/24844 [08:07<05:26, 29.91it/s]evaluating:  61%|██████    | 15084/24844 [08:07<05:10, 31.47it/s]evaluating:  61%|██████    | 15088/24844 [08:07<05:17, 30.75it/s]evaluating:  61%|██████    | 15092/24844 [08:07<05:18, 30.63it/s]evaluating:  61%|██████    | 15096/24844 [08:07<05:23, 30.15it/s]evaluating:  61%|██████    | 15100/24844 [08:07<05:20, 30.39it/s]evaluating:  61%|██████    | 15104/24844 [08:07<05:12, 31.21it/s]evaluating:  61%|██████    | 15108/24844 [08:08<05:06, 31.77it/s]evaluating:  61%|██████    | 15112/24844 [08:08<05:31, 29.39it/s]evaluating:  61%|██████    | 15116/24844 [08:08<05:05, 31.83it/s]evaluating:  61%|██████    | 15120/24844 [08:08<05:33, 29.18it/s]evaluating:  61%|██████    | 15124/24844 [08:08<05:21, 30.25it/s]evaluating:  61%|██████    | 15128/24844 [08:08<05:19, 30.45it/s]evaluating:  61%|██████    | 15132/24844 [08:08<05:11, 31.16it/s]evaluating:  61%|██████    | 15136/24844 [08:08<05:11, 31.13it/s]evaluating:  61%|██████    | 15140/24844 [08:09<05:22, 30.12it/s]evaluating:  61%|██████    | 15145/24844 [08:09<04:47, 33.79it/s]evaluating:  61%|██████    | 15150/24844 [08:09<04:29, 35.91it/s]evaluating:  61%|██████    | 15154/24844 [08:09<05:00, 32.29it/s]evaluating:  61%|██████    | 15158/24844 [08:09<05:00, 32.27it/s]evaluating:  61%|██████    | 15162/24844 [08:09<04:52, 33.14it/s]evaluating:  61%|██████    | 15166/24844 [08:09<04:48, 33.54it/s]evaluating:  61%|██████    | 15170/24844 [08:09<04:59, 32.27it/s]evaluating:  61%|██████    | 15174/24844 [08:10<05:02, 31.99it/s]evaluating:  61%|██████    | 15178/24844 [08:10<05:22, 29.97it/s]evaluating:  61%|██████    | 15182/24844 [08:10<05:17, 30.44it/s]evaluating:  61%|██████    | 15186/24844 [08:10<05:13, 30.77it/s]evaluating:  61%|██████    | 15190/24844 [08:10<05:17, 30.40it/s]evaluating:  61%|██████    | 15195/24844 [08:10<04:52, 32.93it/s]evaluating:  61%|██████    | 15199/24844 [08:10<05:00, 32.05it/s]evaluating:  61%|██████    | 15203/24844 [08:11<04:54, 32.77it/s]evaluating:  61%|██████    | 15207/24844 [08:11<05:03, 31.72it/s]evaluating:  61%|██████    | 15212/24844 [08:11<04:39, 34.50it/s]evaluating:  61%|██████    | 15216/24844 [08:11<05:01, 31.98it/s]evaluating:  61%|██████▏   | 15220/24844 [08:11<05:16, 30.42it/s]evaluating:  61%|██████▏   | 15224/24844 [08:11<05:06, 31.42it/s]evaluating:  61%|██████▏   | 15228/24844 [08:11<04:52, 32.86it/s]evaluating:  61%|██████▏   | 15232/24844 [08:11<05:13, 30.70it/s]evaluating:  61%|██████▏   | 15236/24844 [08:12<05:01, 31.82it/s]evaluating:  61%|██████▏   | 15241/24844 [08:12<04:35, 34.82it/s]evaluating:  61%|██████▏   | 15245/24844 [08:12<04:53, 32.69it/s]evaluating:  61%|██████▏   | 15249/24844 [08:12<05:06, 31.34it/s]evaluating:  61%|██████▏   | 15253/24844 [08:12<05:20, 29.94it/s]evaluating:  61%|██████▏   | 15257/24844 [08:12<05:17, 30.22it/s]evaluating:  61%|██████▏   | 15262/24844 [08:12<04:45, 33.52it/s]evaluating:  61%|██████▏   | 15266/24844 [08:13<05:04, 31.50it/s]evaluating:  61%|██████▏   | 15270/24844 [08:13<05:13, 30.52it/s]evaluating:  61%|██████▏   | 15274/24844 [08:13<04:54, 32.49it/s]evaluating:  61%|██████▏   | 15278/24844 [08:13<04:52, 32.69it/s]evaluating:  62%|██████▏   | 15282/24844 [08:13<05:06, 31.15it/s]evaluating:  62%|██████▏   | 15286/24844 [08:13<04:58, 32.01it/s]evaluating:  62%|██████▏   | 15290/24844 [08:13<04:52, 32.69it/s]evaluating:  62%|██████▏   | 15294/24844 [08:13<05:03, 31.48it/s]evaluating:  62%|██████▏   | 15298/24844 [08:13<04:48, 33.14it/s]evaluating:  62%|██████▏   | 15302/24844 [08:14<04:41, 33.87it/s]evaluating:  62%|██████▏   | 15306/24844 [08:14<04:37, 34.40it/s]evaluating:  62%|██████▏   | 15310/24844 [08:14<04:55, 32.22it/s]evaluating:  62%|██████▏   | 15315/24844 [08:14<04:39, 34.13it/s]evaluating:  62%|██████▏   | 15319/24844 [08:14<05:09, 30.81it/s]evaluating:  62%|██████▏   | 15323/24844 [08:14<05:09, 30.80it/s]evaluating:  62%|██████▏   | 15327/24844 [08:14<05:04, 31.25it/s]evaluating:  62%|██████▏   | 15331/24844 [08:15<05:15, 30.13it/s]evaluating:  62%|██████▏   | 15335/24844 [08:15<05:02, 31.42it/s]evaluating:  62%|██████▏   | 15340/24844 [08:15<04:32, 34.92it/s]evaluating:  62%|██████▏   | 15344/24844 [08:15<05:05, 31.13it/s]evaluating:  62%|██████▏   | 15348/24844 [08:15<05:02, 31.40it/s]evaluating:  62%|██████▏   | 15352/24844 [08:15<04:54, 32.23it/s]evaluating:  62%|██████▏   | 15356/24844 [08:15<04:54, 32.27it/s]evaluating:  62%|██████▏   | 15360/24844 [08:15<04:57, 31.86it/s]evaluating:  62%|██████▏   | 15365/24844 [08:16<04:44, 33.31it/s]evaluating:  62%|██████▏   | 15369/24844 [08:16<04:58, 31.77it/s]evaluating:  62%|██████▏   | 15373/24844 [08:16<05:00, 31.52it/s]evaluating:  62%|██████▏   | 15377/24844 [08:16<04:54, 32.11it/s]evaluating:  62%|██████▏   | 15381/24844 [08:16<04:38, 34.00it/s]evaluating:  62%|██████▏   | 15385/24844 [08:16<04:52, 32.39it/s]evaluating:  62%|██████▏   | 15389/24844 [08:16<05:00, 31.51it/s]evaluating:  62%|██████▏   | 15394/24844 [08:16<04:26, 35.43it/s]evaluating:  62%|██████▏   | 15398/24844 [08:17<04:42, 33.39it/s]evaluating:  62%|██████▏   | 15402/24844 [08:17<04:55, 31.93it/s]evaluating:  62%|██████▏   | 15406/24844 [08:17<04:43, 33.24it/s]evaluating:  62%|██████▏   | 15410/24844 [08:17<04:33, 34.48it/s]evaluating:  62%|██████▏   | 15414/24844 [08:17<04:34, 34.40it/s]evaluating:  62%|██████▏   | 15418/24844 [08:17<04:38, 33.89it/s]evaluating:  62%|██████▏   | 15422/24844 [08:17<04:41, 33.52it/s]evaluating:  62%|██████▏   | 15426/24844 [08:17<04:36, 34.06it/s]evaluating:  62%|██████▏   | 15430/24844 [08:18<05:02, 31.17it/s]evaluating:  62%|██████▏   | 15434/24844 [08:18<04:43, 33.18it/s]evaluating:  62%|██████▏   | 15438/24844 [08:18<04:57, 31.64it/s]evaluating:  62%|██████▏   | 15442/24844 [08:18<04:48, 32.61it/s]evaluating:  62%|██████▏   | 15446/24844 [08:18<04:38, 33.77it/s]evaluating:  62%|██████▏   | 15450/24844 [08:18<04:53, 32.02it/s]evaluating:  62%|██████▏   | 15454/24844 [08:18<05:07, 30.56it/s]evaluating:  62%|██████▏   | 15459/24844 [08:18<04:43, 33.10it/s]evaluating:  62%|██████▏   | 15463/24844 [08:19<04:41, 33.30it/s]evaluating:  62%|██████▏   | 15467/24844 [08:19<04:43, 33.04it/s]evaluating:  62%|██████▏   | 15471/24844 [08:19<04:59, 31.33it/s]evaluating:  62%|██████▏   | 15475/24844 [08:19<05:04, 30.73it/s]evaluating:  62%|██████▏   | 15479/24844 [08:19<05:01, 31.07it/s]evaluating:  62%|██████▏   | 15483/24844 [08:19<04:57, 31.43it/s]evaluating:  62%|██████▏   | 15487/24844 [08:19<04:58, 31.35it/s]evaluating:  62%|██████▏   | 15492/24844 [08:19<04:37, 33.75it/s]evaluating:  62%|██████▏   | 15496/24844 [08:20<05:08, 30.33it/s]evaluating:  62%|██████▏   | 15500/24844 [08:20<05:07, 30.42it/s]evaluating:  62%|██████▏   | 15504/24844 [08:20<05:02, 30.88it/s]evaluating:  62%|██████▏   | 15508/24844 [08:20<05:09, 30.16it/s]evaluating:  62%|██████▏   | 15512/24844 [08:20<05:13, 29.72it/s]evaluating:  62%|██████▏   | 15517/24844 [08:20<04:42, 33.06it/s]evaluating:  62%|██████▏   | 15521/24844 [08:20<04:56, 31.47it/s]evaluating:  62%|██████▏   | 15525/24844 [08:21<05:02, 30.76it/s]evaluating:  63%|██████▎   | 15529/24844 [08:21<05:09, 30.11it/s]evaluating:  63%|██████▎   | 15533/24844 [08:21<05:15, 29.51it/s]evaluating:  63%|██████▎   | 15536/24844 [08:21<05:23, 28.78it/s]evaluating:  63%|██████▎   | 15541/24844 [08:21<04:43, 32.81it/s]evaluating:  63%|██████▎   | 15545/24844 [08:21<04:45, 32.60it/s]evaluating:  63%|██████▎   | 15549/24844 [08:21<04:54, 31.58it/s]evaluating:  63%|██████▎   | 15553/24844 [08:21<05:03, 30.63it/s]evaluating:  63%|██████▎   | 15557/24844 [08:22<04:56, 31.36it/s]evaluating:  63%|██████▎   | 15561/24844 [08:22<05:03, 30.64it/s]evaluating:  63%|██████▎   | 15565/24844 [08:22<04:55, 31.43it/s]evaluating:  63%|██████▎   | 15569/24844 [08:22<04:53, 31.59it/s]evaluating:  63%|██████▎   | 15573/24844 [08:22<04:43, 32.69it/s]evaluating:  63%|██████▎   | 15577/24844 [08:22<04:40, 33.02it/s]evaluating:  63%|██████▎   | 15581/24844 [08:22<04:45, 32.40it/s]evaluating:  63%|██████▎   | 15586/24844 [08:22<04:32, 33.94it/s]evaluating:  63%|██████▎   | 15590/24844 [08:23<04:37, 33.33it/s]evaluating:  63%|██████▎   | 15594/24844 [08:23<04:33, 33.81it/s]evaluating:  63%|██████▎   | 15598/24844 [08:23<04:56, 31.15it/s]evaluating:  63%|██████▎   | 15602/24844 [08:23<04:55, 31.30it/s]evaluating:  63%|██████▎   | 15606/24844 [08:23<04:52, 31.62it/s]evaluating:  63%|██████▎   | 15610/24844 [08:23<04:47, 32.16it/s]evaluating:  63%|██████▎   | 15615/24844 [08:23<04:27, 34.46it/s]evaluating:  63%|██████▎   | 15619/24844 [08:23<04:38, 33.13it/s]evaluating:  63%|██████▎   | 15623/24844 [08:24<04:52, 31.55it/s]evaluating:  63%|██████▎   | 15627/24844 [08:24<04:42, 32.59it/s]evaluating:  63%|██████▎   | 15631/24844 [08:24<04:47, 32.06it/s]evaluating:  63%|██████▎   | 15635/24844 [08:24<04:56, 31.05it/s]evaluating:  63%|██████▎   | 15640/24844 [08:24<04:29, 34.09it/s]evaluating:  63%|██████▎   | 15644/24844 [08:24<04:48, 31.87it/s]evaluating:  63%|██████▎   | 15648/24844 [08:24<05:05, 30.08it/s]evaluating:  63%|██████▎   | 15652/24844 [08:25<04:53, 31.29it/s]evaluating:  63%|██████▎   | 15656/24844 [08:25<05:04, 30.16it/s]evaluating:  63%|██████▎   | 15660/24844 [08:25<05:03, 30.24it/s]evaluating:  63%|██████▎   | 15664/24844 [08:25<04:52, 31.34it/s]evaluating:  63%|██████▎   | 15668/24844 [08:25<04:42, 32.43it/s]evaluating:  63%|██████▎   | 15672/24844 [08:25<04:53, 31.25it/s]evaluating:  63%|██████▎   | 15676/24844 [08:25<04:56, 30.90it/s]evaluating:  63%|██████▎   | 15680/24844 [08:25<05:15, 29.08it/s]evaluating:  63%|██████▎   | 15684/24844 [08:26<04:52, 31.29it/s]evaluating:  63%|██████▎   | 15688/24844 [08:26<05:01, 30.32it/s]evaluating:  63%|██████▎   | 15692/24844 [08:26<05:00, 30.51it/s]evaluating:  63%|██████▎   | 15696/24844 [08:26<05:07, 29.74it/s]evaluating:  63%|██████▎   | 15700/24844 [08:26<05:20, 28.53it/s]evaluating:  63%|██████▎   | 15705/24844 [08:26<04:51, 31.39it/s]evaluating:  63%|██████▎   | 15709/24844 [08:26<05:03, 30.10it/s]evaluating:  63%|██████▎   | 15714/24844 [08:27<04:26, 34.23it/s]evaluating:  63%|██████▎   | 15718/24844 [08:27<04:34, 33.27it/s]evaluating:  63%|██████▎   | 15722/24844 [08:27<04:51, 31.35it/s]evaluating:  63%|██████▎   | 15726/24844 [08:27<04:40, 32.56it/s]evaluating:  63%|██████▎   | 15730/24844 [08:27<04:49, 31.49it/s]evaluating:  63%|██████▎   | 15735/24844 [08:27<04:22, 34.75it/s]evaluating:  63%|██████▎   | 15739/24844 [08:27<04:32, 33.47it/s]evaluating:  63%|██████▎   | 15743/24844 [08:27<04:32, 33.45it/s]evaluating:  63%|██████▎   | 15747/24844 [08:28<04:45, 31.87it/s]evaluating:  63%|██████▎   | 15752/24844 [08:28<04:27, 34.00it/s]evaluating:  63%|██████▎   | 15756/24844 [08:28<04:43, 32.09it/s]evaluating:  63%|██████▎   | 15761/24844 [08:28<04:19, 35.02it/s]evaluating:  63%|██████▎   | 15765/24844 [08:28<04:29, 33.69it/s]evaluating:  63%|██████▎   | 15769/24844 [08:28<04:37, 32.68it/s]evaluating:  63%|██████▎   | 15773/24844 [08:28<04:49, 31.37it/s]evaluating:  64%|██████▎   | 15777/24844 [08:28<04:54, 30.76it/s]evaluating:  64%|██████▎   | 15781/24844 [08:29<04:45, 31.75it/s]evaluating:  64%|██████▎   | 15785/24844 [08:29<04:39, 32.41it/s]evaluating:  64%|██████▎   | 15789/24844 [08:29<04:37, 32.67it/s]evaluating:  64%|██████▎   | 15793/24844 [08:29<04:29, 33.64it/s]evaluating:  64%|██████▎   | 15797/24844 [08:29<04:46, 31.53it/s]evaluating:  64%|██████▎   | 15801/24844 [08:29<04:55, 30.61it/s]evaluating:  64%|██████▎   | 15805/24844 [08:29<04:40, 32.25it/s]evaluating:  64%|██████▎   | 15809/24844 [08:29<04:53, 30.78it/s]evaluating:  64%|██████▎   | 15813/24844 [08:30<05:01, 29.94it/s]evaluating:  64%|██████▎   | 15817/24844 [08:30<05:00, 30.00it/s]evaluating:  64%|██████▎   | 15821/24844 [08:30<05:07, 29.33it/s]evaluating:  64%|██████▎   | 15825/24844 [08:30<05:04, 29.66it/s]evaluating:  64%|██████▎   | 15828/24844 [08:30<05:03, 29.67it/s]evaluating:  64%|██████▎   | 15831/24844 [08:30<05:16, 28.45it/s]evaluating:  64%|██████▎   | 15835/24844 [08:30<05:06, 29.42it/s]evaluating:  64%|██████▍   | 15839/24844 [08:31<04:56, 30.35it/s]evaluating:  64%|██████▍   | 15843/24844 [08:31<04:59, 30.08it/s]evaluating:  64%|██████▍   | 15847/24844 [08:31<05:00, 29.92it/s]evaluating:  64%|██████▍   | 15851/24844 [08:31<04:53, 30.64it/s]evaluating:  64%|██████▍   | 15855/24844 [08:31<04:55, 30.41it/s]evaluating:  64%|██████▍   | 15859/24844 [08:31<04:52, 30.69it/s]evaluating:  64%|██████▍   | 15863/24844 [08:31<04:52, 30.69it/s]evaluating:  64%|██████▍   | 15867/24844 [08:31<04:49, 31.03it/s]evaluating:  64%|██████▍   | 15871/24844 [08:32<04:37, 32.31it/s]evaluating:  64%|██████▍   | 15875/24844 [08:32<04:43, 31.65it/s]evaluating:  64%|██████▍   | 15879/24844 [08:32<04:51, 30.74it/s]evaluating:  64%|██████▍   | 15883/24844 [08:32<04:42, 31.76it/s]evaluating:  64%|██████▍   | 15887/24844 [08:32<04:52, 30.58it/s]evaluating:  64%|██████▍   | 15891/24844 [08:32<04:49, 30.98it/s]evaluating:  64%|██████▍   | 15896/24844 [08:32<04:21, 34.22it/s]evaluating:  64%|██████▍   | 15900/24844 [08:32<04:58, 29.99it/s]evaluating:  64%|██████▍   | 15904/24844 [08:33<04:54, 30.37it/s]evaluating:  64%|██████▍   | 15908/24844 [08:33<04:38, 32.03it/s]evaluating:  64%|██████▍   | 15912/24844 [08:33<04:58, 29.89it/s]evaluating:  64%|██████▍   | 15916/24844 [08:33<04:37, 32.14it/s]evaluating:  64%|██████▍   | 15920/24844 [08:33<04:48, 30.93it/s]evaluating:  64%|██████▍   | 15924/24844 [08:33<05:08, 28.92it/s]evaluating:  64%|██████▍   | 15929/24844 [08:33<04:47, 30.99it/s]evaluating:  64%|██████▍   | 15933/24844 [08:34<04:55, 30.13it/s]evaluating:  64%|██████▍   | 15938/24844 [08:34<04:35, 32.29it/s]evaluating:  64%|██████▍   | 15942/24844 [08:34<04:51, 30.54it/s]evaluating:  64%|██████▍   | 15946/24844 [08:34<04:49, 30.73it/s]evaluating:  64%|██████▍   | 15950/24844 [08:34<04:48, 30.80it/s]evaluating:  64%|██████▍   | 15954/24844 [08:34<05:10, 28.67it/s]evaluating:  64%|██████▍   | 15958/24844 [08:34<05:01, 29.48it/s]evaluating:  64%|██████▍   | 15962/24844 [08:35<04:49, 30.72it/s]evaluating:  64%|██████▍   | 15966/24844 [08:35<04:53, 30.22it/s]evaluating:  64%|██████▍   | 15970/24844 [08:35<04:57, 29.83it/s]evaluating:  64%|██████▍   | 15974/24844 [08:35<04:59, 29.59it/s]evaluating:  64%|██████▍   | 15977/24844 [08:35<05:17, 27.95it/s]evaluating:  64%|██████▍   | 15981/24844 [08:35<04:49, 30.63it/s]evaluating:  64%|██████▍   | 15985/24844 [08:35<04:58, 29.66it/s]evaluating:  64%|██████▍   | 15989/24844 [08:35<05:14, 28.18it/s]evaluating:  64%|██████▍   | 15992/24844 [08:36<05:09, 28.58it/s]evaluating:  64%|██████▍   | 15996/24844 [08:36<04:54, 30.00it/s]evaluating:  64%|██████▍   | 16000/24844 [08:36<05:13, 28.17it/s]evaluating:  64%|██████▍   | 16003/24844 [08:36<05:22, 27.42it/s]evaluating:  64%|██████▍   | 16007/24844 [08:36<04:56, 29.85it/s]evaluating:  64%|██████▍   | 16011/24844 [08:36<04:36, 31.95it/s]evaluating:  64%|██████▍   | 16016/24844 [08:36<04:10, 35.23it/s]evaluating:  64%|██████▍   | 16020/24844 [08:36<04:31, 32.48it/s]evaluating:  64%|██████▍   | 16024/24844 [08:37<04:29, 32.69it/s]evaluating:  65%|██████▍   | 16028/24844 [08:37<04:32, 32.39it/s]evaluating:  65%|██████▍   | 16032/24844 [08:37<04:27, 32.89it/s]evaluating:  65%|██████▍   | 16036/24844 [08:37<04:47, 30.59it/s]evaluating:  65%|██████▍   | 16040/24844 [08:37<04:36, 31.79it/s]evaluating:  65%|██████▍   | 16045/24844 [08:37<04:22, 33.46it/s]evaluating:  65%|██████▍   | 16049/24844 [08:37<04:45, 30.81it/s]evaluating:  65%|██████▍   | 16053/24844 [08:37<04:52, 30.10it/s]evaluating:  65%|██████▍   | 16057/24844 [08:38<04:45, 30.75it/s]evaluating:  65%|██████▍   | 16061/24844 [08:38<04:50, 30.24it/s]evaluating:  65%|██████▍   | 16065/24844 [08:38<04:47, 30.51it/s]evaluating:  65%|██████▍   | 16069/24844 [08:38<04:35, 31.88it/s]evaluating:  65%|██████▍   | 16073/24844 [08:38<04:46, 30.59it/s]evaluating:  65%|██████▍   | 16077/24844 [08:38<04:52, 29.94it/s]evaluating:  65%|██████▍   | 16081/24844 [08:38<04:54, 29.74it/s]evaluating:  65%|██████▍   | 16085/24844 [08:39<04:44, 30.79it/s]evaluating:  65%|██████▍   | 16089/24844 [08:39<04:25, 33.00it/s]evaluating:  65%|██████▍   | 16093/24844 [08:39<04:43, 30.85it/s]evaluating:  65%|██████▍   | 16097/24844 [08:39<04:44, 30.76it/s]evaluating:  65%|██████▍   | 16101/24844 [08:39<04:44, 30.70it/s]evaluating:  65%|██████▍   | 16105/24844 [08:39<04:52, 29.84it/s]evaluating:  65%|██████▍   | 16109/24844 [08:39<04:33, 31.98it/s]evaluating:  65%|██████▍   | 16113/24844 [08:39<04:35, 31.66it/s]evaluating:  65%|██████▍   | 16117/24844 [08:40<04:54, 29.66it/s]evaluating:  65%|██████▍   | 16121/24844 [08:40<04:49, 30.13it/s]evaluating:  65%|██████▍   | 16125/24844 [08:40<04:40, 31.06it/s]evaluating:  65%|██████▍   | 16129/24844 [08:40<04:46, 30.41it/s]evaluating:  65%|██████▍   | 16133/24844 [08:40<05:05, 28.52it/s]evaluating:  65%|██████▍   | 16138/24844 [08:40<04:28, 32.46it/s]evaluating:  65%|██████▍   | 16142/24844 [08:40<04:33, 31.87it/s]evaluating:  65%|██████▍   | 16146/24844 [08:41<04:46, 30.35it/s]evaluating:  65%|██████▌   | 16150/24844 [08:41<04:29, 32.32it/s]evaluating:  65%|██████▌   | 16154/24844 [08:41<04:29, 32.26it/s]evaluating:  65%|██████▌   | 16158/24844 [08:41<04:31, 31.95it/s]evaluating:  65%|██████▌   | 16162/24844 [08:41<04:27, 32.41it/s]evaluating:  65%|██████▌   | 16167/24844 [08:41<04:21, 33.23it/s]evaluating:  65%|██████▌   | 16171/24844 [08:41<04:32, 31.83it/s]evaluating:  65%|██████▌   | 16175/24844 [08:41<04:38, 31.16it/s]evaluating:  65%|██████▌   | 16179/24844 [08:42<04:32, 31.82it/s]evaluating:  65%|██████▌   | 16183/24844 [08:42<04:32, 31.74it/s]evaluating:  65%|██████▌   | 16187/24844 [08:42<04:59, 28.93it/s]evaluating:  65%|██████▌   | 16192/24844 [08:42<04:27, 32.33it/s]evaluating:  65%|██████▌   | 16196/24844 [08:42<04:20, 33.18it/s]evaluating:  65%|██████▌   | 16200/24844 [08:42<04:32, 31.73it/s]evaluating:  65%|██████▌   | 16204/24844 [08:42<04:28, 32.16it/s]evaluating:  65%|██████▌   | 16208/24844 [08:42<04:25, 32.51it/s]evaluating:  65%|██████▌   | 16212/24844 [08:43<04:27, 32.27it/s]evaluating:  65%|██████▌   | 16216/24844 [08:43<04:19, 33.24it/s]evaluating:  65%|██████▌   | 16220/24844 [08:43<04:41, 30.63it/s]evaluating:  65%|██████▌   | 16224/24844 [08:43<04:49, 29.75it/s]evaluating:  65%|██████▌   | 16228/24844 [08:43<04:42, 30.50it/s]evaluating:  65%|██████▌   | 16232/24844 [08:43<04:44, 30.26it/s]evaluating:  65%|██████▌   | 16236/24844 [08:43<04:36, 31.15it/s]evaluating:  65%|██████▌   | 16241/24844 [08:43<04:09, 34.53it/s]evaluating:  65%|██████▌   | 16245/24844 [08:44<04:23, 32.61it/s]evaluating:  65%|██████▌   | 16249/24844 [08:44<04:37, 30.96it/s]evaluating:  65%|██████▌   | 16253/24844 [08:44<04:42, 30.46it/s]evaluating:  65%|██████▌   | 16257/24844 [08:44<04:49, 29.71it/s]evaluating:  65%|██████▌   | 16260/24844 [08:44<04:51, 29.41it/s]evaluating:  65%|██████▌   | 16263/24844 [08:44<05:00, 28.55it/s]evaluating:  65%|██████▌   | 16267/24844 [08:44<04:36, 30.99it/s]evaluating:  65%|██████▌   | 16271/24844 [08:44<04:27, 32.04it/s]evaluating:  66%|██████▌   | 16275/24844 [08:45<04:49, 29.56it/s]evaluating:  66%|██████▌   | 16279/24844 [08:45<04:28, 31.85it/s]evaluating:  66%|██████▌   | 16283/24844 [08:45<04:42, 30.25it/s]evaluating:  66%|██████▌   | 16287/24844 [08:45<04:44, 30.04it/s]evaluating:  66%|██████▌   | 16292/24844 [08:45<04:23, 32.49it/s]evaluating:  66%|██████▌   | 16296/24844 [08:45<04:29, 31.68it/s]evaluating:  66%|██████▌   | 16300/24844 [08:45<04:35, 30.96it/s]evaluating:  66%|██████▌   | 16304/24844 [08:46<04:20, 32.84it/s]evaluating:  66%|██████▌   | 16308/24844 [08:46<04:37, 30.79it/s]evaluating:  66%|██████▌   | 16312/24844 [08:46<04:28, 31.83it/s]evaluating:  66%|██████▌   | 16317/24844 [08:46<04:16, 33.30it/s]evaluating:  66%|██████▌   | 16321/24844 [08:46<04:40, 30.41it/s]evaluating:  66%|██████▌   | 16325/24844 [08:46<04:29, 31.59it/s]evaluating:  66%|██████▌   | 16330/24844 [08:46<04:09, 34.15it/s]evaluating:  66%|██████▌   | 16334/24844 [08:46<04:28, 31.75it/s]evaluating:  66%|██████▌   | 16339/24844 [08:47<03:59, 35.49it/s]evaluating:  66%|██████▌   | 16343/24844 [08:47<03:57, 35.80it/s]evaluating:  66%|██████▌   | 16347/24844 [08:47<04:08, 34.24it/s]evaluating:  66%|██████▌   | 16351/24844 [08:47<04:07, 34.26it/s]evaluating:  66%|██████▌   | 16355/24844 [08:47<04:00, 35.36it/s]evaluating:  66%|██████▌   | 16359/24844 [08:47<04:03, 34.88it/s]evaluating:  66%|██████▌   | 16364/24844 [08:47<03:49, 36.98it/s]evaluating:  66%|██████▌   | 16368/24844 [08:47<04:02, 34.88it/s]evaluating:  66%|██████▌   | 16372/24844 [08:48<04:06, 34.37it/s]evaluating:  66%|██████▌   | 16376/24844 [08:48<04:16, 33.00it/s]evaluating:  66%|██████▌   | 16380/24844 [08:48<04:13, 33.33it/s]evaluating:  66%|██████▌   | 16384/24844 [08:48<04:08, 34.02it/s]evaluating:  66%|██████▌   | 16388/24844 [08:48<04:06, 34.25it/s]evaluating:  66%|██████▌   | 16394/24844 [08:48<03:35, 39.17it/s]evaluating:  66%|██████▌   | 16398/24844 [08:48<03:47, 37.05it/s]evaluating:  66%|██████▌   | 16402/24844 [08:48<03:57, 35.61it/s]evaluating:  66%|██████▌   | 16406/24844 [08:49<04:20, 32.36it/s]evaluating:  66%|██████▌   | 16410/24844 [08:49<04:17, 32.77it/s]evaluating:  66%|██████▌   | 16415/24844 [08:49<04:05, 34.36it/s]evaluating:  66%|██████▌   | 16419/24844 [08:49<04:17, 32.77it/s]evaluating:  66%|██████▌   | 16423/24844 [08:49<04:12, 33.29it/s]evaluating:  66%|██████▌   | 16427/24844 [08:49<04:14, 33.13it/s]evaluating:  66%|██████▌   | 16431/24844 [08:49<04:17, 32.72it/s]evaluating:  66%|██████▌   | 16435/24844 [08:49<04:08, 33.79it/s]evaluating:  66%|██████▌   | 16439/24844 [08:49<04:06, 34.03it/s]evaluating:  66%|██████▌   | 16443/24844 [08:50<04:19, 32.42it/s]evaluating:  66%|██████▌   | 16447/24844 [08:50<04:13, 33.10it/s]evaluating:  66%|██████▌   | 16451/24844 [08:50<04:23, 31.89it/s]evaluating:  66%|██████▌   | 16455/24844 [08:50<04:19, 32.36it/s]evaluating:  66%|██████▌   | 16459/24844 [08:50<04:06, 34.07it/s]evaluating:  66%|██████▋   | 16463/24844 [08:50<04:12, 33.20it/s]evaluating:  66%|██████▋   | 16468/24844 [08:50<03:54, 35.77it/s]evaluating:  66%|██████▋   | 16472/24844 [08:50<04:15, 32.73it/s]evaluating:  66%|██████▋   | 16476/24844 [08:51<04:25, 31.56it/s]evaluating:  66%|██████▋   | 16480/24844 [08:51<04:22, 31.91it/s]evaluating:  66%|██████▋   | 16484/24844 [08:51<04:33, 30.62it/s]evaluating:  66%|██████▋   | 16488/24844 [08:51<04:28, 31.11it/s]evaluating:  66%|██████▋   | 16492/24844 [08:51<04:12, 33.03it/s]evaluating:  66%|██████▋   | 16496/24844 [08:51<04:27, 31.23it/s]evaluating:  66%|██████▋   | 16500/24844 [08:51<04:26, 31.33it/s]evaluating:  66%|██████▋   | 16504/24844 [08:52<04:27, 31.18it/s]evaluating:  66%|██████▋   | 16508/24844 [08:52<04:29, 30.88it/s]evaluating:  66%|██████▋   | 16512/24844 [08:52<04:23, 31.64it/s]evaluating:  66%|██████▋   | 16516/24844 [08:52<04:26, 31.19it/s]evaluating:  66%|██████▋   | 16520/24844 [08:52<04:23, 31.56it/s]evaluating:  67%|██████▋   | 16524/24844 [08:52<04:23, 31.61it/s]evaluating:  67%|██████▋   | 16528/24844 [08:52<04:14, 32.69it/s]evaluating:  67%|██████▋   | 16532/24844 [08:52<04:21, 31.83it/s]evaluating:  67%|██████▋   | 16536/24844 [08:53<04:09, 33.31it/s]evaluating:  67%|██████▋   | 16540/24844 [08:53<04:02, 34.31it/s]evaluating:  67%|██████▋   | 16544/24844 [08:53<04:06, 33.65it/s]evaluating:  67%|██████▋   | 16548/24844 [08:53<04:12, 32.80it/s]evaluating:  67%|██████▋   | 16552/24844 [08:53<04:21, 31.67it/s]evaluating:  67%|██████▋   | 16556/24844 [08:53<04:12, 32.83it/s]evaluating:  67%|██████▋   | 16560/24844 [08:53<04:32, 30.35it/s]evaluating:  67%|██████▋   | 16565/24844 [08:53<04:06, 33.53it/s]evaluating:  67%|██████▋   | 16569/24844 [08:54<04:05, 33.70it/s]evaluating:  67%|██████▋   | 16573/24844 [08:54<04:07, 33.38it/s]evaluating:  67%|██████▋   | 16577/24844 [08:54<04:14, 32.49it/s]evaluating:  67%|██████▋   | 16581/24844 [08:54<04:19, 31.89it/s]evaluating:  67%|██████▋   | 16585/24844 [08:54<04:33, 30.19it/s]evaluating:  67%|██████▋   | 16589/24844 [08:54<04:31, 30.41it/s]evaluating:  67%|██████▋   | 16593/24844 [08:54<04:26, 31.00it/s]evaluating:  67%|██████▋   | 16597/24844 [08:54<04:52, 28.24it/s]evaluating:  67%|██████▋   | 16600/24844 [08:55<04:48, 28.56it/s]evaluating:  67%|██████▋   | 16604/24844 [08:55<04:28, 30.74it/s]evaluating:  67%|██████▋   | 16608/24844 [08:55<04:15, 32.28it/s]evaluating:  67%|██████▋   | 16612/24844 [08:55<04:19, 31.74it/s]evaluating:  67%|██████▋   | 16617/24844 [08:55<03:47, 36.13it/s]evaluating:  67%|██████▋   | 16621/24844 [08:55<04:06, 33.37it/s]evaluating:  67%|██████▋   | 16625/24844 [08:55<04:07, 33.25it/s]evaluating:  67%|██████▋   | 16629/24844 [08:55<04:09, 32.88it/s]evaluating:  67%|██████▋   | 16633/24844 [08:56<04:18, 31.72it/s]evaluating:  67%|██████▋   | 16637/24844 [08:56<04:18, 31.76it/s]evaluating:  67%|██████▋   | 16641/24844 [08:56<04:21, 31.41it/s]evaluating:  67%|██████▋   | 16645/24844 [08:56<04:29, 30.41it/s]evaluating:  67%|██████▋   | 16650/24844 [08:56<04:06, 33.20it/s]evaluating:  67%|██████▋   | 16654/24844 [08:56<04:14, 32.20it/s]evaluating:  67%|██████▋   | 16658/24844 [08:56<04:00, 34.00it/s]evaluating:  67%|██████▋   | 16662/24844 [08:56<04:18, 31.64it/s]evaluating:  67%|██████▋   | 16666/24844 [08:57<04:31, 30.16it/s]evaluating:  67%|██████▋   | 16670/24844 [08:57<04:25, 30.76it/s]evaluating:  67%|██████▋   | 16674/24844 [08:57<04:18, 31.66it/s]evaluating:  67%|██████▋   | 16678/24844 [08:57<04:35, 29.61it/s]evaluating:  67%|██████▋   | 16682/24844 [08:57<04:42, 28.90it/s]evaluating:  67%|██████▋   | 16685/24844 [08:57<04:40, 29.08it/s]evaluating:  67%|██████▋   | 16689/24844 [08:57<04:45, 28.60it/s]evaluating:  67%|██████▋   | 16693/24844 [08:58<04:33, 29.79it/s]evaluating:  67%|██████▋   | 16697/24844 [08:58<04:38, 29.29it/s]evaluating:  67%|██████▋   | 16700/24844 [08:58<04:45, 28.50it/s]evaluating:  67%|██████▋   | 16703/24844 [08:58<04:47, 28.28it/s]evaluating:  67%|██████▋   | 16707/24844 [08:58<04:35, 29.53it/s]evaluating:  67%|██████▋   | 16711/24844 [08:58<04:18, 31.45it/s]evaluating:  67%|██████▋   | 16715/24844 [08:58<04:35, 29.49it/s]evaluating:  67%|██████▋   | 16719/24844 [08:58<04:15, 31.84it/s]evaluating:  67%|██████▋   | 16725/24844 [08:59<03:46, 35.78it/s]evaluating:  67%|██████▋   | 16729/24844 [08:59<04:06, 32.97it/s]evaluating:  67%|██████▋   | 16733/24844 [08:59<04:07, 32.83it/s]evaluating:  67%|██████▋   | 16737/24844 [08:59<04:14, 31.90it/s]evaluating:  67%|██████▋   | 16741/24844 [08:59<04:08, 32.63it/s]evaluating:  67%|██████▋   | 16745/24844 [08:59<04:03, 33.30it/s]evaluating:  67%|██████▋   | 16749/24844 [08:59<04:25, 30.43it/s]evaluating:  67%|██████▋   | 16753/24844 [08:59<04:15, 31.63it/s]evaluating:  67%|██████▋   | 16757/24844 [09:00<04:25, 30.42it/s]evaluating:  67%|██████▋   | 16762/24844 [09:00<04:04, 33.06it/s]evaluating:  67%|██████▋   | 16766/24844 [09:00<04:15, 31.66it/s]evaluating:  68%|██████▊   | 16770/24844 [09:00<04:20, 30.96it/s]evaluating:  68%|██████▊   | 16774/24844 [09:00<04:09, 32.36it/s]evaluating:  68%|██████▊   | 16778/24844 [09:00<04:13, 31.79it/s]evaluating:  68%|██████▊   | 16782/24844 [09:00<04:08, 32.50it/s]evaluating:  68%|██████▊   | 16786/24844 [09:00<03:58, 33.83it/s]evaluating:  68%|██████▊   | 16790/24844 [09:01<04:05, 32.87it/s]evaluating:  68%|██████▊   | 16794/24844 [09:01<04:25, 30.37it/s]evaluating:  68%|██████▊   | 16798/24844 [09:01<04:11, 32.02it/s]evaluating:  68%|██████▊   | 16802/24844 [09:01<04:32, 29.47it/s]evaluating:  68%|██████▊   | 16807/24844 [09:01<04:01, 33.33it/s]evaluating:  68%|██████▊   | 16811/24844 [09:01<04:00, 33.39it/s]evaluating:  68%|██████▊   | 16815/24844 [09:01<04:12, 31.74it/s]evaluating:  68%|██████▊   | 16819/24844 [09:01<04:10, 32.04it/s]evaluating:  68%|██████▊   | 16823/24844 [09:02<04:06, 32.50it/s]evaluating:  68%|██████▊   | 16827/24844 [09:02<04:26, 30.03it/s]evaluating:  68%|██████▊   | 16831/24844 [09:02<04:08, 32.30it/s]evaluating:  68%|██████▊   | 16835/24844 [09:02<04:17, 31.10it/s]evaluating:  68%|██████▊   | 16839/24844 [09:02<04:30, 29.58it/s]evaluating:  68%|██████▊   | 16843/24844 [09:02<04:21, 30.55it/s]evaluating:  68%|██████▊   | 16847/24844 [09:02<04:20, 30.71it/s]evaluating:  68%|██████▊   | 16851/24844 [09:03<04:38, 28.75it/s]evaluating:  68%|██████▊   | 16855/24844 [09:03<04:25, 30.04it/s]evaluating:  68%|██████▊   | 16859/24844 [09:03<04:29, 29.58it/s]evaluating:  68%|██████▊   | 16862/24844 [09:03<04:39, 28.60it/s]evaluating:  68%|██████▊   | 16866/24844 [09:03<04:24, 30.11it/s]evaluating:  68%|██████▊   | 16870/24844 [09:03<04:38, 28.61it/s]evaluating:  68%|██████▊   | 16874/24844 [09:03<04:29, 29.59it/s]evaluating:  68%|██████▊   | 16877/24844 [09:03<04:37, 28.67it/s]evaluating:  68%|██████▊   | 16880/24844 [09:04<04:49, 27.54it/s]evaluating:  68%|██████▊   | 16884/24844 [09:04<04:28, 29.62it/s]evaluating:  68%|██████▊   | 16887/24844 [09:04<04:43, 28.09it/s]evaluating:  68%|██████▊   | 16891/24844 [09:04<04:26, 29.81it/s]evaluating:  68%|██████▊   | 16894/24844 [09:04<04:32, 29.21it/s]evaluating:  68%|██████▊   | 16899/24844 [09:04<03:52, 34.12it/s]evaluating:  68%|██████▊   | 16903/24844 [09:04<03:59, 33.20it/s]evaluating:  68%|██████▊   | 16907/24844 [09:04<04:14, 31.22it/s]evaluating:  68%|██████▊   | 16911/24844 [09:05<04:19, 30.55it/s]evaluating:  68%|██████▊   | 16915/24844 [09:05<04:16, 30.91it/s]evaluating:  68%|██████▊   | 16919/24844 [09:05<03:58, 33.17it/s]evaluating:  68%|██████▊   | 16923/24844 [09:05<03:55, 33.58it/s]evaluating:  68%|██████▊   | 16928/24844 [09:05<03:38, 36.21it/s]evaluating:  68%|██████▊   | 16932/24844 [09:05<03:41, 35.80it/s]evaluating:  68%|██████▊   | 16936/24844 [09:05<03:57, 33.33it/s]evaluating:  68%|██████▊   | 16940/24844 [09:05<04:08, 31.84it/s]evaluating:  68%|██████▊   | 16944/24844 [09:06<04:05, 32.18it/s]evaluating:  68%|██████▊   | 16948/24844 [09:06<04:11, 31.39it/s]evaluating:  68%|██████▊   | 16952/24844 [09:06<04:22, 30.03it/s]evaluating:  68%|██████▊   | 16956/24844 [09:06<04:28, 29.41it/s]evaluating:  68%|██████▊   | 16959/24844 [09:06<04:40, 28.11it/s]evaluating:  68%|██████▊   | 16963/24844 [09:06<04:16, 30.69it/s]evaluating:  68%|██████▊   | 16967/24844 [09:06<04:21, 30.11it/s]evaluating:  68%|██████▊   | 16971/24844 [09:06<04:19, 30.34it/s]evaluating:  68%|██████▊   | 16975/24844 [09:07<04:03, 32.30it/s]evaluating:  68%|██████▊   | 16979/24844 [09:07<04:12, 31.09it/s]evaluating:  68%|██████▊   | 16983/24844 [09:07<04:19, 30.32it/s]evaluating:  68%|██████▊   | 16987/24844 [09:07<04:01, 32.52it/s]evaluating:  68%|██████▊   | 16991/24844 [09:07<04:02, 32.39it/s]evaluating:  68%|██████▊   | 16995/24844 [09:07<04:07, 31.73it/s]evaluating:  68%|██████▊   | 16999/24844 [09:07<03:59, 32.75it/s]evaluating:  68%|██████▊   | 17003/24844 [09:07<03:49, 34.18it/s]evaluating:  68%|██████▊   | 17007/24844 [09:08<04:09, 31.41it/s]evaluating:  68%|██████▊   | 17011/24844 [09:08<04:05, 31.93it/s]evaluating:  68%|██████▊   | 17015/24844 [09:08<03:55, 33.28it/s]evaluating:  69%|██████▊   | 17019/24844 [09:08<03:59, 32.68it/s]evaluating:  69%|██████▊   | 17023/24844 [09:08<03:57, 32.90it/s]evaluating:  69%|██████▊   | 17027/24844 [09:08<04:00, 32.57it/s]evaluating:  69%|██████▊   | 17031/24844 [09:08<03:51, 33.78it/s]evaluating:  69%|██████▊   | 17036/24844 [09:08<03:47, 34.30it/s]evaluating:  69%|██████▊   | 17040/24844 [09:09<03:49, 33.94it/s]evaluating:  69%|██████▊   | 17044/24844 [09:09<04:15, 30.47it/s]evaluating:  69%|██████▊   | 17048/24844 [09:09<04:06, 31.63it/s]evaluating:  69%|██████▊   | 17052/24844 [09:09<04:05, 31.77it/s]evaluating:  69%|██████▊   | 17056/24844 [09:09<04:05, 31.78it/s]evaluating:  69%|██████▊   | 17061/24844 [09:09<03:52, 33.54it/s]evaluating:  69%|██████▊   | 17065/24844 [09:09<04:02, 32.02it/s]evaluating:  69%|██████▊   | 17069/24844 [09:09<04:09, 31.19it/s]evaluating:  69%|██████▊   | 17073/24844 [09:10<04:07, 31.37it/s]evaluating:  69%|██████▊   | 17077/24844 [09:10<04:09, 31.09it/s]evaluating:  69%|██████▉   | 17081/24844 [09:10<04:12, 30.73it/s]evaluating:  69%|██████▉   | 17085/24844 [09:10<04:12, 30.79it/s]evaluating:  69%|██████▉   | 17089/24844 [09:10<04:19, 29.92it/s]evaluating:  69%|██████▉   | 17093/24844 [09:10<04:10, 30.92it/s]evaluating:  69%|██████▉   | 17097/24844 [09:10<04:32, 28.38it/s]evaluating:  69%|██████▉   | 17101/24844 [09:11<04:13, 30.60it/s]evaluating:  69%|██████▉   | 17105/24844 [09:11<04:19, 29.77it/s]evaluating:  69%|██████▉   | 17109/24844 [09:11<04:19, 29.86it/s]evaluating:  69%|██████▉   | 17113/24844 [09:11<04:19, 29.80it/s]evaluating:  69%|██████▉   | 17117/24844 [09:11<04:10, 30.91it/s]evaluating:  69%|██████▉   | 17121/24844 [09:11<04:10, 30.88it/s]evaluating:  69%|██████▉   | 17125/24844 [09:11<04:08, 31.06it/s]evaluating:  69%|██████▉   | 17130/24844 [09:11<03:47, 33.91it/s]evaluating:  69%|██████▉   | 17134/24844 [09:12<04:06, 31.28it/s]evaluating:  69%|██████▉   | 17138/24844 [09:12<04:10, 30.78it/s]evaluating:  69%|██████▉   | 17142/24844 [09:12<04:11, 30.64it/s]evaluating:  69%|██████▉   | 17146/24844 [09:12<04:05, 31.41it/s]evaluating:  69%|██████▉   | 17150/24844 [09:12<04:12, 30.47it/s]evaluating:  69%|██████▉   | 17155/24844 [09:12<03:44, 34.28it/s]evaluating:  69%|██████▉   | 17159/24844 [09:12<03:57, 32.37it/s]evaluating:  69%|██████▉   | 17163/24844 [09:12<03:59, 32.09it/s]evaluating:  69%|██████▉   | 17167/24844 [09:13<04:01, 31.82it/s]evaluating:  69%|██████▉   | 17171/24844 [09:13<04:00, 31.96it/s]evaluating:  69%|██████▉   | 17175/24844 [09:13<04:11, 30.45it/s]evaluating:  69%|██████▉   | 17179/24844 [09:13<04:04, 31.35it/s]evaluating:  69%|██████▉   | 17183/24844 [09:13<04:06, 31.02it/s]evaluating:  69%|██████▉   | 17187/24844 [09:13<04:07, 30.90it/s]evaluating:  69%|██████▉   | 17191/24844 [09:13<04:13, 30.23it/s]evaluating:  69%|██████▉   | 17195/24844 [09:14<04:12, 30.28it/s]evaluating:  69%|██████▉   | 17199/24844 [09:14<04:11, 30.42it/s]evaluating:  69%|██████▉   | 17203/24844 [09:14<04:12, 30.28it/s]evaluating:  69%|██████▉   | 17208/24844 [09:14<03:43, 34.10it/s]evaluating:  69%|██████▉   | 17212/24844 [09:14<03:45, 33.86it/s]evaluating:  69%|██████▉   | 17216/24844 [09:14<03:48, 33.40it/s]evaluating:  69%|██████▉   | 17220/24844 [09:14<03:56, 32.23it/s]evaluating:  69%|██████▉   | 17224/24844 [09:14<03:56, 32.16it/s]evaluating:  69%|██████▉   | 17228/24844 [09:15<03:58, 31.87it/s]evaluating:  69%|██████▉   | 17232/24844 [09:15<04:07, 30.79it/s]evaluating:  69%|██████▉   | 17238/24844 [09:15<03:39, 34.62it/s]evaluating:  69%|██████▉   | 17242/24844 [09:15<03:44, 33.84it/s]evaluating:  69%|██████▉   | 17246/24844 [09:15<03:57, 32.03it/s]evaluating:  69%|██████▉   | 17250/24844 [09:15<03:59, 31.65it/s]evaluating:  69%|██████▉   | 17254/24844 [09:15<03:57, 31.97it/s]evaluating:  69%|██████▉   | 17258/24844 [09:15<04:03, 31.09it/s]evaluating:  69%|██████▉   | 17262/24844 [09:16<04:07, 30.65it/s]evaluating:  69%|██████▉   | 17266/24844 [09:16<04:02, 31.24it/s]evaluating:  70%|██████▉   | 17270/24844 [09:16<04:07, 30.66it/s]evaluating:  70%|██████▉   | 17274/24844 [09:16<04:10, 30.22it/s]evaluating:  70%|██████▉   | 17278/24844 [09:16<04:12, 29.95it/s]evaluating:  70%|██████▉   | 17281/24844 [09:16<04:13, 29.89it/s]evaluating:  70%|██████▉   | 17285/24844 [09:16<04:05, 30.77it/s]evaluating:  70%|██████▉   | 17289/24844 [09:16<03:58, 31.72it/s]evaluating:  70%|██████▉   | 17293/24844 [09:17<04:10, 30.18it/s]evaluating:  70%|██████▉   | 17297/24844 [09:17<04:09, 30.21it/s]evaluating:  70%|██████▉   | 17301/24844 [09:17<04:12, 29.91it/s]evaluating:  70%|██████▉   | 17305/24844 [09:17<04:04, 30.87it/s]evaluating:  70%|██████▉   | 17309/24844 [09:17<04:09, 30.25it/s]evaluating:  70%|██████▉   | 17313/24844 [09:17<04:08, 30.34it/s]evaluating:  70%|██████▉   | 17317/24844 [09:17<03:51, 32.57it/s]evaluating:  70%|██████▉   | 17321/24844 [09:18<03:51, 32.46it/s]evaluating:  70%|██████▉   | 17325/24844 [09:18<04:00, 31.26it/s]evaluating:  70%|██████▉   | 17329/24844 [09:18<03:50, 32.59it/s]evaluating:  70%|██████▉   | 17333/24844 [09:18<04:02, 30.93it/s]evaluating:  70%|██████▉   | 17337/24844 [09:18<04:00, 31.28it/s]evaluating:  70%|██████▉   | 17342/24844 [09:18<03:32, 35.24it/s]evaluating:  70%|██████▉   | 17346/24844 [09:18<03:51, 32.42it/s]evaluating:  70%|██████▉   | 17350/24844 [09:18<03:56, 31.69it/s]evaluating:  70%|██████▉   | 17354/24844 [09:19<04:02, 30.84it/s]evaluating:  70%|██████▉   | 17358/24844 [09:19<03:59, 31.28it/s]evaluating:  70%|██████▉   | 17362/24844 [09:19<04:05, 30.53it/s]evaluating:  70%|██████▉   | 17366/24844 [09:19<04:13, 29.53it/s]evaluating:  70%|██████▉   | 17370/24844 [09:19<04:02, 30.82it/s]evaluating:  70%|██████▉   | 17374/24844 [09:19<04:14, 29.40it/s]evaluating:  70%|██████▉   | 17377/24844 [09:19<04:14, 29.36it/s]evaluating:  70%|██████▉   | 17380/24844 [09:19<04:16, 29.15it/s]evaluating:  70%|██████▉   | 17384/24844 [09:20<04:03, 30.66it/s]evaluating:  70%|██████▉   | 17388/24844 [09:20<04:16, 29.08it/s]evaluating:  70%|███████   | 17392/24844 [09:20<04:01, 30.81it/s]evaluating:  70%|███████   | 17397/24844 [09:20<03:44, 33.23it/s]evaluating:  70%|███████   | 17401/24844 [09:20<03:43, 33.27it/s]evaluating:  70%|███████   | 17405/24844 [09:20<03:43, 33.23it/s]evaluating:  70%|███████   | 17409/24844 [09:20<03:52, 32.01it/s]evaluating:  70%|███████   | 17413/24844 [09:20<04:04, 30.34it/s]evaluating:  70%|███████   | 17417/24844 [09:21<04:07, 30.00it/s]evaluating:  70%|███████   | 17421/24844 [09:21<04:25, 27.97it/s]evaluating:  70%|███████   | 17426/24844 [09:21<03:59, 31.02it/s]evaluating:  70%|███████   | 17430/24844 [09:21<04:12, 29.37it/s]evaluating:  70%|███████   | 17434/24844 [09:21<04:11, 29.44it/s]evaluating:  70%|███████   | 17437/24844 [09:21<04:11, 29.42it/s]evaluating:  70%|███████   | 17441/24844 [09:21<04:02, 30.54it/s]evaluating:  70%|███████   | 17445/24844 [09:22<04:04, 30.32it/s]evaluating:  70%|███████   | 17449/24844 [09:22<04:00, 30.71it/s]evaluating:  70%|███████   | 17453/24844 [09:22<04:11, 29.42it/s]evaluating:  70%|███████   | 17457/24844 [09:22<03:57, 31.16it/s]evaluating:  70%|███████   | 17461/24844 [09:22<03:54, 31.48it/s]evaluating:  70%|███████   | 17465/24844 [09:22<04:04, 30.13it/s]evaluating:  70%|███████   | 17469/24844 [09:22<04:11, 29.33it/s]evaluating:  70%|███████   | 17473/24844 [09:22<03:51, 31.82it/s]evaluating:  70%|███████   | 17477/24844 [09:23<04:02, 30.43it/s]evaluating:  70%|███████   | 17481/24844 [09:23<04:10, 29.44it/s]evaluating:  70%|███████   | 17485/24844 [09:23<03:51, 31.83it/s]evaluating:  70%|███████   | 17489/24844 [09:23<04:00, 30.60it/s]evaluating:  70%|███████   | 17493/24844 [09:23<04:11, 29.21it/s]evaluating:  70%|███████   | 17497/24844 [09:23<04:03, 30.12it/s]evaluating:  70%|███████   | 17501/24844 [09:23<04:05, 29.93it/s]evaluating:  70%|███████   | 17505/24844 [09:24<04:09, 29.43it/s]evaluating:  70%|███████   | 17509/24844 [09:24<04:02, 30.23it/s]evaluating:  70%|███████   | 17513/24844 [09:24<04:17, 28.49it/s]evaluating:  71%|███████   | 17516/24844 [09:24<04:18, 28.40it/s]evaluating:  71%|███████   | 17519/24844 [09:24<04:25, 27.61it/s]evaluating:  71%|███████   | 17523/24844 [09:24<04:08, 29.41it/s]evaluating:  71%|███████   | 17527/24844 [09:24<03:57, 30.76it/s]evaluating:  71%|███████   | 17531/24844 [09:24<04:19, 28.20it/s]evaluating:  71%|███████   | 17535/24844 [09:25<04:10, 29.20it/s]evaluating:  71%|███████   | 17538/24844 [09:25<04:08, 29.39it/s]evaluating:  71%|███████   | 17542/24844 [09:25<03:49, 31.77it/s]evaluating:  71%|███████   | 17546/24844 [09:25<04:08, 29.40it/s]evaluating:  71%|███████   | 17550/24844 [09:25<04:08, 29.34it/s]evaluating:  71%|███████   | 17553/24844 [09:25<04:11, 28.99it/s]evaluating:  71%|███████   | 17556/24844 [09:25<04:15, 28.52it/s]evaluating:  71%|███████   | 17559/24844 [09:25<04:20, 28.02it/s]evaluating:  71%|███████   | 17563/24844 [09:26<03:53, 31.13it/s]evaluating:  71%|███████   | 17567/24844 [09:26<04:13, 28.65it/s]evaluating:  71%|███████   | 17570/24844 [09:26<04:14, 28.60it/s]evaluating:  71%|███████   | 17573/24844 [09:26<04:18, 28.16it/s]evaluating:  71%|███████   | 17577/24844 [09:26<04:05, 29.59it/s]evaluating:  71%|███████   | 17580/24844 [09:26<04:14, 28.51it/s]evaluating:  71%|███████   | 17583/24844 [09:26<04:17, 28.21it/s]evaluating:  71%|███████   | 17587/24844 [09:26<03:52, 31.24it/s]evaluating:  71%|███████   | 17591/24844 [09:27<04:16, 28.26it/s]evaluating:  71%|███████   | 17595/24844 [09:27<04:07, 29.25it/s]evaluating:  71%|███████   | 17599/24844 [09:27<04:11, 28.76it/s]evaluating:  71%|███████   | 17602/24844 [09:27<04:15, 28.30it/s]evaluating:  71%|███████   | 17605/24844 [09:27<04:15, 28.36it/s]evaluating:  71%|███████   | 17608/24844 [09:27<04:26, 27.16it/s]evaluating:  71%|███████   | 17611/24844 [09:27<04:23, 27.48it/s]evaluating:  71%|███████   | 17614/24844 [09:27<04:23, 27.40it/s]evaluating:  71%|███████   | 17617/24844 [09:27<04:29, 26.83it/s]evaluating:  71%|███████   | 17620/24844 [09:28<04:34, 26.34it/s]evaluating:  71%|███████   | 17623/24844 [09:28<04:38, 25.92it/s]evaluating:  71%|███████   | 17626/24844 [09:28<04:32, 26.51it/s]evaluating:  71%|███████   | 17630/24844 [09:28<04:24, 27.22it/s]evaluating:  71%|███████   | 17633/24844 [09:28<04:37, 26.02it/s]evaluating:  71%|███████   | 17638/24844 [09:28<04:06, 29.22it/s]evaluating:  71%|███████   | 17641/24844 [09:28<04:10, 28.76it/s]evaluating:  71%|███████   | 17644/24844 [09:28<04:16, 28.11it/s]evaluating:  71%|███████   | 17648/24844 [09:29<03:58, 30.21it/s]evaluating:  71%|███████   | 17652/24844 [09:29<04:11, 28.63it/s]evaluating:  71%|███████   | 17656/24844 [09:29<03:51, 31.03it/s]evaluating:  71%|███████   | 17660/24844 [09:29<03:54, 30.58it/s]evaluating:  71%|███████   | 17664/24844 [09:29<04:02, 29.63it/s]evaluating:  71%|███████   | 17667/24844 [09:29<04:05, 29.27it/s]evaluating:  71%|███████   | 17671/24844 [09:29<03:56, 30.32it/s]evaluating:  71%|███████   | 17675/24844 [09:29<03:46, 31.64it/s]evaluating:  71%|███████   | 17679/24844 [09:30<03:43, 32.11it/s]evaluating:  71%|███████   | 17683/24844 [09:30<03:56, 30.33it/s]evaluating:  71%|███████   | 17687/24844 [09:30<04:01, 29.61it/s]evaluating:  71%|███████   | 17691/24844 [09:30<03:50, 31.02it/s]evaluating:  71%|███████   | 17695/24844 [09:30<04:02, 29.47it/s]evaluating:  71%|███████   | 17699/24844 [09:30<03:46, 31.50it/s]evaluating:  71%|███████▏  | 17703/24844 [09:30<04:03, 29.34it/s]evaluating:  71%|███████▏  | 17707/24844 [09:31<04:07, 28.85it/s]evaluating:  71%|███████▏  | 17710/24844 [09:31<04:17, 27.65it/s]evaluating:  71%|███████▏  | 17713/24844 [09:31<04:27, 26.66it/s]evaluating:  71%|███████▏  | 17717/24844 [09:31<04:03, 29.22it/s]evaluating:  71%|███████▏  | 17720/24844 [09:31<04:07, 28.77it/s]evaluating:  71%|███████▏  | 17723/24844 [09:31<04:21, 27.21it/s]evaluating:  71%|███████▏  | 17726/24844 [09:31<04:17, 27.65it/s]evaluating:  71%|███████▏  | 17729/24844 [09:31<04:13, 28.03it/s]evaluating:  71%|███████▏  | 17732/24844 [09:31<04:17, 27.60it/s]evaluating:  71%|███████▏  | 17735/24844 [09:32<04:17, 27.58it/s]evaluating:  71%|███████▏  | 17739/24844 [09:32<04:08, 28.57it/s]evaluating:  71%|███████▏  | 17742/24844 [09:32<04:21, 27.20it/s]evaluating:  71%|███████▏  | 17745/24844 [09:32<04:15, 27.83it/s]evaluating:  71%|███████▏  | 17748/24844 [09:32<04:27, 26.48it/s]evaluating:  71%|███████▏  | 17751/24844 [09:32<04:39, 25.36it/s]evaluating:  71%|███████▏  | 17755/24844 [09:32<04:21, 27.13it/s]evaluating:  71%|███████▏  | 17758/24844 [09:32<04:22, 26.98it/s]evaluating:  71%|███████▏  | 17761/24844 [09:33<04:24, 26.81it/s]evaluating:  72%|███████▏  | 17764/24844 [09:33<04:24, 26.74it/s]evaluating:  72%|███████▏  | 17767/24844 [09:33<04:29, 26.29it/s]evaluating:  72%|███████▏  | 17770/24844 [09:33<04:40, 25.21it/s]evaluating:  72%|███████▏  | 17773/24844 [09:33<04:40, 25.24it/s]evaluating:  72%|███████▏  | 17776/24844 [09:33<04:33, 25.89it/s]evaluating:  72%|███████▏  | 17780/24844 [09:33<04:11, 28.04it/s]evaluating:  72%|███████▏  | 17783/24844 [09:33<04:18, 27.30it/s]evaluating:  72%|███████▏  | 17786/24844 [09:33<04:30, 26.12it/s]evaluating:  72%|███████▏  | 17789/24844 [09:34<04:22, 26.87it/s]evaluating:  72%|███████▏  | 17792/24844 [09:34<04:22, 26.90it/s]evaluating:  72%|███████▏  | 17795/24844 [09:34<04:21, 26.94it/s]evaluating:  72%|███████▏  | 17798/24844 [09:34<04:21, 26.96it/s]evaluating:  72%|███████▏  | 17802/24844 [09:34<04:02, 29.02it/s]evaluating:  72%|███████▏  | 17805/24844 [09:34<04:01, 29.11it/s]evaluating:  72%|███████▏  | 17808/24844 [09:34<04:15, 27.57it/s]evaluating:  72%|███████▏  | 17812/24844 [09:34<03:58, 29.49it/s]evaluating:  72%|███████▏  | 17815/24844 [09:34<03:57, 29.56it/s]evaluating:  72%|███████▏  | 17818/24844 [09:35<04:08, 28.29it/s]evaluating:  72%|███████▏  | 17821/24844 [09:35<04:12, 27.77it/s]evaluating:  72%|███████▏  | 17825/24844 [09:35<03:51, 30.29it/s]evaluating:  72%|███████▏  | 17829/24844 [09:35<03:55, 29.77it/s]evaluating:  72%|███████▏  | 17832/24844 [09:35<03:59, 29.32it/s]evaluating:  72%|███████▏  | 17836/24844 [09:35<03:54, 29.91it/s]evaluating:  72%|███████▏  | 17840/24844 [09:35<03:47, 30.74it/s]evaluating:  72%|███████▏  | 17844/24844 [09:35<03:43, 31.31it/s]evaluating:  72%|███████▏  | 17848/24844 [09:36<03:50, 30.33it/s]evaluating:  72%|███████▏  | 17853/24844 [09:36<03:26, 33.82it/s]evaluating:  72%|███████▏  | 17857/24844 [09:36<03:44, 31.18it/s]evaluating:  72%|███████▏  | 17861/24844 [09:36<03:37, 32.14it/s]evaluating:  72%|███████▏  | 17865/24844 [09:36<03:48, 30.57it/s]evaluating:  72%|███████▏  | 17869/24844 [09:36<03:39, 31.76it/s]evaluating:  72%|███████▏  | 17873/24844 [09:36<03:49, 30.34it/s]evaluating:  72%|███████▏  | 17877/24844 [09:36<03:38, 31.88it/s]evaluating:  72%|███████▏  | 17881/24844 [09:37<03:53, 29.83it/s]evaluating:  72%|███████▏  | 17885/24844 [09:37<03:50, 30.24it/s]evaluating:  72%|███████▏  | 17889/24844 [09:37<03:54, 29.72it/s]evaluating:  72%|███████▏  | 17893/24844 [09:37<03:38, 31.87it/s]evaluating:  72%|███████▏  | 17897/24844 [09:37<03:43, 31.04it/s]evaluating:  72%|███████▏  | 17902/24844 [09:37<03:24, 33.92it/s]evaluating:  72%|███████▏  | 17906/24844 [09:37<03:36, 32.11it/s]evaluating:  72%|███████▏  | 17910/24844 [09:38<03:36, 31.98it/s]evaluating:  72%|███████▏  | 17914/24844 [09:38<03:37, 31.91it/s]evaluating:  72%|███████▏  | 17918/24844 [09:38<03:32, 32.57it/s]evaluating:  72%|███████▏  | 17922/24844 [09:38<03:46, 30.51it/s]evaluating:  72%|███████▏  | 17926/24844 [09:38<03:33, 32.42it/s]evaluating:  72%|███████▏  | 17930/24844 [09:38<03:34, 32.30it/s]evaluating:  72%|███████▏  | 17934/24844 [09:38<03:40, 31.31it/s]evaluating:  72%|███████▏  | 17938/24844 [09:38<03:36, 31.88it/s]evaluating:  72%|███████▏  | 17942/24844 [09:39<03:40, 31.29it/s]evaluating:  72%|███████▏  | 17946/24844 [09:39<03:39, 31.38it/s]evaluating:  72%|███████▏  | 17950/24844 [09:39<03:47, 30.27it/s]evaluating:  72%|███████▏  | 17954/24844 [09:39<03:42, 30.90it/s]evaluating:  72%|███████▏  | 17958/24844 [09:39<03:44, 30.66it/s]evaluating:  72%|███████▏  | 17962/24844 [09:39<03:47, 30.21it/s]evaluating:  72%|███████▏  | 17966/24844 [09:39<03:37, 31.61it/s]evaluating:  72%|███████▏  | 17970/24844 [09:39<03:27, 33.15it/s]evaluating:  72%|███████▏  | 17974/24844 [09:40<03:31, 32.42it/s]evaluating:  72%|███████▏  | 17979/24844 [09:40<03:20, 34.23it/s]evaluating:  72%|███████▏  | 17983/24844 [09:40<03:30, 32.67it/s]evaluating:  72%|███████▏  | 17987/24844 [09:40<03:34, 31.92it/s]evaluating:  72%|███████▏  | 17991/24844 [09:40<03:40, 31.14it/s]evaluating:  72%|███████▏  | 17995/24844 [09:40<03:34, 31.97it/s]evaluating:  72%|███████▏  | 17999/24844 [09:40<03:40, 31.05it/s]evaluating:  72%|███████▏  | 18004/24844 [09:40<03:28, 32.78it/s]evaluating:  72%|███████▏  | 18008/24844 [09:41<03:34, 31.90it/s]evaluating:  73%|███████▎  | 18012/24844 [09:41<03:32, 32.17it/s]evaluating:  73%|███████▎  | 18016/24844 [09:41<03:34, 31.88it/s]evaluating:  73%|███████▎  | 18020/24844 [09:41<03:29, 32.51it/s]evaluating:  73%|███████▎  | 18024/24844 [09:41<03:39, 31.12it/s]evaluating:  73%|███████▎  | 18029/24844 [09:41<03:15, 34.85it/s]evaluating:  73%|███████▎  | 18033/24844 [09:41<03:29, 32.52it/s]evaluating:  73%|███████▎  | 18037/24844 [09:41<03:32, 32.02it/s]evaluating:  73%|███████▎  | 18041/24844 [09:42<03:29, 32.50it/s]evaluating:  73%|███████▎  | 18045/24844 [09:42<03:33, 31.89it/s]evaluating:  73%|███████▎  | 18049/24844 [09:42<03:34, 31.63it/s]evaluating:  73%|███████▎  | 18054/24844 [09:42<03:14, 34.85it/s]evaluating:  73%|███████▎  | 18058/24844 [09:42<03:20, 33.83it/s]evaluating:  73%|███████▎  | 18062/24844 [09:42<03:26, 32.79it/s]evaluating:  73%|███████▎  | 18066/24844 [09:42<03:29, 32.35it/s]evaluating:  73%|███████▎  | 18070/24844 [09:42<03:19, 33.91it/s]evaluating:  73%|███████▎  | 18074/24844 [09:43<03:20, 33.73it/s]evaluating:  73%|███████▎  | 18078/24844 [09:43<03:26, 32.70it/s]evaluating:  73%|███████▎  | 18082/24844 [09:43<03:24, 32.99it/s]evaluating:  73%|███████▎  | 18087/24844 [09:43<03:17, 34.21it/s]evaluating:  73%|███████▎  | 18091/24844 [09:43<03:28, 32.41it/s]evaluating:  73%|███████▎  | 18095/24844 [09:43<03:40, 30.58it/s]evaluating:  73%|███████▎  | 18099/24844 [09:43<03:27, 32.49it/s]evaluating:  73%|███████▎  | 18103/24844 [09:44<03:32, 31.72it/s]evaluating:  73%|███████▎  | 18107/24844 [09:44<03:37, 31.01it/s]evaluating:  73%|███████▎  | 18111/24844 [09:44<03:26, 32.55it/s]evaluating:  73%|███████▎  | 18115/24844 [09:44<03:27, 32.40it/s]evaluating:  73%|███████▎  | 18119/24844 [09:44<03:38, 30.85it/s]evaluating:  73%|███████▎  | 18123/24844 [09:44<03:36, 31.07it/s]evaluating:  73%|███████▎  | 18127/24844 [09:44<03:30, 31.92it/s]evaluating:  73%|███████▎  | 18131/24844 [09:44<03:32, 31.59it/s]evaluating:  73%|███████▎  | 18135/24844 [09:45<03:25, 32.60it/s]evaluating:  73%|███████▎  | 18139/24844 [09:45<03:31, 31.75it/s]evaluating:  73%|███████▎  | 18144/24844 [09:45<03:09, 35.38it/s]evaluating:  73%|███████▎  | 18148/24844 [09:45<03:22, 33.09it/s]evaluating:  73%|███████▎  | 18152/24844 [09:45<03:32, 31.46it/s]evaluating:  73%|███████▎  | 18156/24844 [09:45<03:29, 31.95it/s]evaluating:  73%|███████▎  | 18160/24844 [09:45<03:37, 30.75it/s]evaluating:  73%|███████▎  | 18164/24844 [09:45<03:27, 32.20it/s]evaluating:  73%|███████▎  | 18168/24844 [09:46<03:22, 32.96it/s]evaluating:  73%|███████▎  | 18172/24844 [09:46<03:34, 31.12it/s]evaluating:  73%|███████▎  | 18176/24844 [09:46<03:36, 30.84it/s]evaluating:  73%|███████▎  | 18180/24844 [09:46<03:31, 31.47it/s]evaluating:  73%|███████▎  | 18184/24844 [09:46<03:29, 31.78it/s]evaluating:  73%|███████▎  | 18188/24844 [09:46<03:39, 30.36it/s]evaluating:  73%|███████▎  | 18193/24844 [09:46<03:20, 33.25it/s]evaluating:  73%|███████▎  | 18197/24844 [09:46<03:28, 31.84it/s]evaluating:  73%|███████▎  | 18201/24844 [09:47<03:29, 31.73it/s]evaluating:  73%|███████▎  | 18205/24844 [09:47<03:31, 31.45it/s]evaluating:  73%|███████▎  | 18209/24844 [09:47<03:21, 32.96it/s]evaluating:  73%|███████▎  | 18213/24844 [09:47<03:29, 31.66it/s]evaluating:  73%|███████▎  | 18217/24844 [09:47<03:19, 33.25it/s]evaluating:  73%|███████▎  | 18221/24844 [09:47<03:16, 33.74it/s]evaluating:  73%|███████▎  | 18225/24844 [09:47<03:28, 31.78it/s]evaluating:  73%|███████▎  | 18229/24844 [09:47<03:27, 31.93it/s]evaluating:  73%|███████▎  | 18233/24844 [09:48<03:24, 32.40it/s]evaluating:  73%|███████▎  | 18237/24844 [09:48<03:16, 33.62it/s]evaluating:  73%|███████▎  | 18241/24844 [09:48<03:20, 32.89it/s]evaluating:  73%|███████▎  | 18245/24844 [09:48<03:29, 31.45it/s]evaluating:  73%|███████▎  | 18249/24844 [09:48<03:29, 31.44it/s]evaluating:  73%|███████▎  | 18254/24844 [09:48<03:15, 33.76it/s]evaluating:  73%|███████▎  | 18258/24844 [09:48<03:23, 32.30it/s]evaluating:  74%|███████▎  | 18262/24844 [09:48<03:19, 32.92it/s]evaluating:  74%|███████▎  | 18266/24844 [09:49<03:31, 31.13it/s]evaluating:  74%|███████▎  | 18270/24844 [09:49<03:29, 31.44it/s]evaluating:  74%|███████▎  | 18274/24844 [09:49<03:28, 31.55it/s]evaluating:  74%|███████▎  | 18278/24844 [09:49<03:38, 30.06it/s]evaluating:  74%|███████▎  | 18282/24844 [09:49<03:34, 30.62it/s]evaluating:  74%|███████▎  | 18286/24844 [09:49<03:28, 31.51it/s]evaluating:  74%|███████▎  | 18291/24844 [09:49<03:15, 33.49it/s]evaluating:  74%|███████▎  | 18295/24844 [09:50<03:26, 31.70it/s]evaluating:  74%|███████▎  | 18299/24844 [09:50<03:34, 30.48it/s]evaluating:  74%|███████▎  | 18303/24844 [09:50<03:26, 31.72it/s]evaluating:  74%|███████▎  | 18307/24844 [09:50<03:23, 32.14it/s]evaluating:  74%|███████▎  | 18311/24844 [09:50<03:38, 29.91it/s]evaluating:  74%|███████▎  | 18315/24844 [09:50<03:32, 30.70it/s]evaluating:  74%|███████▎  | 18320/24844 [09:50<03:11, 34.02it/s]evaluating:  74%|███████▍  | 18324/24844 [09:50<03:27, 31.38it/s]evaluating:  74%|███████▍  | 18328/24844 [09:51<03:32, 30.64it/s]evaluating:  74%|███████▍  | 18332/24844 [09:51<03:35, 30.22it/s]evaluating:  74%|███████▍  | 18336/24844 [09:51<03:42, 29.20it/s]evaluating:  74%|███████▍  | 18339/24844 [09:51<03:46, 28.67it/s]evaluating:  74%|███████▍  | 18344/24844 [09:51<03:19, 32.64it/s]evaluating:  74%|███████▍  | 18348/24844 [09:51<03:16, 33.07it/s]evaluating:  74%|███████▍  | 18352/24844 [09:51<03:21, 32.25it/s]evaluating:  74%|███████▍  | 18356/24844 [09:51<03:22, 32.05it/s]evaluating:  74%|███████▍  | 18360/24844 [09:52<03:27, 31.20it/s]evaluating:  74%|███████▍  | 18364/24844 [09:52<03:26, 31.46it/s]evaluating:  74%|███████▍  | 18368/24844 [09:52<03:35, 30.08it/s]evaluating:  74%|███████▍  | 18372/24844 [09:52<03:34, 30.20it/s]evaluating:  74%|███████▍  | 18376/24844 [09:52<03:32, 30.50it/s]evaluating:  74%|███████▍  | 18380/24844 [09:52<03:26, 31.30it/s]evaluating:  74%|███████▍  | 18384/24844 [09:52<03:35, 29.97it/s]evaluating:  74%|███████▍  | 18389/24844 [09:53<03:10, 33.91it/s]evaluating:  74%|███████▍  | 18393/24844 [09:53<03:15, 32.92it/s]evaluating:  74%|███████▍  | 18397/24844 [09:53<03:23, 31.62it/s]evaluating:  74%|███████▍  | 18401/24844 [09:53<03:29, 30.80it/s]evaluating:  74%|███████▍  | 18405/24844 [09:53<03:20, 32.08it/s]evaluating:  74%|███████▍  | 18409/24844 [09:53<03:36, 29.69it/s]evaluating:  74%|███████▍  | 18414/24844 [09:53<03:14, 33.06it/s]evaluating:  74%|███████▍  | 18418/24844 [09:53<03:15, 32.89it/s]evaluating:  74%|███████▍  | 18422/24844 [09:54<03:20, 32.09it/s]evaluating:  74%|███████▍  | 18426/24844 [09:54<03:16, 32.68it/s]evaluating:  74%|███████▍  | 18430/24844 [09:54<03:23, 31.55it/s]evaluating:  74%|███████▍  | 18434/24844 [09:54<03:27, 30.94it/s]evaluating:  74%|███████▍  | 18438/24844 [09:54<03:25, 31.18it/s]evaluating:  74%|███████▍  | 18443/24844 [09:54<03:11, 33.37it/s]evaluating:  74%|███████▍  | 18447/24844 [09:54<03:23, 31.38it/s]evaluating:  74%|███████▍  | 18451/24844 [09:55<03:41, 28.81it/s]evaluating:  74%|███████▍  | 18454/24844 [09:55<03:47, 28.11it/s]evaluating:  74%|███████▍  | 18457/24844 [09:55<03:44, 28.39it/s]evaluating:  74%|███████▍  | 18461/24844 [09:55<03:34, 29.71it/s]evaluating:  74%|███████▍  | 18466/24844 [09:55<03:14, 32.81it/s]evaluating:  74%|███████▍  | 18470/24844 [09:55<03:14, 32.74it/s]evaluating:  74%|███████▍  | 18474/24844 [09:55<03:32, 29.94it/s]evaluating:  74%|███████▍  | 18478/24844 [09:55<03:41, 28.78it/s]evaluating:  74%|███████▍  | 18482/24844 [09:56<03:33, 29.80it/s]evaluating:  74%|███████▍  | 18486/24844 [09:56<03:39, 28.92it/s]evaluating:  74%|███████▍  | 18489/24844 [09:56<03:45, 28.18it/s]evaluating:  74%|███████▍  | 18492/24844 [09:56<03:48, 27.79it/s]evaluating:  74%|███████▍  | 18496/24844 [09:56<03:28, 30.43it/s]evaluating:  74%|███████▍  | 18500/24844 [09:56<03:25, 30.85it/s]evaluating:  74%|███████▍  | 18504/24844 [09:56<03:37, 29.20it/s]evaluating:  74%|███████▍  | 18507/24844 [09:56<03:35, 29.36it/s]evaluating:  75%|███████▍  | 18511/24844 [09:57<03:23, 31.07it/s]evaluating:  75%|███████▍  | 18515/24844 [09:57<03:27, 30.50it/s]evaluating:  75%|███████▍  | 18519/24844 [09:57<03:33, 29.58it/s]evaluating:  75%|███████▍  | 18523/24844 [09:57<03:18, 31.88it/s]evaluating:  75%|███████▍  | 18527/24844 [09:57<03:29, 30.19it/s]evaluating:  75%|███████▍  | 18531/24844 [09:57<03:40, 28.66it/s]evaluating:  75%|███████▍  | 18534/24844 [09:57<03:41, 28.55it/s]evaluating:  75%|███████▍  | 18537/24844 [09:57<03:44, 28.05it/s]evaluating:  75%|███████▍  | 18541/24844 [09:58<03:36, 29.08it/s]evaluating:  75%|███████▍  | 18546/24844 [09:58<03:16, 32.03it/s]evaluating:  75%|███████▍  | 18550/24844 [09:58<03:36, 29.11it/s]evaluating:  75%|███████▍  | 18554/24844 [09:58<03:37, 28.91it/s]evaluating:  75%|███████▍  | 18558/24844 [09:58<03:27, 30.25it/s]evaluating:  75%|███████▍  | 18562/24844 [09:58<03:26, 30.45it/s]evaluating:  75%|███████▍  | 18566/24844 [09:58<03:21, 31.18it/s]evaluating:  75%|███████▍  | 18570/24844 [09:58<03:11, 32.73it/s]evaluating:  75%|███████▍  | 18574/24844 [09:59<03:22, 30.91it/s]evaluating:  75%|███████▍  | 18578/24844 [09:59<03:26, 30.42it/s]evaluating:  75%|███████▍  | 18582/24844 [09:59<03:31, 29.59it/s]evaluating:  75%|███████▍  | 18585/24844 [09:59<03:37, 28.75it/s]evaluating:  75%|███████▍  | 18588/24844 [09:59<03:37, 28.70it/s]evaluating:  75%|███████▍  | 18593/24844 [09:59<03:16, 31.77it/s]evaluating:  75%|███████▍  | 18597/24844 [09:59<03:29, 29.80it/s]evaluating:  75%|███████▍  | 18601/24844 [10:00<03:25, 30.42it/s]evaluating:  75%|███████▍  | 18605/24844 [10:00<03:38, 28.61it/s]evaluating:  75%|███████▍  | 18610/24844 [10:00<03:22, 30.71it/s]evaluating:  75%|███████▍  | 18614/24844 [10:00<03:32, 29.34it/s]evaluating:  75%|███████▍  | 18617/24844 [10:00<03:36, 28.72it/s]evaluating:  75%|███████▍  | 18621/24844 [10:00<03:21, 30.88it/s]evaluating:  75%|███████▍  | 18625/24844 [10:00<03:21, 30.89it/s]evaluating:  75%|███████▍  | 18629/24844 [10:01<03:53, 26.64it/s]evaluating:  75%|███████▍  | 18632/24844 [10:01<03:47, 27.36it/s]evaluating:  75%|███████▌  | 18636/24844 [10:01<03:45, 27.51it/s]evaluating:  75%|███████▌  | 18639/24844 [10:01<03:55, 26.30it/s]evaluating:  75%|███████▌  | 18643/24844 [10:01<03:34, 28.97it/s]evaluating:  75%|███████▌  | 18647/24844 [10:01<03:34, 28.94it/s]evaluating:  75%|███████▌  | 18650/24844 [10:01<03:42, 27.79it/s]evaluating:  75%|███████▌  | 18654/24844 [10:01<03:33, 28.99it/s]evaluating:  75%|███████▌  | 18657/24844 [10:01<03:36, 28.59it/s]evaluating:  75%|███████▌  | 18660/24844 [10:02<03:39, 28.24it/s]evaluating:  75%|███████▌  | 18663/24844 [10:02<03:47, 27.22it/s]evaluating:  75%|███████▌  | 18667/24844 [10:02<03:35, 28.68it/s]evaluating:  75%|███████▌  | 18670/24844 [10:02<03:40, 28.01it/s]evaluating:  75%|███████▌  | 18673/24844 [10:02<03:37, 28.37it/s]evaluating:  75%|███████▌  | 18676/24844 [10:02<03:41, 27.89it/s]evaluating:  75%|███████▌  | 18680/24844 [10:02<03:23, 30.36it/s]evaluating:  75%|███████▌  | 18684/24844 [10:02<03:24, 30.17it/s]evaluating:  75%|███████▌  | 18688/24844 [10:03<03:28, 29.55it/s]evaluating:  75%|███████▌  | 18691/24844 [10:03<03:30, 29.21it/s]evaluating:  75%|███████▌  | 18694/24844 [10:03<03:30, 29.23it/s]evaluating:  75%|███████▌  | 18697/24844 [10:03<03:35, 28.59it/s]evaluating:  75%|███████▌  | 18700/24844 [10:03<03:32, 28.86it/s]evaluating:  75%|███████▌  | 18704/24844 [10:03<03:16, 31.24it/s]evaluating:  75%|███████▌  | 18708/24844 [10:03<03:22, 30.29it/s]evaluating:  75%|███████▌  | 18712/24844 [10:03<03:26, 29.66it/s]evaluating:  75%|███████▌  | 18715/24844 [10:03<03:39, 27.96it/s]evaluating:  75%|███████▌  | 18718/24844 [10:04<03:36, 28.29it/s]evaluating:  75%|███████▌  | 18721/24844 [10:04<03:46, 27.09it/s]evaluating:  75%|███████▌  | 18724/24844 [10:04<03:45, 27.10it/s]evaluating:  75%|███████▌  | 18728/24844 [10:04<03:24, 29.86it/s]evaluating:  75%|███████▌  | 18732/24844 [10:04<03:26, 29.58it/s]evaluating:  75%|███████▌  | 18735/24844 [10:04<03:34, 28.52it/s]evaluating:  75%|███████▌  | 18738/24844 [10:04<03:42, 27.40it/s]evaluating:  75%|███████▌  | 18742/24844 [10:04<03:28, 29.33it/s]evaluating:  75%|███████▌  | 18745/24844 [10:05<03:40, 27.65it/s]evaluating:  75%|███████▌  | 18748/24844 [10:05<03:42, 27.35it/s]evaluating:  75%|███████▌  | 18752/24844 [10:05<03:22, 30.07it/s]evaluating:  75%|███████▌  | 18756/24844 [10:05<03:15, 31.15it/s]evaluating:  76%|███████▌  | 18760/24844 [10:05<03:25, 29.65it/s]evaluating:  76%|███████▌  | 18763/24844 [10:05<03:29, 28.99it/s]evaluating:  76%|███████▌  | 18766/24844 [10:05<03:36, 28.11it/s]evaluating:  76%|███████▌  | 18770/24844 [10:05<03:24, 29.76it/s]evaluating:  76%|███████▌  | 18773/24844 [10:06<03:39, 27.66it/s]evaluating:  76%|███████▌  | 18776/24844 [10:06<03:41, 27.33it/s]evaluating:  76%|███████▌  | 18780/24844 [10:06<03:20, 30.19it/s]evaluating:  76%|███████▌  | 18784/24844 [10:06<03:14, 31.20it/s]evaluating:  76%|███████▌  | 18788/24844 [10:06<03:19, 30.42it/s]evaluating:  76%|███████▌  | 18792/24844 [10:06<03:35, 28.06it/s]evaluating:  76%|███████▌  | 18796/24844 [10:06<03:29, 28.92it/s]evaluating:  76%|███████▌  | 18799/24844 [10:06<03:39, 27.48it/s]evaluating:  76%|███████▌  | 18803/24844 [10:07<03:24, 29.51it/s]evaluating:  76%|███████▌  | 18807/24844 [10:07<03:18, 30.45it/s]evaluating:  76%|███████▌  | 18811/24844 [10:07<03:24, 29.50it/s]evaluating:  76%|███████▌  | 18814/24844 [10:07<03:27, 29.08it/s]evaluating:  76%|███████▌  | 18817/24844 [10:07<03:25, 29.30it/s]evaluating:  76%|███████▌  | 18820/24844 [10:07<03:37, 27.64it/s]evaluating:  76%|███████▌  | 18824/24844 [10:07<03:20, 30.07it/s]evaluating:  76%|███████▌  | 18828/24844 [10:07<03:28, 28.82it/s]evaluating:  76%|███████▌  | 18831/24844 [10:08<03:31, 28.44it/s]evaluating:  76%|███████▌  | 18834/24844 [10:08<03:33, 28.11it/s]evaluating:  76%|███████▌  | 18838/24844 [10:08<03:23, 29.52it/s]evaluating:  76%|███████▌  | 18841/24844 [10:08<03:30, 28.46it/s]evaluating:  76%|███████▌  | 18844/24844 [10:08<03:28, 28.81it/s]evaluating:  76%|███████▌  | 18849/24844 [10:08<03:09, 31.66it/s]evaluating:  76%|███████▌  | 18853/24844 [10:08<03:14, 30.86it/s]evaluating:  76%|███████▌  | 18857/24844 [10:08<03:19, 30.06it/s]evaluating:  76%|███████▌  | 18861/24844 [10:08<03:16, 30.48it/s]evaluating:  76%|███████▌  | 18865/24844 [10:09<03:18, 30.19it/s]evaluating:  76%|███████▌  | 18869/24844 [10:09<03:11, 31.15it/s]evaluating:  76%|███████▌  | 18873/24844 [10:09<03:04, 32.41it/s]evaluating:  76%|███████▌  | 18878/24844 [10:09<02:56, 33.90it/s]evaluating:  76%|███████▌  | 18882/24844 [10:09<03:10, 31.36it/s]evaluating:  76%|███████▌  | 18886/24844 [10:09<02:59, 33.18it/s]evaluating:  76%|███████▌  | 18890/24844 [10:09<02:57, 33.58it/s]evaluating:  76%|███████▌  | 18894/24844 [10:09<03:04, 32.32it/s]evaluating:  76%|███████▌  | 18898/24844 [10:10<03:13, 30.71it/s]evaluating:  76%|███████▌  | 18902/24844 [10:10<03:00, 32.86it/s]evaluating:  76%|███████▌  | 18906/24844 [10:10<03:02, 32.51it/s]evaluating:  76%|███████▌  | 18910/24844 [10:10<03:03, 32.25it/s]evaluating:  76%|███████▌  | 18914/24844 [10:10<03:07, 31.69it/s]evaluating:  76%|███████▌  | 18918/24844 [10:10<03:04, 32.20it/s]evaluating:  76%|███████▌  | 18922/24844 [10:10<03:03, 32.33it/s]evaluating:  76%|███████▌  | 18926/24844 [10:10<03:00, 32.72it/s]evaluating:  76%|███████▌  | 18931/24844 [10:11<02:53, 34.03it/s]evaluating:  76%|███████▌  | 18935/24844 [10:11<02:58, 33.11it/s]evaluating:  76%|███████▌  | 18939/24844 [10:11<03:03, 32.24it/s]evaluating:  76%|███████▌  | 18943/24844 [10:11<03:03, 32.20it/s]evaluating:  76%|███████▋  | 18947/24844 [10:11<03:11, 30.83it/s]evaluating:  76%|███████▋  | 18951/24844 [10:11<03:07, 31.36it/s]evaluating:  76%|███████▋  | 18956/24844 [10:11<02:47, 35.16it/s]evaluating:  76%|███████▋  | 18960/24844 [10:12<02:55, 33.50it/s]evaluating:  76%|███████▋  | 18964/24844 [10:12<02:59, 32.80it/s]evaluating:  76%|███████▋  | 18968/24844 [10:12<03:02, 32.24it/s]evaluating:  76%|███████▋  | 18972/24844 [10:12<02:57, 33.01it/s]evaluating:  76%|███████▋  | 18976/24844 [10:12<03:09, 30.98it/s]evaluating:  76%|███████▋  | 18981/24844 [10:12<02:50, 34.47it/s]evaluating:  76%|███████▋  | 18985/24844 [10:12<03:04, 31.69it/s]evaluating:  76%|███████▋  | 18989/24844 [10:12<03:10, 30.74it/s]evaluating:  76%|███████▋  | 18993/24844 [10:13<03:13, 30.25it/s]evaluating:  76%|███████▋  | 18997/24844 [10:13<03:14, 30.12it/s]evaluating:  76%|███████▋  | 19001/24844 [10:13<03:18, 29.50it/s]evaluating:  76%|███████▋  | 19004/24844 [10:13<03:17, 29.50it/s]evaluating:  77%|███████▋  | 19007/24844 [10:13<03:21, 29.04it/s]evaluating:  77%|███████▋  | 19010/24844 [10:13<03:23, 28.67it/s]evaluating:  77%|███████▋  | 19014/24844 [10:13<03:05, 31.38it/s]evaluating:  77%|███████▋  | 19018/24844 [10:13<03:01, 32.11it/s]evaluating:  77%|███████▋  | 19022/24844 [10:14<02:59, 32.40it/s]evaluating:  77%|███████▋  | 19026/24844 [10:14<03:05, 31.36it/s]evaluating:  77%|███████▋  | 19030/24844 [10:14<03:18, 29.23it/s]evaluating:  77%|███████▋  | 19033/24844 [10:14<03:20, 28.97it/s]evaluating:  77%|███████▋  | 19037/24844 [10:14<03:10, 30.43it/s]evaluating:  77%|███████▋  | 19041/24844 [10:14<03:22, 28.67it/s]evaluating:  77%|███████▋  | 19045/24844 [10:14<03:18, 29.27it/s]evaluating:  77%|███████▋  | 19050/24844 [10:14<02:52, 33.51it/s]evaluating:  77%|███████▋  | 19054/24844 [10:15<02:46, 34.69it/s]evaluating:  77%|███████▋  | 19058/24844 [10:15<02:54, 33.23it/s]evaluating:  77%|███████▋  | 19062/24844 [10:15<03:04, 31.26it/s]evaluating:  77%|███████▋  | 19066/24844 [10:15<03:03, 31.41it/s]evaluating:  77%|███████▋  | 19070/24844 [10:15<03:08, 30.64it/s]evaluating:  77%|███████▋  | 19074/24844 [10:15<03:01, 31.83it/s]evaluating:  77%|███████▋  | 19078/24844 [10:15<03:06, 30.94it/s]evaluating:  77%|███████▋  | 19082/24844 [10:15<03:09, 30.44it/s]evaluating:  77%|███████▋  | 19086/24844 [10:16<02:57, 32.36it/s]evaluating:  77%|███████▋  | 19090/24844 [10:16<03:02, 31.57it/s]evaluating:  77%|███████▋  | 19094/24844 [10:16<03:07, 30.65it/s]evaluating:  77%|███████▋  | 19099/24844 [10:16<02:47, 34.28it/s]evaluating:  77%|███████▋  | 19103/24844 [10:16<03:02, 31.43it/s]evaluating:  77%|███████▋  | 19107/24844 [10:16<02:58, 32.18it/s]evaluating:  77%|███████▋  | 19111/24844 [10:16<03:03, 31.19it/s]evaluating:  77%|███████▋  | 19115/24844 [10:16<02:59, 31.99it/s]evaluating:  77%|███████▋  | 19119/24844 [10:17<02:53, 32.91it/s]evaluating:  77%|███████▋  | 19123/24844 [10:17<02:58, 32.08it/s]evaluating:  77%|███████▋  | 19127/24844 [10:17<03:04, 31.00it/s]evaluating:  77%|███████▋  | 19131/24844 [10:17<03:05, 30.77it/s]evaluating:  77%|███████▋  | 19135/24844 [10:17<02:58, 31.99it/s]evaluating:  77%|███████▋  | 19139/24844 [10:17<03:04, 30.98it/s]evaluating:  77%|███████▋  | 19143/24844 [10:17<03:19, 28.64it/s]evaluating:  77%|███████▋  | 19147/24844 [10:18<03:07, 30.44it/s]evaluating:  77%|███████▋  | 19151/24844 [10:18<03:12, 29.55it/s]evaluating:  77%|███████▋  | 19155/24844 [10:18<03:05, 30.67it/s]evaluating:  77%|███████▋  | 19160/24844 [10:18<02:55, 32.36it/s]evaluating:  77%|███████▋  | 19164/24844 [10:18<02:59, 31.71it/s]evaluating:  77%|███████▋  | 19168/24844 [10:18<03:06, 30.47it/s]evaluating:  77%|███████▋  | 19172/24844 [10:18<03:10, 29.73it/s]evaluating:  77%|███████▋  | 19175/24844 [10:18<03:22, 27.93it/s]evaluating:  77%|███████▋  | 19179/24844 [10:19<03:12, 29.37it/s]evaluating:  77%|███████▋  | 19183/24844 [10:19<03:01, 31.19it/s]evaluating:  77%|███████▋  | 19187/24844 [10:19<03:08, 30.08it/s]evaluating:  77%|███████▋  | 19191/24844 [10:19<03:11, 29.45it/s]evaluating:  77%|███████▋  | 19194/24844 [10:19<03:11, 29.53it/s]evaluating:  77%|███████▋  | 19198/24844 [10:19<03:02, 30.88it/s]evaluating:  77%|███████▋  | 19202/24844 [10:19<03:14, 28.97it/s]evaluating:  77%|███████▋  | 19206/24844 [10:19<02:59, 31.42it/s]evaluating:  77%|███████▋  | 19210/24844 [10:20<03:13, 29.16it/s]evaluating:  77%|███████▋  | 19214/24844 [10:20<03:17, 28.57it/s]evaluating:  77%|███████▋  | 19218/24844 [10:20<03:08, 29.80it/s]evaluating:  77%|███████▋  | 19222/24844 [10:20<03:11, 29.33it/s]evaluating:  77%|███████▋  | 19225/24844 [10:20<03:18, 28.25it/s]evaluating:  77%|███████▋  | 19228/24844 [10:20<03:24, 27.50it/s]evaluating:  77%|███████▋  | 19233/24844 [10:20<02:55, 31.89it/s]evaluating:  77%|███████▋  | 19237/24844 [10:21<03:10, 29.49it/s]evaluating:  77%|███████▋  | 19241/24844 [10:21<03:16, 28.52it/s]evaluating:  77%|███████▋  | 19244/24844 [10:21<03:20, 27.92it/s]evaluating:  77%|███████▋  | 19247/24844 [10:21<03:25, 27.19it/s]evaluating:  77%|███████▋  | 19250/24844 [10:21<03:33, 26.21it/s]evaluating:  77%|███████▋  | 19254/24844 [10:21<03:14, 28.80it/s]evaluating:  78%|███████▊  | 19257/24844 [10:21<03:25, 27.23it/s]evaluating:  78%|███████▊  | 19260/24844 [10:21<03:32, 26.23it/s]evaluating:  78%|███████▊  | 19264/24844 [10:22<03:14, 28.63it/s]evaluating:  78%|███████▊  | 19267/24844 [10:22<03:15, 28.57it/s]evaluating:  78%|███████▊  | 19270/24844 [10:22<03:19, 27.98it/s]evaluating:  78%|███████▊  | 19275/24844 [10:22<02:53, 32.12it/s]evaluating:  78%|███████▊  | 19279/24844 [10:22<03:07, 29.73it/s]evaluating:  78%|███████▊  | 19283/24844 [10:22<03:15, 28.43it/s]evaluating:  78%|███████▊  | 19287/24844 [10:22<03:09, 29.26it/s]evaluating:  78%|███████▊  | 19290/24844 [10:22<03:15, 28.37it/s]evaluating:  78%|███████▊  | 19294/24844 [10:23<03:14, 28.58it/s]evaluating:  78%|███████▊  | 19297/24844 [10:23<03:18, 27.95it/s]evaluating:  78%|███████▊  | 19300/24844 [10:23<03:23, 27.18it/s]evaluating:  78%|███████▊  | 19303/24844 [10:23<03:22, 27.43it/s]evaluating:  78%|███████▊  | 19306/24844 [10:23<03:19, 27.82it/s]evaluating:  78%|███████▊  | 19309/24844 [10:23<03:22, 27.29it/s]evaluating:  78%|███████▊  | 19314/24844 [10:23<02:54, 31.67it/s]evaluating:  78%|███████▊  | 19318/24844 [10:23<02:52, 31.95it/s]evaluating:  78%|███████▊  | 19322/24844 [10:24<02:58, 30.90it/s]evaluating:  78%|███████▊  | 19326/24844 [10:24<03:09, 29.15it/s]evaluating:  78%|███████▊  | 19330/24844 [10:24<03:00, 30.48it/s]evaluating:  78%|███████▊  | 19334/24844 [10:24<03:11, 28.83it/s]evaluating:  78%|███████▊  | 19338/24844 [10:24<03:02, 30.24it/s]evaluating:  78%|███████▊  | 19342/24844 [10:24<03:12, 28.60it/s]evaluating:  78%|███████▊  | 19345/24844 [10:24<03:14, 28.23it/s]evaluating:  78%|███████▊  | 19348/24844 [10:24<03:12, 28.62it/s]evaluating:  78%|███████▊  | 19351/24844 [10:25<03:10, 28.89it/s]evaluating:  78%|███████▊  | 19354/24844 [10:25<03:22, 27.09it/s]evaluating:  78%|███████▊  | 19358/24844 [10:25<03:04, 29.77it/s]evaluating:  78%|███████▊  | 19362/24844 [10:25<03:14, 28.16it/s]evaluating:  78%|███████▊  | 19365/24844 [10:25<03:12, 28.52it/s]evaluating:  78%|███████▊  | 19369/24844 [10:25<03:00, 30.34it/s]evaluating:  78%|███████▊  | 19373/24844 [10:25<03:13, 28.34it/s]evaluating:  78%|███████▊  | 19377/24844 [10:25<02:57, 30.86it/s]evaluating:  78%|███████▊  | 19381/24844 [10:26<03:01, 30.11it/s]evaluating:  78%|███████▊  | 19385/24844 [10:26<03:08, 29.03it/s]evaluating:  78%|███████▊  | 19388/24844 [10:26<03:12, 28.34it/s]evaluating:  78%|███████▊  | 19392/24844 [10:26<03:05, 29.32it/s]evaluating:  78%|███████▊  | 19395/24844 [10:26<03:12, 28.30it/s]evaluating:  78%|███████▊  | 19399/24844 [10:26<02:56, 30.88it/s]evaluating:  78%|███████▊  | 19403/24844 [10:26<03:04, 29.43it/s]evaluating:  78%|███████▊  | 19406/24844 [10:26<03:16, 27.73it/s]evaluating:  78%|███████▊  | 19409/24844 [10:27<03:19, 27.29it/s]evaluating:  78%|███████▊  | 19413/24844 [10:27<03:18, 27.38it/s]evaluating:  78%|███████▊  | 19416/24844 [10:27<03:18, 27.38it/s]evaluating:  78%|███████▊  | 19421/24844 [10:27<02:54, 31.03it/s]evaluating:  78%|███████▊  | 19425/24844 [10:27<03:01, 29.79it/s]evaluating:  78%|███████▊  | 19428/24844 [10:27<03:06, 28.99it/s]evaluating:  78%|███████▊  | 19431/24844 [10:27<03:05, 29.23it/s]evaluating:  78%|███████▊  | 19434/24844 [10:27<03:05, 29.11it/s]evaluating:  78%|███████▊  | 19437/24844 [10:28<03:14, 27.81it/s]evaluating:  78%|███████▊  | 19440/24844 [10:28<03:21, 26.86it/s]evaluating:  78%|███████▊  | 19445/24844 [10:28<02:54, 30.95it/s]evaluating:  78%|███████▊  | 19449/24844 [10:28<02:59, 30.05it/s]evaluating:  78%|███████▊  | 19453/24844 [10:28<03:04, 29.27it/s]evaluating:  78%|███████▊  | 19456/24844 [10:28<03:13, 27.88it/s]evaluating:  78%|███████▊  | 19460/24844 [10:28<02:59, 29.99it/s]evaluating:  78%|███████▊  | 19464/24844 [10:28<02:58, 30.18it/s]evaluating:  78%|███████▊  | 19468/24844 [10:29<02:50, 31.54it/s]evaluating:  78%|███████▊  | 19472/24844 [10:29<02:59, 29.95it/s]evaluating:  78%|███████▊  | 19476/24844 [10:29<02:59, 29.84it/s]evaluating:  78%|███████▊  | 19480/24844 [10:29<02:59, 29.81it/s]evaluating:  78%|███████▊  | 19483/24844 [10:29<03:02, 29.43it/s]evaluating:  78%|███████▊  | 19486/24844 [10:29<03:03, 29.18it/s]evaluating:  78%|███████▊  | 19489/24844 [10:29<03:10, 28.05it/s]evaluating:  78%|███████▊  | 19494/24844 [10:29<02:47, 31.95it/s]evaluating:  78%|███████▊  | 19498/24844 [10:30<02:57, 30.10it/s]evaluating:  78%|███████▊  | 19502/24844 [10:30<03:01, 29.51it/s]evaluating:  79%|███████▊  | 19505/24844 [10:30<03:02, 29.27it/s]evaluating:  79%|███████▊  | 19509/24844 [10:30<02:56, 30.27it/s]evaluating:  79%|███████▊  | 19513/24844 [10:30<03:13, 27.52it/s]evaluating:  79%|███████▊  | 19517/24844 [10:30<03:00, 29.54it/s]evaluating:  79%|███████▊  | 19521/24844 [10:30<03:12, 27.70it/s]evaluating:  79%|███████▊  | 19524/24844 [10:30<03:12, 27.59it/s]evaluating:  79%|███████▊  | 19527/24844 [10:31<03:10, 27.91it/s]evaluating:  79%|███████▊  | 19531/24844 [10:31<03:06, 28.56it/s]evaluating:  79%|███████▊  | 19534/24844 [10:31<03:10, 27.91it/s]evaluating:  79%|███████▊  | 19538/24844 [10:31<03:06, 28.46it/s]evaluating:  79%|███████▊  | 19541/24844 [10:31<03:11, 27.69it/s]evaluating:  79%|███████▊  | 19544/24844 [10:31<03:08, 28.12it/s]evaluating:  79%|███████▊  | 19547/24844 [10:31<03:07, 28.26it/s]evaluating:  79%|███████▊  | 19551/24844 [10:31<03:00, 29.40it/s]evaluating:  79%|███████▊  | 19554/24844 [10:32<03:12, 27.49it/s]evaluating:  79%|███████▊  | 19559/24844 [10:32<02:44, 32.07it/s]evaluating:  79%|███████▊  | 19563/24844 [10:32<02:53, 30.45it/s]evaluating:  79%|███████▉  | 19567/24844 [10:32<02:55, 30.13it/s]evaluating:  79%|███████▉  | 19571/24844 [10:32<03:02, 28.89it/s]evaluating:  79%|███████▉  | 19574/24844 [10:32<03:02, 28.91it/s]evaluating:  79%|███████▉  | 19578/24844 [10:32<02:58, 29.48it/s]evaluating:  79%|███████▉  | 19581/24844 [10:32<03:12, 27.27it/s]evaluating:  79%|███████▉  | 19585/24844 [10:33<02:54, 30.08it/s]evaluating:  79%|███████▉  | 19589/24844 [10:33<02:43, 32.22it/s]evaluating:  79%|███████▉  | 19593/24844 [10:33<03:00, 29.13it/s]evaluating:  79%|███████▉  | 19597/24844 [10:33<03:00, 28.99it/s]evaluating:  79%|███████▉  | 19601/24844 [10:33<02:54, 29.98it/s]evaluating:  79%|███████▉  | 19605/24844 [10:33<03:02, 28.67it/s]evaluating:  79%|███████▉  | 19608/24844 [10:33<03:05, 28.24it/s]evaluating:  79%|███████▉  | 19612/24844 [10:33<02:55, 29.73it/s]evaluating:  79%|███████▉  | 19616/24844 [10:34<03:06, 28.09it/s]evaluating:  79%|███████▉  | 19620/24844 [10:34<02:53, 30.04it/s]evaluating:  79%|███████▉  | 19624/24844 [10:34<03:02, 28.55it/s]evaluating:  79%|███████▉  | 19628/24844 [10:34<02:54, 29.82it/s]evaluating:  79%|███████▉  | 19632/24844 [10:34<03:05, 28.07it/s]evaluating:  79%|███████▉  | 19635/24844 [10:34<03:12, 27.04it/s]evaluating:  79%|███████▉  | 19639/24844 [10:34<02:58, 29.18it/s]evaluating:  79%|███████▉  | 19642/24844 [10:35<03:06, 27.91it/s]evaluating:  79%|███████▉  | 19646/24844 [10:35<02:58, 29.19it/s]evaluating:  79%|███████▉  | 19651/24844 [10:35<02:42, 31.92it/s]evaluating:  79%|███████▉  | 19655/24844 [10:35<02:48, 30.77it/s]evaluating:  79%|███████▉  | 19659/24844 [10:35<02:51, 30.31it/s]evaluating:  79%|███████▉  | 19663/24844 [10:35<02:54, 29.72it/s]evaluating:  79%|███████▉  | 19666/24844 [10:35<03:01, 28.46it/s]evaluating:  79%|███████▉  | 19670/24844 [10:35<02:55, 29.54it/s]evaluating:  79%|███████▉  | 19674/24844 [10:36<02:47, 30.88it/s]evaluating:  79%|███████▉  | 19678/24844 [10:36<02:56, 29.22it/s]evaluating:  79%|███████▉  | 19681/24844 [10:36<03:00, 28.57it/s]evaluating:  79%|███████▉  | 19684/24844 [10:36<03:02, 28.23it/s]evaluating:  79%|███████▉  | 19688/24844 [10:36<02:49, 30.40it/s]evaluating:  79%|███████▉  | 19692/24844 [10:36<02:53, 29.78it/s]evaluating:  79%|███████▉  | 19695/24844 [10:36<02:55, 29.27it/s]evaluating:  79%|███████▉  | 19699/24844 [10:36<02:45, 31.17it/s]evaluating:  79%|███████▉  | 19703/24844 [10:37<02:36, 32.87it/s]evaluating:  79%|███████▉  | 19707/24844 [10:37<02:51, 29.87it/s]evaluating:  79%|███████▉  | 19711/24844 [10:37<03:03, 28.01it/s]evaluating:  79%|███████▉  | 19715/24844 [10:37<02:54, 29.34it/s]evaluating:  79%|███████▉  | 19719/24844 [10:37<02:48, 30.40it/s]evaluating:  79%|███████▉  | 19723/24844 [10:37<03:00, 28.41it/s]evaluating:  79%|███████▉  | 19726/24844 [10:37<03:04, 27.70it/s]evaluating:  79%|███████▉  | 19731/24844 [10:38<02:39, 32.16it/s]evaluating:  79%|███████▉  | 19735/24844 [10:38<02:34, 33.17it/s]evaluating:  79%|███████▉  | 19739/24844 [10:38<02:40, 31.75it/s]evaluating:  79%|███████▉  | 19743/24844 [10:38<02:50, 29.99it/s]evaluating:  79%|███████▉  | 19747/24844 [10:38<02:55, 29.04it/s]evaluating:  80%|███████▉  | 19751/24844 [10:38<02:46, 30.53it/s]evaluating:  80%|███████▉  | 19755/24844 [10:38<02:45, 30.81it/s]evaluating:  80%|███████▉  | 19759/24844 [10:38<02:49, 30.05it/s]evaluating:  80%|███████▉  | 19763/24844 [10:39<02:51, 29.62it/s]evaluating:  80%|███████▉  | 19767/24844 [10:39<02:43, 31.04it/s]evaluating:  80%|███████▉  | 19771/24844 [10:39<02:47, 30.28it/s]evaluating:  80%|███████▉  | 19775/24844 [10:39<02:54, 29.10it/s]evaluating:  80%|███████▉  | 19779/24844 [10:39<02:44, 30.78it/s]evaluating:  80%|███████▉  | 19783/24844 [10:39<02:50, 29.63it/s]evaluating:  80%|███████▉  | 19787/24844 [10:39<02:58, 28.35it/s]evaluating:  80%|███████▉  | 19791/24844 [10:40<02:46, 30.42it/s]evaluating:  80%|███████▉  | 19795/24844 [10:40<02:58, 28.34it/s]evaluating:  80%|███████▉  | 19798/24844 [10:40<02:56, 28.54it/s]evaluating:  80%|███████▉  | 19802/24844 [10:40<02:52, 29.23it/s]evaluating:  80%|███████▉  | 19805/24844 [10:40<02:53, 29.02it/s]evaluating:  80%|███████▉  | 19808/24844 [10:40<02:56, 28.51it/s]evaluating:  80%|███████▉  | 19811/24844 [10:40<02:58, 28.12it/s]evaluating:  80%|███████▉  | 19814/24844 [10:40<02:56, 28.48it/s]evaluating:  80%|███████▉  | 19817/24844 [10:40<03:01, 27.70it/s]evaluating:  80%|███████▉  | 19820/24844 [10:41<03:04, 27.24it/s]evaluating:  80%|███████▉  | 19823/24844 [10:41<03:03, 27.43it/s]evaluating:  80%|███████▉  | 19826/24844 [10:41<02:59, 27.99it/s]evaluating:  80%|███████▉  | 19829/24844 [10:41<03:07, 26.69it/s]evaluating:  80%|███████▉  | 19833/24844 [10:41<02:54, 28.73it/s]evaluating:  80%|███████▉  | 19836/24844 [10:41<03:02, 27.44it/s]evaluating:  80%|███████▉  | 19839/24844 [10:41<03:12, 25.93it/s]evaluating:  80%|███████▉  | 19842/24844 [10:41<03:06, 26.82it/s]evaluating:  80%|███████▉  | 19845/24844 [10:41<03:10, 26.29it/s]evaluating:  80%|███████▉  | 19849/24844 [10:42<02:57, 28.21it/s]evaluating:  80%|███████▉  | 19852/24844 [10:42<02:55, 28.50it/s]evaluating:  80%|███████▉  | 19855/24844 [10:42<02:56, 28.29it/s]evaluating:  80%|███████▉  | 19858/24844 [10:42<03:01, 27.54it/s]evaluating:  80%|███████▉  | 19861/24844 [10:42<03:01, 27.43it/s]evaluating:  80%|███████▉  | 19864/24844 [10:42<02:57, 28.05it/s]evaluating:  80%|███████▉  | 19867/24844 [10:42<03:04, 26.90it/s]evaluating:  80%|███████▉  | 19872/24844 [10:42<02:47, 29.73it/s]evaluating:  80%|███████▉  | 19875/24844 [10:43<02:52, 28.87it/s]evaluating:  80%|████████  | 19878/24844 [10:43<02:53, 28.64it/s]evaluating:  80%|████████  | 19882/24844 [10:43<02:52, 28.84it/s]evaluating:  80%|████████  | 19885/24844 [10:43<02:50, 29.03it/s]evaluating:  80%|████████  | 19888/24844 [10:43<02:54, 28.45it/s]evaluating:  80%|████████  | 19892/24844 [10:43<02:44, 30.14it/s]evaluating:  80%|████████  | 19896/24844 [10:43<02:42, 30.37it/s]evaluating:  80%|████████  | 19900/24844 [10:43<02:53, 28.56it/s]evaluating:  80%|████████  | 19904/24844 [10:44<02:49, 29.15it/s]evaluating:  80%|████████  | 19907/24844 [10:44<02:58, 27.70it/s]evaluating:  80%|████████  | 19911/24844 [10:44<02:43, 30.18it/s]evaluating:  80%|████████  | 19915/24844 [10:44<02:57, 27.74it/s]evaluating:  80%|████████  | 19919/24844 [10:44<02:50, 28.85it/s]evaluating:  80%|████████  | 19922/24844 [10:44<03:02, 26.95it/s]evaluating:  80%|████████  | 19926/24844 [10:44<02:52, 28.57it/s]evaluating:  80%|████████  | 19929/24844 [10:44<02:57, 27.74it/s]evaluating:  80%|████████  | 19932/24844 [10:45<02:55, 27.93it/s]evaluating:  80%|████████  | 19935/24844 [10:45<02:56, 27.81it/s]evaluating:  80%|████████  | 19938/24844 [10:45<02:56, 27.80it/s]evaluating:  80%|████████  | 19942/24844 [10:45<02:53, 28.26it/s]evaluating:  80%|████████  | 19945/24844 [10:45<02:52, 28.36it/s]evaluating:  80%|████████  | 19948/24844 [10:45<02:50, 28.66it/s]evaluating:  80%|████████  | 19952/24844 [10:45<02:40, 30.48it/s]evaluating:  80%|████████  | 19956/24844 [10:45<02:46, 29.37it/s]evaluating:  80%|████████  | 19959/24844 [10:45<02:51, 28.56it/s]evaluating:  80%|████████  | 19963/24844 [10:46<02:43, 29.86it/s]evaluating:  80%|████████  | 19966/24844 [10:46<02:46, 29.30it/s]evaluating:  80%|████████  | 19970/24844 [10:46<02:37, 30.88it/s]evaluating:  80%|████████  | 19974/24844 [10:46<02:37, 30.89it/s]evaluating:  80%|████████  | 19978/24844 [10:46<02:46, 29.17it/s]evaluating:  80%|████████  | 19981/24844 [10:46<02:50, 28.45it/s]evaluating:  80%|████████  | 19984/24844 [10:46<02:56, 27.52it/s]evaluating:  80%|████████  | 19987/24844 [10:46<03:06, 26.00it/s]evaluating:  80%|████████  | 19990/24844 [10:47<03:06, 26.05it/s]evaluating:  80%|████████  | 19994/24844 [10:47<02:52, 28.09it/s]evaluating:  80%|████████  | 19997/24844 [10:47<02:54, 27.79it/s]evaluating:  81%|████████  | 20000/24844 [10:47<02:58, 27.19it/s]evaluating:  81%|████████  | 20004/24844 [10:47<02:39, 30.30it/s]evaluating:  81%|████████  | 20008/24844 [10:47<02:50, 28.45it/s]evaluating:  81%|████████  | 20012/24844 [10:47<02:40, 30.12it/s]evaluating:  81%|████████  | 20016/24844 [10:47<02:29, 32.33it/s]evaluating:  81%|████████  | 20020/24844 [10:48<02:35, 30.96it/s]evaluating:  81%|████████  | 20024/24844 [10:48<02:31, 31.80it/s]evaluating:  81%|████████  | 20028/24844 [10:48<02:24, 33.24it/s]evaluating:  81%|████████  | 20032/24844 [10:48<02:28, 32.45it/s]evaluating:  81%|████████  | 20036/24844 [10:48<02:30, 32.00it/s]evaluating:  81%|████████  | 20040/24844 [10:48<02:27, 32.51it/s]evaluating:  81%|████████  | 20044/24844 [10:48<02:28, 32.26it/s]evaluating:  81%|████████  | 20048/24844 [10:48<02:43, 29.38it/s]evaluating:  81%|████████  | 20052/24844 [10:49<02:31, 31.69it/s]evaluating:  81%|████████  | 20056/24844 [10:49<02:34, 31.00it/s]evaluating:  81%|████████  | 20060/24844 [10:49<02:29, 32.00it/s]evaluating:  81%|████████  | 20065/24844 [10:49<02:21, 33.71it/s]evaluating:  81%|████████  | 20069/24844 [10:49<02:24, 33.08it/s]evaluating:  81%|████████  | 20073/24844 [10:49<02:32, 31.27it/s]evaluating:  81%|████████  | 20077/24844 [10:49<02:30, 31.57it/s]evaluating:  81%|████████  | 20081/24844 [10:49<02:32, 31.24it/s]evaluating:  81%|████████  | 20086/24844 [10:50<02:22, 33.31it/s]evaluating:  81%|████████  | 20090/24844 [10:50<02:29, 31.70it/s]evaluating:  81%|████████  | 20094/24844 [10:50<02:30, 31.64it/s]evaluating:  81%|████████  | 20098/24844 [10:50<02:29, 31.65it/s]evaluating:  81%|████████  | 20102/24844 [10:50<02:31, 31.28it/s]evaluating:  81%|████████  | 20106/24844 [10:50<02:24, 32.87it/s]evaluating:  81%|████████  | 20110/24844 [10:50<02:28, 31.91it/s]evaluating:  81%|████████  | 20114/24844 [10:50<02:34, 30.56it/s]evaluating:  81%|████████  | 20118/24844 [10:51<02:38, 29.90it/s]evaluating:  81%|████████  | 20122/24844 [10:51<02:43, 28.90it/s]evaluating:  81%|████████  | 20126/24844 [10:51<02:31, 31.04it/s]evaluating:  81%|████████  | 20130/24844 [10:51<02:35, 30.31it/s]evaluating:  81%|████████  | 20134/24844 [10:51<02:40, 29.35it/s]evaluating:  81%|████████  | 20138/24844 [10:51<02:35, 30.33it/s]evaluating:  81%|████████  | 20142/24844 [10:51<02:40, 29.35it/s]evaluating:  81%|████████  | 20147/24844 [10:52<02:21, 33.08it/s]evaluating:  81%|████████  | 20151/24844 [10:52<02:25, 32.28it/s]evaluating:  81%|████████  | 20155/24844 [10:52<02:31, 30.93it/s]evaluating:  81%|████████  | 20159/24844 [10:52<02:23, 32.76it/s]evaluating:  81%|████████  | 20163/24844 [10:52<02:33, 30.54it/s]evaluating:  81%|████████  | 20167/24844 [10:52<02:27, 31.67it/s]evaluating:  81%|████████  | 20171/24844 [10:52<02:51, 27.20it/s]evaluating:  81%|████████  | 20174/24844 [10:53<02:53, 26.93it/s]evaluating:  81%|████████  | 20177/24844 [10:53<02:52, 27.10it/s]evaluating:  81%|████████  | 20180/24844 [10:53<02:58, 26.08it/s]evaluating:  81%|████████  | 20184/24844 [10:53<02:48, 27.63it/s]evaluating:  81%|████████▏ | 20188/24844 [10:53<02:42, 28.66it/s]evaluating:  81%|████████▏ | 20192/24844 [10:53<02:31, 30.71it/s]evaluating:  81%|████████▏ | 20196/24844 [10:53<02:33, 30.35it/s]evaluating:  81%|████████▏ | 20200/24844 [10:53<02:30, 30.94it/s]evaluating:  81%|████████▏ | 20204/24844 [10:54<02:29, 31.14it/s]evaluating:  81%|████████▏ | 20208/24844 [10:54<02:33, 30.26it/s]evaluating:  81%|████████▏ | 20213/24844 [10:54<02:19, 33.09it/s]evaluating:  81%|████████▏ | 20217/24844 [10:54<02:24, 32.08it/s]evaluating:  81%|████████▏ | 20221/24844 [10:54<02:24, 32.02it/s]evaluating:  81%|████████▏ | 20225/24844 [10:54<02:25, 31.64it/s]evaluating:  81%|████████▏ | 20229/24844 [10:54<02:22, 32.28it/s]evaluating:  81%|████████▏ | 20233/24844 [10:54<02:29, 30.88it/s]evaluating:  81%|████████▏ | 20238/24844 [10:55<02:14, 34.17it/s]evaluating:  81%|████████▏ | 20242/24844 [10:55<02:19, 33.01it/s]evaluating:  81%|████████▏ | 20246/24844 [10:55<02:25, 31.70it/s]evaluating:  82%|████████▏ | 20250/24844 [10:55<02:28, 30.87it/s]evaluating:  82%|████████▏ | 20254/24844 [10:55<02:26, 31.25it/s]evaluating:  82%|████████▏ | 20258/24844 [10:55<02:25, 31.57it/s]evaluating:  82%|████████▏ | 20262/24844 [10:55<02:33, 29.76it/s]evaluating:  82%|████████▏ | 20267/24844 [10:55<02:18, 33.16it/s]evaluating:  82%|████████▏ | 20271/24844 [10:56<02:20, 32.53it/s]evaluating:  82%|████████▏ | 20275/24844 [10:56<02:39, 28.67it/s]evaluating:  82%|████████▏ | 20278/24844 [10:56<02:38, 28.77it/s]evaluating:  82%|████████▏ | 20281/24844 [10:56<02:39, 28.65it/s]evaluating:  82%|████████▏ | 20286/24844 [10:56<02:23, 31.77it/s]evaluating:  82%|████████▏ | 20290/24844 [10:56<02:25, 31.25it/s]evaluating:  82%|████████▏ | 20294/24844 [10:56<02:16, 33.37it/s]evaluating:  82%|████████▏ | 20299/24844 [10:56<02:12, 34.23it/s]evaluating:  82%|████████▏ | 20303/24844 [10:57<02:25, 31.25it/s]evaluating:  82%|████████▏ | 20307/24844 [10:57<02:33, 29.55it/s]evaluating:  82%|████████▏ | 20311/24844 [10:57<02:32, 29.66it/s]evaluating:  82%|████████▏ | 20315/24844 [10:57<02:30, 30.15it/s]evaluating:  82%|████████▏ | 20319/24844 [10:57<02:27, 30.64it/s]evaluating:  82%|████████▏ | 20324/24844 [10:57<02:16, 33.09it/s]evaluating:  82%|████████▏ | 20328/24844 [10:57<02:23, 31.54it/s]evaluating:  82%|████████▏ | 20332/24844 [10:58<02:26, 30.76it/s]evaluating:  82%|████████▏ | 20336/24844 [10:58<02:29, 30.09it/s]evaluating:  82%|████████▏ | 20340/24844 [10:58<02:23, 31.30it/s]evaluating:  82%|████████▏ | 20344/24844 [10:58<02:24, 31.09it/s]evaluating:  82%|████████▏ | 20348/24844 [10:58<02:31, 29.58it/s]evaluating:  82%|████████▏ | 20352/24844 [10:58<02:23, 31.33it/s]evaluating:  82%|████████▏ | 20356/24844 [10:58<02:31, 29.56it/s]evaluating:  82%|████████▏ | 20360/24844 [10:59<02:34, 29.05it/s]evaluating:  82%|████████▏ | 20364/24844 [10:59<02:25, 30.85it/s]evaluating:  82%|████████▏ | 20368/24844 [10:59<02:35, 28.87it/s]evaluating:  82%|████████▏ | 20373/24844 [10:59<02:24, 31.03it/s]evaluating:  82%|████████▏ | 20377/24844 [10:59<02:35, 28.81it/s]evaluating:  82%|████████▏ | 20381/24844 [10:59<02:30, 29.59it/s]evaluating:  82%|████████▏ | 20385/24844 [10:59<02:39, 27.93it/s]evaluating:  82%|████████▏ | 20388/24844 [11:00<02:45, 26.86it/s]evaluating:  82%|████████▏ | 20391/24844 [11:00<02:56, 25.24it/s]evaluating:  82%|████████▏ | 20394/24844 [11:00<02:53, 25.59it/s]evaluating:  82%|████████▏ | 20397/24844 [11:00<02:52, 25.77it/s]evaluating:  82%|████████▏ | 20401/24844 [11:00<02:41, 27.47it/s]evaluating:  82%|████████▏ | 20405/24844 [11:00<02:35, 28.49it/s]evaluating:  82%|████████▏ | 20408/24844 [11:00<02:39, 27.85it/s]evaluating:  82%|████████▏ | 20412/24844 [11:00<02:32, 28.97it/s]evaluating:  82%|████████▏ | 20415/24844 [11:01<02:39, 27.85it/s]evaluating:  82%|████████▏ | 20418/24844 [11:01<02:41, 27.48it/s]evaluating:  82%|████████▏ | 20423/24844 [11:01<02:24, 30.55it/s]evaluating:  82%|████████▏ | 20427/24844 [11:01<02:35, 28.47it/s]evaluating:  82%|████████▏ | 20431/24844 [11:01<02:24, 30.48it/s]evaluating:  82%|████████▏ | 20435/24844 [11:01<02:34, 28.59it/s]evaluating:  82%|████████▏ | 20439/24844 [11:01<02:33, 28.65it/s]evaluating:  82%|████████▏ | 20442/24844 [11:01<02:35, 28.23it/s]evaluating:  82%|████████▏ | 20445/24844 [11:02<02:46, 26.42it/s]evaluating:  82%|████████▏ | 20448/24844 [11:02<02:45, 26.53it/s]evaluating:  82%|████████▏ | 20451/24844 [11:02<02:42, 27.01it/s]evaluating:  82%|████████▏ | 20454/24844 [11:02<02:43, 26.78it/s]evaluating:  82%|████████▏ | 20458/24844 [11:02<02:32, 28.75it/s]evaluating:  82%|████████▏ | 20461/24844 [11:02<02:35, 28.26it/s]evaluating:  82%|████████▏ | 20466/24844 [11:02<02:16, 32.14it/s]evaluating:  82%|████████▏ | 20470/24844 [11:02<02:15, 32.40it/s]evaluating:  82%|████████▏ | 20474/24844 [11:03<02:23, 30.40it/s]evaluating:  82%|████████▏ | 20478/24844 [11:03<02:22, 30.68it/s]evaluating:  82%|████████▏ | 20482/24844 [11:03<02:24, 30.09it/s]evaluating:  82%|████████▏ | 20486/24844 [11:03<02:31, 28.80it/s]evaluating:  82%|████████▏ | 20491/24844 [11:03<02:14, 32.27it/s]evaluating:  82%|████████▏ | 20495/24844 [11:03<02:26, 29.61it/s]evaluating:  83%|████████▎ | 20499/24844 [11:03<02:30, 28.82it/s]evaluating:  83%|████████▎ | 20502/24844 [11:03<02:32, 28.40it/s]evaluating:  83%|████████▎ | 20505/24844 [11:04<02:37, 27.48it/s]evaluating:  83%|████████▎ | 20509/24844 [11:04<02:28, 29.21it/s]evaluating:  83%|████████▎ | 20512/24844 [11:04<02:35, 27.94it/s]evaluating:  83%|████████▎ | 20515/24844 [11:04<02:38, 27.24it/s]evaluating:  83%|████████▎ | 20519/24844 [11:04<02:25, 29.65it/s]evaluating:  83%|████████▎ | 20522/24844 [11:04<02:26, 29.51it/s]evaluating:  83%|████████▎ | 20526/24844 [11:04<02:26, 29.55it/s]evaluating:  83%|████████▎ | 20529/24844 [11:04<02:37, 27.42it/s]evaluating:  83%|████████▎ | 20532/24844 [11:05<02:44, 26.22it/s]evaluating:  83%|████████▎ | 20536/24844 [11:05<02:32, 28.25it/s]evaluating:  83%|████████▎ | 20539/24844 [11:05<02:35, 27.72it/s]evaluating:  83%|████████▎ | 20543/24844 [11:05<02:25, 29.47it/s]evaluating:  83%|████████▎ | 20547/24844 [11:05<02:16, 31.51it/s]evaluating:  83%|████████▎ | 20551/24844 [11:05<02:24, 29.69it/s]evaluating:  83%|████████▎ | 20555/24844 [11:05<02:27, 29.06it/s]evaluating:  83%|████████▎ | 20558/24844 [11:05<02:30, 28.57it/s]evaluating:  83%|████████▎ | 20562/24844 [11:06<02:28, 28.82it/s]evaluating:  83%|████████▎ | 20565/24844 [11:06<02:35, 27.52it/s]evaluating:  83%|████████▎ | 20569/24844 [11:06<02:20, 30.45it/s]evaluating:  83%|████████▎ | 20573/24844 [11:06<02:27, 28.88it/s]evaluating:  83%|████████▎ | 20576/24844 [11:06<02:26, 29.09it/s]evaluating:  83%|████████▎ | 20579/24844 [11:06<02:27, 28.94it/s]evaluating:  83%|████████▎ | 20583/24844 [11:06<02:29, 28.49it/s]evaluating:  83%|████████▎ | 20586/24844 [11:06<02:29, 28.42it/s]evaluating:  83%|████████▎ | 20590/24844 [11:07<02:23, 29.55it/s]evaluating:  83%|████████▎ | 20593/24844 [11:07<02:28, 28.54it/s]evaluating:  83%|████████▎ | 20596/24844 [11:07<02:31, 28.07it/s]evaluating:  83%|████████▎ | 20599/24844 [11:07<02:33, 27.66it/s]evaluating:  83%|████████▎ | 20603/24844 [11:07<02:23, 29.50it/s]evaluating:  83%|████████▎ | 20606/24844 [11:07<02:33, 27.60it/s]evaluating:  83%|████████▎ | 20609/24844 [11:07<02:36, 27.07it/s]evaluating:  83%|████████▎ | 20613/24844 [11:07<02:30, 28.02it/s]evaluating:  83%|████████▎ | 20616/24844 [11:07<02:34, 27.43it/s]evaluating:  83%|████████▎ | 20619/24844 [11:08<02:34, 27.27it/s]evaluating:  83%|████████▎ | 20622/24844 [11:08<02:31, 27.82it/s]evaluating:  83%|████████▎ | 20626/24844 [11:08<02:26, 28.72it/s]evaluating:  83%|████████▎ | 20629/24844 [11:08<02:34, 27.33it/s]evaluating:  83%|████████▎ | 20634/24844 [11:08<02:14, 31.26it/s]evaluating:  83%|████████▎ | 20638/24844 [11:08<02:19, 30.13it/s]evaluating:  83%|████████▎ | 20642/24844 [11:08<02:34, 27.28it/s]evaluating:  83%|████████▎ | 20645/24844 [11:09<02:39, 26.31it/s]evaluating:  83%|████████▎ | 20649/24844 [11:09<02:37, 26.57it/s]evaluating:  83%|████████▎ | 20652/24844 [11:09<02:43, 25.68it/s]evaluating:  83%|████████▎ | 20655/24844 [11:09<02:39, 26.20it/s]evaluating:  83%|████████▎ | 20659/24844 [11:09<02:32, 27.40it/s]evaluating:  83%|████████▎ | 20662/24844 [11:09<02:43, 25.51it/s]evaluating:  83%|████████▎ | 20665/24844 [11:09<02:53, 24.11it/s]evaluating:  83%|████████▎ | 20668/24844 [11:09<02:46, 25.04it/s]evaluating:  83%|████████▎ | 20672/24844 [11:10<02:41, 25.88it/s]evaluating:  83%|████████▎ | 20675/24844 [11:10<02:35, 26.74it/s]evaluating:  83%|████████▎ | 20678/24844 [11:10<02:36, 26.59it/s]evaluating:  83%|████████▎ | 20681/24844 [11:10<02:39, 26.15it/s]evaluating:  83%|████████▎ | 20685/24844 [11:10<02:20, 29.64it/s]evaluating:  83%|████████▎ | 20689/24844 [11:10<02:12, 31.30it/s]evaluating:  83%|████████▎ | 20693/24844 [11:10<02:19, 29.82it/s]evaluating:  83%|████████▎ | 20697/24844 [11:10<02:20, 29.49it/s]evaluating:  83%|████████▎ | 20701/24844 [11:11<02:20, 29.57it/s]evaluating:  83%|████████▎ | 20705/24844 [11:11<02:16, 30.34it/s]evaluating:  83%|████████▎ | 20709/24844 [11:11<02:14, 30.81it/s]evaluating:  83%|████████▎ | 20713/24844 [11:11<02:15, 30.58it/s]evaluating:  83%|████████▎ | 20717/24844 [11:11<02:18, 29.88it/s]evaluating:  83%|████████▎ | 20721/24844 [11:11<02:16, 30.21it/s]evaluating:  83%|████████▎ | 20725/24844 [11:11<02:20, 29.34it/s]evaluating:  83%|████████▎ | 20728/24844 [11:11<02:26, 28.15it/s]evaluating:  83%|████████▎ | 20732/24844 [11:12<02:18, 29.72it/s]evaluating:  83%|████████▎ | 20736/24844 [11:12<02:16, 30.02it/s]evaluating:  83%|████████▎ | 20740/24844 [11:12<02:15, 30.23it/s]evaluating:  83%|████████▎ | 20744/24844 [11:12<02:13, 30.72it/s]evaluating:  84%|████████▎ | 20748/24844 [11:12<02:18, 29.68it/s]evaluating:  84%|████████▎ | 20751/24844 [11:12<02:19, 29.38it/s]evaluating:  84%|████████▎ | 20755/24844 [11:12<02:16, 29.97it/s]evaluating:  84%|████████▎ | 20758/24844 [11:12<02:20, 28.98it/s]evaluating:  84%|████████▎ | 20761/24844 [11:13<02:24, 28.23it/s]evaluating:  84%|████████▎ | 20765/24844 [11:13<02:16, 29.88it/s]evaluating:  84%|████████▎ | 20768/24844 [11:13<02:18, 29.46it/s]evaluating:  84%|████████▎ | 20771/24844 [11:13<02:25, 28.06it/s]evaluating:  84%|████████▎ | 20775/24844 [11:13<02:18, 29.29it/s]evaluating:  84%|████████▎ | 20779/24844 [11:13<02:11, 30.86it/s]evaluating:  84%|████████▎ | 20783/24844 [11:13<02:04, 32.54it/s]evaluating:  84%|████████▎ | 20787/24844 [11:13<02:11, 30.84it/s]evaluating:  84%|████████▎ | 20791/24844 [11:14<02:17, 29.43it/s]evaluating:  84%|████████▎ | 20794/24844 [11:14<02:24, 27.99it/s]evaluating:  84%|████████▎ | 20798/24844 [11:14<02:21, 28.55it/s]evaluating:  84%|████████▎ | 20802/24844 [11:14<02:19, 28.97it/s]evaluating:  84%|████████▎ | 20805/24844 [11:14<02:27, 27.31it/s]evaluating:  84%|████████▍ | 20808/24844 [11:14<02:28, 27.18it/s]evaluating:  84%|████████▍ | 20812/24844 [11:14<02:24, 27.91it/s]evaluating:  84%|████████▍ | 20815/24844 [11:14<02:28, 27.07it/s]evaluating:  84%|████████▍ | 20818/24844 [11:15<02:26, 27.53it/s]evaluating:  84%|████████▍ | 20821/24844 [11:15<02:34, 26.02it/s]evaluating:  84%|████████▍ | 20824/24844 [11:15<02:43, 24.55it/s]evaluating:  84%|████████▍ | 20828/24844 [11:15<02:30, 26.70it/s]evaluating:  84%|████████▍ | 20831/24844 [11:15<02:34, 26.03it/s]evaluating:  84%|████████▍ | 20834/24844 [11:15<02:30, 26.61it/s]evaluating:  84%|████████▍ | 20837/24844 [11:15<02:34, 25.89it/s]evaluating:  84%|████████▍ | 20840/24844 [11:15<02:38, 25.34it/s]evaluating:  84%|████████▍ | 20844/24844 [11:16<02:25, 27.54it/s]evaluating:  84%|████████▍ | 20847/24844 [11:16<02:28, 26.85it/s]evaluating:  84%|████████▍ | 20850/24844 [11:16<02:26, 27.29it/s]evaluating:  84%|████████▍ | 20854/24844 [11:16<02:17, 29.09it/s]evaluating:  84%|████████▍ | 20857/24844 [11:16<02:18, 28.75it/s]evaluating:  84%|████████▍ | 20860/24844 [11:16<02:26, 27.17it/s]evaluating:  84%|████████▍ | 20863/24844 [11:16<02:27, 26.91it/s]evaluating:  84%|████████▍ | 20866/24844 [11:16<02:27, 27.05it/s]evaluating:  84%|████████▍ | 20870/24844 [11:16<02:17, 28.88it/s]evaluating:  84%|████████▍ | 20874/24844 [11:17<02:14, 29.43it/s]evaluating:  84%|████████▍ | 20877/24844 [11:17<02:14, 29.49it/s]evaluating:  84%|████████▍ | 20880/24844 [11:17<02:24, 27.34it/s]evaluating:  84%|████████▍ | 20883/24844 [11:17<02:25, 27.21it/s]evaluating:  84%|████████▍ | 20886/24844 [11:17<02:22, 27.74it/s]evaluating:  84%|████████▍ | 20889/24844 [11:17<02:31, 26.08it/s]evaluating:  84%|████████▍ | 20893/24844 [11:17<02:15, 29.09it/s]evaluating:  84%|████████▍ | 20897/24844 [11:17<02:14, 29.34it/s]evaluating:  84%|████████▍ | 20900/24844 [11:18<02:23, 27.45it/s]evaluating:  84%|████████▍ | 20903/24844 [11:18<02:20, 28.00it/s]evaluating:  84%|████████▍ | 20906/24844 [11:18<02:21, 27.93it/s]evaluating:  84%|████████▍ | 20910/24844 [11:18<02:15, 29.00it/s]evaluating:  84%|████████▍ | 20914/24844 [11:18<02:09, 30.28it/s]evaluating:  84%|████████▍ | 20918/24844 [11:18<02:09, 30.42it/s]evaluating:  84%|████████▍ | 20922/24844 [11:18<02:05, 31.24it/s]evaluating:  84%|████████▍ | 20926/24844 [11:18<02:03, 31.74it/s]evaluating:  84%|████████▍ | 20930/24844 [11:19<02:00, 32.59it/s]evaluating:  84%|████████▍ | 20934/24844 [11:19<02:07, 30.68it/s]evaluating:  84%|████████▍ | 20938/24844 [11:19<02:09, 30.21it/s]evaluating:  84%|████████▍ | 20942/24844 [11:19<02:06, 30.76it/s]evaluating:  84%|████████▍ | 20946/24844 [11:19<02:12, 29.41it/s]evaluating:  84%|████████▍ | 20950/24844 [11:19<02:12, 29.49it/s]evaluating:  84%|████████▍ | 20954/24844 [11:19<02:10, 29.76it/s]evaluating:  84%|████████▍ | 20957/24844 [11:19<02:15, 28.72it/s]evaluating:  84%|████████▍ | 20961/24844 [11:20<02:08, 30.29it/s]evaluating:  84%|████████▍ | 20965/24844 [11:20<02:14, 28.93it/s]evaluating:  84%|████████▍ | 20968/24844 [11:20<02:21, 27.44it/s]evaluating:  84%|████████▍ | 20971/24844 [11:20<02:20, 27.56it/s]evaluating:  84%|████████▍ | 20974/24844 [11:20<02:22, 27.20it/s]evaluating:  84%|████████▍ | 20978/24844 [11:20<02:14, 28.71it/s]evaluating:  84%|████████▍ | 20982/24844 [11:20<02:07, 30.18it/s]evaluating:  84%|████████▍ | 20986/24844 [11:20<02:08, 30.09it/s]evaluating:  84%|████████▍ | 20990/24844 [11:21<02:09, 29.68it/s]evaluating:  85%|████████▍ | 20994/24844 [11:21<02:01, 31.69it/s]evaluating:  85%|████████▍ | 20998/24844 [11:21<02:05, 30.59it/s]evaluating:  85%|████████▍ | 21002/24844 [11:21<02:08, 29.90it/s]evaluating:  85%|████████▍ | 21006/24844 [11:21<02:07, 30.08it/s]evaluating:  85%|████████▍ | 21010/24844 [11:21<02:08, 29.89it/s]evaluating:  85%|████████▍ | 21014/24844 [11:21<02:16, 28.08it/s]evaluating:  85%|████████▍ | 21018/24844 [11:22<02:08, 29.72it/s]evaluating:  85%|████████▍ | 21022/24844 [11:22<02:03, 30.86it/s]evaluating:  85%|████████▍ | 21026/24844 [11:22<01:55, 33.07it/s]evaluating:  85%|████████▍ | 21030/24844 [11:22<01:53, 33.46it/s]evaluating:  85%|████████▍ | 21034/24844 [11:22<02:05, 30.30it/s]evaluating:  85%|████████▍ | 21038/24844 [11:22<02:05, 30.38it/s]evaluating:  85%|████████▍ | 21042/24844 [11:22<02:11, 28.87it/s]evaluating:  85%|████████▍ | 21046/24844 [11:22<02:01, 31.22it/s]evaluating:  85%|████████▍ | 21050/24844 [11:23<02:05, 30.20it/s]evaluating:  85%|████████▍ | 21054/24844 [11:23<02:08, 29.45it/s]evaluating:  85%|████████▍ | 21058/24844 [11:23<02:06, 29.93it/s]evaluating:  85%|████████▍ | 21062/24844 [11:23<02:02, 30.90it/s]evaluating:  85%|████████▍ | 21066/24844 [11:23<01:57, 32.27it/s]evaluating:  85%|████████▍ | 21070/24844 [11:23<01:56, 32.33it/s]evaluating:  85%|████████▍ | 21074/24844 [11:23<02:03, 30.57it/s]evaluating:  85%|████████▍ | 21078/24844 [11:23<02:08, 29.35it/s]evaluating:  85%|████████▍ | 21081/24844 [11:24<02:10, 28.82it/s]evaluating:  85%|████████▍ | 21084/24844 [11:24<02:27, 25.50it/s]evaluating:  85%|████████▍ | 21088/24844 [11:24<02:15, 27.75it/s]evaluating:  85%|████████▍ | 21091/24844 [11:24<02:28, 25.26it/s]evaluating:  85%|████████▍ | 21094/24844 [11:24<02:28, 25.22it/s]evaluating:  85%|████████▍ | 21097/24844 [11:24<02:22, 26.34it/s]evaluating:  85%|████████▍ | 21101/24844 [11:24<02:19, 26.86it/s]evaluating:  85%|████████▍ | 21104/24844 [11:24<02:16, 27.38it/s]evaluating:  85%|████████▍ | 21107/24844 [11:25<02:17, 27.13it/s]evaluating:  85%|████████▍ | 21111/24844 [11:25<02:07, 29.39it/s]evaluating:  85%|████████▍ | 21116/24844 [11:25<01:51, 33.44it/s]evaluating:  85%|████████▌ | 21120/24844 [11:25<02:04, 29.93it/s]evaluating:  85%|████████▌ | 21124/24844 [11:25<02:12, 28.09it/s]evaluating:  85%|████████▌ | 21128/24844 [11:25<02:08, 29.00it/s]evaluating:  85%|████████▌ | 21131/24844 [11:25<02:11, 28.15it/s]evaluating:  85%|████████▌ | 21134/24844 [11:26<02:21, 26.21it/s]evaluating:  85%|████████▌ | 21139/24844 [11:26<02:03, 30.07it/s]evaluating:  85%|████████▌ | 21143/24844 [11:26<02:09, 28.62it/s]evaluating:  85%|████████▌ | 21146/24844 [11:26<02:09, 28.56it/s]evaluating:  85%|████████▌ | 21150/24844 [11:26<02:03, 29.92it/s]evaluating:  85%|████████▌ | 21154/24844 [11:26<02:00, 30.53it/s]evaluating:  85%|████████▌ | 21158/24844 [11:26<01:53, 32.35it/s]evaluating:  85%|████████▌ | 21162/24844 [11:26<02:01, 30.37it/s]evaluating:  85%|████████▌ | 21166/24844 [11:27<02:00, 30.55it/s]evaluating:  85%|████████▌ | 21170/24844 [11:27<01:52, 32.66it/s]evaluating:  85%|████████▌ | 21174/24844 [11:27<01:55, 31.65it/s]evaluating:  85%|████████▌ | 21178/24844 [11:27<02:04, 29.53it/s]evaluating:  85%|████████▌ | 21182/24844 [11:27<02:04, 29.42it/s]evaluating:  85%|████████▌ | 21185/24844 [11:27<02:07, 28.64it/s]evaluating:  85%|████████▌ | 21188/24844 [11:27<02:07, 28.78it/s]evaluating:  85%|████████▌ | 21192/24844 [11:27<01:55, 31.63it/s]evaluating:  85%|████████▌ | 21196/24844 [11:28<01:53, 32.06it/s]evaluating:  85%|████████▌ | 21200/24844 [11:28<01:54, 31.89it/s]evaluating:  85%|████████▌ | 21204/24844 [11:28<01:57, 30.89it/s]evaluating:  85%|████████▌ | 21208/24844 [11:28<01:53, 31.99it/s]evaluating:  85%|████████▌ | 21212/24844 [11:28<01:59, 30.51it/s]evaluating:  85%|████████▌ | 21216/24844 [11:28<02:02, 29.72it/s]evaluating:  85%|████████▌ | 21221/24844 [11:28<01:48, 33.26it/s]evaluating:  85%|████████▌ | 21225/24844 [11:28<01:47, 33.54it/s]evaluating:  85%|████████▌ | 21229/24844 [11:29<01:57, 30.76it/s]evaluating:  85%|████████▌ | 21233/24844 [11:29<01:55, 31.18it/s]evaluating:  85%|████████▌ | 21237/24844 [11:29<02:01, 29.57it/s]evaluating:  85%|████████▌ | 21241/24844 [11:29<02:08, 28.00it/s]evaluating:  86%|████████▌ | 21244/24844 [11:29<02:11, 27.39it/s]evaluating:  86%|████████▌ | 21248/24844 [11:29<01:59, 29.99it/s]evaluating:  86%|████████▌ | 21252/24844 [11:29<02:05, 28.51it/s]evaluating:  86%|████████▌ | 21255/24844 [11:29<02:08, 28.03it/s]evaluating:  86%|████████▌ | 21259/24844 [11:30<02:01, 29.53it/s]evaluating:  86%|████████▌ | 21262/24844 [11:30<02:06, 28.28it/s]evaluating:  86%|████████▌ | 21266/24844 [11:30<01:57, 30.35it/s]evaluating:  86%|████████▌ | 21270/24844 [11:30<02:02, 29.19it/s]evaluating:  86%|████████▌ | 21273/24844 [11:30<02:08, 27.74it/s]evaluating:  86%|████████▌ | 21276/24844 [11:30<02:06, 28.28it/s]evaluating:  86%|████████▌ | 21280/24844 [11:30<02:05, 28.50it/s]evaluating:  86%|████████▌ | 21283/24844 [11:30<02:04, 28.63it/s]evaluating:  86%|████████▌ | 21288/24844 [11:31<01:49, 32.43it/s]evaluating:  86%|████████▌ | 21292/24844 [11:31<01:54, 30.89it/s]evaluating:  86%|████████▌ | 21296/24844 [11:31<01:58, 29.92it/s]evaluating:  86%|████████▌ | 21300/24844 [11:31<02:02, 29.02it/s]evaluating:  86%|████████▌ | 21303/24844 [11:31<02:02, 28.92it/s]evaluating:  86%|████████▌ | 21307/24844 [11:31<01:56, 30.29it/s]evaluating:  86%|████████▌ | 21311/24844 [11:31<02:07, 27.68it/s]evaluating:  86%|████████▌ | 21315/24844 [11:32<01:57, 29.95it/s]evaluating:  86%|████████▌ | 21319/24844 [11:32<01:59, 29.48it/s]evaluating:  86%|████████▌ | 21323/24844 [11:32<02:02, 28.72it/s]evaluating:  86%|████████▌ | 21326/24844 [11:32<02:01, 28.94it/s]evaluating:  86%|████████▌ | 21330/24844 [11:32<01:56, 30.27it/s]evaluating:  86%|████████▌ | 21334/24844 [11:32<01:56, 30.25it/s]evaluating:  86%|████████▌ | 21339/24844 [11:32<01:50, 31.81it/s]evaluating:  86%|████████▌ | 21343/24844 [11:32<02:01, 28.82it/s]evaluating:  86%|████████▌ | 21346/24844 [11:33<02:01, 28.74it/s]evaluating:  86%|████████▌ | 21350/24844 [11:33<01:59, 29.13it/s]evaluating:  86%|████████▌ | 21353/24844 [11:33<02:06, 27.60it/s]evaluating:  86%|████████▌ | 21356/24844 [11:33<02:03, 28.16it/s]evaluating:  86%|████████▌ | 21360/24844 [11:33<01:54, 30.55it/s]evaluating:  86%|████████▌ | 21364/24844 [11:33<02:02, 28.32it/s]evaluating:  86%|████████▌ | 21367/24844 [11:33<02:01, 28.67it/s]evaluating:  86%|████████▌ | 21371/24844 [11:33<01:55, 30.09it/s]evaluating:  86%|████████▌ | 21375/24844 [11:34<01:58, 29.32it/s]evaluating:  86%|████████▌ | 21378/24844 [11:34<02:05, 27.54it/s]evaluating:  86%|████████▌ | 21382/24844 [11:34<02:00, 28.82it/s]evaluating:  86%|████████▌ | 21385/24844 [11:34<02:09, 26.69it/s]evaluating:  86%|████████▌ | 21388/24844 [11:34<02:15, 25.56it/s]evaluating:  86%|████████▌ | 21391/24844 [11:34<02:11, 26.17it/s]evaluating:  86%|████████▌ | 21395/24844 [11:34<02:00, 28.66it/s]evaluating:  86%|████████▌ | 21399/24844 [11:34<02:01, 28.35it/s]evaluating:  86%|████████▌ | 21402/24844 [11:35<02:09, 26.53it/s]evaluating:  86%|████████▌ | 21405/24844 [11:35<02:07, 27.04it/s]evaluating:  86%|████████▌ | 21409/24844 [11:35<01:54, 30.11it/s]evaluating:  86%|████████▌ | 21413/24844 [11:35<02:03, 27.76it/s]evaluating:  86%|████████▌ | 21416/24844 [11:35<02:02, 28.04it/s]evaluating:  86%|████████▌ | 21419/24844 [11:35<02:06, 27.06it/s]evaluating:  86%|████████▌ | 21422/24844 [11:35<02:12, 25.79it/s]evaluating:  86%|████████▌ | 21426/24844 [11:35<01:59, 28.64it/s]evaluating:  86%|████████▋ | 21429/24844 [11:36<01:58, 28.90it/s]evaluating:  86%|████████▋ | 21432/24844 [11:36<02:05, 27.25it/s]evaluating:  86%|████████▋ | 21436/24844 [11:36<01:55, 29.49it/s]evaluating:  86%|████████▋ | 21439/24844 [11:36<02:00, 28.35it/s]evaluating:  86%|████████▋ | 21443/24844 [11:36<01:53, 29.96it/s]evaluating:  86%|████████▋ | 21447/24844 [11:36<01:52, 30.08it/s]evaluating:  86%|████████▋ | 21451/24844 [11:36<01:59, 28.39it/s]evaluating:  86%|████████▋ | 21454/24844 [11:36<02:01, 27.94it/s]evaluating:  86%|████████▋ | 21457/24844 [11:37<02:05, 27.09it/s]evaluating:  86%|████████▋ | 21460/24844 [11:37<02:03, 27.50it/s]evaluating:  86%|████████▋ | 21465/24844 [11:37<01:46, 31.75it/s]evaluating:  86%|████████▋ | 21469/24844 [11:37<01:54, 29.51it/s]evaluating:  86%|████████▋ | 21472/24844 [11:37<01:57, 28.78it/s]evaluating:  86%|████████▋ | 21475/24844 [11:37<02:00, 28.03it/s]evaluating:  86%|████████▋ | 21479/24844 [11:37<01:53, 29.65it/s]evaluating:  86%|████████▋ | 21482/24844 [11:37<01:53, 29.51it/s]evaluating:  86%|████████▋ | 21485/24844 [11:37<01:57, 28.70it/s]evaluating:  86%|████████▋ | 21488/24844 [11:38<01:55, 28.96it/s]evaluating:  87%|████████▋ | 21492/24844 [11:38<01:50, 30.28it/s]evaluating:  87%|████████▋ | 21496/24844 [11:38<01:56, 28.71it/s]evaluating:  87%|████████▋ | 21499/24844 [11:38<01:55, 28.92it/s]evaluating:  87%|████████▋ | 21502/24844 [11:38<01:58, 28.17it/s]evaluating:  87%|████████▋ | 21506/24844 [11:38<01:48, 30.80it/s]evaluating:  87%|████████▋ | 21510/24844 [11:38<02:02, 27.32it/s]evaluating:  87%|████████▋ | 21514/24844 [11:38<01:54, 28.99it/s]evaluating:  87%|████████▋ | 21518/24844 [11:39<01:51, 29.95it/s]evaluating:  87%|████████▋ | 21522/24844 [11:39<01:58, 27.96it/s]evaluating:  87%|████████▋ | 21525/24844 [11:39<01:58, 27.94it/s]evaluating:  87%|████████▋ | 21529/24844 [11:39<01:55, 28.58it/s]evaluating:  87%|████████▋ | 21532/24844 [11:39<02:00, 27.52it/s]evaluating:  87%|████████▋ | 21536/24844 [11:39<01:48, 30.52it/s]evaluating:  87%|████████▋ | 21540/24844 [11:39<01:53, 29.23it/s]evaluating:  87%|████████▋ | 21543/24844 [11:39<01:53, 29.14it/s]evaluating:  87%|████████▋ | 21547/24844 [11:40<01:50, 29.74it/s]evaluating:  87%|████████▋ | 21551/24844 [11:40<01:45, 31.11it/s]evaluating:  87%|████████▋ | 21555/24844 [11:40<01:49, 30.05it/s]evaluating:  87%|████████▋ | 21560/24844 [11:40<01:36, 34.15it/s]evaluating:  87%|████████▋ | 21564/24844 [11:40<01:42, 32.13it/s]evaluating:  87%|████████▋ | 21568/24844 [11:40<01:42, 31.88it/s]evaluating:  87%|████████▋ | 21572/24844 [11:40<01:41, 32.32it/s]evaluating:  87%|████████▋ | 21576/24844 [11:41<01:43, 31.69it/s]evaluating:  87%|████████▋ | 21580/24844 [11:41<01:43, 31.58it/s]evaluating:  87%|████████▋ | 21585/24844 [11:41<01:31, 35.48it/s]evaluating:  87%|████████▋ | 21589/24844 [11:41<01:38, 32.90it/s]evaluating:  87%|████████▋ | 21593/24844 [11:41<01:43, 31.50it/s]evaluating:  87%|████████▋ | 21597/24844 [11:41<01:44, 30.99it/s]evaluating:  87%|████████▋ | 21602/24844 [11:41<01:40, 32.32it/s]evaluating:  87%|████████▋ | 21606/24844 [11:41<01:44, 31.06it/s]evaluating:  87%|████████▋ | 21611/24844 [11:42<01:33, 34.52it/s]evaluating:  87%|████████▋ | 21615/24844 [11:42<01:34, 34.04it/s]evaluating:  87%|████████▋ | 21619/24844 [11:42<01:37, 32.94it/s]evaluating:  87%|████████▋ | 21623/24844 [11:42<01:39, 32.53it/s]evaluating:  87%|████████▋ | 21627/24844 [11:42<01:37, 32.95it/s]evaluating:  87%|████████▋ | 21631/24844 [11:42<01:42, 31.37it/s]evaluating:  87%|████████▋ | 21635/24844 [11:42<01:43, 30.86it/s]evaluating:  87%|████████▋ | 21640/24844 [11:42<01:34, 33.95it/s]evaluating:  87%|████████▋ | 21644/24844 [11:43<01:41, 31.56it/s]evaluating:  87%|████████▋ | 21648/24844 [11:43<01:37, 32.76it/s]evaluating:  87%|████████▋ | 21652/24844 [11:43<01:43, 30.77it/s]evaluating:  87%|████████▋ | 21656/24844 [11:43<01:42, 31.24it/s]evaluating:  87%|████████▋ | 21660/24844 [11:43<01:44, 30.38it/s]evaluating:  87%|████████▋ | 21664/24844 [11:43<01:45, 30.03it/s]evaluating:  87%|████████▋ | 21668/24844 [11:43<01:43, 30.68it/s]evaluating:  87%|████████▋ | 21672/24844 [11:44<01:50, 28.83it/s]evaluating:  87%|████████▋ | 21676/24844 [11:44<01:40, 31.44it/s]evaluating:  87%|████████▋ | 21680/24844 [11:44<01:37, 32.41it/s]evaluating:  87%|████████▋ | 21684/24844 [11:44<01:41, 31.20it/s]evaluating:  87%|████████▋ | 21688/24844 [11:44<01:40, 31.47it/s]evaluating:  87%|████████▋ | 21692/24844 [11:44<01:41, 31.16it/s]evaluating:  87%|████████▋ | 21696/24844 [11:44<01:40, 31.48it/s]evaluating:  87%|████████▋ | 21700/24844 [11:44<01:42, 30.63it/s]evaluating:  87%|████████▋ | 21705/24844 [11:45<01:31, 34.40it/s]evaluating:  87%|████████▋ | 21709/24844 [11:45<01:39, 31.61it/s]evaluating:  87%|████████▋ | 21713/24844 [11:45<01:43, 30.24it/s]evaluating:  87%|████████▋ | 21717/24844 [11:45<01:36, 32.25it/s]evaluating:  87%|████████▋ | 21721/24844 [11:45<01:38, 31.87it/s]evaluating:  87%|████████▋ | 21725/24844 [11:45<01:40, 31.04it/s]evaluating:  87%|████████▋ | 21730/24844 [11:45<01:35, 32.51it/s]evaluating:  87%|████████▋ | 21734/24844 [11:45<01:41, 30.53it/s]evaluating:  87%|████████▋ | 21738/24844 [11:46<01:43, 29.87it/s]evaluating:  88%|████████▊ | 21742/24844 [11:46<01:36, 32.04it/s]evaluating:  88%|████████▊ | 21746/24844 [11:46<01:33, 33.10it/s]evaluating:  88%|████████▊ | 21750/24844 [11:46<01:41, 30.62it/s]evaluating:  88%|████████▊ | 21754/24844 [11:46<01:39, 31.08it/s]evaluating:  88%|████████▊ | 21759/24844 [11:46<01:32, 33.38it/s]evaluating:  88%|████████▊ | 21763/24844 [11:46<01:35, 32.34it/s]evaluating:  88%|████████▊ | 21767/24844 [11:47<01:38, 31.15it/s]evaluating:  88%|████████▊ | 21771/24844 [11:47<01:37, 31.49it/s]evaluating:  88%|████████▊ | 21775/24844 [11:47<01:39, 30.71it/s]evaluating:  88%|████████▊ | 21780/24844 [11:47<01:28, 34.49it/s]evaluating:  88%|████████▊ | 21784/24844 [11:47<01:29, 34.17it/s]evaluating:  88%|████████▊ | 21788/24844 [11:47<01:31, 33.43it/s]evaluating:  88%|████████▊ | 21792/24844 [11:47<01:31, 33.44it/s]evaluating:  88%|████████▊ | 21796/24844 [11:47<01:32, 32.90it/s]evaluating:  88%|████████▊ | 21800/24844 [11:48<01:37, 31.20it/s]evaluating:  88%|████████▊ | 21805/24844 [11:48<01:28, 34.50it/s]evaluating:  88%|████████▊ | 21809/24844 [11:48<01:30, 33.55it/s]evaluating:  88%|████████▊ | 21813/24844 [11:48<01:34, 31.93it/s]evaluating:  88%|████████▊ | 21817/24844 [11:48<01:39, 30.36it/s]evaluating:  88%|████████▊ | 21821/24844 [11:48<01:34, 32.00it/s]evaluating:  88%|████████▊ | 21825/24844 [11:48<01:32, 32.76it/s]evaluating:  88%|████████▊ | 21829/24844 [11:48<01:27, 34.42it/s]evaluating:  88%|████████▊ | 21834/24844 [11:48<01:20, 37.36it/s]evaluating:  88%|████████▊ | 21838/24844 [11:49<01:27, 34.21it/s]evaluating:  88%|████████▊ | 21842/24844 [11:49<01:28, 33.85it/s]evaluating:  88%|████████▊ | 21846/24844 [11:49<01:29, 33.32it/s]evaluating:  88%|████████▊ | 21850/24844 [11:49<01:28, 33.98it/s]evaluating:  88%|████████▊ | 21854/24844 [11:49<01:32, 32.27it/s]evaluating:  88%|████████▊ | 21858/24844 [11:49<01:30, 32.88it/s]evaluating:  88%|████████▊ | 21863/24844 [11:49<01:22, 35.98it/s]evaluating:  88%|████████▊ | 21867/24844 [11:49<01:25, 34.77it/s]evaluating:  88%|████████▊ | 21871/24844 [11:50<01:30, 32.83it/s]evaluating:  88%|████████▊ | 21875/24844 [11:50<01:30, 32.68it/s]evaluating:  88%|████████▊ | 21879/24844 [11:50<01:34, 31.44it/s]evaluating:  88%|████████▊ | 21883/24844 [11:50<01:29, 33.07it/s]evaluating:  88%|████████▊ | 21887/24844 [11:50<01:29, 32.93it/s]evaluating:  88%|████████▊ | 21891/24844 [11:50<01:32, 32.05it/s]evaluating:  88%|████████▊ | 21895/24844 [11:50<01:29, 33.03it/s]evaluating:  88%|████████▊ | 21899/24844 [11:50<01:31, 32.30it/s]evaluating:  88%|████████▊ | 21903/24844 [11:51<01:34, 31.11it/s]evaluating:  88%|████████▊ | 21908/24844 [11:51<01:26, 34.11it/s]evaluating:  88%|████████▊ | 21912/24844 [11:51<01:33, 31.48it/s]evaluating:  88%|████████▊ | 21916/24844 [11:51<01:35, 30.67it/s]evaluating:  88%|████████▊ | 21920/24844 [11:51<01:33, 31.38it/s]evaluating:  88%|████████▊ | 21924/24844 [11:51<01:35, 30.60it/s]evaluating:  88%|████████▊ | 21928/24844 [11:51<01:36, 30.17it/s]evaluating:  88%|████████▊ | 21933/24844 [11:52<01:25, 33.99it/s]evaluating:  88%|████████▊ | 21937/24844 [11:52<01:28, 32.85it/s]evaluating:  88%|████████▊ | 21941/24844 [11:52<01:31, 31.59it/s]evaluating:  88%|████████▊ | 21945/24844 [11:52<01:26, 33.63it/s]evaluating:  88%|████████▊ | 21949/24844 [11:52<01:28, 32.76it/s]evaluating:  88%|████████▊ | 21953/24844 [11:52<01:29, 32.41it/s]evaluating:  88%|████████▊ | 21957/24844 [11:52<01:30, 32.05it/s]evaluating:  88%|████████▊ | 21961/24844 [11:52<01:28, 32.43it/s]evaluating:  88%|████████▊ | 21965/24844 [11:53<01:36, 29.89it/s]evaluating:  88%|████████▊ | 21970/24844 [11:53<01:30, 31.92it/s]evaluating:  88%|████████▊ | 21974/24844 [11:53<01:29, 31.92it/s]evaluating:  88%|████████▊ | 21978/24844 [11:53<01:28, 32.55it/s]evaluating:  88%|████████▊ | 21982/24844 [11:53<01:26, 33.24it/s]evaluating:  89%|████████▊ | 21987/24844 [11:53<01:21, 34.86it/s]evaluating:  89%|████████▊ | 21991/24844 [11:53<01:26, 33.08it/s]evaluating:  89%|████████▊ | 21995/24844 [11:53<01:27, 32.57it/s]evaluating:  89%|████████▊ | 21999/24844 [11:54<01:29, 31.91it/s]evaluating:  89%|████████▊ | 22003/24844 [11:54<01:24, 33.64it/s]evaluating:  89%|████████▊ | 22007/24844 [11:54<01:30, 31.45it/s]evaluating:  89%|████████▊ | 22012/24844 [11:54<01:21, 34.93it/s]evaluating:  89%|████████▊ | 22016/24844 [11:54<01:20, 35.26it/s]evaluating:  89%|████████▊ | 22020/24844 [11:54<01:23, 33.92it/s]evaluating:  89%|████████▊ | 22024/24844 [11:54<01:25, 32.97it/s]evaluating:  89%|████████▊ | 22028/24844 [11:54<01:25, 32.95it/s]evaluating:  89%|████████▊ | 22032/24844 [11:55<01:24, 33.23it/s]evaluating:  89%|████████▊ | 22036/24844 [11:55<01:22, 33.85it/s]evaluating:  89%|████████▊ | 22041/24844 [11:55<01:19, 35.45it/s]evaluating:  89%|████████▊ | 22045/24844 [11:55<01:20, 34.81it/s]evaluating:  89%|████████▊ | 22049/24844 [11:55<01:25, 32.63it/s]evaluating:  89%|████████▉ | 22053/24844 [11:55<01:22, 33.75it/s]evaluating:  89%|████████▉ | 22057/24844 [11:55<01:23, 33.38it/s]evaluating:  89%|████████▉ | 22061/24844 [11:55<01:22, 33.69it/s]evaluating:  89%|████████▉ | 22065/24844 [11:56<01:24, 32.72it/s]evaluating:  89%|████████▉ | 22070/24844 [11:56<01:17, 35.91it/s]evaluating:  89%|████████▉ | 22074/24844 [11:56<01:28, 31.33it/s]evaluating:  89%|████████▉ | 22078/24844 [11:56<01:25, 32.37it/s]evaluating:  89%|████████▉ | 22082/24844 [11:56<01:27, 31.53it/s]evaluating:  89%|████████▉ | 22086/24844 [11:56<01:25, 32.19it/s]evaluating:  89%|████████▉ | 22090/24844 [11:56<01:29, 30.67it/s]evaluating:  89%|████████▉ | 22094/24844 [11:56<01:29, 30.73it/s]evaluating:  89%|████████▉ | 22098/24844 [11:57<01:28, 31.07it/s]evaluating:  89%|████████▉ | 22102/24844 [11:57<01:25, 32.19it/s]evaluating:  89%|████████▉ | 22106/24844 [11:57<01:28, 30.86it/s]evaluating:  89%|████████▉ | 22110/24844 [11:57<01:24, 32.52it/s]evaluating:  89%|████████▉ | 22114/24844 [11:57<01:23, 32.64it/s]evaluating:  89%|████████▉ | 22118/24844 [11:57<01:24, 32.10it/s]evaluating:  89%|████████▉ | 22122/24844 [11:57<01:25, 31.83it/s]evaluating:  89%|████████▉ | 22126/24844 [11:57<01:25, 31.71it/s]evaluating:  89%|████████▉ | 22130/24844 [11:58<01:27, 30.99it/s]evaluating:  89%|████████▉ | 22134/24844 [11:58<01:24, 32.11it/s]evaluating:  89%|████████▉ | 22138/24844 [11:58<01:21, 33.16it/s]evaluating:  89%|████████▉ | 22142/24844 [11:58<01:26, 31.28it/s]evaluating:  89%|████████▉ | 22146/24844 [11:58<01:24, 32.01it/s]evaluating:  89%|████████▉ | 22150/24844 [11:58<01:23, 32.10it/s]evaluating:  89%|████████▉ | 22154/24844 [11:58<01:19, 33.84it/s]evaluating:  89%|████████▉ | 22158/24844 [11:58<01:26, 31.11it/s]evaluating:  89%|████████▉ | 22163/24844 [11:59<01:20, 33.49it/s]evaluating:  89%|████████▉ | 22167/24844 [11:59<01:28, 30.18it/s]evaluating:  89%|████████▉ | 22171/24844 [11:59<01:30, 29.46it/s]evaluating:  89%|████████▉ | 22175/24844 [11:59<01:27, 30.44it/s]evaluating:  89%|████████▉ | 22179/24844 [11:59<01:24, 31.41it/s]evaluating:  89%|████████▉ | 22183/24844 [11:59<01:21, 32.76it/s]evaluating:  89%|████████▉ | 22187/24844 [11:59<01:20, 33.11it/s]evaluating:  89%|████████▉ | 22191/24844 [12:00<01:22, 32.02it/s]evaluating:  89%|████████▉ | 22195/24844 [12:00<01:26, 30.53it/s]evaluating:  89%|████████▉ | 22199/24844 [12:00<01:28, 29.99it/s]evaluating:  89%|████████▉ | 22203/24844 [12:00<01:27, 30.07it/s]evaluating:  89%|████████▉ | 22207/24844 [12:00<01:31, 28.74it/s]evaluating:  89%|████████▉ | 22210/24844 [12:00<01:32, 28.60it/s]evaluating:  89%|████████▉ | 22214/24844 [12:00<01:26, 30.48it/s]evaluating:  89%|████████▉ | 22218/24844 [12:00<01:27, 29.88it/s]evaluating:  89%|████████▉ | 22222/24844 [12:01<01:32, 28.48it/s]evaluating:  89%|████████▉ | 22226/24844 [12:01<01:31, 28.57it/s]evaluating:  89%|████████▉ | 22229/24844 [12:01<01:34, 27.70it/s]evaluating:  89%|████████▉ | 22232/24844 [12:01<01:32, 28.21it/s]evaluating:  89%|████████▉ | 22235/24844 [12:01<01:34, 27.70it/s]evaluating:  90%|████████▉ | 22238/24844 [12:01<01:38, 26.56it/s]evaluating:  90%|████████▉ | 22242/24844 [12:01<01:30, 28.66it/s]evaluating:  90%|████████▉ | 22245/24844 [12:01<01:30, 28.86it/s]evaluating:  90%|████████▉ | 22249/24844 [12:02<01:27, 29.74it/s]evaluating:  90%|████████▉ | 22252/24844 [12:02<01:31, 28.26it/s]evaluating:  90%|████████▉ | 22256/24844 [12:02<01:22, 31.19it/s]evaluating:  90%|████████▉ | 22260/24844 [12:02<01:28, 29.36it/s]evaluating:  90%|████████▉ | 22263/24844 [12:02<01:28, 29.01it/s]evaluating:  90%|████████▉ | 22267/24844 [12:02<01:26, 29.75it/s]evaluating:  90%|████████▉ | 22271/24844 [12:02<01:22, 31.01it/s]evaluating:  90%|████████▉ | 22275/24844 [12:02<01:28, 28.88it/s]evaluating:  90%|████████▉ | 22279/24844 [12:03<01:21, 31.44it/s]evaluating:  90%|████████▉ | 22283/24844 [12:03<01:28, 28.92it/s]evaluating:  90%|████████▉ | 22286/24844 [12:03<01:30, 28.34it/s]evaluating:  90%|████████▉ | 22289/24844 [12:03<01:30, 28.34it/s]evaluating:  90%|████████▉ | 22292/24844 [12:03<01:29, 28.44it/s]evaluating:  90%|████████▉ | 22296/24844 [12:03<01:26, 29.55it/s]evaluating:  90%|████████▉ | 22299/24844 [12:03<01:27, 29.14it/s]evaluating:  90%|████████▉ | 22303/24844 [12:03<01:19, 32.05it/s]evaluating:  90%|████████▉ | 22307/24844 [12:03<01:19, 31.78it/s]evaluating:  90%|████████▉ | 22311/24844 [12:04<01:24, 29.94it/s]evaluating:  90%|████████▉ | 22315/24844 [12:04<01:25, 29.59it/s]evaluating:  90%|████████▉ | 22319/24844 [12:04<01:22, 30.69it/s]evaluating:  90%|████████▉ | 22323/24844 [12:04<01:26, 29.29it/s]evaluating:  90%|████████▉ | 22326/24844 [12:04<01:28, 28.52it/s]evaluating:  90%|████████▉ | 22331/24844 [12:04<01:18, 31.82it/s]evaluating:  90%|████████▉ | 22335/24844 [12:04<01:24, 29.79it/s]evaluating:  90%|████████▉ | 22339/24844 [12:05<01:27, 28.51it/s]evaluating:  90%|████████▉ | 22343/24844 [12:05<01:24, 29.51it/s]evaluating:  90%|████████▉ | 22346/24844 [12:05<01:24, 29.50it/s]evaluating:  90%|████████▉ | 22350/24844 [12:05<01:21, 30.59it/s]evaluating:  90%|████████▉ | 22354/24844 [12:05<01:25, 29.25it/s]evaluating:  90%|████████▉ | 22357/24844 [12:05<01:24, 29.27it/s]evaluating:  90%|█████████ | 22360/24844 [12:05<01:25, 29.01it/s]evaluating:  90%|█████████ | 22363/24844 [12:05<01:26, 28.79it/s]evaluating:  90%|█████████ | 22367/24844 [12:06<01:25, 29.04it/s]evaluating:  90%|█████████ | 22370/24844 [12:06<01:29, 27.51it/s]evaluating:  90%|█████████ | 22374/24844 [12:06<01:21, 30.28it/s]evaluating:  90%|█████████ | 22378/24844 [12:06<01:25, 28.69it/s]evaluating:  90%|█████████ | 22381/24844 [12:06<01:28, 27.93it/s]evaluating:  90%|█████████ | 22385/24844 [12:06<01:28, 27.94it/s]evaluating:  90%|█████████ | 22388/24844 [12:06<01:27, 28.17it/s]evaluating:  90%|█████████ | 22392/24844 [12:06<01:23, 29.44it/s]evaluating:  90%|█████████ | 22395/24844 [12:07<01:26, 28.17it/s]evaluating:  90%|█████████ | 22399/24844 [12:07<01:19, 30.72it/s]evaluating:  90%|█████████ | 22403/24844 [12:07<01:27, 27.94it/s]evaluating:  90%|█████████ | 22406/24844 [12:07<01:26, 28.07it/s]evaluating:  90%|█████████ | 22410/24844 [12:07<01:22, 29.67it/s]evaluating:  90%|█████████ | 22414/24844 [12:07<01:20, 30.07it/s]evaluating:  90%|█████████ | 22419/24844 [12:07<01:13, 33.18it/s]evaluating:  90%|█████████ | 22423/24844 [12:07<01:15, 31.96it/s]evaluating:  90%|█████████ | 22427/24844 [12:08<01:17, 31.35it/s]evaluating:  90%|█████████ | 22431/24844 [12:08<01:17, 30.97it/s]evaluating:  90%|█████████ | 22435/24844 [12:08<01:17, 31.12it/s]evaluating:  90%|█████████ | 22439/24844 [12:08<01:20, 29.92it/s]evaluating:  90%|█████████ | 22443/24844 [12:08<01:18, 30.52it/s]evaluating:  90%|█████████ | 22448/24844 [12:08<01:12, 33.21it/s]evaluating:  90%|█████████ | 22452/24844 [12:08<01:16, 31.26it/s]evaluating:  90%|█████████ | 22456/24844 [12:08<01:16, 31.02it/s]evaluating:  90%|█████████ | 22460/24844 [12:09<01:25, 27.75it/s]evaluating:  90%|█████████ | 22464/24844 [12:09<01:26, 27.62it/s]evaluating:  90%|█████████ | 22468/24844 [12:09<01:22, 28.97it/s]evaluating:  90%|█████████ | 22472/24844 [12:09<01:20, 29.58it/s]evaluating:  90%|█████████ | 22476/24844 [12:09<01:23, 28.35it/s]evaluating:  90%|█████████ | 22479/24844 [12:09<01:22, 28.55it/s]evaluating:  90%|█████████ | 22482/24844 [12:09<01:24, 27.97it/s]evaluating:  91%|█████████ | 22486/24844 [12:10<01:18, 30.20it/s]evaluating:  91%|█████████ | 22490/24844 [12:10<01:24, 28.00it/s]evaluating:  91%|█████████ | 22495/24844 [12:10<01:13, 31.90it/s]evaluating:  91%|█████████ | 22499/24844 [12:10<01:20, 29.22it/s]evaluating:  91%|█████████ | 22503/24844 [12:10<01:23, 28.07it/s]evaluating:  91%|█████████ | 22506/24844 [12:10<01:23, 27.93it/s]evaluating:  91%|█████████ | 22510/24844 [12:10<01:21, 28.80it/s]evaluating:  91%|█████████ | 22513/24844 [12:11<01:22, 28.40it/s]evaluating:  91%|█████████ | 22516/24844 [12:11<01:21, 28.64it/s]evaluating:  91%|█████████ | 22520/24844 [12:11<01:17, 30.16it/s]evaluating:  91%|█████████ | 22524/24844 [12:11<01:19, 29.02it/s]evaluating:  91%|█████████ | 22527/24844 [12:11<01:20, 28.92it/s]evaluating:  91%|█████████ | 22530/24844 [12:11<01:24, 27.48it/s]evaluating:  91%|█████████ | 22534/24844 [12:11<01:20, 28.64it/s]evaluating:  91%|█████████ | 22537/24844 [12:11<01:21, 28.44it/s]evaluating:  91%|█████████ | 22541/24844 [12:11<01:17, 29.87it/s]evaluating:  91%|█████████ | 22544/24844 [12:12<01:20, 28.51it/s]evaluating:  91%|█████████ | 22547/24844 [12:12<01:21, 28.33it/s]evaluating:  91%|█████████ | 22550/24844 [12:12<01:24, 27.11it/s]evaluating:  91%|█████████ | 22554/24844 [12:12<01:21, 28.06it/s]evaluating:  91%|█████████ | 22557/24844 [12:12<01:25, 26.86it/s]evaluating:  91%|█████████ | 22561/24844 [12:12<01:15, 30.10it/s]evaluating:  91%|█████████ | 22565/24844 [12:12<01:16, 29.65it/s]evaluating:  91%|█████████ | 22569/24844 [12:12<01:18, 28.81it/s]evaluating:  91%|█████████ | 22573/24844 [12:13<01:19, 28.40it/s]evaluating:  91%|█████████ | 22577/24844 [12:13<01:18, 28.97it/s]evaluating:  91%|█████████ | 22581/24844 [12:13<01:15, 29.87it/s]evaluating:  91%|█████████ | 22585/24844 [12:13<01:15, 29.89it/s]evaluating:  91%|█████████ | 22589/24844 [12:13<01:15, 29.94it/s]evaluating:  91%|█████████ | 22593/24844 [12:13<01:12, 30.93it/s]evaluating:  91%|█████████ | 22597/24844 [12:13<01:11, 31.37it/s]evaluating:  91%|█████████ | 22601/24844 [12:13<01:08, 32.69it/s]evaluating:  91%|█████████ | 22605/24844 [12:14<01:12, 30.80it/s]evaluating:  91%|█████████ | 22609/24844 [12:14<01:12, 30.78it/s]evaluating:  91%|█████████ | 22614/24844 [12:14<01:08, 32.58it/s]evaluating:  91%|█████████ | 22618/24844 [12:14<01:13, 30.29it/s]evaluating:  91%|█████████ | 22622/24844 [12:14<01:14, 29.99it/s]evaluating:  91%|█████████ | 22626/24844 [12:14<01:12, 30.70it/s]evaluating:  91%|█████████ | 22630/24844 [12:14<01:12, 30.55it/s]evaluating:  91%|█████████ | 22634/24844 [12:15<01:14, 29.81it/s]evaluating:  91%|█████████ | 22638/24844 [12:15<01:08, 32.01it/s]evaluating:  91%|█████████ | 22642/24844 [12:15<01:07, 32.56it/s]evaluating:  91%|█████████ | 22646/24844 [12:15<01:08, 31.98it/s]evaluating:  91%|█████████ | 22650/24844 [12:15<01:08, 31.86it/s]evaluating:  91%|█████████ | 22654/24844 [12:15<01:09, 31.49it/s]evaluating:  91%|█████████ | 22658/24844 [12:15<01:09, 31.47it/s]evaluating:  91%|█████████ | 22662/24844 [12:15<01:08, 31.86it/s]evaluating:  91%|█████████ | 22667/24844 [12:16<01:01, 35.12it/s]evaluating:  91%|█████████▏| 22671/24844 [12:16<01:04, 33.46it/s]evaluating:  91%|█████████▏| 22675/24844 [12:16<01:09, 31.29it/s]evaluating:  91%|█████████▏| 22679/24844 [12:16<01:10, 30.83it/s]evaluating:  91%|█████████▏| 22683/24844 [12:16<01:07, 32.06it/s]evaluating:  91%|█████████▏| 22687/24844 [12:16<01:07, 32.05it/s]evaluating:  91%|█████████▏| 22691/24844 [12:16<01:05, 32.93it/s]evaluating:  91%|█████████▏| 22695/24844 [12:16<01:08, 31.56it/s]evaluating:  91%|█████████▏| 22699/24844 [12:17<01:10, 30.29it/s]evaluating:  91%|█████████▏| 22703/24844 [12:17<01:09, 30.97it/s]evaluating:  91%|█████████▏| 22707/24844 [12:17<01:10, 30.50it/s]evaluating:  91%|█████████▏| 22711/24844 [12:17<01:10, 30.41it/s]evaluating:  91%|█████████▏| 22716/24844 [12:17<01:02, 34.01it/s]evaluating:  91%|█████████▏| 22720/24844 [12:17<01:07, 31.49it/s]evaluating:  91%|█████████▏| 22724/24844 [12:17<01:08, 31.13it/s]evaluating:  91%|█████████▏| 22728/24844 [12:18<01:08, 30.73it/s]evaluating:  91%|█████████▏| 22732/24844 [12:18<01:04, 32.61it/s]evaluating:  92%|█████████▏| 22736/24844 [12:18<01:07, 31.15it/s]evaluating:  92%|█████████▏| 22740/24844 [12:18<01:05, 31.95it/s]evaluating:  92%|█████████▏| 22745/24844 [12:18<00:58, 35.61it/s]evaluating:  92%|█████████▏| 22749/24844 [12:18<01:02, 33.76it/s]evaluating:  92%|█████████▏| 22753/24844 [12:18<01:02, 33.60it/s]evaluating:  92%|█████████▏| 22757/24844 [12:18<01:05, 31.62it/s]evaluating:  92%|█████████▏| 22761/24844 [12:19<01:04, 32.17it/s]evaluating:  92%|█████████▏| 22765/24844 [12:19<01:06, 31.45it/s]evaluating:  92%|█████████▏| 22769/24844 [12:19<01:05, 31.78it/s]evaluating:  92%|█████████▏| 22773/24844 [12:19<01:07, 30.66it/s]evaluating:  92%|█████████▏| 22777/24844 [12:19<01:07, 30.46it/s]evaluating:  92%|█████████▏| 22781/24844 [12:19<01:07, 30.70it/s]evaluating:  92%|█████████▏| 22785/24844 [12:19<01:04, 31.84it/s]evaluating:  92%|█████████▏| 22789/24844 [12:19<01:06, 30.71it/s]evaluating:  92%|█████████▏| 22793/24844 [12:20<01:07, 30.24it/s]evaluating:  92%|█████████▏| 22798/24844 [12:20<01:00, 33.89it/s]evaluating:  92%|█████████▏| 22802/24844 [12:20<01:02, 32.49it/s]evaluating:  92%|█████████▏| 22806/24844 [12:20<01:02, 32.86it/s]evaluating:  92%|█████████▏| 22810/24844 [12:20<01:04, 31.62it/s]evaluating:  92%|█████████▏| 22814/24844 [12:20<01:03, 31.80it/s]evaluating:  92%|█████████▏| 22819/24844 [12:20<00:59, 34.27it/s]evaluating:  92%|█████████▏| 22823/24844 [12:20<01:00, 33.61it/s]evaluating:  92%|█████████▏| 22827/24844 [12:21<00:59, 33.83it/s]evaluating:  92%|█████████▏| 22831/24844 [12:21<00:59, 33.92it/s]evaluating:  92%|█████████▏| 22835/24844 [12:21<01:04, 31.00it/s]evaluating:  92%|█████████▏| 22839/24844 [12:21<01:02, 31.91it/s]evaluating:  92%|█████████▏| 22843/24844 [12:21<01:05, 30.78it/s]evaluating:  92%|█████████▏| 22847/24844 [12:21<01:04, 30.85it/s]evaluating:  92%|█████████▏| 22851/24844 [12:21<01:02, 32.10it/s]evaluating:  92%|█████████▏| 22855/24844 [12:21<01:02, 31.60it/s]evaluating:  92%|█████████▏| 22859/24844 [12:22<01:02, 31.52it/s]evaluating:  92%|█████████▏| 22863/24844 [12:22<01:05, 30.44it/s]evaluating:  92%|█████████▏| 22867/24844 [12:22<01:02, 31.64it/s]evaluating:  92%|█████████▏| 22871/24844 [12:22<01:03, 31.00it/s]evaluating:  92%|█████████▏| 22875/24844 [12:22<01:00, 32.71it/s]evaluating:  92%|█████████▏| 22879/24844 [12:22<01:01, 31.79it/s]evaluating:  92%|█████████▏| 22883/24844 [12:22<01:01, 31.92it/s]evaluating:  92%|█████████▏| 22887/24844 [12:23<01:05, 29.73it/s]evaluating:  92%|█████████▏| 22891/24844 [12:23<01:03, 30.79it/s]evaluating:  92%|█████████▏| 22895/24844 [12:23<01:07, 29.05it/s]evaluating:  92%|█████████▏| 22900/24844 [12:23<01:02, 31.23it/s]evaluating:  92%|█████████▏| 22904/24844 [12:23<01:05, 29.75it/s]evaluating:  92%|█████████▏| 22908/24844 [12:23<01:04, 30.18it/s]evaluating:  92%|█████████▏| 22912/24844 [12:23<01:07, 28.72it/s]evaluating:  92%|█████████▏| 22915/24844 [12:23<01:06, 28.96it/s]evaluating:  92%|█████████▏| 22919/24844 [12:24<01:00, 31.62it/s]evaluating:  92%|█████████▏| 22923/24844 [12:24<01:03, 30.33it/s]evaluating:  92%|█████████▏| 22927/24844 [12:24<01:05, 29.22it/s]evaluating:  92%|█████████▏| 22930/24844 [12:24<01:05, 29.01it/s]evaluating:  92%|█████████▏| 22933/24844 [12:24<01:10, 27.20it/s]evaluating:  92%|█████████▏| 22937/24844 [12:24<01:04, 29.43it/s]evaluating:  92%|█████████▏| 22941/24844 [12:24<01:02, 30.29it/s]evaluating:  92%|█████████▏| 22945/24844 [12:24<01:06, 28.76it/s]evaluating:  92%|█████████▏| 22948/24844 [12:25<01:07, 28.02it/s]evaluating:  92%|█████████▏| 22951/24844 [12:25<01:08, 27.70it/s]evaluating:  92%|█████████▏| 22954/24844 [12:25<01:08, 27.53it/s]evaluating:  92%|█████████▏| 22957/24844 [12:25<01:07, 27.79it/s]evaluating:  92%|█████████▏| 22961/24844 [12:25<01:00, 31.00it/s]evaluating:  92%|█████████▏| 22965/24844 [12:25<01:03, 29.60it/s]evaluating:  92%|█████████▏| 22969/24844 [12:25<01:06, 28.32it/s]evaluating:  92%|█████████▏| 22973/24844 [12:25<01:01, 30.41it/s]evaluating:  92%|█████████▏| 22977/24844 [12:26<01:03, 29.51it/s]evaluating:  93%|█████████▎| 22981/24844 [12:26<01:06, 28.05it/s]evaluating:  93%|█████████▎| 22985/24844 [12:26<01:01, 30.40it/s]evaluating:  93%|█████████▎| 22989/24844 [12:26<01:00, 30.60it/s]evaluating:  93%|█████████▎| 22993/24844 [12:26<01:05, 28.36it/s]evaluating:  93%|█████████▎| 22997/24844 [12:26<01:02, 29.66it/s]evaluating:  93%|█████████▎| 23001/24844 [12:26<01:05, 27.93it/s]evaluating:  93%|█████████▎| 23005/24844 [12:27<01:03, 29.06it/s]evaluating:  93%|█████████▎| 23008/24844 [12:27<01:05, 27.90it/s]evaluating:  93%|█████████▎| 23011/24844 [12:27<01:09, 26.26it/s]evaluating:  93%|█████████▎| 23015/24844 [12:27<01:07, 26.94it/s]evaluating:  93%|█████████▎| 23019/24844 [12:27<01:05, 27.99it/s]evaluating:  93%|█████████▎| 23022/24844 [12:27<01:04, 28.17it/s]evaluating:  93%|█████████▎| 23026/24844 [12:27<01:02, 29.06it/s]evaluating:  93%|█████████▎| 23029/24844 [12:27<01:02, 28.92it/s]evaluating:  93%|█████████▎| 23032/24844 [12:28<01:06, 27.43it/s]evaluating:  93%|█████████▎| 23035/24844 [12:28<01:07, 26.63it/s]evaluating:  93%|█████████▎| 23038/24844 [12:28<01:08, 26.32it/s]evaluating:  93%|█████████▎| 23042/24844 [12:28<01:00, 29.55it/s]evaluating:  93%|█████████▎| 23045/24844 [12:28<01:05, 27.40it/s]evaluating:  93%|█████████▎| 23048/24844 [12:28<01:05, 27.42it/s]evaluating:  93%|█████████▎| 23051/24844 [12:28<01:07, 26.48it/s]evaluating:  93%|█████████▎| 23056/24844 [12:28<00:57, 30.95it/s]evaluating:  93%|█████████▎| 23060/24844 [12:28<00:55, 32.32it/s]evaluating:  93%|█████████▎| 23064/24844 [12:29<00:59, 29.84it/s]evaluating:  93%|█████████▎| 23068/24844 [12:29<01:00, 29.53it/s]evaluating:  93%|█████████▎| 23071/24844 [12:29<01:03, 28.09it/s]evaluating:  93%|█████████▎| 23074/24844 [12:29<01:05, 26.94it/s]evaluating:  93%|█████████▎| 23077/24844 [12:29<01:08, 25.79it/s]evaluating:  93%|█████████▎| 23080/24844 [12:29<01:07, 26.18it/s]evaluating:  93%|█████████▎| 23083/24844 [12:29<01:06, 26.35it/s]evaluating:  93%|█████████▎| 23086/24844 [12:29<01:07, 25.91it/s]evaluating:  93%|█████████▎| 23089/24844 [12:30<01:07, 26.15it/s]evaluating:  93%|█████████▎| 23092/24844 [12:30<01:05, 26.92it/s]evaluating:  93%|█████████▎| 23096/24844 [12:30<00:59, 29.35it/s]evaluating:  93%|█████████▎| 23100/24844 [12:30<00:57, 30.43it/s]evaluating:  93%|█████████▎| 23104/24844 [12:30<01:03, 27.46it/s]evaluating:  93%|█████████▎| 23107/24844 [12:30<01:03, 27.25it/s]evaluating:  93%|█████████▎| 23110/24844 [12:30<01:03, 27.42it/s]evaluating:  93%|█████████▎| 23113/24844 [12:30<01:04, 26.91it/s]evaluating:  93%|█████████▎| 23116/24844 [12:31<01:06, 25.99it/s]evaluating:  93%|█████████▎| 23120/24844 [12:31<01:01, 27.96it/s]evaluating:  93%|█████████▎| 23123/24844 [12:31<01:05, 26.47it/s]evaluating:  93%|█████████▎| 23126/24844 [12:31<01:03, 26.87it/s]evaluating:  93%|█████████▎| 23130/24844 [12:31<01:01, 27.72it/s]evaluating:  93%|█████████▎| 23133/24844 [12:31<01:01, 27.69it/s]evaluating:  93%|█████████▎| 23136/24844 [12:31<01:00, 28.04it/s]evaluating:  93%|█████████▎| 23141/24844 [12:31<00:54, 31.15it/s]evaluating:  93%|█████████▎| 23145/24844 [12:32<00:56, 29.96it/s]evaluating:  93%|█████████▎| 23148/24844 [12:32<00:56, 29.80it/s]evaluating:  93%|█████████▎| 23151/24844 [12:32<00:59, 28.50it/s]evaluating:  93%|█████████▎| 23155/24844 [12:32<00:57, 29.32it/s]evaluating:  93%|█████████▎| 23158/24844 [12:32<00:59, 28.48it/s]evaluating:  93%|█████████▎| 23163/24844 [12:32<00:51, 32.43it/s]evaluating:  93%|█████████▎| 23167/24844 [12:32<00:53, 31.56it/s]evaluating:  93%|█████████▎| 23171/24844 [12:32<00:54, 30.53it/s]evaluating:  93%|█████████▎| 23175/24844 [12:33<00:56, 29.73it/s]evaluating:  93%|█████████▎| 23178/24844 [12:33<00:56, 29.61it/s]evaluating:  93%|█████████▎| 23182/24844 [12:33<00:53, 31.18it/s]evaluating:  93%|█████████▎| 23186/24844 [12:33<00:56, 29.36it/s]evaluating:  93%|█████████▎| 23190/24844 [12:33<00:52, 31.28it/s]evaluating:  93%|█████████▎| 23194/24844 [12:33<00:55, 29.94it/s]evaluating:  93%|█████████▎| 23198/24844 [12:33<00:56, 29.05it/s]evaluating:  93%|█████████▎| 23201/24844 [12:33<00:56, 29.01it/s]evaluating:  93%|█████████▎| 23204/24844 [12:34<01:00, 27.09it/s]evaluating:  93%|█████████▎| 23208/24844 [12:34<00:54, 29.88it/s]evaluating:  93%|█████████▎| 23212/24844 [12:34<00:57, 28.51it/s]evaluating:  93%|█████████▎| 23215/24844 [12:34<00:57, 28.23it/s]evaluating:  93%|█████████▎| 23218/24844 [12:34<00:58, 27.57it/s]evaluating:  93%|█████████▎| 23221/24844 [12:34<00:57, 28.10it/s]evaluating:  93%|█████████▎| 23224/24844 [12:34<00:56, 28.59it/s]evaluating:  93%|█████████▎| 23227/24844 [12:34<00:57, 28.06it/s]evaluating:  94%|█████████▎| 23230/24844 [12:34<00:56, 28.38it/s]evaluating:  94%|█████████▎| 23235/24844 [12:35<00:50, 31.59it/s]evaluating:  94%|█████████▎| 23239/24844 [12:35<00:53, 29.74it/s]evaluating:  94%|█████████▎| 23242/24844 [12:35<00:54, 29.48it/s]evaluating:  94%|█████████▎| 23245/24844 [12:35<00:55, 28.90it/s]evaluating:  94%|█████████▎| 23249/24844 [12:35<00:53, 29.62it/s]evaluating:  94%|█████████▎| 23252/24844 [12:35<00:55, 28.71it/s]evaluating:  94%|█████████▎| 23255/24844 [12:35<00:55, 28.55it/s]evaluating:  94%|█████████▎| 23259/24844 [12:35<00:50, 31.24it/s]evaluating:  94%|█████████▎| 23263/24844 [12:36<00:54, 28.93it/s]evaluating:  94%|█████████▎| 23267/24844 [12:36<00:54, 29.17it/s]evaluating:  94%|█████████▎| 23270/24844 [12:36<00:56, 27.98it/s]evaluating:  94%|█████████▎| 23273/24844 [12:36<00:56, 28.03it/s]evaluating:  94%|█████████▎| 23277/24844 [12:36<00:51, 30.46it/s]evaluating:  94%|█████████▎| 23281/24844 [12:36<00:55, 28.35it/s]evaluating:  94%|█████████▎| 23284/24844 [12:36<00:55, 28.13it/s]evaluating:  94%|█████████▎| 23287/24844 [12:36<00:54, 28.58it/s]evaluating:  94%|█████████▍| 23292/24844 [12:37<00:46, 33.35it/s]evaluating:  94%|█████████▍| 23296/24844 [12:37<00:48, 31.84it/s]evaluating:  94%|█████████▍| 23300/24844 [12:37<00:52, 29.30it/s]evaluating:  94%|█████████▍| 23304/24844 [12:37<00:53, 28.82it/s]evaluating:  94%|█████████▍| 23308/24844 [12:37<00:49, 30.95it/s]evaluating:  94%|█████████▍| 23312/24844 [12:37<00:51, 29.60it/s]evaluating:  94%|█████████▍| 23316/24844 [12:37<00:51, 29.66it/s]evaluating:  94%|█████████▍| 23320/24844 [12:38<00:52, 28.99it/s]evaluating:  94%|█████████▍| 23323/24844 [12:38<00:53, 28.23it/s]evaluating:  94%|█████████▍| 23327/24844 [12:38<00:51, 29.23it/s]evaluating:  94%|█████████▍| 23330/24844 [12:38<00:51, 29.14it/s]evaluating:  94%|█████████▍| 23333/24844 [12:38<00:52, 28.55it/s]evaluating:  94%|█████████▍| 23337/24844 [12:38<00:49, 30.44it/s]evaluating:  94%|█████████▍| 23341/24844 [12:38<00:51, 29.27it/s]evaluating:  94%|█████████▍| 23344/24844 [12:38<00:51, 29.07it/s]evaluating:  94%|█████████▍| 23347/24844 [12:38<00:53, 27.93it/s]evaluating:  94%|█████████▍| 23351/24844 [12:39<00:50, 29.66it/s]evaluating:  94%|█████████▍| 23354/24844 [12:39<00:53, 28.07it/s]evaluating:  94%|█████████▍| 23357/24844 [12:39<00:53, 28.06it/s]evaluating:  94%|█████████▍| 23361/24844 [12:39<00:49, 30.24it/s]evaluating:  94%|█████████▍| 23365/24844 [12:39<00:52, 28.10it/s]evaluating:  94%|█████████▍| 23368/24844 [12:39<00:55, 26.67it/s]evaluating:  94%|█████████▍| 23372/24844 [12:39<00:54, 27.26it/s]evaluating:  94%|█████████▍| 23375/24844 [12:39<00:55, 26.41it/s]evaluating:  94%|█████████▍| 23379/24844 [12:40<00:51, 28.36it/s]evaluating:  94%|█████████▍| 23383/24844 [12:40<00:49, 29.56it/s]evaluating:  94%|█████████▍| 23386/24844 [12:40<00:52, 27.71it/s]evaluating:  94%|█████████▍| 23389/24844 [12:40<00:51, 28.05it/s]evaluating:  94%|█████████▍| 23393/24844 [12:40<00:49, 29.59it/s]evaluating:  94%|█████████▍| 23396/24844 [12:40<00:50, 28.96it/s]evaluating:  94%|█████████▍| 23400/24844 [12:40<00:48, 29.66it/s]evaluating:  94%|█████████▍| 23403/24844 [12:40<00:51, 28.13it/s]evaluating:  94%|█████████▍| 23406/24844 [12:41<00:50, 28.61it/s]evaluating:  94%|█████████▍| 23410/24844 [12:41<00:46, 30.63it/s]evaluating:  94%|█████████▍| 23414/24844 [12:41<00:50, 28.58it/s]evaluating:  94%|█████████▍| 23418/24844 [12:41<00:48, 29.63it/s]evaluating:  94%|█████████▍| 23421/24844 [12:41<00:59, 24.11it/s]evaluating:  94%|█████████▍| 23424/24844 [12:41<00:57, 24.80it/s]evaluating:  94%|█████████▍| 23427/24844 [12:41<00:55, 25.53it/s]evaluating:  94%|█████████▍| 23430/24844 [12:41<00:56, 25.10it/s]evaluating:  94%|█████████▍| 23433/24844 [12:42<00:57, 24.46it/s]evaluating:  94%|█████████▍| 23436/24844 [12:42<00:57, 24.69it/s]evaluating:  94%|█████████▍| 23440/24844 [12:42<00:53, 26.20it/s]evaluating:  94%|█████████▍| 23443/24844 [12:42<00:52, 26.73it/s]evaluating:  94%|█████████▍| 23446/24844 [12:42<00:51, 27.14it/s]evaluating:  94%|█████████▍| 23449/24844 [12:42<00:52, 26.63it/s]evaluating:  94%|█████████▍| 23453/24844 [12:42<00:46, 30.18it/s]evaluating:  94%|█████████▍| 23457/24844 [12:42<00:48, 28.81it/s]evaluating:  94%|█████████▍| 23460/24844 [12:43<00:47, 28.93it/s]evaluating:  94%|█████████▍| 23464/24844 [12:43<00:46, 29.57it/s]evaluating:  94%|█████████▍| 23467/24844 [12:43<00:46, 29.34it/s]evaluating:  94%|█████████▍| 23471/24844 [12:43<00:45, 29.96it/s]evaluating:  94%|█████████▍| 23475/24844 [12:43<00:46, 29.19it/s]evaluating:  95%|█████████▍| 23478/24844 [12:43<00:47, 28.86it/s]evaluating:  95%|█████████▍| 23482/24844 [12:43<00:43, 31.25it/s]evaluating:  95%|█████████▍| 23486/24844 [12:43<00:47, 28.85it/s]evaluating:  95%|█████████▍| 23489/24844 [12:44<00:46, 29.10it/s]evaluating:  95%|█████████▍| 23493/24844 [12:44<00:45, 29.56it/s]evaluating:  95%|█████████▍| 23496/24844 [12:44<00:48, 27.97it/s]evaluating:  95%|█████████▍| 23499/24844 [12:44<00:47, 28.25it/s]evaluating:  95%|█████████▍| 23502/24844 [12:44<00:47, 28.46it/s]evaluating:  95%|█████████▍| 23505/24844 [12:44<00:49, 27.25it/s]evaluating:  95%|█████████▍| 23508/24844 [12:44<00:47, 27.87it/s]evaluating:  95%|█████████▍| 23511/24844 [12:44<00:50, 26.17it/s]evaluating:  95%|█████████▍| 23514/24844 [12:44<00:51, 25.78it/s]evaluating:  95%|█████████▍| 23518/24844 [12:45<00:46, 28.46it/s]evaluating:  95%|█████████▍| 23522/24844 [12:45<00:44, 29.80it/s]evaluating:  95%|█████████▍| 23525/24844 [12:45<00:46, 28.59it/s]evaluating:  95%|█████████▍| 23528/24844 [12:45<00:47, 27.97it/s]evaluating:  95%|█████████▍| 23532/24844 [12:45<00:43, 30.38it/s]evaluating:  95%|█████████▍| 23536/24844 [12:45<00:44, 29.26it/s]evaluating:  95%|█████████▍| 23541/24844 [12:45<00:39, 33.15it/s]evaluating:  95%|█████████▍| 23545/24844 [12:45<00:40, 32.27it/s]evaluating:  95%|█████████▍| 23549/24844 [12:46<00:41, 31.58it/s]evaluating:  95%|█████████▍| 23553/24844 [12:46<00:43, 29.96it/s]evaluating:  95%|█████████▍| 23557/24844 [12:46<00:42, 29.94it/s]evaluating:  95%|█████████▍| 23561/24844 [12:46<00:44, 28.60it/s]evaluating:  95%|█████████▍| 23565/24844 [12:46<00:41, 31.15it/s]evaluating:  95%|█████████▍| 23569/24844 [12:46<00:40, 31.33it/s]evaluating:  95%|█████████▍| 23573/24844 [12:46<00:43, 29.53it/s]evaluating:  95%|█████████▍| 23577/24844 [12:47<00:45, 27.99it/s]evaluating:  95%|█████████▍| 23580/24844 [12:47<00:47, 26.65it/s]evaluating:  95%|█████████▍| 23583/24844 [12:47<00:48, 26.27it/s]evaluating:  95%|█████████▍| 23587/24844 [12:47<00:43, 28.97it/s]evaluating:  95%|█████████▍| 23590/24844 [12:47<00:46, 27.14it/s]evaluating:  95%|█████████▍| 23593/24844 [12:47<00:48, 26.00it/s]evaluating:  95%|█████████▍| 23596/24844 [12:47<00:49, 25.41it/s]evaluating:  95%|█████████▍| 23599/24844 [12:47<00:48, 25.62it/s]evaluating:  95%|█████████▌| 23602/24844 [12:48<00:48, 25.54it/s]evaluating:  95%|█████████▌| 23605/24844 [12:48<00:47, 25.83it/s]evaluating:  95%|█████████▌| 23608/24844 [12:48<00:47, 25.99it/s]evaluating:  95%|█████████▌| 23612/24844 [12:48<00:44, 27.66it/s]evaluating:  95%|█████████▌| 23615/24844 [12:48<00:45, 26.75it/s]evaluating:  95%|█████████▌| 23619/24844 [12:48<00:44, 27.67it/s]evaluating:  95%|█████████▌| 23622/24844 [12:48<00:46, 26.56it/s]evaluating:  95%|█████████▌| 23625/24844 [12:48<00:46, 25.97it/s]evaluating:  95%|█████████▌| 23628/24844 [12:48<00:46, 26.15it/s]evaluating:  95%|█████████▌| 23631/24844 [12:49<00:46, 26.15it/s]evaluating:  95%|█████████▌| 23634/24844 [12:49<00:48, 25.12it/s]evaluating:  95%|█████████▌| 23638/24844 [12:49<00:44, 26.81it/s]evaluating:  95%|█████████▌| 23641/24844 [12:49<00:47, 25.34it/s]evaluating:  95%|█████████▌| 23645/24844 [12:49<00:42, 28.05it/s]evaluating:  95%|█████████▌| 23648/24844 [12:49<00:45, 26.13it/s]evaluating:  95%|█████████▌| 23651/24844 [12:49<00:47, 25.27it/s]evaluating:  95%|█████████▌| 23654/24844 [12:49<00:45, 25.99it/s]evaluating:  95%|█████████▌| 23657/24844 [12:50<00:47, 25.08it/s]evaluating:  95%|█████████▌| 23661/24844 [12:50<00:42, 28.11it/s]evaluating:  95%|█████████▌| 23665/24844 [12:50<00:41, 28.52it/s]evaluating:  95%|█████████▌| 23668/24844 [12:50<00:41, 28.64it/s]evaluating:  95%|█████████▌| 23671/24844 [12:50<00:41, 28.58it/s]evaluating:  95%|█████████▌| 23675/24844 [12:50<00:39, 29.28it/s]evaluating:  95%|█████████▌| 23678/24844 [12:50<00:40, 28.48it/s]evaluating:  95%|█████████▌| 23681/24844 [12:50<00:42, 27.42it/s]evaluating:  95%|█████████▌| 23685/24844 [12:51<00:37, 30.64it/s]evaluating:  95%|█████████▌| 23689/24844 [12:51<00:38, 29.87it/s]evaluating:  95%|█████████▌| 23693/24844 [12:51<00:42, 27.38it/s]evaluating:  95%|█████████▌| 23697/24844 [12:51<00:39, 28.95it/s]evaluating:  95%|█████████▌| 23700/24844 [12:51<00:39, 28.60it/s]evaluating:  95%|█████████▌| 23703/24844 [12:51<00:41, 27.31it/s]evaluating:  95%|█████████▌| 23708/24844 [12:51<00:35, 31.81it/s]evaluating:  95%|█████████▌| 23712/24844 [12:51<00:34, 32.91it/s]evaluating:  95%|█████████▌| 23716/24844 [12:52<00:35, 32.05it/s]evaluating:  95%|█████████▌| 23720/24844 [12:52<00:36, 30.75it/s]evaluating:  95%|█████████▌| 23724/24844 [12:52<00:35, 31.48it/s]evaluating:  96%|█████████▌| 23728/24844 [12:52<00:37, 29.83it/s]evaluating:  96%|█████████▌| 23732/24844 [12:52<00:36, 30.32it/s]evaluating:  96%|█████████▌| 23737/24844 [12:52<00:34, 32.29it/s]evaluating:  96%|█████████▌| 23741/24844 [12:52<00:35, 31.43it/s]evaluating:  96%|█████████▌| 23745/24844 [12:53<00:35, 30.60it/s]evaluating:  96%|█████████▌| 23749/24844 [12:53<00:33, 32.27it/s]evaluating:  96%|█████████▌| 23753/24844 [12:53<00:35, 30.61it/s]evaluating:  96%|█████████▌| 23757/24844 [12:53<00:34, 31.54it/s]evaluating:  96%|█████████▌| 23761/24844 [12:53<00:33, 31.94it/s]evaluating:  96%|█████████▌| 23765/24844 [12:53<00:34, 31.43it/s]evaluating:  96%|█████████▌| 23769/24844 [12:53<00:34, 30.78it/s]evaluating:  96%|█████████▌| 23773/24844 [12:53<00:33, 32.26it/s]evaluating:  96%|█████████▌| 23777/24844 [12:53<00:32, 32.63it/s]evaluating:  96%|█████████▌| 23782/24844 [12:54<00:30, 35.10it/s]evaluating:  96%|█████████▌| 23786/24844 [12:54<00:31, 33.10it/s]evaluating:  96%|█████████▌| 23790/24844 [12:54<00:32, 32.22it/s]evaluating:  96%|█████████▌| 23794/24844 [12:54<00:33, 31.09it/s]evaluating:  96%|█████████▌| 23798/24844 [12:54<00:31, 32.95it/s]evaluating:  96%|█████████▌| 23802/24844 [12:54<00:34, 29.83it/s]evaluating:  96%|█████████▌| 23806/24844 [12:54<00:32, 32.02it/s]evaluating:  96%|█████████▌| 23810/24844 [12:55<00:31, 33.24it/s]evaluating:  96%|█████████▌| 23814/24844 [12:55<00:31, 32.72it/s]evaluating:  96%|█████████▌| 23818/24844 [12:55<00:32, 31.39it/s]evaluating:  96%|█████████▌| 23822/24844 [12:55<00:31, 31.97it/s]evaluating:  96%|█████████▌| 23826/24844 [12:55<00:32, 30.92it/s]evaluating:  96%|█████████▌| 23830/24844 [12:55<00:31, 32.32it/s]evaluating:  96%|█████████▌| 23834/24844 [12:55<00:32, 30.88it/s]evaluating:  96%|█████████▌| 23839/24844 [12:55<00:29, 34.33it/s]evaluating:  96%|█████████▌| 23843/24844 [12:56<00:31, 32.26it/s]evaluating:  96%|█████████▌| 23847/24844 [12:56<00:33, 29.53it/s]evaluating:  96%|█████████▌| 23851/24844 [12:56<00:31, 31.23it/s]evaluating:  96%|█████████▌| 23855/24844 [12:56<00:31, 31.11it/s]evaluating:  96%|█████████▌| 23859/24844 [12:56<00:31, 30.87it/s]evaluating:  96%|█████████▌| 23863/24844 [12:56<00:30, 32.11it/s]evaluating:  96%|█████████▌| 23867/24844 [12:56<00:29, 33.03it/s]evaluating:  96%|█████████▌| 23871/24844 [12:56<00:31, 31.28it/s]evaluating:  96%|█████████▌| 23875/24844 [12:57<00:30, 31.43it/s]evaluating:  96%|█████████▌| 23879/24844 [12:57<00:31, 30.58it/s]evaluating:  96%|█████████▌| 23883/24844 [12:57<00:31, 30.52it/s]evaluating:  96%|█████████▌| 23887/24844 [12:57<00:30, 30.94it/s]evaluating:  96%|█████████▌| 23892/24844 [12:57<00:29, 32.73it/s]evaluating:  96%|█████████▌| 23896/24844 [12:57<00:30, 30.82it/s]evaluating:  96%|█████████▌| 23900/24844 [12:57<00:29, 32.36it/s]evaluating:  96%|█████████▌| 23904/24844 [12:57<00:28, 32.49it/s]evaluating:  96%|█████████▌| 23908/24844 [12:58<00:29, 31.31it/s]evaluating:  96%|█████████▌| 23912/24844 [12:58<00:30, 30.65it/s]evaluating:  96%|█████████▋| 23916/24844 [12:58<00:29, 31.48it/s]evaluating:  96%|█████████▋| 23920/24844 [12:58<00:30, 30.14it/s]evaluating:  96%|█████████▋| 23924/24844 [12:58<00:28, 31.76it/s]evaluating:  96%|█████████▋| 23928/24844 [12:58<00:29, 31.40it/s]evaluating:  96%|█████████▋| 23932/24844 [12:58<00:29, 30.48it/s]evaluating:  96%|█████████▋| 23937/24844 [12:59<00:27, 32.98it/s]evaluating:  96%|█████████▋| 23941/24844 [12:59<00:27, 32.32it/s]evaluating:  96%|█████████▋| 23945/24844 [12:59<00:28, 31.56it/s]evaluating:  96%|█████████▋| 23949/24844 [12:59<00:29, 30.52it/s]evaluating:  96%|█████████▋| 23954/24844 [12:59<00:26, 33.73it/s]evaluating:  96%|█████████▋| 23958/24844 [12:59<00:26, 33.09it/s]evaluating:  96%|█████████▋| 23962/24844 [12:59<00:26, 33.38it/s]evaluating:  96%|█████████▋| 23966/24844 [12:59<00:26, 32.80it/s]evaluating:  96%|█████████▋| 23970/24844 [13:00<00:28, 31.20it/s]evaluating:  96%|█████████▋| 23974/24844 [13:00<00:28, 30.93it/s]evaluating:  97%|█████████▋| 23978/24844 [13:00<00:28, 30.43it/s]evaluating:  97%|█████████▋| 23982/24844 [13:00<00:27, 31.72it/s]evaluating:  97%|█████████▋| 23986/24844 [13:00<00:27, 31.03it/s]evaluating:  97%|█████████▋| 23991/24844 [13:00<00:24, 35.09it/s]evaluating:  97%|█████████▋| 23995/24844 [13:00<00:24, 34.21it/s]evaluating:  97%|█████████▋| 23999/24844 [13:00<00:25, 33.18it/s]evaluating:  97%|█████████▋| 24003/24844 [13:01<00:25, 32.45it/s]evaluating:  97%|█████████▋| 24007/24844 [13:01<00:25, 32.25it/s]evaluating:  97%|█████████▋| 24011/24844 [13:01<00:25, 32.67it/s]evaluating:  97%|█████████▋| 24015/24844 [13:01<00:24, 33.27it/s]evaluating:  97%|█████████▋| 24019/24844 [13:01<00:25, 32.52it/s]evaluating:  97%|█████████▋| 24023/24844 [13:01<00:23, 34.26it/s]evaluating:  97%|█████████▋| 24027/24844 [13:01<00:23, 34.39it/s]evaluating:  97%|█████████▋| 24031/24844 [13:01<00:26, 30.84it/s]evaluating:  97%|█████████▋| 24035/24844 [13:02<00:27, 29.88it/s]evaluating:  97%|█████████▋| 24039/24844 [13:02<00:27, 29.08it/s]evaluating:  97%|█████████▋| 24042/24844 [13:02<00:30, 26.08it/s]evaluating:  97%|█████████▋| 24046/24844 [13:02<00:28, 28.46it/s]evaluating:  97%|█████████▋| 24050/24844 [13:02<00:27, 29.19it/s]evaluating:  97%|█████████▋| 24053/24844 [13:02<00:28, 27.63it/s]evaluating:  97%|█████████▋| 24056/24844 [13:02<00:28, 27.23it/s]evaluating:  97%|█████████▋| 24060/24844 [13:03<00:27, 28.26it/s]evaluating:  97%|█████████▋| 24063/24844 [13:03<00:28, 27.27it/s]evaluating:  97%|█████████▋| 24067/24844 [13:03<00:25, 30.38it/s]evaluating:  97%|█████████▋| 24071/24844 [13:03<00:24, 31.77it/s]evaluating:  97%|█████████▋| 24075/24844 [13:03<00:24, 30.82it/s]evaluating:  97%|█████████▋| 24079/24844 [13:03<00:25, 30.52it/s]evaluating:  97%|█████████▋| 24083/24844 [13:03<00:25, 30.20it/s]evaluating:  97%|█████████▋| 24087/24844 [13:03<00:25, 30.20it/s]evaluating:  97%|█████████▋| 24091/24844 [13:04<00:27, 27.78it/s]evaluating:  97%|█████████▋| 24095/24844 [13:04<00:24, 30.13it/s]evaluating:  97%|█████████▋| 24099/24844 [13:04<00:23, 31.45it/s]evaluating:  97%|█████████▋| 24103/24844 [13:04<00:25, 29.34it/s]evaluating:  97%|█████████▋| 24107/24844 [13:04<00:25, 28.93it/s]evaluating:  97%|█████████▋| 24110/24844 [13:04<00:25, 29.02it/s]evaluating:  97%|█████████▋| 24114/24844 [13:04<00:25, 29.01it/s]evaluating:  97%|█████████▋| 24117/24844 [13:04<00:26, 27.78it/s]evaluating:  97%|█████████▋| 24121/24844 [13:05<00:23, 30.71it/s]evaluating:  97%|█████████▋| 24125/24844 [13:05<00:22, 31.63it/s]evaluating:  97%|█████████▋| 24129/24844 [13:05<00:23, 30.25it/s]evaluating:  97%|█████████▋| 24133/24844 [13:05<00:23, 29.76it/s]evaluating:  97%|█████████▋| 24137/24844 [13:05<00:23, 29.62it/s]evaluating:  97%|█████████▋| 24140/24844 [13:05<00:25, 28.02it/s]evaluating:  97%|█████████▋| 24145/24844 [13:05<00:22, 31.67it/s]evaluating:  97%|█████████▋| 24149/24844 [13:05<00:21, 32.40it/s]evaluating:  97%|█████████▋| 24153/24844 [13:06<00:22, 30.12it/s]evaluating:  97%|█████████▋| 24157/24844 [13:06<00:22, 30.10it/s]evaluating:  97%|█████████▋| 24161/24844 [13:06<00:22, 30.84it/s]evaluating:  97%|█████████▋| 24165/24844 [13:06<00:22, 30.26it/s]evaluating:  97%|█████████▋| 24169/24844 [13:06<00:22, 29.65it/s]evaluating:  97%|█████████▋| 24173/24844 [13:06<00:20, 32.05it/s]evaluating:  97%|█████████▋| 24177/24844 [13:06<00:22, 29.74it/s]evaluating:  97%|█████████▋| 24181/24844 [13:07<00:22, 29.17it/s]evaluating:  97%|█████████▋| 24184/24844 [13:07<00:23, 28.33it/s]evaluating:  97%|█████████▋| 24188/24844 [13:07<00:22, 29.29it/s]evaluating:  97%|█████████▋| 24191/24844 [13:07<00:23, 28.32it/s]evaluating:  97%|█████████▋| 24194/24844 [13:07<00:23, 27.97it/s]evaluating:  97%|█████████▋| 24199/24844 [13:07<00:20, 32.06it/s]evaluating:  97%|█████████▋| 24203/24844 [13:07<00:21, 29.55it/s]evaluating:  97%|█████████▋| 24207/24844 [13:07<00:22, 28.67it/s]evaluating:  97%|█████████▋| 24211/24844 [13:08<00:20, 30.32it/s]evaluating:  97%|█████████▋| 24215/24844 [13:08<00:21, 28.79it/s]evaluating:  97%|█████████▋| 24218/24844 [13:08<00:21, 29.02it/s]evaluating:  97%|█████████▋| 24221/24844 [13:08<00:21, 28.89it/s]evaluating:  98%|█████████▊| 24224/24844 [13:08<00:23, 26.77it/s]evaluating:  98%|█████████▊| 24228/24844 [13:08<00:22, 27.96it/s]evaluating:  98%|█████████▊| 24231/24844 [13:08<00:22, 27.24it/s]evaluating:  98%|█████████▊| 24234/24844 [13:08<00:22, 27.51it/s]evaluating:  98%|█████████▊| 24237/24844 [13:09<00:22, 26.79it/s]evaluating:  98%|█████████▊| 24240/24844 [13:09<00:22, 26.53it/s]evaluating:  98%|█████████▊| 24243/24844 [13:09<00:22, 27.24it/s]evaluating:  98%|█████████▊| 24246/24844 [13:09<00:22, 26.42it/s]evaluating:  98%|█████████▊| 24250/24844 [13:09<00:20, 28.65it/s]evaluating:  98%|█████████▊| 24253/24844 [13:09<00:22, 26.68it/s]evaluating:  98%|█████████▊| 24258/24844 [13:09<00:19, 30.65it/s]evaluating:  98%|█████████▊| 24262/24844 [13:09<00:20, 29.05it/s]evaluating:  98%|█████████▊| 24265/24844 [13:10<00:20, 27.95it/s]evaluating:  98%|█████████▊| 24268/24844 [13:10<00:20, 28.27it/s]evaluating:  98%|█████████▊| 24271/24844 [13:10<00:20, 28.60it/s]evaluating:  98%|█████████▊| 24275/24844 [13:10<00:20, 28.22it/s]evaluating:  98%|█████████▊| 24278/24844 [13:10<00:20, 27.77it/s]evaluating:  98%|█████████▊| 24283/24844 [13:10<00:18, 31.16it/s]evaluating:  98%|█████████▊| 24287/24844 [13:10<00:19, 29.21it/s]evaluating:  98%|█████████▊| 24290/24844 [13:10<00:19, 28.49it/s]evaluating:  98%|█████████▊| 24293/24844 [13:10<00:19, 28.50it/s]evaluating:  98%|█████████▊| 24297/24844 [13:11<00:18, 29.10it/s]evaluating:  98%|█████████▊| 24300/24844 [13:11<00:19, 28.63it/s]evaluating:  98%|█████████▊| 24305/24844 [13:11<00:17, 31.68it/s]evaluating:  98%|█████████▊| 24309/24844 [13:11<00:17, 30.65it/s]evaluating:  98%|█████████▊| 24313/24844 [13:11<00:18, 29.46it/s]evaluating:  98%|█████████▊| 24316/24844 [13:11<00:18, 29.15it/s]evaluating:  98%|█████████▊| 24320/24844 [13:11<00:18, 28.97it/s]evaluating:  98%|█████████▊| 24323/24844 [13:12<00:18, 27.54it/s]evaluating:  98%|█████████▊| 24327/24844 [13:12<00:16, 30.58it/s]evaluating:  98%|█████████▊| 24331/24844 [13:12<00:16, 30.45it/s]evaluating:  98%|█████████▊| 24335/24844 [13:12<00:17, 29.01it/s]evaluating:  98%|█████████▊| 24338/24844 [13:12<00:17, 28.39it/s]evaluating:  98%|█████████▊| 24341/24844 [13:12<00:17, 28.57it/s]evaluating:  98%|█████████▊| 24346/24844 [13:12<00:16, 31.03it/s]evaluating:  98%|█████████▊| 24350/24844 [13:12<00:16, 30.35it/s]evaluating:  98%|█████████▊| 24354/24844 [13:13<00:16, 30.46it/s]evaluating:  98%|█████████▊| 24358/24844 [13:13<00:14, 32.56it/s]evaluating:  98%|█████████▊| 24362/24844 [13:13<00:15, 31.24it/s]evaluating:  98%|█████████▊| 24366/24844 [13:13<00:15, 30.01it/s]evaluating:  98%|█████████▊| 24370/24844 [13:13<00:15, 29.65it/s]evaluating:  98%|█████████▊| 24374/24844 [13:13<00:15, 30.02it/s]evaluating:  98%|█████████▊| 24378/24844 [13:13<00:15, 29.52it/s]evaluating:  98%|█████████▊| 24382/24844 [13:13<00:15, 30.03it/s]evaluating:  98%|█████████▊| 24386/24844 [13:14<00:15, 28.89it/s]evaluating:  98%|█████████▊| 24389/24844 [13:14<00:15, 29.02it/s]evaluating:  98%|█████████▊| 24392/24844 [13:14<00:16, 27.77it/s]evaluating:  98%|█████████▊| 24396/24844 [13:14<00:15, 29.75it/s]evaluating:  98%|█████████▊| 24399/24844 [13:14<00:15, 29.65it/s]evaluating:  98%|█████████▊| 24402/24844 [13:14<00:14, 29.51it/s]evaluating:  98%|█████████▊| 24405/24844 [13:14<00:15, 29.11it/s]evaluating:  98%|█████████▊| 24408/24844 [13:14<00:14, 29.35it/s]evaluating:  98%|█████████▊| 24411/24844 [13:14<00:15, 27.80it/s]evaluating:  98%|█████████▊| 24414/24844 [13:15<00:15, 27.81it/s]evaluating:  98%|█████████▊| 24417/24844 [13:15<00:15, 27.23it/s]evaluating:  98%|█████████▊| 24420/24844 [13:15<00:15, 27.97it/s]evaluating:  98%|█████████▊| 24424/24844 [13:15<00:14, 28.72it/s]evaluating:  98%|█████████▊| 24427/24844 [13:15<00:14, 28.95it/s]evaluating:  98%|█████████▊| 24430/24844 [13:15<00:14, 28.56it/s]evaluating:  98%|█████████▊| 24433/24844 [13:15<00:14, 28.24it/s]evaluating:  98%|█████████▊| 24436/24844 [13:15<00:14, 27.22it/s]evaluating:  98%|█████████▊| 24439/24844 [13:15<00:15, 26.07it/s]evaluating:  98%|█████████▊| 24443/24844 [13:16<00:14, 27.45it/s]evaluating:  98%|█████████▊| 24446/24844 [13:16<00:14, 28.04it/s]evaluating:  98%|█████████▊| 24450/24844 [13:16<00:13, 29.30it/s]evaluating:  98%|█████████▊| 24453/24844 [13:16<00:13, 29.13it/s]evaluating:  98%|█████████▊| 24456/24844 [13:16<00:13, 28.04it/s]evaluating:  98%|█████████▊| 24459/24844 [13:16<00:13, 28.44it/s]evaluating:  98%|█████████▊| 24462/24844 [13:16<00:13, 28.45it/s]evaluating:  98%|█████████▊| 24466/24844 [13:16<00:13, 28.45it/s]evaluating:  98%|█████████▊| 24470/24844 [13:17<00:12, 29.80it/s]evaluating:  99%|█████████▊| 24474/24844 [13:17<00:11, 32.43it/s]evaluating:  99%|█████████▊| 24478/24844 [13:17<00:12, 30.32it/s]evaluating:  99%|█████████▊| 24482/24844 [13:17<00:12, 29.07it/s]evaluating:  99%|█████████▊| 24486/24844 [13:17<00:12, 29.49it/s]evaluating:  99%|█████████▊| 24489/24844 [13:17<00:12, 28.85it/s]evaluating:  99%|█████████▊| 24493/24844 [13:17<00:11, 30.96it/s]evaluating:  99%|█████████▊| 24497/24844 [13:17<00:12, 28.69it/s]evaluating:  99%|█████████▊| 24500/24844 [13:18<00:12, 28.05it/s]evaluating:  99%|█████████▊| 24504/24844 [13:18<00:11, 29.63it/s]evaluating:  99%|█████████▊| 24507/24844 [13:18<00:11, 28.45it/s]evaluating:  99%|█████████▊| 24510/24844 [13:18<00:12, 27.29it/s]evaluating:  99%|█████████▊| 24513/24844 [13:18<00:11, 27.95it/s]evaluating:  99%|█████████▊| 24516/24844 [13:18<00:11, 27.89it/s]evaluating:  99%|█████████▊| 24519/24844 [13:18<00:11, 27.83it/s]evaluating:  99%|█████████▊| 24522/24844 [13:18<00:12, 26.43it/s]evaluating:  99%|█████████▊| 24525/24844 [13:18<00:12, 26.56it/s]evaluating:  99%|█████████▊| 24528/24844 [13:19<00:12, 25.77it/s]evaluating:  99%|█████████▊| 24532/24844 [13:19<00:10, 29.42it/s]evaluating:  99%|█████████▉| 24535/24844 [13:19<00:10, 29.12it/s]evaluating:  99%|█████████▉| 24538/24844 [13:19<00:10, 28.61it/s]evaluating:  99%|█████████▉| 24541/24844 [13:19<00:10, 28.06it/s]evaluating:  99%|█████████▉| 24544/24844 [13:19<00:11, 26.88it/s]evaluating:  99%|█████████▉| 24548/24844 [13:19<00:10, 28.17it/s]evaluating:  99%|█████████▉| 24551/24844 [13:19<00:10, 26.87it/s]evaluating:  99%|█████████▉| 24556/24844 [13:20<00:09, 30.74it/s]evaluating:  99%|█████████▉| 24560/24844 [13:20<00:09, 29.50it/s]evaluating:  99%|█████████▉| 24563/24844 [13:20<00:09, 28.81it/s]evaluating:  99%|█████████▉| 24567/24844 [13:20<00:09, 29.36it/s]evaluating:  99%|█████████▉| 24571/24844 [13:20<00:09, 29.16it/s]evaluating:  99%|█████████▉| 24574/24844 [13:20<00:09, 28.22it/s]evaluating:  99%|█████████▉| 24578/24844 [13:20<00:08, 31.00it/s]evaluating:  99%|█████████▉| 24582/24844 [13:20<00:09, 28.12it/s]evaluating:  99%|█████████▉| 24585/24844 [13:21<00:09, 28.22it/s]evaluating:  99%|█████████▉| 24588/24844 [13:21<00:09, 28.20it/s]evaluating:  99%|█████████▉| 24592/24844 [13:21<00:08, 30.51it/s]evaluating:  99%|█████████▉| 24596/24844 [13:21<00:08, 27.93it/s]evaluating:  99%|█████████▉| 24600/24844 [13:21<00:08, 30.27it/s]evaluating:  99%|█████████▉| 24604/24844 [13:21<00:07, 30.66it/s]evaluating:  99%|█████████▉| 24608/24844 [13:21<00:08, 28.34it/s]evaluating:  99%|█████████▉| 24611/24844 [13:21<00:08, 27.83it/s]evaluating:  99%|█████████▉| 24615/24844 [13:22<00:07, 28.81it/s]evaluating:  99%|█████████▉| 24618/24844 [13:22<00:08, 27.32it/s]evaluating:  99%|█████████▉| 24622/24844 [13:22<00:07, 30.42it/s]evaluating:  99%|█████████▉| 24626/24844 [13:22<00:07, 30.79it/s]evaluating:  99%|█████████▉| 24630/24844 [13:22<00:07, 29.33it/s]evaluating:  99%|█████████▉| 24634/24844 [13:22<00:07, 29.80it/s]evaluating:  99%|█████████▉| 24638/24844 [13:22<00:06, 30.03it/s]evaluating:  99%|█████████▉| 24642/24844 [13:22<00:06, 30.65it/s]evaluating:  99%|█████████▉| 24646/24844 [13:23<00:06, 28.68it/s]evaluating:  99%|█████████▉| 24650/24844 [13:23<00:06, 30.00it/s]evaluating:  99%|█████████▉| 24654/24844 [13:23<00:06, 30.18it/s]evaluating:  99%|█████████▉| 24658/24844 [13:23<00:06, 28.43it/s]evaluating:  99%|█████████▉| 24662/24844 [13:23<00:05, 30.57it/s]evaluating:  99%|█████████▉| 24666/24844 [13:23<00:06, 27.81it/s]evaluating:  99%|█████████▉| 24670/24844 [13:23<00:06, 28.29it/s]evaluating:  99%|█████████▉| 24673/24844 [13:24<00:06, 27.17it/s]evaluating:  99%|█████████▉| 24676/24844 [13:24<00:06, 27.56it/s]evaluating:  99%|█████████▉| 24680/24844 [13:24<00:05, 28.92it/s]evaluating:  99%|█████████▉| 24683/24844 [13:24<00:05, 28.86it/s]evaluating:  99%|█████████▉| 24688/24844 [13:24<00:05, 30.89it/s]evaluating:  99%|█████████▉| 24692/24844 [13:24<00:05, 30.02it/s]evaluating:  99%|█████████▉| 24696/24844 [13:24<00:05, 28.93it/s]evaluating:  99%|█████████▉| 24700/24844 [13:24<00:04, 29.02it/s]evaluating:  99%|█████████▉| 24703/24844 [13:25<00:04, 29.18it/s]evaluating:  99%|█████████▉| 24707/24844 [13:25<00:04, 30.70it/s]evaluating:  99%|█████████▉| 24711/24844 [13:25<00:04, 29.44it/s]evaluating:  99%|█████████▉| 24714/24844 [13:25<00:04, 28.36it/s]evaluating:  99%|█████████▉| 24717/24844 [13:25<00:04, 27.97it/s]evaluating: 100%|█████████▉| 24721/24844 [13:25<00:04, 28.09it/s]evaluating: 100%|█████████▉| 24724/24844 [13:25<00:04, 28.18it/s]evaluating: 100%|█████████▉| 24729/24844 [13:25<00:03, 31.91it/s]evaluating: 100%|█████████▉| 24733/24844 [13:26<00:03, 31.44it/s]evaluating: 100%|█████████▉| 24737/24844 [13:26<00:03, 28.71it/s]evaluating: 100%|█████████▉| 24741/24844 [13:26<00:03, 30.49it/s]evaluating: 100%|█████████▉| 24745/24844 [13:26<00:03, 29.94it/s]evaluating: 100%|█████████▉| 24749/24844 [13:26<00:03, 29.93it/s]evaluating: 100%|█████████▉| 24754/24844 [13:26<00:02, 32.00it/s]evaluating: 100%|█████████▉| 24758/24844 [13:26<00:02, 30.47it/s]evaluating: 100%|█████████▉| 24762/24844 [13:27<00:02, 30.37it/s]evaluating: 100%|█████████▉| 24766/24844 [13:27<00:02, 30.32it/s]evaluating: 100%|█████████▉| 24770/24844 [13:27<00:02, 28.65it/s]evaluating: 100%|█████████▉| 24774/24844 [13:27<00:02, 29.91it/s]evaluating: 100%|█████████▉| 24778/24844 [13:27<00:02, 29.80it/s]evaluating: 100%|█████████▉| 24782/24844 [13:27<00:02, 28.27it/s]evaluating: 100%|█████████▉| 24786/24844 [13:27<00:01, 29.98it/s]evaluating: 100%|█████████▉| 24790/24844 [13:28<00:01, 29.46it/s]evaluating: 100%|█████████▉| 24793/24844 [13:28<00:01, 29.13it/s]evaluating: 100%|█████████▉| 24796/24844 [13:28<00:01, 29.10it/s]evaluating: 100%|█████████▉| 24800/24844 [13:28<00:01, 30.85it/s]evaluating: 100%|█████████▉| 24804/24844 [13:28<00:01, 29.56it/s]evaluating: 100%|█████████▉| 24807/24844 [13:28<00:01, 28.94it/s]evaluating: 100%|█████████▉| 24811/24844 [13:28<00:01, 29.79it/s]evaluating: 100%|█████████▉| 24814/24844 [13:28<00:01, 29.25it/s]evaluating: 100%|█████████▉| 24817/24844 [13:28<00:00, 27.89it/s]evaluating: 100%|█████████▉| 24821/24844 [13:29<00:00, 30.17it/s]evaluating: 100%|█████████▉| 24825/24844 [13:29<00:00, 30.34it/s]evaluating: 100%|█████████▉| 24829/24844 [13:29<00:00, 29.63it/s]evaluating: 100%|█████████▉| 24833/24844 [13:29<00:00, 29.64it/s]evaluating: 100%|█████████▉| 24836/24844 [13:29<00:00, 29.19it/s]evaluating: 100%|█████████▉| 24839/24844 [13:29<00:00, 28.92it/s]evaluating: 100%|█████████▉| 24842/24844 [13:29<00:00, 26.99it/s]evaluating: 100%|██████████| 24844/24844 [13:29<00:00, 30.68it/s]
(24844, 2)
Eval result saved to ./models/eval.txt
